2025-09-27T10:15:59.805	[34mINFO[0m	[i18n]	Using default language: zh-CN
=== RUN   TestMultiDatabaseORM
2025/09/27 10:15:59 github.com/testcontainers/testcontainers-go - Connected to docker: 
  Server Version: 28.3.3
  API Version: 1.51
  Operating System: OrbStack
  Total Memory: 16031 MB
  Testcontainers for Go Version: v0.39.0
  Resolved Docker Host: unix:///var/run/docker.sock
  Resolved Docker Socket Path: /var/run/docker.sock
  Test SessionID: c2aa0473579d7be03a5c37e05cf19c1fb1444735bf210012cbc1a295c87386bb
  Test ProcessID: b56b9c6d-6c8e-4e46-8399-6515fb1279a3
2025/09/27 10:15:59 🐳 Creating container for image postgres:17-alpine
2025/09/27 10:15:59 🐳 Creating container for image testcontainers/ryuk:0.13.0
2025/09/27 10:15:59 ✅ Container created: 3e8bafc90dd3
2025/09/27 10:15:59 🐳 Starting container: 3e8bafc90dd3
2025/09/27 10:15:59 ✅ Container started: 3e8bafc90dd3
2025/09/27 10:15:59 ⏳ Waiting for container id 3e8bafc90dd3 image: testcontainers/ryuk:0.13.0. Waiting for: &{Port:8080/tcp timeout:<nil> PollInterval:100ms skipInternalCheck:false skipExternalCheck:false}
2025/09/27 10:16:00 Shell not found in container
2025/09/27 10:16:00 🔔 Container is ready: 3e8bafc90dd3
2025/09/27 10:16:00 ✅ Container created: bf93af1fb639
2025/09/27 10:16:00 🐳 Starting container: bf93af1fb639
2025/09/27 10:16:00 ✅ Container started: bf93af1fb639
2025/09/27 10:16:00 ⏳ Waiting for container id bf93af1fb639 image: postgres:17-alpine. Waiting for: &{timeout:<nil> deadline:0x140001249a0 Strategies:[0x14000880a80]}
2025/09/27 10:16:01 🔔 Container is ready: bf93af1fb639
    postgres.go:40: PostgreSQL container started successfully
2025/09/27 10:16:01 🐳 Creating container for image mysql:lts
2025/09/27 10:16:01 ✅ Container created: 3b1891482982
2025/09/27 10:16:01 🐳 Starting container: 3b1891482982
2025/09/27 10:16:01 ✅ Container started: 3b1891482982
2025/09/27 10:16:01 ⏳ Waiting for container id 3b1891482982 image: mysql:lts. Waiting for: &{timeout:<nil> deadline:0x140006dddc8 Strategies:[0x140001193e0]}
2025/09/27 10:16:06 🔔 Container is ready: 3b1891482982
    mysql.go:38: MySQL container started successfully
=== RUN   TestMultiDatabaseORM/TestMySQL
    orm_test.go:127: Setting up ORM test suite for mysql
2025-09-27T10:16:06.930	[34mINFO[0m	[database]	 DROP TABLE      2 ms DROP TABLE IF EXISTS `test_user`
2025-09-27T10:16:06.942	[34mINFO[0m	[database]	 CREATE TABLE     12 ms CREATE TABLE `test_user` (`id` VARCHAR(255) NOT NULL, `created_at` timestamp NOT NULL DEFAULT CURRENT_TIMESTAMP, `created_by` VARCHAR(255) NOT NULL, `updated_at` timestamp NOT NULL DEFAULT CURRENT_TIMESTAMP, `updated_by` VARCHAR(255) NOT NULL, `name` VARCHAR(255) NOT NULL, `email` VARCHAR(255) NOT NULL, `age` SMALLINT NOT NULL DEFAULT 0, `is_active` BOOLEAN NOT NULL, `meta` VARCHAR(255), PRIMARY KEY (`id`), UNIQUE (`email`))
2025-09-27T10:16:06.944	[34mINFO[0m	[database]	 INSERT        1 ms INSERT INTO `test_user` (`id`, `created_at`, `created_by`, `updated_at`, `updated_by`, `name`, `email`, `age`, `is_active`, `meta`) VALUES ('d3bkhpk5cmcb9l8l0b8g', '2025-09-27 10:16:06', 'system', '2025-09-27 10:16:06', 'system', 'Alice Johnson', 'alice@example.com', 30, TRUE, '{"interests":["golang","databases"],"role":"admin"}')
2025-09-27T10:16:06.946	[34mINFO[0m	[database]	 INSERT        1 ms INSERT INTO `test_user` (`id`, `created_at`, `created_by`, `updated_at`, `updated_by`, `name`, `email`, `age`, `is_active`, `meta`) VALUES ('d3bkhpk5cmcb9l8l0b90', '2025-09-27 10:16:06', 'system', '2025-09-27 10:16:06', 'system', 'Bob Smith', 'bob@example.com', 25, TRUE, '{"interests":["tutorials","postgres"],"role":"editor"}')
2025-09-27T10:16:06.947	[34mINFO[0m	[database]	 INSERT        1 ms INSERT INTO `test_user` (`id`, `created_at`, `created_by`, `updated_at`, `updated_by`, `name`, `email`, `age`, `is_active`, `meta`) VALUES ('d3bkhpk5cmcb9l8l0b9g', '2025-09-27 10:16:06', 'system', '2025-09-27 10:16:06', 'system', 'Charlie Brown', 'charlie@example.com', 35, FALSE, '{"interests":["science"],"role":"viewer"}')
2025-09-27T10:16:06.948	[34mINFO[0m	[database]	 DROP TABLE      1 ms DROP TABLE IF EXISTS `test_category`
2025-09-27T10:16:06.956	[34mINFO[0m	[database]	 CREATE TABLE      8 ms CREATE TABLE `test_category` (`id` VARCHAR(255) NOT NULL, `created_at` timestamp NOT NULL DEFAULT CURRENT_TIMESTAMP, `created_by` VARCHAR(255) NOT NULL, `updated_at` timestamp NOT NULL DEFAULT CURRENT_TIMESTAMP, `updated_by` VARCHAR(255) NOT NULL, `name` VARCHAR(255) NOT NULL, `description` VARCHAR(255), `parent_id` VARCHAR(255), PRIMARY KEY (`id`), UNIQUE (`name`))
2025-09-27T10:16:06.958	[34mINFO[0m	[database]	 INSERT        1 ms INSERT INTO `test_category` (`id`, `created_at`, `created_by`, `updated_at`, `updated_by`, `name`, `description`, `parent_id`) VALUES ('d3bkhpk5cmcb9l8l0ba0', '2025-09-27 10:16:06', 'system', '2025-09-27 10:16:06', 'system', 'Technology', 'Tech-related posts', DEFAULT)
2025-09-27T10:16:06.959	[34mINFO[0m	[database]	 INSERT        1 ms INSERT INTO `test_category` (`id`, `created_at`, `created_by`, `updated_at`, `updated_by`, `name`, `description`, `parent_id`) VALUES ('d3bkhpk5cmcb9l8l0bag', '2025-09-27 10:16:06', 'system', '2025-09-27 10:16:06', 'system', 'Science', 'Scientific articles', DEFAULT)
2025-09-27T10:16:06.962	[34mINFO[0m	[database]	 INSERT        2 ms INSERT INTO `test_category` (`id`, `created_at`, `created_by`, `updated_at`, `updated_by`, `name`, `description`, `parent_id`) VALUES ('d3bkhpk5cmcb9l8l0bb0', '2025-09-27 10:16:06', 'system', '2025-09-27 10:16:06', 'system', 'Business', 'Business and economics', DEFAULT)
2025-09-27T10:16:06.963	[34mINFO[0m	[database]	 INSERT        0 ms INSERT INTO `test_category` (`id`, `created_at`, `created_by`, `updated_at`, `updated_by`, `name`, `description`, `parent_id`) VALUES ('d3bkhpk5cmcb9l8l0bbg', '2025-09-27 10:16:06', 'system', '2025-09-27 10:16:06', 'system', 'GoLang', 'Go-related posts', 'd3bkhpk5cmcb9l8l0ba0')
2025-09-27T10:16:06.964	[34mINFO[0m	[database]	 DROP TABLE      1 ms DROP TABLE IF EXISTS `test_tag`
2025-09-27T10:16:06.974	[34mINFO[0m	[database]	 CREATE TABLE      9 ms CREATE TABLE `test_tag` (`id` VARCHAR(255) NOT NULL, `created_at` timestamp NOT NULL DEFAULT CURRENT_TIMESTAMP, `created_by` VARCHAR(255) NOT NULL, `updated_at` timestamp NOT NULL DEFAULT CURRENT_TIMESTAMP, `updated_by` VARCHAR(255) NOT NULL, `name` VARCHAR(255) NOT NULL, `description` VARCHAR(255), PRIMARY KEY (`id`), UNIQUE (`name`))
2025-09-27T10:16:06.975	[34mINFO[0m	[database]	 INSERT        1 ms INSERT INTO `test_tag` (`id`, `created_at`, `created_by`, `updated_at`, `updated_by`, `name`, `description`) VALUES ('d3bkhpk5cmcb9l8l0bc0', '2025-09-27 10:16:06', 'system', '2025-09-27 10:16:06', 'system', 'programming', 'Programming related content')
2025-09-27T10:16:06.976	[34mINFO[0m	[database]	 INSERT        1 ms INSERT INTO `test_tag` (`id`, `created_at`, `created_by`, `updated_at`, `updated_by`, `name`, `description`) VALUES ('d3bkhpk5cmcb9l8l0bcg', '2025-09-27 10:16:06', 'system', '2025-09-27 10:16:06', 'system', 'database', 'Database related content')
2025-09-27T10:16:06.978	[34mINFO[0m	[database]	 INSERT        1 ms INSERT INTO `test_tag` (`id`, `created_at`, `created_by`, `updated_at`, `updated_by`, `name`, `description`) VALUES ('d3bkhpk5cmcb9l8l0bd0', '2025-09-27 10:16:06', 'system', '2025-09-27 10:16:06', 'system', 'go', 'Go language topics')
2025-09-27T10:16:06.979	[34mINFO[0m	[database]	 INSERT        1 ms INSERT INTO `test_tag` (`id`, `created_at`, `created_by`, `updated_at`, `updated_by`, `name`, `description`) VALUES ('d3bkhpk5cmcb9l8l0bdg', '2025-09-27 10:16:06', 'system', '2025-09-27 10:16:06', 'system', 'tutorial', 'Tutorials and guides')
2025-09-27T10:16:06.980	[34mINFO[0m	[database]	 INSERT        1 ms INSERT INTO `test_tag` (`id`, `created_at`, `created_by`, `updated_at`, `updated_by`, `name`, `description`) VALUES ('d3bkhpk5cmcb9l8l0be0', '2025-09-27 10:16:06', 'system', '2025-09-27 10:16:06', 'system', 'advanced', 'Advanced topics')
2025-09-27T10:16:06.982	[34mINFO[0m	[database]	 DROP TABLE      1 ms DROP TABLE IF EXISTS `test_post`
2025-09-27T10:16:06.991	[34mINFO[0m	[database]	 CREATE TABLE      9 ms CREATE TABLE `test_post` (`id` VARCHAR(255) NOT NULL, `created_at` timestamp NOT NULL DEFAULT CURRENT_TIMESTAMP, `created_by` VARCHAR(255) NOT NULL, `updated_at` timestamp NOT NULL DEFAULT CURRENT_TIMESTAMP, `updated_by` VARCHAR(255) NOT NULL, `title` VARCHAR(255) NOT NULL, `content` VARCHAR(255) NOT NULL, `description` VARCHAR(255), `user_id` VARCHAR(255) NOT NULL, `category_id` VARCHAR(255) NOT NULL, `status` VARCHAR(255) NOT NULL DEFAULT 'draft', `view_count` BIGINT NOT NULL DEFAULT 0, PRIMARY KEY (`id`))
2025-09-27T10:16:06.993	[34mINFO[0m	[database]	 INSERT        1 ms INSERT INTO `test_post` (`id`, `created_at`, `created_by`, `updated_at`, `updated_by`, `title`, `content`, `description`, `user_id`, `category_id`, `status`, `view_count`) VALUES ('d3bkhpk5cmcb9l8l0beg', '2025-09-27 10:16:06', 'd3bkhpk5cmcb9l8l0b8g', '2025-09-27 10:16:06', 'd3bkhpk5cmcb9l8l0b8g', 'Introduction to Go', 'Go is a programming language designed at Google.', 'Getting started with Go', 'd3bkhpk5cmcb9l8l0b8g', 'd3bkhpk5cmcb9l8l0bbg', 'published', 123)
2025-09-27T10:16:06.994	[34mINFO[0m	[database]	 INSERT        1 ms INSERT INTO `test_post` (`id`, `created_at`, `created_by`, `updated_at`, `updated_by`, `title`, `content`, `description`, `user_id`, `category_id`, `status`, `view_count`) VALUES ('d3bkhpk5cmcb9l8l0bf0', '2025-09-27 10:16:06', 'd3bkhpk5cmcb9l8l0b90', '2025-09-27 10:16:06', 'd3bkhpk5cmcb9l8l0b90', 'Database Design Basics', 'Good database design principles.', 'Normalization and relationships', 'd3bkhpk5cmcb9l8l0b90', 'd3bkhpk5cmcb9l8l0ba0', 'published', 87)
2025-09-27T10:16:06.996	[34mINFO[0m	[database]	 INSERT        1 ms INSERT INTO `test_post` (`id`, `created_at`, `created_by`, `updated_at`, `updated_by`, `title`, `content`, `description`, `user_id`, `category_id`, `status`, `view_count`) VALUES ('d3bkhpk5cmcb9l8l0bfg', '2025-09-27 10:16:06', 'd3bkhpk5cmcb9l8l0b8g', '2025-09-27 10:16:06', 'd3bkhpk5cmcb9l8l0b8g', 'Machine Learning Basics', 'An introduction to ML concepts and workflows.', 'Supervised vs unsupervised learning', 'd3bkhpk5cmcb9l8l0b8g', 'd3bkhpk5cmcb9l8l0bag', 'draft', 45)
2025-09-27T10:16:06.997	[34mINFO[0m	[database]	 INSERT        1 ms INSERT INTO `test_post` (`id`, `created_at`, `created_by`, `updated_at`, `updated_by`, `title`, `content`, `description`, `user_id`, `category_id`, `status`, `view_count`) VALUES ('d3bkhpk5cmcb9l8l0bg0', '2025-09-27 10:16:06', 'd3bkhpk5cmcb9l8l0b9g', '2025-09-27 10:16:06', 'd3bkhpk5cmcb9l8l0b9g', 'Business Strategy Fundamentals', 'Effective business strategies and frameworks.', 'Strategic planning overview', 'd3bkhpk5cmcb9l8l0b9g', 'd3bkhpk5cmcb9l8l0bb0', 'published', 64)
2025-09-27T10:16:06.999	[34mINFO[0m	[database]	 INSERT        1 ms INSERT INTO `test_post` (`id`, `created_at`, `created_by`, `updated_at`, `updated_by`, `title`, `content`, `description`, `user_id`, `category_id`, `status`, `view_count`) VALUES ('d3bkhpk5cmcb9l8l0bgg', '2025-09-27 10:16:06', 'd3bkhpk5cmcb9l8l0b8g', '2025-09-27 10:16:06', 'd3bkhpk5cmcb9l8l0b8g', 'Advanced Go Patterns', 'Exploring advanced patterns and best practices in Go.', 'Idiomatic Go techniques', 'd3bkhpk5cmcb9l8l0b8g', 'd3bkhpk5cmcb9l8l0bbg', 'review', 98)
2025-09-27T10:16:07.000	[34mINFO[0m	[database]	 INSERT        1 ms INSERT INTO `test_post` (`id`, `created_at`, `created_by`, `updated_at`, `updated_by`, `title`, `content`, `description`, `user_id`, `category_id`, `status`, `view_count`) VALUES ('d3bkhpk5cmcb9l8l0bh0', '2025-09-27 10:16:06', 'd3bkhpk5cmcb9l8l0b90', '2025-09-27 10:16:06', 'd3bkhpk5cmcb9l8l0b90', 'Latest Trends in Science', 'A survey of recent scientific advancements.', 'Interdisciplinary highlights', 'd3bkhpk5cmcb9l8l0b90', 'd3bkhpk5cmcb9l8l0bag', 'published', 77)
2025-09-27T10:16:07.002	[34mINFO[0m	[database]	 INSERT        2 ms INSERT INTO `test_post` (`id`, `created_at`, `created_by`, `updated_at`, `updated_by`, `title`, `content`, `description`, `user_id`, `category_id`, `status`, `view_count`) VALUES ('d3bkhps5cmcb9l8l0bhg', '2025-09-27 10:16:07', 'd3bkhpk5cmcb9l8l0b9g', '2025-09-27 10:16:07', 'd3bkhpk5cmcb9l8l0b9g', 'Practical Tech Tutorials', 'Hands-on guides for modern technology stacks.', 'Step-by-step tutorials', 'd3bkhpk5cmcb9l8l0b9g', 'd3bkhpk5cmcb9l8l0ba0', 'published', 52)
2025-09-27T10:16:07.004	[34mINFO[0m	[database]	 INSERT        1 ms INSERT INTO `test_post` (`id`, `created_at`, `created_by`, `updated_at`, `updated_by`, `title`, `content`, `description`, `user_id`, `category_id`, `status`, `view_count`) VALUES ('d3bkhps5cmcb9l8l0bi0', '2025-09-27 10:16:07', 'd3bkhpk5cmcb9l8l0b8g', '2025-09-27 10:16:07', 'd3bkhpk5cmcb9l8l0b8g', 'Startup Finance 101', 'Financial basics for early-stage startups.', 'Cash flow, runway, and budgeting', 'd3bkhpk5cmcb9l8l0b8g', 'd3bkhpk5cmcb9l8l0bb0', 'published', 69)
2025-09-27T10:16:07.005	[34mINFO[0m	[database]	 DROP TABLE      1 ms DROP TABLE IF EXISTS `test_post_tag`
2025-09-27T10:16:07.012	[34mINFO[0m	[database]	 CREATE TABLE      7 ms CREATE TABLE `test_post_tag` (`id` VARCHAR(255) NOT NULL, `created_at` timestamp NOT NULL DEFAULT CURRENT_TIMESTAMP, `created_by` VARCHAR(255) NOT NULL, `updated_at` timestamp NOT NULL DEFAULT CURRENT_TIMESTAMP, `updated_by` VARCHAR(255) NOT NULL, `post_id` VARCHAR(255) NOT NULL, `tag_id` VARCHAR(255) NOT NULL, PRIMARY KEY (`id`))
2025-09-27T10:16:07.015	[34mINFO[0m	[database]	 INSERT        2 ms INSERT INTO `test_post_tag` (`id`, `created_at`, `created_by`, `updated_at`, `updated_by`, `post_id`, `tag_id`) VALUES ('d3bkhps5cmcb9l8l0big', '2025-09-27 10:16:07', 'system', '2025-09-27 10:16:07', 'system', 'd3bkhpk5cmcb9l8l0beg', 'd3bkhpk5cmcb9l8l0bc0')
2025-09-27T10:16:07.016	[34mINFO[0m	[database]	 INSERT        1 ms INSERT INTO `test_post_tag` (`id`, `created_at`, `created_by`, `updated_at`, `updated_by`, `post_id`, `tag_id`) VALUES ('d3bkhps5cmcb9l8l0bj0', '2025-09-27 10:16:07', 'system', '2025-09-27 10:16:07', 'system', 'd3bkhpk5cmcb9l8l0beg', 'd3bkhpk5cmcb9l8l0bd0')
2025-09-27T10:16:07.017	[34mINFO[0m	[database]	 INSERT        1 ms INSERT INTO `test_post_tag` (`id`, `created_at`, `created_by`, `updated_at`, `updated_by`, `post_id`, `tag_id`) VALUES ('d3bkhps5cmcb9l8l0bjg', '2025-09-27 10:16:07', 'system', '2025-09-27 10:16:07', 'system', 'd3bkhpk5cmcb9l8l0beg', 'd3bkhpk5cmcb9l8l0bdg')
2025-09-27T10:16:07.019	[34mINFO[0m	[database]	 INSERT        1 ms INSERT INTO `test_post_tag` (`id`, `created_at`, `created_by`, `updated_at`, `updated_by`, `post_id`, `tag_id`) VALUES ('d3bkhps5cmcb9l8l0bk0', '2025-09-27 10:16:07', 'system', '2025-09-27 10:16:07', 'system', 'd3bkhpk5cmcb9l8l0bf0', 'd3bkhpk5cmcb9l8l0bcg')
2025-09-27T10:16:07.020	[34mINFO[0m	[database]	 INSERT        0 ms INSERT INTO `test_post_tag` (`id`, `created_at`, `created_by`, `updated_at`, `updated_by`, `post_id`, `tag_id`) VALUES ('d3bkhps5cmcb9l8l0bkg', '2025-09-27 10:16:07', 'system', '2025-09-27 10:16:07', 'system', 'd3bkhpk5cmcb9l8l0bf0', 'd3bkhpk5cmcb9l8l0bdg')
2025-09-27T10:16:07.021	[34mINFO[0m	[database]	 INSERT        0 ms INSERT INTO `test_post_tag` (`id`, `created_at`, `created_by`, `updated_at`, `updated_by`, `post_id`, `tag_id`) VALUES ('d3bkhps5cmcb9l8l0bl0', '2025-09-27 10:16:07', 'system', '2025-09-27 10:16:07', 'system', 'd3bkhpk5cmcb9l8l0bfg', 'd3bkhpk5cmcb9l8l0bdg')
2025-09-27T10:16:07.022	[34mINFO[0m	[database]	 INSERT        1 ms INSERT INTO `test_post_tag` (`id`, `created_at`, `created_by`, `updated_at`, `updated_by`, `post_id`, `tag_id`) VALUES ('d3bkhps5cmcb9l8l0blg', '2025-09-27 10:16:07', 'system', '2025-09-27 10:16:07', 'system', 'd3bkhpk5cmcb9l8l0bfg', 'd3bkhpk5cmcb9l8l0be0')
2025-09-27T10:16:07.023	[34mINFO[0m	[database]	 INSERT        1 ms INSERT INTO `test_post_tag` (`id`, `created_at`, `created_by`, `updated_at`, `updated_by`, `post_id`, `tag_id`) VALUES ('d3bkhps5cmcb9l8l0bm0', '2025-09-27 10:16:07', 'system', '2025-09-27 10:16:07', 'system', 'd3bkhpk5cmcb9l8l0bg0', 'd3bkhpk5cmcb9l8l0be0')
2025-09-27T10:16:07.024	[34mINFO[0m	[database]	 INSERT        1 ms INSERT INTO `test_post_tag` (`id`, `created_at`, `created_by`, `updated_at`, `updated_by`, `post_id`, `tag_id`) VALUES ('d3bkhps5cmcb9l8l0bmg', '2025-09-27 10:16:07', 'system', '2025-09-27 10:16:07', 'system', 'd3bkhpk5cmcb9l8l0bg0', 'd3bkhpk5cmcb9l8l0bdg')
2025-09-27T10:16:07.026	[34mINFO[0m	[database]	 INSERT        1 ms INSERT INTO `test_post_tag` (`id`, `created_at`, `created_by`, `updated_at`, `updated_by`, `post_id`, `tag_id`) VALUES ('d3bkhps5cmcb9l8l0bn0', '2025-09-27 10:16:07', 'system', '2025-09-27 10:16:07', 'system', 'd3bkhpk5cmcb9l8l0bgg', 'd3bkhpk5cmcb9l8l0bd0')
2025-09-27T10:16:07.027	[34mINFO[0m	[database]	 INSERT        1 ms INSERT INTO `test_post_tag` (`id`, `created_at`, `created_by`, `updated_at`, `updated_by`, `post_id`, `tag_id`) VALUES ('d3bkhps5cmcb9l8l0bng', '2025-09-27 10:16:07', 'system', '2025-09-27 10:16:07', 'system', 'd3bkhpk5cmcb9l8l0bgg', 'd3bkhpk5cmcb9l8l0bc0')
2025-09-27T10:16:07.028	[34mINFO[0m	[database]	 INSERT        1 ms INSERT INTO `test_post_tag` (`id`, `created_at`, `created_by`, `updated_at`, `updated_by`, `post_id`, `tag_id`) VALUES ('d3bkhps5cmcb9l8l0bo0', '2025-09-27 10:16:07', 'system', '2025-09-27 10:16:07', 'system', 'd3bkhpk5cmcb9l8l0bgg', 'd3bkhpk5cmcb9l8l0be0')
2025-09-27T10:16:07.029	[34mINFO[0m	[database]	 INSERT        1 ms INSERT INTO `test_post_tag` (`id`, `created_at`, `created_by`, `updated_at`, `updated_by`, `post_id`, `tag_id`) VALUES ('d3bkhps5cmcb9l8l0bog', '2025-09-27 10:16:07', 'system', '2025-09-27 10:16:07', 'system', 'd3bkhpk5cmcb9l8l0bh0', 'd3bkhpk5cmcb9l8l0bdg')
2025-09-27T10:16:07.031	[34mINFO[0m	[database]	 INSERT        1 ms INSERT INTO `test_post_tag` (`id`, `created_at`, `created_by`, `updated_at`, `updated_by`, `post_id`, `tag_id`) VALUES ('d3bkhps5cmcb9l8l0bp0', '2025-09-27 10:16:07', 'system', '2025-08-08 00:02:40', 'system', 'd3bkhpk5cmcb9l8l0bh0', 'd3bkhpk5cmcb9l8l0be0')
2025-09-27T10:16:07.032	[34mINFO[0m	[database]	 INSERT        0 ms INSERT INTO `test_post_tag` (`id`, `created_at`, `created_by`, `updated_at`, `updated_by`, `post_id`, `tag_id`) VALUES ('d3bkhps5cmcb9l8l0bpg', '2025-09-27 10:16:07', 'system', '2025-09-27 10:16:07', 'system', 'd3bkhps5cmcb9l8l0bhg', 'd3bkhpk5cmcb9l8l0bdg')
2025-09-27T10:16:07.033	[34mINFO[0m	[database]	 INSERT        1 ms INSERT INTO `test_post_tag` (`id`, `created_at`, `created_by`, `updated_at`, `updated_by`, `post_id`, `tag_id`) VALUES ('d3bkhps5cmcb9l8l0bq0', '2025-09-27 10:16:07', 'system', '2025-09-27 10:16:07', 'system', 'd3bkhps5cmcb9l8l0bhg', 'd3bkhpk5cmcb9l8l0bc0')
2025-09-27T10:16:07.034	[34mINFO[0m	[database]	 INSERT        1 ms INSERT INTO `test_post_tag` (`id`, `created_at`, `created_by`, `updated_at`, `updated_by`, `post_id`, `tag_id`) VALUES ('d3bkhps5cmcb9l8l0bqg', '2025-09-27 10:16:07', 'system', '2025-09-27 10:16:07', 'system', 'd3bkhps5cmcb9l8l0bi0', 'd3bkhpk5cmcb9l8l0be0')
2025-09-27T10:16:07.036	[34mINFO[0m	[database]	 INSERT        1 ms INSERT INTO `test_post_tag` (`id`, `created_at`, `created_by`, `updated_at`, `updated_by`, `post_id`, `tag_id`) VALUES ('d3bkhps5cmcb9l8l0br0', '2025-09-27 10:16:07', 'system', '2025-09-27 10:16:07', 'system', 'd3bkhps5cmcb9l8l0bi0', 'd3bkhpk5cmcb9l8l0bdg')
2025-09-27T10:16:07.044	[34mINFO[0m	[database]	 CREATE TABLE      8 ms CREATE TABLE IF NOT EXISTS `test_simple` (`id` VARCHAR(255) NOT NULL, `created_at` timestamp NOT NULL DEFAULT CURRENT_TIMESTAMP, `created_by` VARCHAR(255) NOT NULL, `updated_at` timestamp NOT NULL DEFAULT CURRENT_TIMESTAMP, `updated_by` VARCHAR(255) NOT NULL, `name` VARCHAR(255) NOT NULL, `value` BIGINT NOT NULL, PRIMARY KEY (`id`))
2025-09-27T10:16:07.052	[34mINFO[0m	[database]	 CREATE TABLE      7 ms CREATE TABLE IF NOT EXISTS `test_complex` (`id` VARCHAR(255) NOT NULL, `created_at` timestamp NOT NULL DEFAULT CURRENT_TIMESTAMP, `created_by` VARCHAR(255) NOT NULL, `updated_at` timestamp NOT NULL DEFAULT CURRENT_TIMESTAMP, `updated_by` VARCHAR(255) NOT NULL, `string_field` VARCHAR(255) NOT NULL, `int_field` BIGINT NOT NULL, `float_field` DOUBLE PRECISION NOT NULL, `bool_field` BOOLEAN NOT NULL, `time_field` DATETIME NOT NULL, `null_string` VARCHAR(255), `null_int` BIGINT, `null_time` DATETIME, `json_field` VARCHAR(255), `array_field` VARCHAR(255), PRIMARY KEY (`id`))
    orm_test.go:161: Test fixtures loaded for mysql database
=== RUN   TestMultiDatabaseORM/TestMySQL/TestBasicSelect
    select_test.go:9: Testing basic SELECT for mysql
2025-09-27T10:16:07.052	[34mINFO[0m	[database]	 SELECT        0 ms SELECT `u`.`id`, `u`.`created_at`, `u`.`created_by`, `u`.`updated_at`, `u`.`updated_by`, `u`.`name`, `u`.`email`, `u`.`age`, `u`.`is_active`, `u`.`meta` FROM `test_user` AS `u`
2025-09-27T10:16:07.053	[34mINFO[0m	[database]	 SELECT        0 ms SELECT `u`.`id`, `u`.`created_at`, `u`.`created_by`, `u`.`updated_at`, `u`.`updated_by`, `u`.`name`, `u`.`email`, `u`.`age`, `u`.`is_active`, `u`.`meta` FROM `test_user` AS `u` WHERE (`u`.`email` = 'alice@example.com')
2025-09-27T10:16:07.053	[34mINFO[0m	[database]	 SELECT        0 ms SELECT count(*) FROM `test_user` AS `u`
2025-09-27T10:16:07.053	[34mINFO[0m	[database]	 SELECT        0 ms SELECT EXISTS (SELECT `u`.`id`, `u`.`created_at`, `u`.`created_by`, `u`.`updated_at`, `u`.`updated_by`, `u`.`name`, `u`.`email`, `u`.`age`, `u`.`is_active`, `u`.`meta` FROM `test_user` AS `u` WHERE (`u`.`email` = 'alice@example.com'))
2025-09-27T10:16:07.053	[34mINFO[0m	[database]	 SELECT        0 ms SELECT EXISTS (SELECT `u`.`id`, `u`.`created_at`, `u`.`created_by`, `u`.`updated_at`, `u`.`updated_by`, `u`.`name`, `u`.`email`, `u`.`age`, `u`.`is_active`, `u`.`meta` FROM `test_user` AS `u` WHERE (`u`.`email` = 'nonexistent@example.com'))
=== RUN   TestMultiDatabaseORM/TestMySQL/TestSelectSpecificColumns
    select_test.go:462: Testing SELECT with specific columns for mysql
2025-09-27T10:16:07.053	[34mINFO[0m	[database]	 SELECT        0 ms SELECT `u`.`id`, `u`.`name`, `u`.`email` FROM `test_user` AS `u` ORDER BY `u`.`name` ASC
2025-09-27T10:16:07.054	[34mINFO[0m	[database]	 SELECT        0 ms SELECT `u`.`name`, `u`.`age`, CONCAT('''Age: ''', 'age') AS `age_desc` FROM `test_user` AS `u` ORDER BY `u`.`name` ASC
2025-09-27T10:16:07.054	[34mINFO[0m	[database]	 SELECT        0 ms SELECT DISTINCT `p`.`status` FROM `test_post` AS `p` ORDER BY `p`.`status` ASC
=== RUN   TestMultiDatabaseORM/TestMySQL/TestSelectWithAggregation
    select_test.go:242: Testing SELECT with aggregation for mysql
2025-09-27T10:16:07.054	[34mINFO[0m	[database]	 SELECT        0 ms SELECT `p`.`status`, COUNT(*) AS `post_count` FROM `test_post` AS `p` GROUP BY `p`.`status` ORDER BY `p`.`status` ASC
2025-09-27T10:16:07.054	[34mINFO[0m	[database]	 SELECT        0 ms SELECT AVG(`u`.`age`) AS `avg_age`, MIN(`u`.`age`) AS `min_age`, MAX(`u`.`age`) AS `max_age`, COUNT(`u`.`age`) AS `count_age` FROM `test_user` AS `u`
2025-09-27T10:16:07.054	[34mINFO[0m	[database]	 SELECT        0 ms SELECT SUM(`p`.`view_count`) AS `total_views`, AVG(`p`.`view_count`) AS `avg_views` FROM `test_post` AS `p`
=== RUN   TestMultiDatabaseORM/TestMySQL/TestSelectWithComplexAggregates
    select_test.go:1011: Testing complex aggregate functions for mysql
2025-09-27T10:16:07.054	[31mERROR[0m	[database]	 SELECT        0 ms  AS `avg_published_age` FROM `test_post` AS `p`  Error 1064 (42000): You have an error in your SQL syntax; check the manual that corresponds to your MySQL server version for the right syntax to use near 'AS `avg_published_age` FROM `test_post` AS `p`' at line 1 
    select_test.go:1081: 
        	Error Trace:	/Users/venus/VEF/vef-framework-go2/internal/orm/select_test.go:1081
        	Error:      	Received unexpected error:
        	            	Error 1064 (42000): You have an error in your SQL syntax; check the manual that corresponds to your MySQL server version for the right syntax to use near 'AS `avg_published_age` FROM `test_post` AS `p`' at line 1
        	Test:       	TestMultiDatabaseORM/TestMySQL/TestSelectWithComplexAggregates
    select_test.go:1082: 
        	Error Trace:	/Users/venus/VEF/vef-framework-go2/internal/orm/select_test.go:1082
        	Error:      	Should be true
        	Test:       	TestMultiDatabaseORM/TestMySQL/TestSelectWithComplexAggregates
        	Messages:   	Should have posts
    select_test.go:1084: 
        	Error Trace:	/Users/venus/VEF/vef-framework-go2/internal/orm/select_test.go:1084
        	Error:      	Should be true
        	Test:       	TestMultiDatabaseORM/TestMySQL/TestSelectWithComplexAggregates
        	Messages:   	Should have total views
2025-09-27T10:16:07.055	[34mINFO[0m	[database]	 SELECT        0 ms SELECT COUNT(DISTINCT `p`.`status`) AS `unique_statuses`, COUNT(DISTINCT `p`.`category_id`) AS `unique_categories`, COUNT(DISTINCT `p`.`user_id`) AS `distinct_user_ids`, AVG(DISTINCT `p`.`view_count`) AS `avg_distinct_views` FROM `test_post` AS `p`
2025-09-27T10:16:07.055	[31mERROR[0m	[database]	 SELECT        0 ms SELECT GROUP_CONCAT(DISTINCT `p`.`status` SEPARATOR ', ') AS `status_list`, GROUP_CONCAT(`p`.`title` SEPARATOR ' | ' ORDER BY `p`.`view_count` ASC) AS `ordered_title_list` FROM `test_post` AS `p`  Error 1064 (42000): You have an error in your SQL syntax; check the manual that corresponds to your MySQL server version for the right syntax to use near 'ORDER BY `p`.`view_count` ASC) AS `ordered_title_list` FROM `test_post` AS `p`' at line 1 
    select_test.go:1135: 
        	Error Trace:	/Users/venus/VEF/vef-framework-go2/internal/orm/select_test.go:1135
        	Error:      	Received unexpected error:
        	            	Error 1064 (42000): You have an error in your SQL syntax; check the manual that corresponds to your MySQL server version for the right syntax to use near 'ORDER BY `p`.`view_count` ASC) AS `ordered_title_list` FROM `test_post` AS `p`' at line 1
        	Test:       	TestMultiDatabaseORM/TestMySQL/TestSelectWithComplexAggregates
    select_test.go:1136: 
        	Error Trace:	/Users/venus/VEF/vef-framework-go2/internal/orm/select_test.go:1136
        	Error:      	Should NOT be empty, but was 
        	Test:       	TestMultiDatabaseORM/TestMySQL/TestSelectWithComplexAggregates
        	Messages:   	Should aggregate distinct statuses
    select_test.go:1137: 
        	Error Trace:	/Users/venus/VEF/vef-framework-go2/internal/orm/select_test.go:1137
        	Error:      	Should NOT be empty, but was 
        	Test:       	TestMultiDatabaseORM/TestMySQL/TestSelectWithComplexAggregates
        	Messages:   	Should aggregate ordered titles
    select_test.go:1138: Status list: 
    select_test.go:1139: Ordered title list: 
2025-09-27T10:16:07.055	[34mINFO[0m	[database]	 SELECT        0 ms SELECT JSON_ARRAYAGG(`p`.`view_count`) AS `view_count_array`, JSON_ARRAYAGG(`p`.`title`) AS `ordered_titles`, JSON_ARRAYAGG(`p`.`status`) AS `unique_statuses` FROM `test_post` AS `p`
    select_test.go:1174: 
        	Error Trace:	/Users/venus/VEF/vef-framework-go2/internal/orm/select_test.go:1174
        	Error:      	Should be true
        	Test:       	TestMultiDatabaseORM/TestMySQL/TestSelectWithComplexAggregates
        	Messages:   	View counts should be in descending order
    select_test.go:1174: 
        	Error Trace:	/Users/venus/VEF/vef-framework-go2/internal/orm/select_test.go:1174
        	Error:      	Should be true
        	Test:       	TestMultiDatabaseORM/TestMySQL/TestSelectWithComplexAggregates
        	Messages:   	View counts should be in descending order
    select_test.go:1174: 
        	Error Trace:	/Users/venus/VEF/vef-framework-go2/internal/orm/select_test.go:1174
        	Error:      	Should be true
        	Test:       	TestMultiDatabaseORM/TestMySQL/TestSelectWithComplexAggregates
        	Messages:   	View counts should be in descending order
2025-09-27T10:16:07.055	[31mERROR[0m	[database]	 SELECT        0 ms  AS `published_views` FROM `test_post` AS `p` JOIN `test_category` AS `c` ON (`c`.`id` = `p`.`category_id`) GROUP BY `c`.`id`, `c`.`name` ORDER BY `c`.`name` ASC  Error 1064 (42000): You have an error in your SQL syntax; check the manual that corresponds to your MySQL server version for the right syntax to use near 'AS `published_views` FROM `test_post` AS `p` JOIN `test_category` AS `c` ON (`c`' at line 1 
    select_test.go:1241: 
        	Error Trace:	/Users/venus/VEF/vef-framework-go2/internal/orm/select_test.go:1241
        	Error:      	Received unexpected error:
        	            	Error 1064 (42000): You have an error in your SQL syntax; check the manual that corresponds to your MySQL server version for the right syntax to use near 'AS `published_views` FROM `test_post` AS `p` JOIN `test_category` AS `c` ON (`c`' at line 1
        	Test:       	TestMultiDatabaseORM/TestMySQL/TestSelectWithComplexAggregates
    select_test.go:1242: 
        	Error Trace:	/Users/venus/VEF/vef-framework-go2/internal/orm/select_test.go:1242
        	Error:      	Should be true
        	Test:       	TestMultiDatabaseORM/TestMySQL/TestSelectWithComplexAggregates
        	Messages:   	Should have category statistics
=== RUN   TestMultiDatabaseORM/TestMySQL/TestSelectWithComplexConditions
    select_test.go:531: Testing SELECT with complex conditions for mysql
2025-09-27T10:16:07.055	[34mINFO[0m	[database]	 SELECT        0 ms SELECT `u`.`id`, `u`.`created_at`, `u`.`created_by`, `u`.`updated_at`, `u`.`updated_by`, `u`.`name`, `u`.`email`, `u`.`age`, `u`.`is_active`, `u`.`meta` FROM `test_user` AS `u` WHERE (`u`.`is_active` = TRUE) AND ((`u`.`age` < 30) OR (`u`.`age` > 32))
2025-09-27T10:16:07.055	[34mINFO[0m	[database]	 SELECT        0 ms SELECT `u`.`id`, `u`.`created_at`, `u`.`created_by`, `u`.`updated_at`, `u`.`updated_by`, `u`.`name`, `u`.`email`, `u`.`age`, `u`.`is_active`, `u`.`meta` FROM `test_user` AS `u` WHERE (`u`.`name` <> 'Charlie Brown') ORDER BY `u`.`name` ASC
2025-09-27T10:16:07.056	[34mINFO[0m	[database]	 SELECT        0 ms SELECT `p`.`id`, `p`.`created_at`, `p`.`created_by`, `p`.`updated_at`, `p`.`updated_by`, `p`.`title`, `p`.`content`, `p`.`description`, `p`.`user_id`, `p`.`category_id`, `p`.`status`, `p`.`view_count` FROM `test_post` AS `p` WHERE (`p`.`description` IS NOT NULL)
2025-09-27T10:16:07.056	[34mINFO[0m	[database]	 SELECT        0 ms SELECT `p`.`id`, `p`.`created_at`, `p`.`created_by`, `p`.`updated_at`, `p`.`updated_by`, `p`.`title`, `p`.`content`, `p`.`description`, `p`.`user_id`, `p`.`category_id`, `p`.`status`, `p`.`view_count` FROM `test_post` AS `p` WHERE (`p`.`status` NOT IN ('draft')) AND (`p`.`title` NOT LIKE '%Test%')
=== RUN   TestMultiDatabaseORM/TestMySQL/TestSelectWithConditions
    select_test.go:82: Testing SELECT with conditions for mysql
2025-09-27T10:16:07.056	[34mINFO[0m	[database]	 SELECT        0 ms SELECT `u`.`id`, `u`.`created_at`, `u`.`created_by`, `u`.`updated_at`, `u`.`updated_by`, `u`.`name`, `u`.`email`, `u`.`age`, `u`.`is_active`, `u`.`meta` FROM `test_user` AS `u` WHERE (`u`.`is_active` = TRUE)
2025-09-27T10:16:07.056	[34mINFO[0m	[database]	 SELECT        0 ms SELECT `u`.`id`, `u`.`created_at`, `u`.`created_by`, `u`.`updated_at`, `u`.`updated_by`, `u`.`name`, `u`.`email`, `u`.`age`, `u`.`is_active`, `u`.`meta` FROM `test_user` AS `u` WHERE (`u`.`age` > 28)
2025-09-27T10:16:07.056	[34mINFO[0m	[database]	 SELECT        0 ms SELECT `u`.`id`, `u`.`created_at`, `u`.`created_by`, `u`.`updated_at`, `u`.`updated_by`, `u`.`name`, `u`.`email`, `u`.`age`, `u`.`is_active`, `u`.`meta` FROM `test_user` AS `u` WHERE (`u`.`age` BETWEEN 25 AND 30)
2025-09-27T10:16:07.056	[34mINFO[0m	[database]	 SELECT        0 ms SELECT `u`.`id`, `u`.`created_at`, `u`.`created_by`, `u`.`updated_at`, `u`.`updated_by`, `u`.`name`, `u`.`email`, `u`.`age`, `u`.`is_active`, `u`.`meta` FROM `test_user` AS `u` WHERE (`u`.`email` IN ('alice@example.com', 'bob@example.com'))
2025-09-27T10:16:07.056	[34mINFO[0m	[database]	 SELECT        0 ms SELECT `u`.`id`, `u`.`created_at`, `u`.`created_by`, `u`.`updated_at`, `u`.`updated_by`, `u`.`name`, `u`.`email`, `u`.`age`, `u`.`is_active`, `u`.`meta` FROM `test_user` AS `u` WHERE (`u`.`name` LIKE '%Johnson%')
2025-09-27T10:16:07.056	[34mINFO[0m	[database]	 SELECT        0 ms SELECT `u`.`id`, `u`.`created_at`, `u`.`created_by`, `u`.`updated_at`, `u`.`updated_by`, `u`.`name`, `u`.`email`, `u`.`age`, `u`.`is_active`, `u`.`meta` FROM `test_user` AS `u` WHERE (`u`.`name` LIKE 'Alice%')
2025-09-27T10:16:07.057	[34mINFO[0m	[database]	 SELECT        0 ms SELECT `u`.`id`, `u`.`created_at`, `u`.`created_by`, `u`.`updated_at`, `u`.`updated_by`, `u`.`name`, `u`.`email`, `u`.`age`, `u`.`is_active`, `u`.`meta` FROM `test_user` AS `u` WHERE (`u`.`is_active` IS TRUE) AND (`u`.`age` > 26)
2025-09-27T10:16:07.057	[34mINFO[0m	[database]	 SELECT        0 ms SELECT `u`.`id`, `u`.`created_at`, `u`.`created_by`, `u`.`updated_at`, `u`.`updated_by`, `u`.`name`, `u`.`email`, `u`.`age`, `u`.`is_active`, `u`.`meta` FROM `test_user` AS `u` WHERE (`u`.`age` = 25) OR (`u`.`age` = 35)
=== RUN   TestMultiDatabaseORM/TestMySQL/TestSelectWithJoins
    select_test.go:188: Testing SELECT with JOINs for mysql
2025-09-27T10:16:07.057	[34mINFO[0m	[database]	 SELECT        0 ms SELECT `p`.`id`, `p`.`created_at`, `p`.`created_by`, `p`.`updated_at`, `p`.`updated_by`, `p`.`title`, `p`.`content`, `p`.`description`, `p`.`user_id`, `p`.`category_id`, `p`.`status`, `p`.`view_count` FROM `test_post` AS `p` JOIN `test_user` AS `u` ON (`u`.`id` = `p`.`user_id`) WHERE (`u`.`name` = 'Alice Johnson')
2025-09-27T10:16:07.057	[34mINFO[0m	[database]	 SELECT        0 ms SELECT `p`.`id`, `p`.`created_at`, `p`.`created_by`, `p`.`updated_at`, `p`.`updated_by`, `p`.`title`, `p`.`content`, `p`.`description`, `p`.`user_id`, `p`.`category_id`, `p`.`status`, `p`.`view_count`, `user`.`id` AS `user__id`, `user`.`created_at` AS `user__created_at`, `user`.`created_by` AS `user__created_by`, `user`.`updated_at` AS `user__updated_at`, `user`.`updated_by` AS `user__updated_by`, `user`.`name` AS `user__name`, `user`.`email` AS `user__email`, `user`.`age` AS `user__age`, `user`.`is_active` AS `user__is_active`, `user`.`meta` AS `user__meta`, `category`.`id` AS `category__id`, `category`.`created_at` AS `category__created_at`, `category`.`created_by` AS `category__created_by`, `category`.`updated_at` AS `category__updated_at`, `category`.`updated_by` AS `category__updated_by`, `category`.`name` AS `category__name`, `category`.`description` AS `category__description`, `category`.`parent_id` AS `category__parent_id` FROM `test_post` AS `p` LEFT JOIN `test_user` AS `user` ON (`user`.`id` = `p`.`user_id`) LEFT JOIN `test_category` AS `category` ON (`category`.`id` = `p`.`category_id`) WHERE (`p`.`status` = 'published')
2025-09-27T10:16:07.057	[34mINFO[0m	[database]	 SELECT        0 ms SELECT `c`.`id`, `c`.`created_at`, `c`.`created_by`, `c`.`updated_at`, `c`.`updated_by`, `c`.`name`, `c`.`description`, `c`.`parent_id` FROM `test_category` AS `c` LEFT JOIN `test_post` AS `p` ON (`c`.`id` = `p`.`category_id`) GROUP BY `c`.`id`, `c`.`name`, `c`.`description`
=== RUN   TestMultiDatabaseORM/TestMySQL/TestSelectWithOrderingAndLimits
    select_test.go:399: Testing SELECT with ordering and limits for mysql
2025-09-27T10:16:07.057	[34mINFO[0m	[database]	 SELECT        0 ms SELECT `u`.`id`, `u`.`created_at`, `u`.`created_by`, `u`.`updated_at`, `u`.`updated_by`, `u`.`name`, `u`.`email`, `u`.`age`, `u`.`is_active`, `u`.`meta` FROM `test_user` AS `u` ORDER BY `u`.`age` ASC
2025-09-27T10:16:07.058	[34mINFO[0m	[database]	 SELECT        0 ms SELECT `u`.`id`, `u`.`created_at`, `u`.`created_by`, `u`.`updated_at`, `u`.`updated_by`, `u`.`name`, `u`.`email`, `u`.`age`, `u`.`is_active`, `u`.`meta` FROM `test_user` AS `u` ORDER BY `u`.`age` DESC
2025-09-27T10:16:07.058	[34mINFO[0m	[database]	 SELECT        0 ms SELECT `u`.`id`, `u`.`created_at`, `u`.`created_by`, `u`.`updated_at`, `u`.`updated_by`, `u`.`name`, `u`.`email`, `u`.`age`, `u`.`is_active`, `u`.`meta` FROM `test_user` AS `u` ORDER BY `u`.`age` ASC LIMIT 2
2025-09-27T10:16:07.058	[34mINFO[0m	[database]	 SELECT        0 ms SELECT `p`.`id`, `p`.`created_at`, `p`.`created_by`, `p`.`updated_at`, `p`.`updated_by`, `p`.`title`, `p`.`content`, `p`.`description`, `p`.`user_id`, `p`.`category_id`, `p`.`status`, `p`.`view_count` FROM `test_post` AS `p` ORDER BY `p`.`status` ASC, `p`.`view_count` DESC
2025-09-27T10:16:07.058	[34mINFO[0m	[database]	 SELECT        0 ms SELECT `u`.`id`, `u`.`created_at`, `u`.`created_by`, `u`.`updated_at`, `u`.`updated_by`, `u`.`name`, `u`.`email`, `u`.`age`, `u`.`is_active`, `u`.`meta` FROM `test_user` AS `u` ORDER BY `u`.`age` ASC LIMIT 2 OFFSET 1
=== RUN   TestMultiDatabaseORM/TestMySQL/TestSelectWithSubQueries
    select_test.go:327: Testing SELECT with subqueries for mysql
2025-09-27T10:16:07.058	[34mINFO[0m	[database]	 SELECT        0 ms SELECT `u`.`id`, `u`.`created_at`, `u`.`created_by`, `u`.`updated_at`, `u`.`updated_by`, `u`.`name`, `u`.`email`, `u`.`age`, `u`.`is_active`, `u`.`meta` FROM `test_user` AS `u` WHERE (`u`.`id` IN (SELECT `p`.`user_id` FROM `test_post` AS `p` WHERE (`p`.`status` = 'published'))) ORDER BY `u`.`name` ASC
2025-09-27T10:16:07.058	[34mINFO[0m	[database]	 SELECT        0 ms SELECT `p`.`id`, `p`.`created_at`, `p`.`created_by`, `p`.`updated_at`, `p`.`updated_by`, `p`.`title`, `p`.`content`, `p`.`description`, `p`.`user_id`, `p`.`category_id`, `p`.`status`, `p`.`view_count` FROM `test_post` AS `p` WHERE (`p`.`view_count` > (SELECT AVG(`p`.`view_count`) FROM `test_post` AS `p`)) ORDER BY `p`.`view_count` DESC
2025-09-27T10:16:07.059	[34mINFO[0m	[database]	 SELECT        0 ms SELECT AVG(`p`.`view_count`) FROM `test_post` AS `p`
2025-09-27T10:16:07.059	[34mINFO[0m	[database]	 SELECT        0 ms SELECT `c`.`id`, `c`.`created_at`, `c`.`created_by`, `c`.`updated_at`, `c`.`updated_by`, `c`.`name`, `c`.`description`, `c`.`parent_id` FROM `test_category` AS `c` WHERE (`c`.`id` IN (SELECT DISTINCT `p`.`category_id` FROM `test_post` AS `p`)) ORDER BY `c`.`name` ASC
=== RUN   TestMultiDatabaseORM/TestMySQL/TestSelectWithWindowFunctions
    select_test.go:601: Testing SELECT with window functions for mysql
2025-09-27T10:16:07.059	[34mINFO[0m	[database]	 SELECT        0 ms SELECT `u`.`id`, `u`.`name`, `u`.`age`, ROW_NUMBER() OVER ( ORDER BY `u`.`age` ASC) AS `row_num` FROM `test_user` AS `u` ORDER BY `u`.`age` ASC
2025-09-27T10:16:07.059	[34mINFO[0m	[database]	 SELECT        0 ms SELECT `p`.`id`, `p`.`title`, `p`.`status`, `p`.`view_count`, RANK() OVER (PARTITION BY `p`.`status` ORDER BY `p`.`view_count` DESC) AS `rank`, DENSE_RANK() OVER (PARTITION BY `p`.`status` ORDER BY `p`.`view_count` DESC) AS `dense_rank` FROM `test_post` AS `p` ORDER BY `p`.`status` ASC, `p`.`view_count` DESC
2025-09-27T10:16:07.059	[34mINFO[0m	[database]	 SELECT        0 ms SELECT `u`.`name`, `u`.`age`, SUM(`u`.`age`) OVER ( ORDER BY `u`.`age` ASC ROWS UNBOUNDED PRECEDING) AS `running_total`, AVG(`u`.`age`) OVER ( ORDER BY `u`.`age` ASC ROWS UNBOUNDED PRECEDING) AS `moving_avg`, COUNT(*) OVER ( ORDER BY `u`.`age` ASC ROWS UNBOUNDED PRECEDING) AS `running_count` FROM `test_user` AS `u` ORDER BY `u`.`age` ASC
2025-09-27T10:16:07.059	[34mINFO[0m	[database]	 SELECT        0 ms SELECT `p`.`title`, `p`.`view_count`, LAG(`p`.`view_count`) OVER ( ORDER BY `p`.`view_count` ASC) AS `prev_view_count`, LEAD(`p`.`view_count`, 1) OVER ( ORDER BY `p`.`view_count` ASC) AS `next_view_count` FROM `test_post` AS `p` ORDER BY `p`.`view_count` ASC
2025-09-27T10:16:07.060	[34mINFO[0m	[database]	 SELECT        0 ms SELECT `p`.`title`, `p`.`status`, `p`.`view_count`, FIRST_VALUE(`p`.`view_count`) OVER (PARTITION BY `p`.`status` ORDER BY `p`.`view_count` ASC) AS `first_in_status`, LAST_VALUE(`p`.`view_count`) OVER (PARTITION BY `p`.`status` ORDER BY `p`.`view_count` ASC ROWS BETWEEN UNBOUNDED PRECEDING AND UNBOUNDED FOLLOWING) AS `last_in_status` FROM `test_post` AS `p` ORDER BY `p`.`status` ASC, `p`.`view_count` ASC
2025-09-27T10:16:07.060	[34mINFO[0m	[database]	 SELECT        0 ms SELECT `u`.`name`, `u`.`age`, NTILE(4) OVER ( ORDER BY `u`.`age` ASC) AS `quartile` FROM `test_user` AS `u` ORDER BY `u`.`age` ASC
2025-09-27T10:16:07.060	[34mINFO[0m	[database]	 SELECT        0 ms SELECT `p`.`title`, `p`.`status`, `p`.`view_count`, RANK() OVER (PARTITION BY `p`.`status` ORDER BY `p`.`view_count` DESC) AS `rank_in_status`, PERCENT_RANK() OVER ( ORDER BY `p`.`view_count` DESC) AS `percent_of_total`, SUM(`p`.`view_count`) OVER (PARTITION BY `p`.`status` ORDER BY `p`.`view_count` DESC ROWS UNBOUNDED PRECEDING) AS `cumulative_views` FROM `test_post` AS `p` ORDER BY `p`.`status` ASC, `p`.`view_count` DESC
=== RUN   TestMultiDatabaseORM/TestMySQL/TestSelectWithWindowFunctionsAdvanced
    select_test.go:867: Testing advanced window functions for mysql
2025-09-27T10:16:07.060	[34mINFO[0m	[database]	 SELECT        0 ms SELECT `p`.`title`, `p`.`view_count`, LAG(`p`.`view_count`, 2) OVER ( ORDER BY `p`.`view_count` ASC) AS `prev2_view_count`, LEAD(`p`.`view_count`, 2) OVER ( ORDER BY `p`.`view_count` ASC) AS `next2_view_count`, LEAD(`p`.`view_count`, 2, -1) OVER ( ORDER BY `p`.`view_count` ASC) AS `next2_or_default` FROM `test_post` AS `p` ORDER BY `p`.`view_count` ASC
2025-09-27T10:16:07.060	[34mINFO[0m	[database]	 SELECT        0 ms SELECT `p`.`title`, `p`.`view_count`, AVG(`p`.`view_count`) OVER ( ORDER BY `p`.`view_count` ASC ROWS BETWEEN 2 PRECEDING AND CURRENT ROW) AS `mov_avg` FROM `test_post` AS `p` ORDER BY `p`.`view_count` ASC
2025-09-27T10:16:07.060	[34mINFO[0m	[database]	 SELECT        0 ms SELECT `p`.`status`, `p`.`view_count`, NTH_VALUE(`p`.`view_count`, 2) OVER (PARTITION BY `p`.`status` ORDER BY `p`.`view_count` ASC ROWS BETWEEN UNBOUNDED PRECEDING AND UNBOUNDED FOLLOWING) AS `second_from_end` FROM `test_post` AS `p` ORDER BY `p`.`status` ASC, `p`.`view_count` ASC
=== RUN   TestMultiDatabaseORM/TestMySQL/TestSelectWithWindowFunctionsFromClause
    select_test.go:958: Testing window functions FROM FIRST/LAST for mysql
    select_test.go:962: Skip FROM FIRST/LAST tests for mysql - not supported by common databases
=== NAME  TestMultiDatabaseORM/TestMySQL
    orm_test.go:127: Setting up ORM test suite for mysql
2025-09-27T10:16:07.067	[34mINFO[0m	[database]	 DROP TABLE      5 ms DROP TABLE IF EXISTS `test_user`
2025-09-27T10:16:07.075	[34mINFO[0m	[database]	 CREATE TABLE      8 ms CREATE TABLE `test_user` (`id` VARCHAR(255) NOT NULL, `created_at` timestamp NOT NULL DEFAULT CURRENT_TIMESTAMP, `created_by` VARCHAR(255) NOT NULL, `updated_at` timestamp NOT NULL DEFAULT CURRENT_TIMESTAMP, `updated_by` VARCHAR(255) NOT NULL, `name` VARCHAR(255) NOT NULL, `email` VARCHAR(255) NOT NULL, `age` SMALLINT NOT NULL DEFAULT 0, `is_active` BOOLEAN NOT NULL, `meta` VARCHAR(255), PRIMARY KEY (`id`), UNIQUE (`email`))
2025-09-27T10:16:07.077	[34mINFO[0m	[database]	 INSERT        1 ms INSERT INTO `test_user` (`id`, `created_at`, `created_by`, `updated_at`, `updated_by`, `name`, `email`, `age`, `is_active`, `meta`) VALUES ('d3bkhps5cmcb9l8l0brg', '2025-09-27 10:16:07', 'system', '2025-09-27 10:16:07', 'system', 'Alice Johnson', 'alice@example.com', 30, TRUE, '{"interests":["golang","databases"],"role":"admin"}')
2025-09-27T10:16:07.078	[34mINFO[0m	[database]	 INSERT        1 ms INSERT INTO `test_user` (`id`, `created_at`, `created_by`, `updated_at`, `updated_by`, `name`, `email`, `age`, `is_active`, `meta`) VALUES ('d3bkhps5cmcb9l8l0bs0', '2025-09-27 10:16:07', 'system', '2025-09-27 10:16:07', 'system', 'Bob Smith', 'bob@example.com', 25, TRUE, '{"interests":["tutorials","postgres"],"role":"editor"}')
2025-09-27T10:16:07.080	[34mINFO[0m	[database]	 INSERT        1 ms INSERT INTO `test_user` (`id`, `created_at`, `created_by`, `updated_at`, `updated_by`, `name`, `email`, `age`, `is_active`, `meta`) VALUES ('d3bkhps5cmcb9l8l0bsg', '2025-09-27 10:16:07', 'system', '2025-09-27 10:16:07', 'system', 'Charlie Brown', 'charlie@example.com', 35, FALSE, '{"interests":["science"],"role":"viewer"}')
2025-09-27T10:16:07.086	[34mINFO[0m	[database]	 DROP TABLE      6 ms DROP TABLE IF EXISTS `test_category`
2025-09-27T10:16:07.096	[34mINFO[0m	[database]	 CREATE TABLE     10 ms CREATE TABLE `test_category` (`id` VARCHAR(255) NOT NULL, `created_at` timestamp NOT NULL DEFAULT CURRENT_TIMESTAMP, `created_by` VARCHAR(255) NOT NULL, `updated_at` timestamp NOT NULL DEFAULT CURRENT_TIMESTAMP, `updated_by` VARCHAR(255) NOT NULL, `name` VARCHAR(255) NOT NULL, `description` VARCHAR(255), `parent_id` VARCHAR(255), PRIMARY KEY (`id`), UNIQUE (`name`))
2025-09-27T10:16:07.098	[34mINFO[0m	[database]	 INSERT        1 ms INSERT INTO `test_category` (`id`, `created_at`, `created_by`, `updated_at`, `updated_by`, `name`, `description`, `parent_id`) VALUES ('d3bkhps5cmcb9l8l0bt0', '2025-09-27 10:16:07', 'system', '2025-09-27 10:16:07', 'system', 'Technology', 'Tech-related posts', DEFAULT)
2025-09-27T10:16:07.099	[34mINFO[0m	[database]	 INSERT        1 ms INSERT INTO `test_category` (`id`, `created_at`, `created_by`, `updated_at`, `updated_by`, `name`, `description`, `parent_id`) VALUES ('d3bkhps5cmcb9l8l0btg', '2025-09-27 10:16:07', 'system', '2025-09-27 10:16:07', 'system', 'Science', 'Scientific articles', DEFAULT)
2025-09-27T10:16:07.100	[34mINFO[0m	[database]	 INSERT        1 ms INSERT INTO `test_category` (`id`, `created_at`, `created_by`, `updated_at`, `updated_by`, `name`, `description`, `parent_id`) VALUES ('d3bkhps5cmcb9l8l0bu0', '2025-09-27 10:16:07', 'system', '2025-09-27 10:16:07', 'system', 'Business', 'Business and economics', DEFAULT)
2025-09-27T10:16:07.102	[34mINFO[0m	[database]	 INSERT        1 ms INSERT INTO `test_category` (`id`, `created_at`, `created_by`, `updated_at`, `updated_by`, `name`, `description`, `parent_id`) VALUES ('d3bkhps5cmcb9l8l0bug', '2025-09-27 10:16:07', 'system', '2025-09-27 10:16:07', 'system', 'GoLang', 'Go-related posts', 'd3bkhps5cmcb9l8l0bt0')
2025-09-27T10:16:07.107	[34mINFO[0m	[database]	 DROP TABLE      4 ms DROP TABLE IF EXISTS `test_tag`
2025-09-27T10:16:07.114	[34mINFO[0m	[database]	 CREATE TABLE      7 ms CREATE TABLE `test_tag` (`id` VARCHAR(255) NOT NULL, `created_at` timestamp NOT NULL DEFAULT CURRENT_TIMESTAMP, `created_by` VARCHAR(255) NOT NULL, `updated_at` timestamp NOT NULL DEFAULT CURRENT_TIMESTAMP, `updated_by` VARCHAR(255) NOT NULL, `name` VARCHAR(255) NOT NULL, `description` VARCHAR(255), PRIMARY KEY (`id`), UNIQUE (`name`))
2025-09-27T10:16:07.116	[34mINFO[0m	[database]	 INSERT        1 ms INSERT INTO `test_tag` (`id`, `created_at`, `created_by`, `updated_at`, `updated_by`, `name`, `description`) VALUES ('d3bkhps5cmcb9l8l0bv0', '2025-09-27 10:16:07', 'system', '2025-09-27 10:16:07', 'system', 'programming', 'Programming related content')
2025-09-27T10:16:07.117	[34mINFO[0m	[database]	 INSERT        1 ms INSERT INTO `test_tag` (`id`, `created_at`, `created_by`, `updated_at`, `updated_by`, `name`, `description`) VALUES ('d3bkhps5cmcb9l8l0bvg', '2025-09-27 10:16:07', 'system', '2025-09-27 10:16:07', 'system', 'database', 'Database related content')
2025-09-27T10:16:07.118	[34mINFO[0m	[database]	 INSERT        1 ms INSERT INTO `test_tag` (`id`, `created_at`, `created_by`, `updated_at`, `updated_by`, `name`, `description`) VALUES ('d3bkhps5cmcb9l8l0c00', '2025-09-27 10:16:07', 'system', '2025-09-27 10:16:07', 'system', 'go', 'Go language topics')
2025-09-27T10:16:07.121	[34mINFO[0m	[database]	 INSERT        2 ms INSERT INTO `test_tag` (`id`, `created_at`, `created_by`, `updated_at`, `updated_by`, `name`, `description`) VALUES ('d3bkhps5cmcb9l8l0c0g', '2025-09-27 10:16:07', 'system', '2025-09-27 10:16:07', 'system', 'tutorial', 'Tutorials and guides')
2025-09-27T10:16:07.122	[34mINFO[0m	[database]	 INSERT        1 ms INSERT INTO `test_tag` (`id`, `created_at`, `created_by`, `updated_at`, `updated_by`, `name`, `description`) VALUES ('d3bkhps5cmcb9l8l0c10', '2025-09-27 10:16:07', 'system', '2025-09-27 10:16:07', 'system', 'advanced', 'Advanced topics')
2025-09-27T10:16:07.129	[34mINFO[0m	[database]	 DROP TABLE      6 ms DROP TABLE IF EXISTS `test_post`
2025-09-27T10:16:07.139	[34mINFO[0m	[database]	 CREATE TABLE      9 ms CREATE TABLE `test_post` (`id` VARCHAR(255) NOT NULL, `created_at` timestamp NOT NULL DEFAULT CURRENT_TIMESTAMP, `created_by` VARCHAR(255) NOT NULL, `updated_at` timestamp NOT NULL DEFAULT CURRENT_TIMESTAMP, `updated_by` VARCHAR(255) NOT NULL, `title` VARCHAR(255) NOT NULL, `content` VARCHAR(255) NOT NULL, `description` VARCHAR(255), `user_id` VARCHAR(255) NOT NULL, `category_id` VARCHAR(255) NOT NULL, `status` VARCHAR(255) NOT NULL DEFAULT 'draft', `view_count` BIGINT NOT NULL DEFAULT 0, PRIMARY KEY (`id`))
2025-09-27T10:16:07.140	[34mINFO[0m	[database]	 INSERT        1 ms INSERT INTO `test_post` (`id`, `created_at`, `created_by`, `updated_at`, `updated_by`, `title`, `content`, `description`, `user_id`, `category_id`, `status`, `view_count`) VALUES ('d3bkhps5cmcb9l8l0c1g', '2025-09-27 10:16:07', 'd3bkhps5cmcb9l8l0brg', '2025-09-27 10:16:07', 'd3bkhps5cmcb9l8l0brg', 'Introduction to Go', 'Go is a programming language designed at Google.', 'Getting started with Go', 'd3bkhps5cmcb9l8l0brg', 'd3bkhps5cmcb9l8l0bug', 'published', 123)
2025-09-27T10:16:07.141	[34mINFO[0m	[database]	 INSERT        1 ms INSERT INTO `test_post` (`id`, `created_at`, `created_by`, `updated_at`, `updated_by`, `title`, `content`, `description`, `user_id`, `category_id`, `status`, `view_count`) VALUES ('d3bkhps5cmcb9l8l0c20', '2025-09-27 10:16:07', 'd3bkhps5cmcb9l8l0bs0', '2025-09-27 10:16:07', 'd3bkhps5cmcb9l8l0bs0', 'Database Design Basics', 'Good database design principles.', 'Normalization and relationships', 'd3bkhps5cmcb9l8l0bs0', 'd3bkhps5cmcb9l8l0bt0', 'published', 87)
2025-09-27T10:16:07.143	[34mINFO[0m	[database]	 INSERT        1 ms INSERT INTO `test_post` (`id`, `created_at`, `created_by`, `updated_at`, `updated_by`, `title`, `content`, `description`, `user_id`, `category_id`, `status`, `view_count`) VALUES ('d3bkhps5cmcb9l8l0c2g', '2025-09-27 10:16:07', 'd3bkhps5cmcb9l8l0brg', '2025-09-27 10:16:07', 'd3bkhps5cmcb9l8l0brg', 'Machine Learning Basics', 'An introduction to ML concepts and workflows.', 'Supervised vs unsupervised learning', 'd3bkhps5cmcb9l8l0brg', 'd3bkhps5cmcb9l8l0btg', 'draft', 45)
2025-09-27T10:16:07.144	[34mINFO[0m	[database]	 INSERT        1 ms INSERT INTO `test_post` (`id`, `created_at`, `created_by`, `updated_at`, `updated_by`, `title`, `content`, `description`, `user_id`, `category_id`, `status`, `view_count`) VALUES ('d3bkhps5cmcb9l8l0c30', '2025-09-27 10:16:07', 'd3bkhps5cmcb9l8l0bsg', '2025-09-27 10:16:07', 'd3bkhps5cmcb9l8l0bsg', 'Business Strategy Fundamentals', 'Effective business strategies and frameworks.', 'Strategic planning overview', 'd3bkhps5cmcb9l8l0bsg', 'd3bkhps5cmcb9l8l0bu0', 'published', 64)
2025-09-27T10:16:07.146	[34mINFO[0m	[database]	 INSERT        1 ms INSERT INTO `test_post` (`id`, `created_at`, `created_by`, `updated_at`, `updated_by`, `title`, `content`, `description`, `user_id`, `category_id`, `status`, `view_count`) VALUES ('d3bkhps5cmcb9l8l0c3g', '2025-09-27 10:16:07', 'd3bkhps5cmcb9l8l0brg', '2025-09-27 10:16:07', 'd3bkhps5cmcb9l8l0brg', 'Advanced Go Patterns', 'Exploring advanced patterns and best practices in Go.', 'Idiomatic Go techniques', 'd3bkhps5cmcb9l8l0brg', 'd3bkhps5cmcb9l8l0bug', 'review', 98)
2025-09-27T10:16:07.147	[34mINFO[0m	[database]	 INSERT        0 ms INSERT INTO `test_post` (`id`, `created_at`, `created_by`, `updated_at`, `updated_by`, `title`, `content`, `description`, `user_id`, `category_id`, `status`, `view_count`) VALUES ('d3bkhps5cmcb9l8l0c40', '2025-09-27 10:16:07', 'd3bkhps5cmcb9l8l0bs0', '2025-09-27 10:16:07', 'd3bkhps5cmcb9l8l0bs0', 'Latest Trends in Science', 'A survey of recent scientific advancements.', 'Interdisciplinary highlights', 'd3bkhps5cmcb9l8l0bs0', 'd3bkhps5cmcb9l8l0btg', 'published', 77)
2025-09-27T10:16:07.149	[34mINFO[0m	[database]	 INSERT        1 ms INSERT INTO `test_post` (`id`, `created_at`, `created_by`, `updated_at`, `updated_by`, `title`, `content`, `description`, `user_id`, `category_id`, `status`, `view_count`) VALUES ('d3bkhps5cmcb9l8l0c4g', '2025-09-27 10:16:07', 'd3bkhps5cmcb9l8l0bsg', '2025-09-27 10:16:07', 'd3bkhps5cmcb9l8l0bsg', 'Practical Tech Tutorials', 'Hands-on guides for modern technology stacks.', 'Step-by-step tutorials', 'd3bkhps5cmcb9l8l0bsg', 'd3bkhps5cmcb9l8l0bt0', 'published', 52)
2025-09-27T10:16:07.150	[34mINFO[0m	[database]	 INSERT        1 ms INSERT INTO `test_post` (`id`, `created_at`, `created_by`, `updated_at`, `updated_by`, `title`, `content`, `description`, `user_id`, `category_id`, `status`, `view_count`) VALUES ('d3bkhps5cmcb9l8l0c50', '2025-09-27 10:16:07', 'd3bkhps5cmcb9l8l0brg', '2025-09-27 10:16:07', 'd3bkhps5cmcb9l8l0brg', 'Startup Finance 101', 'Financial basics for early-stage startups.', 'Cash flow, runway, and budgeting', 'd3bkhps5cmcb9l8l0brg', 'd3bkhps5cmcb9l8l0bu0', 'published', 69)
2025-09-27T10:16:07.155	[34mINFO[0m	[database]	 DROP TABLE      5 ms DROP TABLE IF EXISTS `test_post_tag`
2025-09-27T10:16:07.164	[34mINFO[0m	[database]	 CREATE TABLE      8 ms CREATE TABLE `test_post_tag` (`id` VARCHAR(255) NOT NULL, `created_at` timestamp NOT NULL DEFAULT CURRENT_TIMESTAMP, `created_by` VARCHAR(255) NOT NULL, `updated_at` timestamp NOT NULL DEFAULT CURRENT_TIMESTAMP, `updated_by` VARCHAR(255) NOT NULL, `post_id` VARCHAR(255) NOT NULL, `tag_id` VARCHAR(255) NOT NULL, PRIMARY KEY (`id`))
2025-09-27T10:16:07.166	[34mINFO[0m	[database]	 INSERT        1 ms INSERT INTO `test_post_tag` (`id`, `created_at`, `created_by`, `updated_at`, `updated_by`, `post_id`, `tag_id`) VALUES ('d3bkhps5cmcb9l8l0c5g', '2025-09-27 10:16:07', 'system', '2025-09-27 10:16:07', 'system', 'd3bkhps5cmcb9l8l0c1g', 'd3bkhps5cmcb9l8l0bv0')
2025-09-27T10:16:07.167	[34mINFO[0m	[database]	 INSERT        1 ms INSERT INTO `test_post_tag` (`id`, `created_at`, `created_by`, `updated_at`, `updated_by`, `post_id`, `tag_id`) VALUES ('d3bkhps5cmcb9l8l0c60', '2025-09-27 10:16:07', 'system', '2025-09-27 10:16:07', 'system', 'd3bkhps5cmcb9l8l0c1g', 'd3bkhps5cmcb9l8l0c00')
2025-09-27T10:16:07.168	[34mINFO[0m	[database]	 INSERT        1 ms INSERT INTO `test_post_tag` (`id`, `created_at`, `created_by`, `updated_at`, `updated_by`, `post_id`, `tag_id`) VALUES ('d3bkhps5cmcb9l8l0c6g', '2025-09-27 10:16:07', 'system', '2025-09-27 10:16:07', 'system', 'd3bkhps5cmcb9l8l0c1g', 'd3bkhps5cmcb9l8l0c0g')
2025-09-27T10:16:07.172	[34mINFO[0m	[database]	 INSERT        2 ms INSERT INTO `test_post_tag` (`id`, `created_at`, `created_by`, `updated_at`, `updated_by`, `post_id`, `tag_id`) VALUES ('d3bkhps5cmcb9l8l0c70', '2025-09-27 10:16:07', 'system', '2025-09-27 10:16:07', 'system', 'd3bkhps5cmcb9l8l0c20', 'd3bkhps5cmcb9l8l0bvg')
2025-09-27T10:16:07.173	[34mINFO[0m	[database]	 INSERT        1 ms INSERT INTO `test_post_tag` (`id`, `created_at`, `created_by`, `updated_at`, `updated_by`, `post_id`, `tag_id`) VALUES ('d3bkhps5cmcb9l8l0c7g', '2025-09-27 10:16:07', 'system', '2025-09-27 10:16:07', 'system', 'd3bkhps5cmcb9l8l0c20', 'd3bkhps5cmcb9l8l0c0g')
2025-09-27T10:16:07.174	[34mINFO[0m	[database]	 INSERT        1 ms INSERT INTO `test_post_tag` (`id`, `created_at`, `created_by`, `updated_at`, `updated_by`, `post_id`, `tag_id`) VALUES ('d3bkhps5cmcb9l8l0c80', '2025-09-27 10:16:07', 'system', '2025-09-27 10:16:07', 'system', 'd3bkhps5cmcb9l8l0c2g', 'd3bkhps5cmcb9l8l0c0g')
2025-09-27T10:16:07.175	[34mINFO[0m	[database]	 INSERT        0 ms INSERT INTO `test_post_tag` (`id`, `created_at`, `created_by`, `updated_at`, `updated_by`, `post_id`, `tag_id`) VALUES ('d3bkhps5cmcb9l8l0c8g', '2025-09-27 10:16:07', 'system', '2025-09-27 10:16:07', 'system', 'd3bkhps5cmcb9l8l0c2g', 'd3bkhps5cmcb9l8l0c10')
2025-09-27T10:16:07.176	[34mINFO[0m	[database]	 INSERT        1 ms INSERT INTO `test_post_tag` (`id`, `created_at`, `created_by`, `updated_at`, `updated_by`, `post_id`, `tag_id`) VALUES ('d3bkhps5cmcb9l8l0c90', '2025-09-27 10:16:07', 'system', '2025-09-27 10:16:07', 'system', 'd3bkhps5cmcb9l8l0c30', 'd3bkhps5cmcb9l8l0c10')
2025-09-27T10:16:07.178	[34mINFO[0m	[database]	 INSERT        1 ms INSERT INTO `test_post_tag` (`id`, `created_at`, `created_by`, `updated_at`, `updated_by`, `post_id`, `tag_id`) VALUES ('d3bkhps5cmcb9l8l0c9g', '2025-09-27 10:16:07', 'system', '2025-09-27 10:16:07', 'system', 'd3bkhps5cmcb9l8l0c30', 'd3bkhps5cmcb9l8l0c0g')
2025-09-27T10:16:07.180	[34mINFO[0m	[database]	 INSERT        1 ms INSERT INTO `test_post_tag` (`id`, `created_at`, `created_by`, `updated_at`, `updated_by`, `post_id`, `tag_id`) VALUES ('d3bkhps5cmcb9l8l0ca0', '2025-09-27 10:16:07', 'system', '2025-09-27 10:16:07', 'system', 'd3bkhps5cmcb9l8l0c3g', 'd3bkhps5cmcb9l8l0c00')
2025-09-27T10:16:07.181	[34mINFO[0m	[database]	 INSERT        0 ms INSERT INTO `test_post_tag` (`id`, `created_at`, `created_by`, `updated_at`, `updated_by`, `post_id`, `tag_id`) VALUES ('d3bkhps5cmcb9l8l0cag', '2025-09-27 10:16:07', 'system', '2025-09-27 10:16:07', 'system', 'd3bkhps5cmcb9l8l0c3g', 'd3bkhps5cmcb9l8l0bv0')
2025-09-27T10:16:07.182	[34mINFO[0m	[database]	 INSERT        0 ms INSERT INTO `test_post_tag` (`id`, `created_at`, `created_by`, `updated_at`, `updated_by`, `post_id`, `tag_id`) VALUES ('d3bkhps5cmcb9l8l0cb0', '2025-09-27 10:16:07', 'system', '2025-09-27 10:16:07', 'system', 'd3bkhps5cmcb9l8l0c3g', 'd3bkhps5cmcb9l8l0c10')
2025-09-27T10:16:07.183	[34mINFO[0m	[database]	 INSERT        1 ms INSERT INTO `test_post_tag` (`id`, `created_at`, `created_by`, `updated_at`, `updated_by`, `post_id`, `tag_id`) VALUES ('d3bkhps5cmcb9l8l0cbg', '2025-09-27 10:16:07', 'system', '2025-09-27 10:16:07', 'system', 'd3bkhps5cmcb9l8l0c40', 'd3bkhps5cmcb9l8l0c0g')
2025-09-27T10:16:07.184	[34mINFO[0m	[database]	 INSERT        0 ms INSERT INTO `test_post_tag` (`id`, `created_at`, `created_by`, `updated_at`, `updated_by`, `post_id`, `tag_id`) VALUES ('d3bkhps5cmcb9l8l0cc0', '2025-09-27 10:16:07', 'system', '2025-08-08 00:02:40', 'system', 'd3bkhps5cmcb9l8l0c40', 'd3bkhps5cmcb9l8l0c10')
2025-09-27T10:16:07.187	[34mINFO[0m	[database]	 INSERT        2 ms INSERT INTO `test_post_tag` (`id`, `created_at`, `created_by`, `updated_at`, `updated_by`, `post_id`, `tag_id`) VALUES ('d3bkhps5cmcb9l8l0ccg', '2025-09-27 10:16:07', 'system', '2025-09-27 10:16:07', 'system', 'd3bkhps5cmcb9l8l0c4g', 'd3bkhps5cmcb9l8l0c0g')
2025-09-27T10:16:07.188	[34mINFO[0m	[database]	 INSERT        1 ms INSERT INTO `test_post_tag` (`id`, `created_at`, `created_by`, `updated_at`, `updated_by`, `post_id`, `tag_id`) VALUES ('d3bkhps5cmcb9l8l0cd0', '2025-09-27 10:16:07', 'system', '2025-09-27 10:16:07', 'system', 'd3bkhps5cmcb9l8l0c4g', 'd3bkhps5cmcb9l8l0bv0')
2025-09-27T10:16:07.189	[34mINFO[0m	[database]	 INSERT        1 ms INSERT INTO `test_post_tag` (`id`, `created_at`, `created_by`, `updated_at`, `updated_by`, `post_id`, `tag_id`) VALUES ('d3bkhps5cmcb9l8l0cdg', '2025-09-27 10:16:07', 'system', '2025-09-27 10:16:07', 'system', 'd3bkhps5cmcb9l8l0c50', 'd3bkhps5cmcb9l8l0c10')
2025-09-27T10:16:07.190	[34mINFO[0m	[database]	 INSERT        0 ms INSERT INTO `test_post_tag` (`id`, `created_at`, `created_by`, `updated_at`, `updated_by`, `post_id`, `tag_id`) VALUES ('d3bkhps5cmcb9l8l0ce0', '2025-09-27 10:16:07', 'system', '2025-09-27 10:16:07', 'system', 'd3bkhps5cmcb9l8l0c50', 'd3bkhps5cmcb9l8l0c0g')
2025-09-27T10:16:07.191	[34mINFO[0m	[database]	 CREATE TABLE      1 ms CREATE TABLE IF NOT EXISTS `test_simple` (`id` VARCHAR(255) NOT NULL, `created_at` timestamp NOT NULL DEFAULT CURRENT_TIMESTAMP, `created_by` VARCHAR(255) NOT NULL, `updated_at` timestamp NOT NULL DEFAULT CURRENT_TIMESTAMP, `updated_by` VARCHAR(255) NOT NULL, `name` VARCHAR(255) NOT NULL, `value` BIGINT NOT NULL, PRIMARY KEY (`id`))
2025-09-27T10:16:07.192	[34mINFO[0m	[database]	 CREATE TABLE      0 ms CREATE TABLE IF NOT EXISTS `test_complex` (`id` VARCHAR(255) NOT NULL, `created_at` timestamp NOT NULL DEFAULT CURRENT_TIMESTAMP, `created_by` VARCHAR(255) NOT NULL, `updated_at` timestamp NOT NULL DEFAULT CURRENT_TIMESTAMP, `updated_by` VARCHAR(255) NOT NULL, `string_field` VARCHAR(255) NOT NULL, `int_field` BIGINT NOT NULL, `float_field` DOUBLE PRECISION NOT NULL, `bool_field` BOOLEAN NOT NULL, `time_field` DATETIME NOT NULL, `null_string` VARCHAR(255), `null_int` BIGINT, `null_time` DATETIME, `json_field` VARCHAR(255), `array_field` VARCHAR(255), PRIMARY KEY (`id`))
    orm_test.go:161: Test fixtures loaded for mysql database
=== RUN   TestMultiDatabaseORM/TestMySQL/TestApplyConditions
    condition_test.go:787: Testing Apply conditions for mysql
2025-09-27T10:16:07.193	[34mINFO[0m	[database]	 SELECT        0 ms SELECT `u`.`id`, `u`.`created_at`, `u`.`created_by`, `u`.`updated_at`, `u`.`updated_by`, `u`.`name`, `u`.`email`, `u`.`age`, `u`.`is_active`, `u`.`meta` FROM `test_user` AS `u` WHERE (`u`.`is_active` = TRUE)
2025-09-27T10:16:07.193	[34mINFO[0m	[database]	 SELECT        0 ms SELECT `u`.`id`, `u`.`created_at`, `u`.`created_by`, `u`.`updated_at`, `u`.`updated_by`, `u`.`name`, `u`.`email`, `u`.`age`, `u`.`is_active`, `u`.`meta` FROM `test_user` AS `u` WHERE (`u`.`is_active` = TRUE) AND (`u`.`age` > 25)
2025-09-27T10:16:07.193	[34mINFO[0m	[database]	 SELECT        0 ms SELECT `u`.`id`, `u`.`created_at`, `u`.`created_by`, `u`.`updated_at`, `u`.`updated_by`, `u`.`name`, `u`.`email`, `u`.`age`, `u`.`is_active`, `u`.`meta` FROM `test_user` AS `u` WHERE (`u`.`is_active` = TRUE) AND (`u`.`age` > 25)
2025-09-27T10:16:07.193	[34mINFO[0m	[database]	 SELECT        0 ms SELECT `u`.`id`, `u`.`created_at`, `u`.`created_by`, `u`.`updated_at`, `u`.`updated_by`, `u`.`name`, `u`.`email`, `u`.`age`, `u`.`is_active`, `u`.`meta` FROM `test_user` AS `u` WHERE (`u`.`is_active` = TRUE)
=== RUN   TestMultiDatabaseORM/TestMySQL/TestAuditConditions
    condition_test.go:606: Testing audit conditions for mysql
2025-09-27T10:16:07.193	[34mINFO[0m	[database]	 SELECT        0 ms SELECT `u`.`id`, `u`.`created_at`, `u`.`created_by`, `u`.`updated_at`, `u`.`updated_by`, `u`.`name`, `u`.`email`, `u`.`age`, `u`.`is_active`, `u`.`meta` FROM `test_user` AS `u` WHERE (`u`.`created_by` = 'system')
2025-09-27T10:16:07.194	[34mINFO[0m	[database]	 SELECT        0 ms SELECT `u`.`id`, `u`.`created_at`, `u`.`created_by`, `u`.`updated_at`, `u`.`updated_by`, `u`.`name`, `u`.`email`, `u`.`age`, `u`.`is_active`, `u`.`meta` FROM `test_user` AS `u` WHERE (`u`.`created_by` <> 'system')
2025-09-27T10:16:07.194	[34mINFO[0m	[database]	 SELECT        0 ms SELECT `u`.`id`, `u`.`created_at`, `u`.`created_by`, `u`.`updated_at`, `u`.`updated_by`, `u`.`name`, `u`.`email`, `u`.`age`, `u`.`is_active`, `u`.`meta` FROM `test_user` AS `u` WHERE (`u`.`updated_by` = 'system')
2025-09-27T10:16:07.194	[34mINFO[0m	[database]	 SELECT        0 ms SELECT `u`.`id`, `u`.`created_at`, `u`.`created_by`, `u`.`updated_at`, `u`.`updated_by`, `u`.`name`, `u`.`email`, `u`.`age`, `u`.`is_active`, `u`.`meta` FROM `test_user` AS `u` WHERE (`u`.`created_by` IN ('system', 'admin'))
=== RUN   TestMultiDatabaseORM/TestMySQL/TestBasicConditions
    condition_test.go:13: Testing basic conditions for mysql
2025-09-27T10:16:07.194	[34mINFO[0m	[database]	 SELECT        0 ms SELECT `u`.`id`, `u`.`created_at`, `u`.`created_by`, `u`.`updated_at`, `u`.`updated_by`, `u`.`name`, `u`.`email`, `u`.`age`, `u`.`is_active`, `u`.`meta` FROM `test_user` AS `u` WHERE (`u`.`name` = 'Alice Johnson')
2025-09-27T10:16:07.194	[34mINFO[0m	[database]	 SELECT        0 ms SELECT `u`.`id`, `u`.`created_at`, `u`.`created_by`, `u`.`updated_at`, `u`.`updated_by`, `u`.`name`, `u`.`email`, `u`.`age`, `u`.`is_active`, `u`.`meta` FROM `test_user` AS `u` WHERE (`u`.`name` <> 'Alice Johnson') ORDER BY `u`.`name` ASC
2025-09-27T10:16:07.194	[34mINFO[0m	[database]	 SELECT        0 ms SELECT `u`.`id`, `u`.`created_at`, `u`.`created_by`, `u`.`updated_at`, `u`.`updated_by`, `u`.`name`, `u`.`email`, `u`.`age`, `u`.`is_active`, `u`.`meta` FROM `test_user` AS `u` WHERE (`u`.`age` > 30)
2025-09-27T10:16:07.195	[34mINFO[0m	[database]	 SELECT        0 ms SELECT `u`.`id`, `u`.`created_at`, `u`.`created_by`, `u`.`updated_at`, `u`.`updated_by`, `u`.`name`, `u`.`email`, `u`.`age`, `u`.`is_active`, `u`.`meta` FROM `test_user` AS `u` WHERE (`u`.`age` >= 30) ORDER BY `u`.`age` ASC
2025-09-27T10:16:07.195	[34mINFO[0m	[database]	 SELECT        0 ms SELECT `u`.`id`, `u`.`created_at`, `u`.`created_by`, `u`.`updated_at`, `u`.`updated_by`, `u`.`name`, `u`.`email`, `u`.`age`, `u`.`is_active`, `u`.`meta` FROM `test_user` AS `u` WHERE (`u`.`age` < 30)
2025-09-27T10:16:07.195	[34mINFO[0m	[database]	 SELECT        0 ms SELECT `u`.`id`, `u`.`created_at`, `u`.`created_by`, `u`.`updated_at`, `u`.`updated_by`, `u`.`name`, `u`.`email`, `u`.`age`, `u`.`is_active`, `u`.`meta` FROM `test_user` AS `u` WHERE (`u`.`age` <= 30) ORDER BY `u`.`age` ASC
=== RUN   TestMultiDatabaseORM/TestMySQL/TestBetweenConditions
    condition_test.go:187: Testing BETWEEN conditions for mysql
2025-09-27T10:16:07.195	[34mINFO[0m	[database]	 SELECT        0 ms SELECT `u`.`id`, `u`.`created_at`, `u`.`created_by`, `u`.`updated_at`, `u`.`updated_by`, `u`.`name`, `u`.`email`, `u`.`age`, `u`.`is_active`, `u`.`meta` FROM `test_user` AS `u` WHERE (`u`.`age` BETWEEN 25 AND 30) ORDER BY `u`.`age` ASC
2025-09-27T10:16:07.195	[34mINFO[0m	[database]	 SELECT        0 ms SELECT `u`.`id`, `u`.`created_at`, `u`.`created_by`, `u`.`updated_at`, `u`.`updated_by`, `u`.`name`, `u`.`email`, `u`.`age`, `u`.`is_active`, `u`.`meta` FROM `test_user` AS `u` WHERE (`u`.`age` NOT BETWEEN 26 AND 34) ORDER BY `u`.`age` ASC
2025-09-27T10:16:07.195	[34mINFO[0m	[database]	 SELECT        0 ms SELECT `p`.`id`, `p`.`created_at`, `p`.`created_by`, `p`.`updated_at`, `p`.`updated_by`, `p`.`title`, `p`.`content`, `p`.`description`, `p`.`user_id`, `p`.`category_id`, `p`.`status`, `p`.`view_count` FROM `test_post` AS `p` WHERE (`p`.`view_count` BETWEEN 50 AND 100) ORDER BY `p`.`view_count` ASC
=== RUN   TestMultiDatabaseORM/TestMySQL/TestBooleanConditions
    condition_test.go:392: Testing boolean conditions for mysql
2025-09-27T10:16:07.196	[34mINFO[0m	[database]	 SELECT        0 ms SELECT `u`.`id`, `u`.`created_at`, `u`.`created_by`, `u`.`updated_at`, `u`.`updated_by`, `u`.`name`, `u`.`email`, `u`.`age`, `u`.`is_active`, `u`.`meta` FROM `test_user` AS `u` WHERE (`u`.`is_active` IS TRUE) ORDER BY `u`.`name` ASC
2025-09-27T10:16:07.196	[34mINFO[0m	[database]	 SELECT        0 ms SELECT `u`.`id`, `u`.`created_at`, `u`.`created_by`, `u`.`updated_at`, `u`.`updated_by`, `u`.`name`, `u`.`email`, `u`.`age`, `u`.`is_active`, `u`.`meta` FROM `test_user` AS `u` WHERE (`u`.`is_active` IS FALSE)
2025-09-27T10:16:07.196	[34mINFO[0m	[database]	 SELECT        0 ms SELECT `u`.`id`, `u`.`created_at`, `u`.`created_by`, `u`.`updated_at`, `u`.`updated_by`, `u`.`name`, `u`.`email`, `u`.`age`, `u`.`is_active`, `u`.`meta` FROM `test_user` AS `u` WHERE (`u`.`is_active` = TRUE)
=== RUN   TestMultiDatabaseORM/TestMySQL/TestColumnComparisons
    condition_test.go:516: Testing column comparisons for mysql
2025-09-27T10:16:07.196	[34mINFO[0m	[database]	 SELECT        0 ms SELECT `u`.`id`, `u`.`created_at`, `u`.`created_by`, `u`.`updated_at`, `u`.`updated_by`, `u`.`name`, `u`.`email`, `u`.`age`, `u`.`is_active`, `u`.`meta` FROM `test_user` AS `u` WHERE (`u`.`created_at` = `u`.`updated_at`)
2025-09-27T10:16:07.196	[34mINFO[0m	[database]	 SELECT        0 ms SELECT `u`.`id`, `u`.`created_at`, `u`.`created_by`, `u`.`updated_at`, `u`.`updated_by`, `u`.`name`, `u`.`email`, `u`.`age`, `u`.`is_active`, `u`.`meta` FROM `test_user` AS `u` WHERE (`u`.`created_at` <> `u`.`updated_at`)
2025-09-27T10:16:07.196	[34mINFO[0m	[database]	 SELECT        0 ms SELECT `p`.`id`, `p`.`created_at`, `p`.`created_by`, `p`.`updated_at`, `p`.`updated_by`, `p`.`title`, `p`.`content`, `p`.`description`, `p`.`user_id`, `p`.`category_id`, `p`.`status`, `p`.`view_count` FROM `test_post` AS `p` WHERE (`p`.`view_count` > `p`.`view_count`)
=== RUN   TestMultiDatabaseORM/TestMySQL/TestExpressionConditions
    condition_test.go:558: Testing expression conditions for mysql
2025-09-27T10:16:07.196	[34mINFO[0m	[database]	 SELECT        0 ms SELECT `u`.`id`, `u`.`created_at`, `u`.`created_by`, `u`.`updated_at`, `u`.`updated_by`, `u`.`name`, `u`.`email`, `u`.`age`, `u`.`is_active`, `u`.`meta` FROM `test_user` AS `u` WHERE (CHAR_LENGTH(`u`.`name`) > CHAR_LENGTH('Alice'))
2025-09-27T10:16:07.197	[34mINFO[0m	[database]	 SELECT        0 ms SELECT `u`.`id`, `u`.`created_at`, `u`.`created_by`, `u`.`updated_at`, `u`.`updated_by`, `u`.`name`, `u`.`email`, `u`.`age`, `u`.`is_active`, `u`.`meta` FROM `test_user` AS `u` WHERE (age < 30 AND is_active = TRUE)
2025-09-27T10:16:07.197	[34mINFO[0m	[database]	 SELECT        0 ms SELECT `u`.`id`, `u`.`created_at`, `u`.`created_by`, `u`.`updated_at`, `u`.`updated_by`, `u`.`name`, `u`.`email`, `u`.`age`, `u`.`is_active`, `u`.`meta` FROM `test_user` AS `u` WHERE (`u`.`age` > 20 + 5) ORDER BY `u`.`age` ASC
=== RUN   TestMultiDatabaseORM/TestMySQL/TestInAndNotInConditions
    condition_test.go:101: Testing IN and NOT IN conditions for mysql
2025-09-27T10:16:07.197	[34mINFO[0m	[database]	 SELECT        0 ms SELECT `u`.`id`, `u`.`created_at`, `u`.`created_by`, `u`.`updated_at`, `u`.`updated_by`, `u`.`name`, `u`.`email`, `u`.`age`, `u`.`is_active`, `u`.`meta` FROM `test_user` AS `u` WHERE (`u`.`email` IN ('alice@example.com', 'bob@example.com')) ORDER BY `u`.`name` ASC
2025-09-27T10:16:07.197	[34mINFO[0m	[database]	 SELECT        0 ms SELECT `u`.`id`, `u`.`created_at`, `u`.`created_by`, `u`.`updated_at`, `u`.`updated_by`, `u`.`name`, `u`.`email`, `u`.`age`, `u`.`is_active`, `u`.`meta` FROM `test_user` AS `u` WHERE (`u`.`age` IN (25, 35)) ORDER BY `u`.`age` ASC
2025-09-27T10:16:07.197	[34mINFO[0m	[database]	 SELECT        0 ms SELECT `u`.`id`, `u`.`created_at`, `u`.`created_by`, `u`.`updated_at`, `u`.`updated_by`, `u`.`name`, `u`.`email`, `u`.`age`, `u`.`is_active`, `u`.`meta` FROM `test_user` AS `u` WHERE (`u`.`email` NOT IN ('charlie@example.com')) ORDER BY `u`.`name` ASC
2025-09-27T10:16:07.197	[34mINFO[0m	[database]	 SELECT        0 ms SELECT `u`.`id`, `u`.`created_at`, `u`.`created_by`, `u`.`updated_at`, `u`.`updated_by`, `u`.`name`, `u`.`email`, `u`.`age`, `u`.`is_active`, `u`.`meta` FROM `test_user` AS `u` WHERE (`u`.`id` IN (SELECT DISTINCT `p`.`user_id` FROM `test_post` AS `p`)) ORDER BY `u`.`name` ASC
2025-09-27T10:16:07.197	[34mINFO[0m	[database]	 SELECT        0 ms SELECT `u`.`id`, `u`.`created_at`, `u`.`created_by`, `u`.`updated_at`, `u`.`updated_by`, `u`.`name`, `u`.`email`, `u`.`age`, `u`.`is_active`, `u`.`meta` FROM `test_user` AS `u` WHERE (`u`.`id` NOT IN (SELECT `p`.`user_id` FROM `test_post` AS `p` WHERE (`p`.`status` = 'draft'))) ORDER BY `u`.`name` ASC
=== RUN   TestMultiDatabaseORM/TestMySQL/TestLogicalOperators
    condition_test.go:440: Testing logical operators for mysql
2025-09-27T10:16:07.198	[34mINFO[0m	[database]	 SELECT        0 ms SELECT `u`.`id`, `u`.`created_at`, `u`.`created_by`, `u`.`updated_at`, `u`.`updated_by`, `u`.`name`, `u`.`email`, `u`.`age`, `u`.`is_active`, `u`.`meta` FROM `test_user` AS `u` WHERE (`u`.`is_active` = TRUE) AND (`u`.`age` >= 30)
2025-09-27T10:16:07.198	[34mINFO[0m	[database]	 SELECT        0 ms SELECT `u`.`id`, `u`.`created_at`, `u`.`created_by`, `u`.`updated_at`, `u`.`updated_by`, `u`.`name`, `u`.`email`, `u`.`age`, `u`.`is_active`, `u`.`meta` FROM `test_user` AS `u` WHERE (`u`.`age` <= 25) OR (`u`.`age` >= 35) ORDER BY `u`.`age` ASC
2025-09-27T10:16:07.198	[34mINFO[0m	[database]	 SELECT        0 ms SELECT `u`.`id`, `u`.`created_at`, `u`.`created_by`, `u`.`updated_at`, `u`.`updated_by`, `u`.`name`, `u`.`email`, `u`.`age`, `u`.`is_active`, `u`.`meta` FROM `test_user` AS `u` WHERE (`u`.`is_active` = TRUE) AND ((`u`.`age` = 25) OR (`u`.`age` = 30)) ORDER BY `u`.`age` ASC
2025-09-27T10:16:07.198	[34mINFO[0m	[database]	 SELECT        0 ms SELECT `u`.`id`, `u`.`created_at`, `u`.`created_by`, `u`.`updated_at`, `u`.`updated_by`, `u`.`name`, `u`.`email`, `u`.`age`, `u`.`is_active`, `u`.`meta` FROM `test_user` AS `u` WHERE ((`u`.`name` = 'Alice Johnson') OR (`u`.`name` = 'Bob Smith')) AND ((`u`.`age` > 20) OR (`u`.`age` < 40)) ORDER BY `u`.`name` ASC
2025-09-27T10:16:07.198	[34mINFO[0m	[database]	 SELECT        0 ms SELECT `u`.`id`, `u`.`created_at`, `u`.`created_by`, `u`.`updated_at`, `u`.`updated_by`, `u`.`name`, `u`.`email`, `u`.`age`, `u`.`is_active`, `u`.`meta` FROM `test_user` AS `u` WHERE (`u`.`is_active` = TRUE) OR ((`u`.`name` = 'Charlie Brown') AND (`u`.`age` > 30)) ORDER BY `u`.`name` ASC
=== RUN   TestMultiDatabaseORM/TestMySQL/TestNullConditions
    condition_test.go:329: Testing NULL conditions for mysql
2025-09-27T10:16:07.198	[34mINFO[0m	[database]	 SELECT        0 ms SELECT `p`.`id`, `p`.`created_at`, `p`.`created_by`, `p`.`updated_at`, `p`.`updated_by`, `p`.`title`, `p`.`content`, `p`.`description`, `p`.`user_id`, `p`.`category_id`, `p`.`status`, `p`.`view_count` FROM `test_post` AS `p` WHERE (`p`.`description` IS NOT NULL)
2025-09-27T10:16:07.198	[34mINFO[0m	[database]	 SELECT        0 ms SELECT `p`.`id`, `p`.`created_at`, `p`.`created_by`, `p`.`updated_at`, `p`.`updated_by`, `p`.`title`, `p`.`content`, `p`.`description`, `p`.`user_id`, `p`.`category_id`, `p`.`status`, `p`.`view_count` FROM `test_post` AS `p` WHERE (`p`.`description` IS NULL)
2025-09-27T10:16:07.198	[34mINFO[0m	[database]	 SELECT        0 ms SELECT `c`.`id`, `c`.`created_at`, `c`.`created_by`, `c`.`updated_at`, `c`.`updated_by`, `c`.`name`, `c`.`description`, `c`.`parent_id` FROM `test_category` AS `c` WHERE (`c`.`parent_id` IS NOT NULL)
2025-09-27T10:16:07.198	[34mINFO[0m	[database]	 SELECT        0 ms SELECT `c`.`id`, `c`.`created_at`, `c`.`created_by`, `c`.`updated_at`, `c`.`updated_by`, `c`.`name`, `c`.`description`, `c`.`parent_id` FROM `test_category` AS `c` WHERE (`c`.`parent_id` IS NULL) ORDER BY `c`.`name` ASC
=== RUN   TestMultiDatabaseORM/TestMySQL/TestPrimaryKeyConditions
    condition_test.go:715: Testing primary key conditions for mysql
2025-09-27T10:16:07.199	[34mINFO[0m	[database]	 SELECT        0 ms SELECT `u`.`id`, `u`.`created_at`, `u`.`created_by`, `u`.`updated_at`, `u`.`updated_by`, `u`.`name`, `u`.`email`, `u`.`age`, `u`.`is_active`, `u`.`meta` FROM `test_user` AS `u` ORDER BY `u`.`name` ASC LIMIT 1
2025-09-27T10:16:07.199	[34mINFO[0m	[database]	 SELECT        0 ms SELECT `u`.`id`, `u`.`created_at`, `u`.`created_by`, `u`.`updated_at`, `u`.`updated_by`, `u`.`name`, `u`.`email`, `u`.`age`, `u`.`is_active`, `u`.`meta` FROM `test_user` AS `u` WHERE (`u`.`id` = 'd3bkhps5cmcb9l8l0brg')
2025-09-27T10:16:07.199	[34mINFO[0m	[database]	 SELECT        0 ms SELECT `u`.`id`, `u`.`created_at`, `u`.`created_by`, `u`.`updated_at`, `u`.`updated_by`, `u`.`name`, `u`.`email`, `u`.`age`, `u`.`is_active`, `u`.`meta` FROM `test_user` AS `u` WHERE (`u`.`id` <> 'd3bkhps5cmcb9l8l0brg')
2025-09-27T10:16:07.199	[34mINFO[0m	[database]	 SELECT        0 ms SELECT `u`.`id`, `u`.`created_at`, `u`.`created_by`, `u`.`updated_at`, `u`.`updated_by`, `u`.`name`, `u`.`email`, `u`.`age`, `u`.`is_active`, `u`.`meta` FROM `test_user` AS `u` ORDER BY `u`.`name` ASC
2025-09-27T10:16:07.199	[34mINFO[0m	[database]	 SELECT        0 ms SELECT `u`.`id`, `u`.`created_at`, `u`.`created_by`, `u`.`updated_at`, `u`.`updated_by`, `u`.`name`, `u`.`email`, `u`.`age`, `u`.`is_active`, `u`.`meta` FROM `test_user` AS `u` WHERE (`u`.`id` IN ('d3bkhps5cmcb9l8l0brg', 'd3bkhps5cmcb9l8l0bs0')) ORDER BY `u`.`name` ASC
2025-09-27T10:16:07.199	[34mINFO[0m	[database]	 SELECT        0 ms SELECT `u`.`id`, `u`.`created_at`, `u`.`created_by`, `u`.`updated_at`, `u`.`updated_by`, `u`.`name`, `u`.`email`, `u`.`age`, `u`.`is_active`, `u`.`meta` FROM `test_user` AS `u` WHERE (`u`.`id` NOT IN ('d3bkhps5cmcb9l8l0brg', 'd3bkhps5cmcb9l8l0bs0'))
=== RUN   TestMultiDatabaseORM/TestMySQL/TestStringConditions
    condition_test.go:237: Testing string conditions for mysql
2025-09-27T10:16:07.199	[34mINFO[0m	[database]	 SELECT        0 ms SELECT `u`.`id`, `u`.`created_at`, `u`.`created_by`, `u`.`updated_at`, `u`.`updated_by`, `u`.`name`, `u`.`email`, `u`.`age`, `u`.`is_active`, `u`.`meta` FROM `test_user` AS `u` WHERE (`u`.`name` LIKE '%Johnson%')
2025-09-27T10:16:07.199	[34mINFO[0m	[database]	 SELECT        0 ms SELECT `u`.`id`, `u`.`created_at`, `u`.`created_by`, `u`.`updated_at`, `u`.`updated_by`, `u`.`name`, `u`.`email`, `u`.`age`, `u`.`is_active`, `u`.`meta` FROM `test_user` AS `u` WHERE (`u`.`name` LIKE 'Alice%')
2025-09-27T10:16:07.199	[34mINFO[0m	[database]	 SELECT        0 ms SELECT `u`.`id`, `u`.`created_at`, `u`.`created_by`, `u`.`updated_at`, `u`.`updated_by`, `u`.`name`, `u`.`email`, `u`.`age`, `u`.`is_active`, `u`.`meta` FROM `test_user` AS `u` WHERE (`u`.`name` LIKE '%Brown')
2025-09-27T10:16:07.199	[34mINFO[0m	[database]	 SELECT        0 ms SELECT `u`.`id`, `u`.`created_at`, `u`.`created_by`, `u`.`updated_at`, `u`.`updated_by`, `u`.`name`, `u`.`email`, `u`.`age`, `u`.`is_active`, `u`.`meta` FROM `test_user` AS `u` WHERE (`u`.`name` NOT LIKE '%Johnson%') ORDER BY `u`.`name` ASC
2025-09-27T10:16:07.200	[34mINFO[0m	[database]	 SELECT        0 ms SELECT `u`.`id`, `u`.`created_at`, `u`.`created_by`, `u`.`updated_at`, `u`.`updated_by`, `u`.`name`, `u`.`email`, `u`.`age`, `u`.`is_active`, `u`.`meta` FROM `test_user` AS `u` WHERE ((`u`.`name` LIKE '%Alice%') OR (`u`.`name` LIKE '%Bob%')) ORDER BY `u`.`name` ASC
2025-09-27T10:16:07.200	[34mINFO[0m	[database]	 SELECT        0 ms SELECT `u`.`id`, `u`.`created_at`, `u`.`created_by`, `u`.`updated_at`, `u`.`updated_by`, `u`.`name`, `u`.`email`, `u`.`age`, `u`.`is_active`, `u`.`meta` FROM `test_user` AS `u` WHERE ((`u`.`name` LIKE 'Alice%') OR (`u`.`name` LIKE 'Charlie%')) ORDER BY `u`.`name` ASC
2025-09-27T10:16:07.200	[34mINFO[0m	[database]	 SELECT        0 ms SELECT `u`.`id`, `u`.`created_at`, `u`.`created_by`, `u`.`updated_at`, `u`.`updated_by`, `u`.`name`, `u`.`email`, `u`.`age`, `u`.`is_active`, `u`.`meta` FROM `test_user` AS `u` WHERE (LOWER(`u`.`name`) LIKE LOWER('%ALICE%'))
=== RUN   TestMultiDatabaseORM/TestMySQL/TestTimeConditions
    condition_test.go:658: Testing time conditions for mysql
2025-09-27T10:16:07.200	[34mINFO[0m	[database]	 SELECT        0 ms SELECT `u`.`id`, `u`.`created_at`, `u`.`created_by`, `u`.`updated_at`, `u`.`updated_by`, `u`.`name`, `u`.`email`, `u`.`age`, `u`.`is_active`, `u`.`meta` FROM `test_user` AS `u` WHERE (`u`.`created_at` > '2025-09-26 10:16:07.200704')
2025-09-27T10:16:07.200	[34mINFO[0m	[database]	 SELECT        0 ms SELECT `u`.`id`, `u`.`created_at`, `u`.`created_by`, `u`.`updated_at`, `u`.`updated_by`, `u`.`name`, `u`.`email`, `u`.`age`, `u`.`is_active`, `u`.`meta` FROM `test_user` AS `u` WHERE (`u`.`created_at` < '2025-09-28 10:16:07.200704')
2025-09-27T10:16:07.201	[34mINFO[0m	[database]	 SELECT        0 ms SELECT `u`.`id`, `u`.`created_at`, `u`.`created_by`, `u`.`updated_at`, `u`.`updated_by`, `u`.`name`, `u`.`email`, `u`.`age`, `u`.`is_active`, `u`.`meta` FROM `test_user` AS `u` WHERE (`u`.`created_at` BETWEEN '2025-09-26 10:16:07.200704' AND '2025-09-28 10:16:07.200704')
2025-09-27T10:16:07.201	[34mINFO[0m	[database]	 SELECT        0 ms SELECT `u`.`id`, `u`.`created_at`, `u`.`created_by`, `u`.`updated_at`, `u`.`updated_by`, `u`.`name`, `u`.`email`, `u`.`age`, `u`.`is_active`, `u`.`meta` FROM `test_user` AS `u` WHERE (`u`.`updated_at` > '2025-09-26 10:16:07.200704')
=== NAME  TestMultiDatabaseORM/TestMySQL
    orm_test.go:127: Setting up ORM test suite for mysql
2025-09-27T10:16:07.207	[34mINFO[0m	[database]	 DROP TABLE      5 ms DROP TABLE IF EXISTS `test_user`
2025-09-27T10:16:07.215	[34mINFO[0m	[database]	 CREATE TABLE      8 ms CREATE TABLE `test_user` (`id` VARCHAR(255) NOT NULL, `created_at` timestamp NOT NULL DEFAULT CURRENT_TIMESTAMP, `created_by` VARCHAR(255) NOT NULL, `updated_at` timestamp NOT NULL DEFAULT CURRENT_TIMESTAMP, `updated_by` VARCHAR(255) NOT NULL, `name` VARCHAR(255) NOT NULL, `email` VARCHAR(255) NOT NULL, `age` SMALLINT NOT NULL DEFAULT 0, `is_active` BOOLEAN NOT NULL, `meta` VARCHAR(255), PRIMARY KEY (`id`), UNIQUE (`email`))
2025-09-27T10:16:07.217	[34mINFO[0m	[database]	 INSERT        1 ms INSERT INTO `test_user` (`id`, `created_at`, `created_by`, `updated_at`, `updated_by`, `name`, `email`, `age`, `is_active`, `meta`) VALUES ('d3bkhps5cmcb9l8l0ceg', '2025-09-27 10:16:07', 'system', '2025-09-27 10:16:07', 'system', 'Alice Johnson', 'alice@example.com', 30, TRUE, '{"interests":["golang","databases"],"role":"admin"}')
2025-09-27T10:16:07.218	[34mINFO[0m	[database]	 INSERT        1 ms INSERT INTO `test_user` (`id`, `created_at`, `created_by`, `updated_at`, `updated_by`, `name`, `email`, `age`, `is_active`, `meta`) VALUES ('d3bkhps5cmcb9l8l0cf0', '2025-09-27 10:16:07', 'system', '2025-09-27 10:16:07', 'system', 'Bob Smith', 'bob@example.com', 25, TRUE, '{"interests":["tutorials","postgres"],"role":"editor"}')
2025-09-27T10:16:07.219	[34mINFO[0m	[database]	 INSERT        1 ms INSERT INTO `test_user` (`id`, `created_at`, `created_by`, `updated_at`, `updated_by`, `name`, `email`, `age`, `is_active`, `meta`) VALUES ('d3bkhps5cmcb9l8l0cfg', '2025-09-27 10:16:07', 'system', '2025-09-27 10:16:07', 'system', 'Charlie Brown', 'charlie@example.com', 35, FALSE, '{"interests":["science"],"role":"viewer"}')
2025-09-27T10:16:07.224	[34mINFO[0m	[database]	 DROP TABLE      4 ms DROP TABLE IF EXISTS `test_category`
2025-09-27T10:16:07.234	[34mINFO[0m	[database]	 CREATE TABLE     10 ms CREATE TABLE `test_category` (`id` VARCHAR(255) NOT NULL, `created_at` timestamp NOT NULL DEFAULT CURRENT_TIMESTAMP, `created_by` VARCHAR(255) NOT NULL, `updated_at` timestamp NOT NULL DEFAULT CURRENT_TIMESTAMP, `updated_by` VARCHAR(255) NOT NULL, `name` VARCHAR(255) NOT NULL, `description` VARCHAR(255), `parent_id` VARCHAR(255), PRIMARY KEY (`id`), UNIQUE (`name`))
2025-09-27T10:16:07.236	[34mINFO[0m	[database]	 INSERT        1 ms INSERT INTO `test_category` (`id`, `created_at`, `created_by`, `updated_at`, `updated_by`, `name`, `description`, `parent_id`) VALUES ('d3bkhps5cmcb9l8l0cg0', '2025-09-27 10:16:07', 'system', '2025-09-27 10:16:07', 'system', 'Technology', 'Tech-related posts', DEFAULT)
2025-09-27T10:16:07.238	[34mINFO[0m	[database]	 INSERT        1 ms INSERT INTO `test_category` (`id`, `created_at`, `created_by`, `updated_at`, `updated_by`, `name`, `description`, `parent_id`) VALUES ('d3bkhps5cmcb9l8l0cgg', '2025-09-27 10:16:07', 'system', '2025-09-27 10:16:07', 'system', 'Science', 'Scientific articles', DEFAULT)
2025-09-27T10:16:07.239	[34mINFO[0m	[database]	 INSERT        1 ms INSERT INTO `test_category` (`id`, `created_at`, `created_by`, `updated_at`, `updated_by`, `name`, `description`, `parent_id`) VALUES ('d3bkhps5cmcb9l8l0ch0', '2025-09-27 10:16:07', 'system', '2025-09-27 10:16:07', 'system', 'Business', 'Business and economics', DEFAULT)
2025-09-27T10:16:07.241	[34mINFO[0m	[database]	 INSERT        1 ms INSERT INTO `test_category` (`id`, `created_at`, `created_by`, `updated_at`, `updated_by`, `name`, `description`, `parent_id`) VALUES ('d3bkhps5cmcb9l8l0chg', '2025-09-27 10:16:07', 'system', '2025-09-27 10:16:07', 'system', 'GoLang', 'Go-related posts', 'd3bkhps5cmcb9l8l0cg0')
2025-09-27T10:16:07.246	[34mINFO[0m	[database]	 DROP TABLE      4 ms DROP TABLE IF EXISTS `test_tag`
2025-09-27T10:16:07.254	[34mINFO[0m	[database]	 CREATE TABLE      8 ms CREATE TABLE `test_tag` (`id` VARCHAR(255) NOT NULL, `created_at` timestamp NOT NULL DEFAULT CURRENT_TIMESTAMP, `created_by` VARCHAR(255) NOT NULL, `updated_at` timestamp NOT NULL DEFAULT CURRENT_TIMESTAMP, `updated_by` VARCHAR(255) NOT NULL, `name` VARCHAR(255) NOT NULL, `description` VARCHAR(255), PRIMARY KEY (`id`), UNIQUE (`name`))
2025-09-27T10:16:07.256	[34mINFO[0m	[database]	 INSERT        1 ms INSERT INTO `test_tag` (`id`, `created_at`, `created_by`, `updated_at`, `updated_by`, `name`, `description`) VALUES ('d3bkhps5cmcb9l8l0ci0', '2025-09-27 10:16:07', 'system', '2025-09-27 10:16:07', 'system', 'programming', 'Programming related content')
2025-09-27T10:16:07.257	[34mINFO[0m	[database]	 INSERT        1 ms INSERT INTO `test_tag` (`id`, `created_at`, `created_by`, `updated_at`, `updated_by`, `name`, `description`) VALUES ('d3bkhps5cmcb9l8l0cig', '2025-09-27 10:16:07', 'system', '2025-09-27 10:16:07', 'system', 'database', 'Database related content')
2025-09-27T10:16:07.258	[34mINFO[0m	[database]	 INSERT        1 ms INSERT INTO `test_tag` (`id`, `created_at`, `created_by`, `updated_at`, `updated_by`, `name`, `description`) VALUES ('d3bkhps5cmcb9l8l0cj0', '2025-09-27 10:16:07', 'system', '2025-09-27 10:16:07', 'system', 'go', 'Go language topics')
2025-09-27T10:16:07.260	[34mINFO[0m	[database]	 INSERT        1 ms INSERT INTO `test_tag` (`id`, `created_at`, `created_by`, `updated_at`, `updated_by`, `name`, `description`) VALUES ('d3bkhps5cmcb9l8l0cjg', '2025-09-27 10:16:07', 'system', '2025-09-27 10:16:07', 'system', 'tutorial', 'Tutorials and guides')
2025-09-27T10:16:07.261	[34mINFO[0m	[database]	 INSERT        1 ms INSERT INTO `test_tag` (`id`, `created_at`, `created_by`, `updated_at`, `updated_by`, `name`, `description`) VALUES ('d3bkhps5cmcb9l8l0ck0', '2025-09-27 10:16:07', 'system', '2025-09-27 10:16:07', 'system', 'advanced', 'Advanced topics')
2025-09-27T10:16:07.266	[34mINFO[0m	[database]	 DROP TABLE      5 ms DROP TABLE IF EXISTS `test_post`
2025-09-27T10:16:07.274	[34mINFO[0m	[database]	 CREATE TABLE      8 ms CREATE TABLE `test_post` (`id` VARCHAR(255) NOT NULL, `created_at` timestamp NOT NULL DEFAULT CURRENT_TIMESTAMP, `created_by` VARCHAR(255) NOT NULL, `updated_at` timestamp NOT NULL DEFAULT CURRENT_TIMESTAMP, `updated_by` VARCHAR(255) NOT NULL, `title` VARCHAR(255) NOT NULL, `content` VARCHAR(255) NOT NULL, `description` VARCHAR(255), `user_id` VARCHAR(255) NOT NULL, `category_id` VARCHAR(255) NOT NULL, `status` VARCHAR(255) NOT NULL DEFAULT 'draft', `view_count` BIGINT NOT NULL DEFAULT 0, PRIMARY KEY (`id`))
2025-09-27T10:16:07.276	[34mINFO[0m	[database]	 INSERT        1 ms INSERT INTO `test_post` (`id`, `created_at`, `created_by`, `updated_at`, `updated_by`, `title`, `content`, `description`, `user_id`, `category_id`, `status`, `view_count`) VALUES ('d3bkhps5cmcb9l8l0ckg', '2025-09-27 10:16:07', 'd3bkhps5cmcb9l8l0ceg', '2025-09-27 10:16:07', 'd3bkhps5cmcb9l8l0ceg', 'Introduction to Go', 'Go is a programming language designed at Google.', 'Getting started with Go', 'd3bkhps5cmcb9l8l0ceg', 'd3bkhps5cmcb9l8l0chg', 'published', 123)
2025-09-27T10:16:07.277	[34mINFO[0m	[database]	 INSERT        1 ms INSERT INTO `test_post` (`id`, `created_at`, `created_by`, `updated_at`, `updated_by`, `title`, `content`, `description`, `user_id`, `category_id`, `status`, `view_count`) VALUES ('d3bkhps5cmcb9l8l0cl0', '2025-09-27 10:16:07', 'd3bkhps5cmcb9l8l0cf0', '2025-09-27 10:16:07', 'd3bkhps5cmcb9l8l0cf0', 'Database Design Basics', 'Good database design principles.', 'Normalization and relationships', 'd3bkhps5cmcb9l8l0cf0', 'd3bkhps5cmcb9l8l0cg0', 'published', 87)
2025-09-27T10:16:07.279	[34mINFO[0m	[database]	 INSERT        1 ms INSERT INTO `test_post` (`id`, `created_at`, `created_by`, `updated_at`, `updated_by`, `title`, `content`, `description`, `user_id`, `category_id`, `status`, `view_count`) VALUES ('d3bkhps5cmcb9l8l0clg', '2025-09-27 10:16:07', 'd3bkhps5cmcb9l8l0ceg', '2025-09-27 10:16:07', 'd3bkhps5cmcb9l8l0ceg', 'Machine Learning Basics', 'An introduction to ML concepts and workflows.', 'Supervised vs unsupervised learning', 'd3bkhps5cmcb9l8l0ceg', 'd3bkhps5cmcb9l8l0cgg', 'draft', 45)
2025-09-27T10:16:07.280	[34mINFO[0m	[database]	 INSERT        1 ms INSERT INTO `test_post` (`id`, `created_at`, `created_by`, `updated_at`, `updated_by`, `title`, `content`, `description`, `user_id`, `category_id`, `status`, `view_count`) VALUES ('d3bkhps5cmcb9l8l0cm0', '2025-09-27 10:16:07', 'd3bkhps5cmcb9l8l0cfg', '2025-09-27 10:16:07', 'd3bkhps5cmcb9l8l0cfg', 'Business Strategy Fundamentals', 'Effective business strategies and frameworks.', 'Strategic planning overview', 'd3bkhps5cmcb9l8l0cfg', 'd3bkhps5cmcb9l8l0ch0', 'published', 64)
2025-09-27T10:16:07.281	[34mINFO[0m	[database]	 INSERT        1 ms INSERT INTO `test_post` (`id`, `created_at`, `created_by`, `updated_at`, `updated_by`, `title`, `content`, `description`, `user_id`, `category_id`, `status`, `view_count`) VALUES ('d3bkhps5cmcb9l8l0cmg', '2025-09-27 10:16:07', 'd3bkhps5cmcb9l8l0ceg', '2025-09-27 10:16:07', 'd3bkhps5cmcb9l8l0ceg', 'Advanced Go Patterns', 'Exploring advanced patterns and best practices in Go.', 'Idiomatic Go techniques', 'd3bkhps5cmcb9l8l0ceg', 'd3bkhps5cmcb9l8l0chg', 'review', 98)
2025-09-27T10:16:07.283	[34mINFO[0m	[database]	 INSERT        1 ms INSERT INTO `test_post` (`id`, `created_at`, `created_by`, `updated_at`, `updated_by`, `title`, `content`, `description`, `user_id`, `category_id`, `status`, `view_count`) VALUES ('d3bkhps5cmcb9l8l0cn0', '2025-09-27 10:16:07', 'd3bkhps5cmcb9l8l0cf0', '2025-09-27 10:16:07', 'd3bkhps5cmcb9l8l0cf0', 'Latest Trends in Science', 'A survey of recent scientific advancements.', 'Interdisciplinary highlights', 'd3bkhps5cmcb9l8l0cf0', 'd3bkhps5cmcb9l8l0cgg', 'published', 77)
2025-09-27T10:16:07.284	[34mINFO[0m	[database]	 INSERT        1 ms INSERT INTO `test_post` (`id`, `created_at`, `created_by`, `updated_at`, `updated_by`, `title`, `content`, `description`, `user_id`, `category_id`, `status`, `view_count`) VALUES ('d3bkhps5cmcb9l8l0cng', '2025-09-27 10:16:07', 'd3bkhps5cmcb9l8l0cfg', '2025-09-27 10:16:07', 'd3bkhps5cmcb9l8l0cfg', 'Practical Tech Tutorials', 'Hands-on guides for modern technology stacks.', 'Step-by-step tutorials', 'd3bkhps5cmcb9l8l0cfg', 'd3bkhps5cmcb9l8l0cg0', 'published', 52)
2025-09-27T10:16:07.285	[34mINFO[0m	[database]	 INSERT        1 ms INSERT INTO `test_post` (`id`, `created_at`, `created_by`, `updated_at`, `updated_by`, `title`, `content`, `description`, `user_id`, `category_id`, `status`, `view_count`) VALUES ('d3bkhps5cmcb9l8l0co0', '2025-09-27 10:16:07', 'd3bkhps5cmcb9l8l0ceg', '2025-09-27 10:16:07', 'd3bkhps5cmcb9l8l0ceg', 'Startup Finance 101', 'Financial basics for early-stage startups.', 'Cash flow, runway, and budgeting', 'd3bkhps5cmcb9l8l0ceg', 'd3bkhps5cmcb9l8l0ch0', 'published', 69)
2025-09-27T10:16:07.290	[34mINFO[0m	[database]	 DROP TABLE      4 ms DROP TABLE IF EXISTS `test_post_tag`
2025-09-27T10:16:07.298	[34mINFO[0m	[database]	 CREATE TABLE      8 ms CREATE TABLE `test_post_tag` (`id` VARCHAR(255) NOT NULL, `created_at` timestamp NOT NULL DEFAULT CURRENT_TIMESTAMP, `created_by` VARCHAR(255) NOT NULL, `updated_at` timestamp NOT NULL DEFAULT CURRENT_TIMESTAMP, `updated_by` VARCHAR(255) NOT NULL, `post_id` VARCHAR(255) NOT NULL, `tag_id` VARCHAR(255) NOT NULL, PRIMARY KEY (`id`))
2025-09-27T10:16:07.300	[34mINFO[0m	[database]	 INSERT        1 ms INSERT INTO `test_post_tag` (`id`, `created_at`, `created_by`, `updated_at`, `updated_by`, `post_id`, `tag_id`) VALUES ('d3bkhps5cmcb9l8l0cog', '2025-09-27 10:16:07', 'system', '2025-09-27 10:16:07', 'system', 'd3bkhps5cmcb9l8l0ckg', 'd3bkhps5cmcb9l8l0ci0')
2025-09-27T10:16:07.301	[34mINFO[0m	[database]	 INSERT        1 ms INSERT INTO `test_post_tag` (`id`, `created_at`, `created_by`, `updated_at`, `updated_by`, `post_id`, `tag_id`) VALUES ('d3bkhps5cmcb9l8l0cp0', '2025-09-27 10:16:07', 'system', '2025-09-27 10:16:07', 'system', 'd3bkhps5cmcb9l8l0ckg', 'd3bkhps5cmcb9l8l0cj0')
2025-09-27T10:16:07.302	[34mINFO[0m	[database]	 INSERT        1 ms INSERT INTO `test_post_tag` (`id`, `created_at`, `created_by`, `updated_at`, `updated_by`, `post_id`, `tag_id`) VALUES ('d3bkhps5cmcb9l8l0cpg', '2025-09-27 10:16:07', 'system', '2025-09-27 10:16:07', 'system', 'd3bkhps5cmcb9l8l0ckg', 'd3bkhps5cmcb9l8l0cjg')
2025-09-27T10:16:07.304	[34mINFO[0m	[database]	 INSERT        1 ms INSERT INTO `test_post_tag` (`id`, `created_at`, `created_by`, `updated_at`, `updated_by`, `post_id`, `tag_id`) VALUES ('d3bkhps5cmcb9l8l0cq0', '2025-09-27 10:16:07', 'system', '2025-09-27 10:16:07', 'system', 'd3bkhps5cmcb9l8l0cl0', 'd3bkhps5cmcb9l8l0cig')
2025-09-27T10:16:07.305	[34mINFO[0m	[database]	 INSERT        1 ms INSERT INTO `test_post_tag` (`id`, `created_at`, `created_by`, `updated_at`, `updated_by`, `post_id`, `tag_id`) VALUES ('d3bkhps5cmcb9l8l0cqg', '2025-09-27 10:16:07', 'system', '2025-09-27 10:16:07', 'system', 'd3bkhps5cmcb9l8l0cl0', 'd3bkhps5cmcb9l8l0cjg')
2025-09-27T10:16:07.306	[34mINFO[0m	[database]	 INSERT        0 ms INSERT INTO `test_post_tag` (`id`, `created_at`, `created_by`, `updated_at`, `updated_by`, `post_id`, `tag_id`) VALUES ('d3bkhps5cmcb9l8l0cr0', '2025-09-27 10:16:07', 'system', '2025-09-27 10:16:07', 'system', 'd3bkhps5cmcb9l8l0clg', 'd3bkhps5cmcb9l8l0cjg')
2025-09-27T10:16:07.307	[34mINFO[0m	[database]	 INSERT        1 ms INSERT INTO `test_post_tag` (`id`, `created_at`, `created_by`, `updated_at`, `updated_by`, `post_id`, `tag_id`) VALUES ('d3bkhps5cmcb9l8l0crg', '2025-09-27 10:16:07', 'system', '2025-09-27 10:16:07', 'system', 'd3bkhps5cmcb9l8l0clg', 'd3bkhps5cmcb9l8l0ck0')
2025-09-27T10:16:07.309	[34mINFO[0m	[database]	 INSERT        1 ms INSERT INTO `test_post_tag` (`id`, `created_at`, `created_by`, `updated_at`, `updated_by`, `post_id`, `tag_id`) VALUES ('d3bkhps5cmcb9l8l0cs0', '2025-09-27 10:16:07', 'system', '2025-09-27 10:16:07', 'system', 'd3bkhps5cmcb9l8l0cm0', 'd3bkhps5cmcb9l8l0ck0')
2025-09-27T10:16:07.310	[34mINFO[0m	[database]	 INSERT        1 ms INSERT INTO `test_post_tag` (`id`, `created_at`, `created_by`, `updated_at`, `updated_by`, `post_id`, `tag_id`) VALUES ('d3bkhps5cmcb9l8l0csg', '2025-09-27 10:16:07', 'system', '2025-09-27 10:16:07', 'system', 'd3bkhps5cmcb9l8l0cm0', 'd3bkhps5cmcb9l8l0cjg')
2025-09-27T10:16:07.311	[34mINFO[0m	[database]	 INSERT        1 ms INSERT INTO `test_post_tag` (`id`, `created_at`, `created_by`, `updated_at`, `updated_by`, `post_id`, `tag_id`) VALUES ('d3bkhps5cmcb9l8l0ct0', '2025-09-27 10:16:07', 'system', '2025-09-27 10:16:07', 'system', 'd3bkhps5cmcb9l8l0cmg', 'd3bkhps5cmcb9l8l0cj0')
2025-09-27T10:16:07.313	[34mINFO[0m	[database]	 INSERT        1 ms INSERT INTO `test_post_tag` (`id`, `created_at`, `created_by`, `updated_at`, `updated_by`, `post_id`, `tag_id`) VALUES ('d3bkhps5cmcb9l8l0ctg', '2025-09-27 10:16:07', 'system', '2025-09-27 10:16:07', 'system', 'd3bkhps5cmcb9l8l0cmg', 'd3bkhps5cmcb9l8l0ci0')
2025-09-27T10:16:07.315	[34mINFO[0m	[database]	 INSERT        1 ms INSERT INTO `test_post_tag` (`id`, `created_at`, `created_by`, `updated_at`, `updated_by`, `post_id`, `tag_id`) VALUES ('d3bkhps5cmcb9l8l0cu0', '2025-09-27 10:16:07', 'system', '2025-09-27 10:16:07', 'system', 'd3bkhps5cmcb9l8l0cmg', 'd3bkhps5cmcb9l8l0ck0')
2025-09-27T10:16:07.316	[34mINFO[0m	[database]	 INSERT        1 ms INSERT INTO `test_post_tag` (`id`, `created_at`, `created_by`, `updated_at`, `updated_by`, `post_id`, `tag_id`) VALUES ('d3bkhps5cmcb9l8l0cug', '2025-09-27 10:16:07', 'system', '2025-09-27 10:16:07', 'system', 'd3bkhps5cmcb9l8l0cn0', 'd3bkhps5cmcb9l8l0cjg')
2025-09-27T10:16:07.318	[34mINFO[0m	[database]	 INSERT        1 ms INSERT INTO `test_post_tag` (`id`, `created_at`, `created_by`, `updated_at`, `updated_by`, `post_id`, `tag_id`) VALUES ('d3bkhps5cmcb9l8l0cv0', '2025-09-27 10:16:07', 'system', '2025-08-08 00:02:40', 'system', 'd3bkhps5cmcb9l8l0cn0', 'd3bkhps5cmcb9l8l0ck0')
2025-09-27T10:16:07.319	[34mINFO[0m	[database]	 INSERT        1 ms INSERT INTO `test_post_tag` (`id`, `created_at`, `created_by`, `updated_at`, `updated_by`, `post_id`, `tag_id`) VALUES ('d3bkhps5cmcb9l8l0cvg', '2025-09-27 10:16:07', 'system', '2025-09-27 10:16:07', 'system', 'd3bkhps5cmcb9l8l0cng', 'd3bkhps5cmcb9l8l0cjg')
2025-09-27T10:16:07.321	[34mINFO[0m	[database]	 INSERT        1 ms INSERT INTO `test_post_tag` (`id`, `created_at`, `created_by`, `updated_at`, `updated_by`, `post_id`, `tag_id`) VALUES ('d3bkhps5cmcb9l8l0d00', '2025-09-27 10:16:07', 'system', '2025-09-27 10:16:07', 'system', 'd3bkhps5cmcb9l8l0cng', 'd3bkhps5cmcb9l8l0ci0')
2025-09-27T10:16:07.322	[34mINFO[0m	[database]	 INSERT        0 ms INSERT INTO `test_post_tag` (`id`, `created_at`, `created_by`, `updated_at`, `updated_by`, `post_id`, `tag_id`) VALUES ('d3bkhps5cmcb9l8l0d0g', '2025-09-27 10:16:07', 'system', '2025-09-27 10:16:07', 'system', 'd3bkhps5cmcb9l8l0co0', 'd3bkhps5cmcb9l8l0ck0')
2025-09-27T10:16:07.323	[34mINFO[0m	[database]	 INSERT        0 ms INSERT INTO `test_post_tag` (`id`, `created_at`, `created_by`, `updated_at`, `updated_by`, `post_id`, `tag_id`) VALUES ('d3bkhps5cmcb9l8l0d10', '2025-09-27 10:16:07', 'system', '2025-09-27 10:16:07', 'system', 'd3bkhps5cmcb9l8l0co0', 'd3bkhps5cmcb9l8l0cjg')
2025-09-27T10:16:07.324	[34mINFO[0m	[database]	 CREATE TABLE      1 ms CREATE TABLE IF NOT EXISTS `test_simple` (`id` VARCHAR(255) NOT NULL, `created_at` timestamp NOT NULL DEFAULT CURRENT_TIMESTAMP, `created_by` VARCHAR(255) NOT NULL, `updated_at` timestamp NOT NULL DEFAULT CURRENT_TIMESTAMP, `updated_by` VARCHAR(255) NOT NULL, `name` VARCHAR(255) NOT NULL, `value` BIGINT NOT NULL, PRIMARY KEY (`id`))
2025-09-27T10:16:07.325	[34mINFO[0m	[database]	 CREATE TABLE      0 ms CREATE TABLE IF NOT EXISTS `test_complex` (`id` VARCHAR(255) NOT NULL, `created_at` timestamp NOT NULL DEFAULT CURRENT_TIMESTAMP, `created_by` VARCHAR(255) NOT NULL, `updated_at` timestamp NOT NULL DEFAULT CURRENT_TIMESTAMP, `updated_by` VARCHAR(255) NOT NULL, `string_field` VARCHAR(255) NOT NULL, `int_field` BIGINT NOT NULL, `float_field` DOUBLE PRECISION NOT NULL, `bool_field` BOOLEAN NOT NULL, `time_field` DATETIME NOT NULL, `null_string` VARCHAR(255), `null_int` BIGINT, `null_time` DATETIME, `json_field` VARCHAR(255), `array_field` VARCHAR(255), PRIMARY KEY (`id`))
    orm_test.go:161: Test fixtures loaded for mysql database
=== RUN   TestMultiDatabaseORM/TestMySQL/TestBasicInsert
    insert_test.go:16: Testing basic INSERT for mysql
2025-09-27T10:16:07.326	[34mINFO[0m	[database]	 INSERT        1 ms INSERT INTO `test_user` (`id`, `created_at`, `created_by`, `updated_at`, `updated_by`, `name`, `email`, `age`, `is_active`, `meta`) VALUES ('d3bkhps5cmcb9l8l0d1g', '2025-09-27 10:16:07', 'system', '2025-09-27 10:16:07', 'system', 'John Doe', 'john@example.com', 28, TRUE, 'null')
2025-09-27T10:16:07.327	[34mINFO[0m	[database]	 SELECT        0 ms SELECT `u`.`id`, `u`.`created_at`, `u`.`created_by`, `u`.`updated_at`, `u`.`updated_by`, `u`.`name`, `u`.`email`, `u`.`age`, `u`.`is_active`, `u`.`meta` FROM `test_user` AS `u` WHERE (`u`.`email` = 'john@example.com')
2025-09-27T10:16:07.328	[34mINFO[0m	[database]	 INSERT        1 ms INSERT INTO `test_user` (`id`, `created_at`, `created_by`, `updated_at`, `updated_by`, `name`, `email`, `age`, `is_active`, `meta`) VALUES ('d3bkhps5cmcb9l8l0d20', '2025-09-27 10:16:07', 'system', '2025-09-27 10:16:07', 'system', 'Jane Smith', 'jane@example.com', 26, TRUE, 'null'), ('d3bkhps5cmcb9l8l0d2g', '2025-09-27 10:16:07', 'system', '2025-09-27 10:16:07', 'system', 'Mike Wilson', 'mike@example.com', 31, FALSE, 'null')
2025-09-27T10:16:07.329	[34mINFO[0m	[database]	 SELECT        0 ms SELECT `u`.`id`, `u`.`created_at`, `u`.`created_by`, `u`.`updated_at`, `u`.`updated_by`, `u`.`name`, `u`.`email`, `u`.`age`, `u`.`is_active`, `u`.`meta` FROM `test_user` AS `u` WHERE (`u`.`email` IN ('jane@example.com', 'mike@example.com'))
2025-09-27T10:16:07.330	[34mINFO[0m	[database]	 INSERT        1 ms INSERT INTO `test_user` (`id`, `created_at`, `created_by`, `updated_at`, `updated_by`, `name`, `email`, `age`, `is_active`, `meta`) VALUES ('d3bkhps5cmcb9l8l0d30', '2025-09-27 10:16:07', 'system', '2025-09-27 10:16:07', 'system', 'Specific User Updated', 'specific@example.com', 40, TRUE, 'null')
2025-09-27T10:16:07.330	[34mINFO[0m	[database]	 SELECT        0 ms SELECT `u`.`id`, `u`.`created_at`, `u`.`created_by`, `u`.`updated_at`, `u`.`updated_by`, `u`.`name`, `u`.`email`, `u`.`age`, `u`.`is_active`, `u`.`meta` FROM `test_user` AS `u` WHERE (`u`.`email` = 'specific@example.com')
    insert_test.go:118: Skipping RETURNING clause test for MySQL
2025-09-27T10:16:07.332	[34mINFO[0m	[database]	 DELETE        1 ms DELETE FROM `test_user` AS `u` WHERE (`u`.`email` IN ('john@example.com', 'jane@example.com', 'mike@example.com', 'specific@example.com', 'returning@example.com'))
=== RUN   TestMultiDatabaseORM/TestMySQL/TestInsertBulkOperations
    insert_test.go:309: Testing INSERT bulk operations for mysql
2025-09-27T10:16:07.335	[34mINFO[0m	[database]	 INSERT        2 ms INSERT INTO `test_user` (`id`, `created_at`, `created_by`, `updated_at`, `updated_by`, `name`, `email`, `age`, `is_active`, `meta`) VALUES ('d3bkhps5cmcb9l8l0d3g', '2025-09-27 10:16:07', 'system', '2025-09-27 10:16:07', 'system', 'Batch User 1', 'batch1@example.com', 20, TRUE, 'null'), ('d3bkhps5cmcb9l8l0d40', '2025-09-27 10:16:07', 'system', '2025-09-27 10:16:07', 'system', 'Batch User 2', 'batch2@example.com', 21, FALSE, 'null'), ('d3bkhps5cmcb9l8l0d4g', '2025-09-27 10:16:07', 'system', '2025-09-27 10:16:07', 'system', 'Batch User 3', 'batch3@example.com', 22, TRUE, 'null'), ('d3bkhps5cmcb9l8l0d50', '2025-09-27 10:16:07', 'system', '2025-09-27 10:16:07', 'system', 'Batch User 4', 'batch4@example.com', 23, FALSE, 'null'), ('d3bkhps5cmcb9l8l0d5g', '2025-09-27 10:16:07', 'system', '2025-09-27 10:16:07', 'system', 'Batch User 5', 'batch5@example.com', 24, TRUE, 'null'), ('d3bkhps5cmcb9l8l0d60', '2025-09-27 10:16:07', 'system', '2025-09-27 10:16:07', 'system', 'Batch User 6', 'batch6@example.com', 25, FALSE, 'null'), ('d3bkhps5cmcb9l8l0d6g', '2025-09-27 10:16:07', 'system', '2025-09-27 10:16:07', 'system', 'Batch User 7', 'batch7@example.com', 26, TRUE, 'null'), ('d3bkhps5cmcb9l8l0d70', '2025-09-27 10:16:07', 'system', '2025-09-27 10:16:07', 'system', 'Batch User 8', 'batch8@example.com', 27, FALSE, 'null'), ('d3bkhps5cmcb9l8l0d7g', '2025-09-27 10:16:07', 'system', '2025-09-27 10:16:07', 'system', 'Batch User 9', 'batch9@example.com', 28, TRUE, 'null'), ('d3bkhps5cmcb9l8l0d80', '2025-09-27 10:16:07', 'system', '2025-09-27 10:16:07', 'system', 'Batch User 10', 'batch10@example.com', 29, FALSE, 'null')
    insert_test.go:329: Batch insert of 10 users took 2.993375ms
2025-09-27T10:16:07.335	[34mINFO[0m	[database]	 SELECT        0 ms SELECT `u`.`id`, `u`.`created_at`, `u`.`created_by`, `u`.`updated_at`, `u`.`updated_by`, `u`.`name`, `u`.`email`, `u`.`age`, `u`.`is_active`, `u`.`meta` FROM `test_user` AS `u` WHERE (`u`.`email` LIKE 'batch%')
2025-09-27T10:16:07.335	[34mINFO[0m	[database]	 SELECT        0 ms SELECT `c`.`id`, `c`.`created_at`, `c`.`created_by`, `c`.`updated_at`, `c`.`updated_by`, `c`.`name`, `c`.`description`, `c`.`parent_id` FROM `test_category` AS `c` LIMIT 1
2025-09-27T10:16:07.335	[34mINFO[0m	[database]	 SELECT        0 ms SELECT `c`.`id`, `c`.`created_at`, `c`.`created_by`, `c`.`updated_at`, `c`.`updated_by`, `c`.`name`, `c`.`description`, `c`.`parent_id` FROM `test_category` AS `c` LIMIT 1
2025-09-27T10:16:07.337	[34mINFO[0m	[database]	 INSERT        1 ms INSERT INTO `test_post` (`id`, `created_at`, `created_by`, `updated_at`, `updated_by`, `title`, `content`, `description`, `user_id`, `category_id`, `status`, `view_count`) VALUES ('d3bkhps5cmcb9l8l0d8g', '2025-09-27 10:16:07', 'system', '2025-09-27 10:16:07', 'system', 'Batch Post 1', 'Content for batch post 1', 'Description 1', 'd3bkhps5cmcb9l8l0d3g', 'd3bkhps5cmcb9l8l0cg0', 'published', 100), ('d3bkhps5cmcb9l8l0d90', '2025-09-27 10:16:07', 'system', '2025-09-27 10:16:07', 'system', 'Batch Post 2', 'Content for batch post 2', DEFAULT, 'd3bkhps5cmcb9l8l0d40', 'd3bkhps5cmcb9l8l0cg0', 'draft', DEFAULT)
2025-09-27T10:16:07.337	[34mINFO[0m	[database]	 SELECT        0 ms SELECT `p`.`id`, `p`.`created_at`, `p`.`created_by`, `p`.`updated_at`, `p`.`updated_by`, `p`.`title`, `p`.`content`, `p`.`description`, `p`.`user_id`, `p`.`category_id`, `p`.`status`, `p`.`view_count` FROM `test_post` AS `p` WHERE (`p`.`title` LIKE 'Batch Post%')
2025-09-27T10:16:07.338	[34mINFO[0m	[database]	 DELETE        1 ms DELETE FROM `test_post` AS `p` WHERE (`p`.`title` LIKE 'Batch Post%')
2025-09-27T10:16:07.340	[34mINFO[0m	[database]	 DELETE        1 ms DELETE FROM `test_user` AS `u` WHERE (`u`.`email` LIKE 'batch%')
=== RUN   TestMultiDatabaseORM/TestMySQL/TestInsertComplexModel
    insert_test.go:222: Testing INSERT with complex model for mysql
2025-09-27T10:16:07.341	[34mINFO[0m	[database]	 INSERT        1 ms INSERT INTO `test_complex` (`id`, `created_at`, `created_by`, `updated_at`, `updated_by`, `string_field`, `int_field`, `float_field`, `bool_field`, `time_field`, `null_string`, `null_int`, `null_time`, `json_field`, `array_field`) VALUES ('d3bkhps5cmcb9l8l0d9g', '2025-09-27 10:16:07', 'system', '2025-09-27 10:16:07', 'system', 'test string', 42, 3.14159, TRUE, '2025-09-27 10:16:07.340582', DEFAULT, DEFAULT, '2025-09-27 10:16:07.340582', '{"key1":"value1","key2":42,"nested":{"subkey":"subvalue"}}', 'null')
2025-09-27T10:16:07.341	[34mINFO[0m	[database]	 SELECT        0 ms SELECT `cm`.`id`, `cm`.`created_at`, `cm`.`created_by`, `cm`.`updated_at`, `cm`.`updated_by`, `cm`.`string_field`, `cm`.`int_field`, `cm`.`float_field`, `cm`.`bool_field`, `cm`.`time_field`, `cm`.`null_string`, `cm`.`null_int`, `cm`.`null_time`, `cm`.`json_field`, `cm`.`array_field` FROM `test_complex` AS `cm` WHERE (`cm`.`id` = 'd3bkhps5cmcb9l8l0d9g')
2025-09-27T10:16:07.343	[34mINFO[0m	[database]	 DELETE        1 ms DELETE FROM `test_complex` AS `cm` WHERE (`cm`.`id` = 'd3bkhps5cmcb9l8l0d9g')
=== RUN   TestMultiDatabaseORM/TestMySQL/TestInsertErrorHandling
    insert_test.go:406: Testing INSERT error handling for mysql
2025-09-27T10:16:07.344	[34mINFO[0m	[database]	 INSERT        1 ms INSERT INTO `test_user` (`id`, `created_at`, `created_by`, `updated_at`, `updated_by`, `name`, `email`, `age`, `is_active`, `meta`) VALUES ('d3bkhps5cmcb9l8l0da0', '2025-09-27 10:16:07', 'system', '2025-09-27 10:16:07', 'system', 'Original User', 'unique@example.com', 25, TRUE, 'null')
2025-09-27T10:16:07.344	[31mERROR[0m	[database]	 INSERT        0 ms INSERT INTO `test_user` (`id`, `created_at`, `created_by`, `updated_at`, `updated_by`, `name`, `email`, `age`, `is_active`, `meta`) VALUES ('d3bkhps5cmcb9l8l0dag', '2025-09-27 10:16:07', 'system', '2025-09-27 10:16:07', 'system', 'Duplicate User', 'unique@example.com', 30, FALSE, 'null')  Error 1062 (23000): Duplicate entry 'unique@example.com' for key 'test_user.email' 
2025-09-27T10:16:07.344	[33mWARN[0m	[orm]	Record already exists: Error 1062 (23000): Duplicate entry 'unique@example.com' for key 'test_user.email'
2025-09-27T10:16:07.345	[31mERROR[0m	[database]	 INSERT        0 ms INSERT INTO `test_user` (`id`, `created_at`, `created_by`, `updated_at`, `updated_by`, `name`, `email`, `age`, `is_active`, `meta`) VALUES ('d3bkhps5cmcb9l8l0db0', '2025-09-27 10:16:07', 'system', '2025-09-27 10:16:07', 'system', NULL, NULL, DEFAULT, FALSE, 'null')  Error 1048 (23000): Column 'name' cannot be null 
2025-09-27T10:16:07.346	[34mINFO[0m	[database]	 DELETE        1 ms DELETE FROM `test_user` AS `u` WHERE (`u`.`email` = 'unique@example.com')
=== RUN   TestMultiDatabaseORM/TestMySQL/TestInsertWithConflict
    insert_test.go:136: Testing INSERT with conflict resolution for mysql
2025-09-27T10:16:07.347	[34mINFO[0m	[database]	 INSERT        1 ms INSERT INTO `test_user` (`id`, `created_at`, `created_by`, `updated_at`, `updated_by`, `name`, `email`, `age`, `is_active`, `meta`) VALUES ('d3bkhps5cmcb9l8l0dbg', '2025-09-27 10:16:07', 'system', '2025-09-27 10:16:07', 'system', 'Conflict User', 'conflict@example.com', 30, TRUE, 'null')
2025-09-27T10:16:07.347	[34mINFO[0m	[database]	 INSERT        0 ms INSERT IGNORE INTO `test_user` (`id`, `created_at`, `created_by`, `updated_at`, `updated_by`, `name`, `email`, `age`, `is_active`, `meta`) VALUES ('d3bkhps5cmcb9l8l0dc0', '2025-09-27 10:16:07', 'system', '2025-09-27 10:16:07', 'system', 'Duplicate User', 'conflict@example.com', 25, FALSE, 'null')
2025-09-27T10:16:07.348	[34mINFO[0m	[database]	 SELECT        0 ms SELECT `u`.`id`, `u`.`created_at`, `u`.`created_by`, `u`.`updated_at`, `u`.`updated_by`, `u`.`name`, `u`.`email`, `u`.`age`, `u`.`is_active`, `u`.`meta` FROM `test_user` AS `u` WHERE (`u`.`email` = 'conflict@example.com')
2025-09-27T10:16:07.349	[34mINFO[0m	[database]	 INSERT        1 ms INSERT INTO `test_user` (`id`, `created_at`, `created_by`, `updated_at`, `updated_by`, `name`, `email`, `age`, `is_active`, `meta`) VALUES ('d3bkhps5cmcb9l8l0dcg', '2025-09-27 10:16:07', 'system', '2025-09-27 10:16:07', 'system', 'Updated Conflict User', 'conflict@example.com', 35, FALSE, 'null') ON DUPLICATE KEY UPDATE `name` = 'Updated Conflict User', `age` = 35, `is_active` = FALSE
2025-09-27T10:16:07.349	[34mINFO[0m	[database]	 SELECT        0 ms SELECT `u`.`id`, `u`.`created_at`, `u`.`created_by`, `u`.`updated_at`, `u`.`updated_by`, `u`.`name`, `u`.`email`, `u`.`age`, `u`.`is_active`, `u`.`meta` FROM `test_user` AS `u` WHERE (`u`.`email` = 'conflict@example.com')
2025-09-27T10:16:07.350	[34mINFO[0m	[database]	 DELETE        1 ms DELETE FROM `test_user` AS `u` WHERE (`u`.`email` = 'conflict@example.com')
=== NAME  TestMultiDatabaseORM/TestMySQL
    orm_test.go:127: Setting up ORM test suite for mysql
2025-09-27T10:16:07.370	[34mINFO[0m	[database]	 DROP TABLE     17 ms DROP TABLE IF EXISTS `test_user`
2025-09-27T10:16:07.380	[34mINFO[0m	[database]	 CREATE TABLE     10 ms CREATE TABLE `test_user` (`id` VARCHAR(255) NOT NULL, `created_at` timestamp NOT NULL DEFAULT CURRENT_TIMESTAMP, `created_by` VARCHAR(255) NOT NULL, `updated_at` timestamp NOT NULL DEFAULT CURRENT_TIMESTAMP, `updated_by` VARCHAR(255) NOT NULL, `name` VARCHAR(255) NOT NULL, `email` VARCHAR(255) NOT NULL, `age` SMALLINT NOT NULL DEFAULT 0, `is_active` BOOLEAN NOT NULL, `meta` VARCHAR(255), PRIMARY KEY (`id`), UNIQUE (`email`))
2025-09-27T10:16:07.382	[34mINFO[0m	[database]	 INSERT        1 ms INSERT INTO `test_user` (`id`, `created_at`, `created_by`, `updated_at`, `updated_by`, `name`, `email`, `age`, `is_active`, `meta`) VALUES ('d3bkhps5cmcb9l8l0dd0', '2025-09-27 10:16:07', 'system', '2025-09-27 10:16:07', 'system', 'Alice Johnson', 'alice@example.com', 30, TRUE, '{"interests":["golang","databases"],"role":"admin"}')
2025-09-27T10:16:07.383	[34mINFO[0m	[database]	 INSERT        0 ms INSERT INTO `test_user` (`id`, `created_at`, `created_by`, `updated_at`, `updated_by`, `name`, `email`, `age`, `is_active`, `meta`) VALUES ('d3bkhps5cmcb9l8l0ddg', '2025-09-27 10:16:07', 'system', '2025-09-27 10:16:07', 'system', 'Bob Smith', 'bob@example.com', 25, TRUE, '{"interests":["tutorials","postgres"],"role":"editor"}')
2025-09-27T10:16:07.384	[34mINFO[0m	[database]	 INSERT        1 ms INSERT INTO `test_user` (`id`, `created_at`, `created_by`, `updated_at`, `updated_by`, `name`, `email`, `age`, `is_active`, `meta`) VALUES ('d3bkhps5cmcb9l8l0de0', '2025-09-27 10:16:07', 'system', '2025-09-27 10:16:07', 'system', 'Charlie Brown', 'charlie@example.com', 35, FALSE, '{"interests":["science"],"role":"viewer"}')
2025-09-27T10:16:07.389	[34mINFO[0m	[database]	 DROP TABLE      5 ms DROP TABLE IF EXISTS `test_category`
2025-09-27T10:16:07.399	[34mINFO[0m	[database]	 CREATE TABLE      9 ms CREATE TABLE `test_category` (`id` VARCHAR(255) NOT NULL, `created_at` timestamp NOT NULL DEFAULT CURRENT_TIMESTAMP, `created_by` VARCHAR(255) NOT NULL, `updated_at` timestamp NOT NULL DEFAULT CURRENT_TIMESTAMP, `updated_by` VARCHAR(255) NOT NULL, `name` VARCHAR(255) NOT NULL, `description` VARCHAR(255), `parent_id` VARCHAR(255), PRIMARY KEY (`id`), UNIQUE (`name`))
2025-09-27T10:16:07.400	[34mINFO[0m	[database]	 INSERT        1 ms INSERT INTO `test_category` (`id`, `created_at`, `created_by`, `updated_at`, `updated_by`, `name`, `description`, `parent_id`) VALUES ('d3bkhps5cmcb9l8l0deg', '2025-09-27 10:16:07', 'system', '2025-09-27 10:16:07', 'system', 'Technology', 'Tech-related posts', DEFAULT)
2025-09-27T10:16:07.402	[34mINFO[0m	[database]	 INSERT        1 ms INSERT INTO `test_category` (`id`, `created_at`, `created_by`, `updated_at`, `updated_by`, `name`, `description`, `parent_id`) VALUES ('d3bkhps5cmcb9l8l0df0', '2025-09-27 10:16:07', 'system', '2025-09-27 10:16:07', 'system', 'Science', 'Scientific articles', DEFAULT)
2025-09-27T10:16:07.403	[34mINFO[0m	[database]	 INSERT        1 ms INSERT INTO `test_category` (`id`, `created_at`, `created_by`, `updated_at`, `updated_by`, `name`, `description`, `parent_id`) VALUES ('d3bkhps5cmcb9l8l0dfg', '2025-09-27 10:16:07', 'system', '2025-09-27 10:16:07', 'system', 'Business', 'Business and economics', DEFAULT)
2025-09-27T10:16:07.404	[34mINFO[0m	[database]	 INSERT        1 ms INSERT INTO `test_category` (`id`, `created_at`, `created_by`, `updated_at`, `updated_by`, `name`, `description`, `parent_id`) VALUES ('d3bkhps5cmcb9l8l0dg0', '2025-09-27 10:16:07', 'system', '2025-09-27 10:16:07', 'system', 'GoLang', 'Go-related posts', 'd3bkhps5cmcb9l8l0deg')
2025-09-27T10:16:07.410	[34mINFO[0m	[database]	 DROP TABLE      5 ms DROP TABLE IF EXISTS `test_tag`
2025-09-27T10:16:07.419	[34mINFO[0m	[database]	 CREATE TABLE      9 ms CREATE TABLE `test_tag` (`id` VARCHAR(255) NOT NULL, `created_at` timestamp NOT NULL DEFAULT CURRENT_TIMESTAMP, `created_by` VARCHAR(255) NOT NULL, `updated_at` timestamp NOT NULL DEFAULT CURRENT_TIMESTAMP, `updated_by` VARCHAR(255) NOT NULL, `name` VARCHAR(255) NOT NULL, `description` VARCHAR(255), PRIMARY KEY (`id`), UNIQUE (`name`))
2025-09-27T10:16:07.421	[34mINFO[0m	[database]	 INSERT        1 ms INSERT INTO `test_tag` (`id`, `created_at`, `created_by`, `updated_at`, `updated_by`, `name`, `description`) VALUES ('d3bkhps5cmcb9l8l0dgg', '2025-09-27 10:16:07', 'system', '2025-09-27 10:16:07', 'system', 'programming', 'Programming related content')
2025-09-27T10:16:07.422	[34mINFO[0m	[database]	 INSERT        1 ms INSERT INTO `test_tag` (`id`, `created_at`, `created_by`, `updated_at`, `updated_by`, `name`, `description`) VALUES ('d3bkhps5cmcb9l8l0dh0', '2025-09-27 10:16:07', 'system', '2025-09-27 10:16:07', 'system', 'database', 'Database related content')
2025-09-27T10:16:07.424	[34mINFO[0m	[database]	 INSERT        1 ms INSERT INTO `test_tag` (`id`, `created_at`, `created_by`, `updated_at`, `updated_by`, `name`, `description`) VALUES ('d3bkhps5cmcb9l8l0dhg', '2025-09-27 10:16:07', 'system', '2025-09-27 10:16:07', 'system', 'go', 'Go language topics')
2025-09-27T10:16:07.425	[34mINFO[0m	[database]	 INSERT        1 ms INSERT INTO `test_tag` (`id`, `created_at`, `created_by`, `updated_at`, `updated_by`, `name`, `description`) VALUES ('d3bkhps5cmcb9l8l0di0', '2025-09-27 10:16:07', 'system', '2025-09-27 10:16:07', 'system', 'tutorial', 'Tutorials and guides')
2025-09-27T10:16:07.426	[34mINFO[0m	[database]	 INSERT        1 ms INSERT INTO `test_tag` (`id`, `created_at`, `created_by`, `updated_at`, `updated_by`, `name`, `description`) VALUES ('d3bkhps5cmcb9l8l0dig', '2025-09-27 10:16:07', 'system', '2025-09-27 10:16:07', 'system', 'advanced', 'Advanced topics')
2025-09-27T10:16:07.431	[34mINFO[0m	[database]	 DROP TABLE      4 ms DROP TABLE IF EXISTS `test_post`
2025-09-27T10:16:07.442	[34mINFO[0m	[database]	 CREATE TABLE     10 ms CREATE TABLE `test_post` (`id` VARCHAR(255) NOT NULL, `created_at` timestamp NOT NULL DEFAULT CURRENT_TIMESTAMP, `created_by` VARCHAR(255) NOT NULL, `updated_at` timestamp NOT NULL DEFAULT CURRENT_TIMESTAMP, `updated_by` VARCHAR(255) NOT NULL, `title` VARCHAR(255) NOT NULL, `content` VARCHAR(255) NOT NULL, `description` VARCHAR(255), `user_id` VARCHAR(255) NOT NULL, `category_id` VARCHAR(255) NOT NULL, `status` VARCHAR(255) NOT NULL DEFAULT 'draft', `view_count` BIGINT NOT NULL DEFAULT 0, PRIMARY KEY (`id`))
2025-09-27T10:16:07.444	[34mINFO[0m	[database]	 INSERT        1 ms INSERT INTO `test_post` (`id`, `created_at`, `created_by`, `updated_at`, `updated_by`, `title`, `content`, `description`, `user_id`, `category_id`, `status`, `view_count`) VALUES ('d3bkhps5cmcb9l8l0dj0', '2025-09-27 10:16:07', 'd3bkhps5cmcb9l8l0dd0', '2025-09-27 10:16:07', 'd3bkhps5cmcb9l8l0dd0', 'Introduction to Go', 'Go is a programming language designed at Google.', 'Getting started with Go', 'd3bkhps5cmcb9l8l0dd0', 'd3bkhps5cmcb9l8l0dg0', 'published', 123)
2025-09-27T10:16:07.445	[34mINFO[0m	[database]	 INSERT        1 ms INSERT INTO `test_post` (`id`, `created_at`, `created_by`, `updated_at`, `updated_by`, `title`, `content`, `description`, `user_id`, `category_id`, `status`, `view_count`) VALUES ('d3bkhps5cmcb9l8l0djg', '2025-09-27 10:16:07', 'd3bkhps5cmcb9l8l0ddg', '2025-09-27 10:16:07', 'd3bkhps5cmcb9l8l0ddg', 'Database Design Basics', 'Good database design principles.', 'Normalization and relationships', 'd3bkhps5cmcb9l8l0ddg', 'd3bkhps5cmcb9l8l0deg', 'published', 87)
2025-09-27T10:16:07.446	[34mINFO[0m	[database]	 INSERT        0 ms INSERT INTO `test_post` (`id`, `created_at`, `created_by`, `updated_at`, `updated_by`, `title`, `content`, `description`, `user_id`, `category_id`, `status`, `view_count`) VALUES ('d3bkhps5cmcb9l8l0dk0', '2025-09-27 10:16:07', 'd3bkhps5cmcb9l8l0dd0', '2025-09-27 10:16:07', 'd3bkhps5cmcb9l8l0dd0', 'Machine Learning Basics', 'An introduction to ML concepts and workflows.', 'Supervised vs unsupervised learning', 'd3bkhps5cmcb9l8l0dd0', 'd3bkhps5cmcb9l8l0df0', 'draft', 45)
2025-09-27T10:16:07.447	[34mINFO[0m	[database]	 INSERT        0 ms INSERT INTO `test_post` (`id`, `created_at`, `created_by`, `updated_at`, `updated_by`, `title`, `content`, `description`, `user_id`, `category_id`, `status`, `view_count`) VALUES ('d3bkhps5cmcb9l8l0dkg', '2025-09-27 10:16:07', 'd3bkhps5cmcb9l8l0de0', '2025-09-27 10:16:07', 'd3bkhps5cmcb9l8l0de0', 'Business Strategy Fundamentals', 'Effective business strategies and frameworks.', 'Strategic planning overview', 'd3bkhps5cmcb9l8l0de0', 'd3bkhps5cmcb9l8l0dfg', 'published', 64)
2025-09-27T10:16:07.449	[34mINFO[0m	[database]	 INSERT        1 ms INSERT INTO `test_post` (`id`, `created_at`, `created_by`, `updated_at`, `updated_by`, `title`, `content`, `description`, `user_id`, `category_id`, `status`, `view_count`) VALUES ('d3bkhps5cmcb9l8l0dl0', '2025-09-27 10:16:07', 'd3bkhps5cmcb9l8l0dd0', '2025-09-27 10:16:07', 'd3bkhps5cmcb9l8l0dd0', 'Advanced Go Patterns', 'Exploring advanced patterns and best practices in Go.', 'Idiomatic Go techniques', 'd3bkhps5cmcb9l8l0dd0', 'd3bkhps5cmcb9l8l0dg0', 'review', 98)
2025-09-27T10:16:07.450	[34mINFO[0m	[database]	 INSERT        0 ms INSERT INTO `test_post` (`id`, `created_at`, `created_by`, `updated_at`, `updated_by`, `title`, `content`, `description`, `user_id`, `category_id`, `status`, `view_count`) VALUES ('d3bkhps5cmcb9l8l0dlg', '2025-09-27 10:16:07', 'd3bkhps5cmcb9l8l0ddg', '2025-09-27 10:16:07', 'd3bkhps5cmcb9l8l0ddg', 'Latest Trends in Science', 'A survey of recent scientific advancements.', 'Interdisciplinary highlights', 'd3bkhps5cmcb9l8l0ddg', 'd3bkhps5cmcb9l8l0df0', 'published', 77)
2025-09-27T10:16:07.451	[34mINFO[0m	[database]	 INSERT        1 ms INSERT INTO `test_post` (`id`, `created_at`, `created_by`, `updated_at`, `updated_by`, `title`, `content`, `description`, `user_id`, `category_id`, `status`, `view_count`) VALUES ('d3bkhps5cmcb9l8l0dm0', '2025-09-27 10:16:07', 'd3bkhps5cmcb9l8l0de0', '2025-09-27 10:16:07', 'd3bkhps5cmcb9l8l0de0', 'Practical Tech Tutorials', 'Hands-on guides for modern technology stacks.', 'Step-by-step tutorials', 'd3bkhps5cmcb9l8l0de0', 'd3bkhps5cmcb9l8l0deg', 'published', 52)
2025-09-27T10:16:07.452	[34mINFO[0m	[database]	 INSERT        1 ms INSERT INTO `test_post` (`id`, `created_at`, `created_by`, `updated_at`, `updated_by`, `title`, `content`, `description`, `user_id`, `category_id`, `status`, `view_count`) VALUES ('d3bkhps5cmcb9l8l0dmg', '2025-09-27 10:16:07', 'd3bkhps5cmcb9l8l0dd0', '2025-09-27 10:16:07', 'd3bkhps5cmcb9l8l0dd0', 'Startup Finance 101', 'Financial basics for early-stage startups.', 'Cash flow, runway, and budgeting', 'd3bkhps5cmcb9l8l0dd0', 'd3bkhps5cmcb9l8l0dfg', 'published', 69)
2025-09-27T10:16:07.457	[34mINFO[0m	[database]	 DROP TABLE      5 ms DROP TABLE IF EXISTS `test_post_tag`
2025-09-27T10:16:07.464	[34mINFO[0m	[database]	 CREATE TABLE      6 ms CREATE TABLE `test_post_tag` (`id` VARCHAR(255) NOT NULL, `created_at` timestamp NOT NULL DEFAULT CURRENT_TIMESTAMP, `created_by` VARCHAR(255) NOT NULL, `updated_at` timestamp NOT NULL DEFAULT CURRENT_TIMESTAMP, `updated_by` VARCHAR(255) NOT NULL, `post_id` VARCHAR(255) NOT NULL, `tag_id` VARCHAR(255) NOT NULL, PRIMARY KEY (`id`))
2025-09-27T10:16:07.465	[34mINFO[0m	[database]	 INSERT        1 ms INSERT INTO `test_post_tag` (`id`, `created_at`, `created_by`, `updated_at`, `updated_by`, `post_id`, `tag_id`) VALUES ('d3bkhps5cmcb9l8l0dn0', '2025-09-27 10:16:07', 'system', '2025-09-27 10:16:07', 'system', 'd3bkhps5cmcb9l8l0dj0', 'd3bkhps5cmcb9l8l0dgg')
2025-09-27T10:16:07.467	[34mINFO[0m	[database]	 INSERT        1 ms INSERT INTO `test_post_tag` (`id`, `created_at`, `created_by`, `updated_at`, `updated_by`, `post_id`, `tag_id`) VALUES ('d3bkhps5cmcb9l8l0dng', '2025-09-27 10:16:07', 'system', '2025-09-27 10:16:07', 'system', 'd3bkhps5cmcb9l8l0dj0', 'd3bkhps5cmcb9l8l0dhg')
2025-09-27T10:16:07.468	[34mINFO[0m	[database]	 INSERT        0 ms INSERT INTO `test_post_tag` (`id`, `created_at`, `created_by`, `updated_at`, `updated_by`, `post_id`, `tag_id`) VALUES ('d3bkhps5cmcb9l8l0do0', '2025-09-27 10:16:07', 'system', '2025-09-27 10:16:07', 'system', 'd3bkhps5cmcb9l8l0dj0', 'd3bkhps5cmcb9l8l0di0')
2025-09-27T10:16:07.470	[34mINFO[0m	[database]	 INSERT        1 ms INSERT INTO `test_post_tag` (`id`, `created_at`, `created_by`, `updated_at`, `updated_by`, `post_id`, `tag_id`) VALUES ('d3bkhps5cmcb9l8l0dog', '2025-09-27 10:16:07', 'system', '2025-09-27 10:16:07', 'system', 'd3bkhps5cmcb9l8l0djg', 'd3bkhps5cmcb9l8l0dh0')
2025-09-27T10:16:07.471	[34mINFO[0m	[database]	 INSERT        0 ms INSERT INTO `test_post_tag` (`id`, `created_at`, `created_by`, `updated_at`, `updated_by`, `post_id`, `tag_id`) VALUES ('d3bkhps5cmcb9l8l0dp0', '2025-09-27 10:16:07', 'system', '2025-09-27 10:16:07', 'system', 'd3bkhps5cmcb9l8l0djg', 'd3bkhps5cmcb9l8l0di0')
2025-09-27T10:16:07.476	[34mINFO[0m	[database]	 INSERT        4 ms INSERT INTO `test_post_tag` (`id`, `created_at`, `created_by`, `updated_at`, `updated_by`, `post_id`, `tag_id`) VALUES ('d3bkhps5cmcb9l8l0dpg', '2025-09-27 10:16:07', 'system', '2025-09-27 10:16:07', 'system', 'd3bkhps5cmcb9l8l0dk0', 'd3bkhps5cmcb9l8l0di0')
2025-09-27T10:16:07.477	[34mINFO[0m	[database]	 INSERT        1 ms INSERT INTO `test_post_tag` (`id`, `created_at`, `created_by`, `updated_at`, `updated_by`, `post_id`, `tag_id`) VALUES ('d3bkhps5cmcb9l8l0dq0', '2025-09-27 10:16:07', 'system', '2025-09-27 10:16:07', 'system', 'd3bkhps5cmcb9l8l0dk0', 'd3bkhps5cmcb9l8l0dig')
2025-09-27T10:16:07.479	[34mINFO[0m	[database]	 INSERT        1 ms INSERT INTO `test_post_tag` (`id`, `created_at`, `created_by`, `updated_at`, `updated_by`, `post_id`, `tag_id`) VALUES ('d3bkhps5cmcb9l8l0dqg', '2025-09-27 10:16:07', 'system', '2025-09-27 10:16:07', 'system', 'd3bkhps5cmcb9l8l0dkg', 'd3bkhps5cmcb9l8l0dig')
2025-09-27T10:16:07.480	[34mINFO[0m	[database]	 INSERT        1 ms INSERT INTO `test_post_tag` (`id`, `created_at`, `created_by`, `updated_at`, `updated_by`, `post_id`, `tag_id`) VALUES ('d3bkhps5cmcb9l8l0dr0', '2025-09-27 10:16:07', 'system', '2025-09-27 10:16:07', 'system', 'd3bkhps5cmcb9l8l0dkg', 'd3bkhps5cmcb9l8l0di0')
2025-09-27T10:16:07.481	[34mINFO[0m	[database]	 INSERT        1 ms INSERT INTO `test_post_tag` (`id`, `created_at`, `created_by`, `updated_at`, `updated_by`, `post_id`, `tag_id`) VALUES ('d3bkhps5cmcb9l8l0drg', '2025-09-27 10:16:07', 'system', '2025-09-27 10:16:07', 'system', 'd3bkhps5cmcb9l8l0dl0', 'd3bkhps5cmcb9l8l0dhg')
2025-09-27T10:16:07.482	[34mINFO[0m	[database]	 INSERT        0 ms INSERT INTO `test_post_tag` (`id`, `created_at`, `created_by`, `updated_at`, `updated_by`, `post_id`, `tag_id`) VALUES ('d3bkhps5cmcb9l8l0ds0', '2025-09-27 10:16:07', 'system', '2025-09-27 10:16:07', 'system', 'd3bkhps5cmcb9l8l0dl0', 'd3bkhps5cmcb9l8l0dgg')
2025-09-27T10:16:07.484	[34mINFO[0m	[database]	 INSERT        1 ms INSERT INTO `test_post_tag` (`id`, `created_at`, `created_by`, `updated_at`, `updated_by`, `post_id`, `tag_id`) VALUES ('d3bkhps5cmcb9l8l0dsg', '2025-09-27 10:16:07', 'system', '2025-09-27 10:16:07', 'system', 'd3bkhps5cmcb9l8l0dl0', 'd3bkhps5cmcb9l8l0dig')
2025-09-27T10:16:07.485	[34mINFO[0m	[database]	 INSERT        0 ms INSERT INTO `test_post_tag` (`id`, `created_at`, `created_by`, `updated_at`, `updated_by`, `post_id`, `tag_id`) VALUES ('d3bkhps5cmcb9l8l0dt0', '2025-09-27 10:16:07', 'system', '2025-09-27 10:16:07', 'system', 'd3bkhps5cmcb9l8l0dlg', 'd3bkhps5cmcb9l8l0di0')
2025-09-27T10:16:07.486	[34mINFO[0m	[database]	 INSERT        0 ms INSERT INTO `test_post_tag` (`id`, `created_at`, `created_by`, `updated_at`, `updated_by`, `post_id`, `tag_id`) VALUES ('d3bkhps5cmcb9l8l0dtg', '2025-09-27 10:16:07', 'system', '2025-08-08 00:02:40', 'system', 'd3bkhps5cmcb9l8l0dlg', 'd3bkhps5cmcb9l8l0dig')
2025-09-27T10:16:07.487	[34mINFO[0m	[database]	 INSERT        0 ms INSERT INTO `test_post_tag` (`id`, `created_at`, `created_by`, `updated_at`, `updated_by`, `post_id`, `tag_id`) VALUES ('d3bkhps5cmcb9l8l0du0', '2025-09-27 10:16:07', 'system', '2025-09-27 10:16:07', 'system', 'd3bkhps5cmcb9l8l0dm0', 'd3bkhps5cmcb9l8l0di0')
2025-09-27T10:16:07.488	[34mINFO[0m	[database]	 INSERT        0 ms INSERT INTO `test_post_tag` (`id`, `created_at`, `created_by`, `updated_at`, `updated_by`, `post_id`, `tag_id`) VALUES ('d3bkhps5cmcb9l8l0dug', '2025-09-27 10:16:07', 'system', '2025-09-27 10:16:07', 'system', 'd3bkhps5cmcb9l8l0dm0', 'd3bkhps5cmcb9l8l0dgg')
2025-09-27T10:16:07.489	[34mINFO[0m	[database]	 INSERT        1 ms INSERT INTO `test_post_tag` (`id`, `created_at`, `created_by`, `updated_at`, `updated_by`, `post_id`, `tag_id`) VALUES ('d3bkhps5cmcb9l8l0dv0', '2025-09-27 10:16:07', 'system', '2025-09-27 10:16:07', 'system', 'd3bkhps5cmcb9l8l0dmg', 'd3bkhps5cmcb9l8l0dig')
2025-09-27T10:16:07.491	[34mINFO[0m	[database]	 INSERT        2 ms INSERT INTO `test_post_tag` (`id`, `created_at`, `created_by`, `updated_at`, `updated_by`, `post_id`, `tag_id`) VALUES ('d3bkhps5cmcb9l8l0dvg', '2025-09-27 10:16:07', 'system', '2025-09-27 10:16:07', 'system', 'd3bkhps5cmcb9l8l0dmg', 'd3bkhps5cmcb9l8l0di0')
2025-09-27T10:16:07.492	[34mINFO[0m	[database]	 CREATE TABLE      1 ms CREATE TABLE IF NOT EXISTS `test_simple` (`id` VARCHAR(255) NOT NULL, `created_at` timestamp NOT NULL DEFAULT CURRENT_TIMESTAMP, `created_by` VARCHAR(255) NOT NULL, `updated_at` timestamp NOT NULL DEFAULT CURRENT_TIMESTAMP, `updated_by` VARCHAR(255) NOT NULL, `name` VARCHAR(255) NOT NULL, `value` BIGINT NOT NULL, PRIMARY KEY (`id`))
2025-09-27T10:16:07.493	[34mINFO[0m	[database]	 CREATE TABLE      0 ms CREATE TABLE IF NOT EXISTS `test_complex` (`id` VARCHAR(255) NOT NULL, `created_at` timestamp NOT NULL DEFAULT CURRENT_TIMESTAMP, `created_by` VARCHAR(255) NOT NULL, `updated_at` timestamp NOT NULL DEFAULT CURRENT_TIMESTAMP, `updated_by` VARCHAR(255) NOT NULL, `string_field` VARCHAR(255) NOT NULL, `int_field` BIGINT NOT NULL, `float_field` DOUBLE PRECISION NOT NULL, `bool_field` BOOLEAN NOT NULL, `time_field` DATETIME NOT NULL, `null_string` VARCHAR(255), `null_int` BIGINT, `null_time` DATETIME, `json_field` VARCHAR(255), `array_field` VARCHAR(255), PRIMARY KEY (`id`))
    orm_test.go:161: Test fixtures loaded for mysql database
=== RUN   TestMultiDatabaseORM/TestMySQL/TestBasicUpdate
    update_test.go:13: Testing basic UPDATE for mysql
2025-09-27T10:16:07.493	[34mINFO[0m	[database]	 SELECT        0 ms SELECT `u`.`id`, `u`.`created_at`, `u`.`created_by`, `u`.`updated_at`, `u`.`updated_by`, `u`.`name`, `u`.`email`, `u`.`age`, `u`.`is_active`, `u`.`meta` FROM `test_user` AS `u` WHERE (`u`.`email` = 'alice@example.com')
2025-09-27T10:16:07.494	[34mINFO[0m	[database]	 UPDATE        1 ms UPDATE `test_user` AS `u` SET `u`.`age` = 31 WHERE (`u`.`email` = 'alice@example.com')
2025-09-27T10:16:07.495	[34mINFO[0m	[database]	 SELECT        0 ms SELECT `u`.`id`, `u`.`created_at`, `u`.`created_by`, `u`.`updated_at`, `u`.`updated_by`, `u`.`name`, `u`.`email`, `u`.`age`, `u`.`is_active`, `u`.`meta` FROM `test_user` AS `u` WHERE (`u`.`email` = 'alice@example.com')
2025-09-27T10:16:07.496	[34mINFO[0m	[database]	 UPDATE        1 ms UPDATE `test_user` AS `u` SET `u`.`name` = 'Alice Smith', `u`.`age` = 32 WHERE (`u`.`email` = 'alice@example.com')
2025-09-27T10:16:07.496	[34mINFO[0m	[database]	 SELECT        0 ms SELECT `u`.`id`, `u`.`created_at`, `u`.`created_by`, `u`.`updated_at`, `u`.`updated_by`, `u`.`name`, `u`.`email`, `u`.`age`, `u`.`is_active`, `u`.`meta` FROM `test_user` AS `u` WHERE (`u`.`email` = 'alice@example.com')
2025-09-27T10:16:07.497	[34mINFO[0m	[database]	 UPDATE        1 ms UPDATE `test_user` AS `u` SET `updated_at` = '2025-09-27 10:16:07', `updated_by` = 'system', `name` = 'Alice Johnson Updated', `email` = '', `age` = 33, `is_active` = FALSE, `meta` = 'null' WHERE (`u`.`id` = 'd3bkhps5cmcb9l8l0dd0')
2025-09-27T10:16:07.497	[34mINFO[0m	[database]	 SELECT        0 ms SELECT `u`.`id`, `u`.`created_at`, `u`.`created_by`, `u`.`updated_at`, `u`.`updated_by`, `u`.`name`, `u`.`email`, `u`.`age`, `u`.`is_active`, `u`.`meta` FROM `test_user` AS `u` WHERE (`u`.`id` = 'd3bkhps5cmcb9l8l0dd0')
2025-09-27T10:16:07.498	[34mINFO[0m	[database]	 UPDATE        0 ms UPDATE `test_user` AS `u` SET `u`.`name` = 'Alice Johnson', `u`.`age` = 30, `u`.`is_active` = TRUE WHERE (`u`.`id` = 'd3bkhps5cmcb9l8l0dd0')
=== RUN   TestMultiDatabaseORM/TestMySQL/TestUpdateBulkOperations
    update_test.go:672: Testing bulk UPDATE operations for mysql
2025-09-27T10:16:07.500	[34mINFO[0m	[database]	 UPDATE        1 ms UPDATE `test_post` AS `p` SET `p`.`updated_by` = 'bulk_update_test' WHERE (`p`.`status` = 'published')
2025-09-27T10:16:07.500	[34mINFO[0m	[database]	 SELECT        0 ms SELECT `p`.`id`, `p`.`created_at`, `p`.`created_by`, `p`.`updated_at`, `p`.`updated_by`, `p`.`title`, `p`.`content`, `p`.`description`, `p`.`user_id`, `p`.`category_id`, `p`.`status`, `p`.`view_count` FROM `test_post` AS `p` WHERE (`p`.`updated_by` = 'bulk_update_test')
2025-09-27T10:16:07.502	[34mINFO[0m	[database]	 UPDATE        1 ms UPDATE `test_post` AS `p` SET `p`.`view_count` = view_count + 5 WHERE (`p`.`status` = 'published')
2025-09-27T10:16:07.503	[34mINFO[0m	[database]	 UPDATE        1 ms UPDATE `test_post` AS `p` SET `p`.`status` = CASE WHEN `p`.`view_count` > 100 THEN 'high_traffic' WHEN `p`.`view_count` > 50 THEN 'medium_traffic' ELSE 'low_traffic' END WHERE (`p`.`status` <> 'draft')
2025-09-27T10:16:07.503	[34mINFO[0m	[database]	 SELECT        0 ms SELECT `p`.`id`, `p`.`created_at`, `p`.`created_by`, `p`.`updated_at`, `p`.`updated_by`, `p`.`title`, `p`.`content`, `p`.`description`, `p`.`user_id`, `p`.`category_id`, `p`.`status`, `p`.`view_count` FROM `test_post` AS `p` WHERE (`p`.`status` IN ('high_traffic', 'medium_traffic', 'low_traffic'))
2025-09-27T10:16:07.504	[34mINFO[0m	[database]	 UPDATE        1 ms UPDATE `test_post` AS `p` SET `p`.`status` = 'review', `p`.`updated_by` = 'system', `p`.`view_count` = view_count - 5 WHERE (`p`.`title` = 'Advanced Go Patterns')
2025-09-27T10:16:07.505	[34mINFO[0m	[database]	 UPDATE        1 ms UPDATE `test_post` AS `p` SET `p`.`status` = 'published', `p`.`updated_by` = 'system', `p`.`view_count` = view_count - 5 WHERE (`p`.`title` = 'Latest Trends in Science')
2025-09-27T10:16:07.506	[34mINFO[0m	[database]	 UPDATE        0 ms UPDATE `test_post` AS `p` SET `p`.`status` = 'published', `p`.`updated_by` = 'system', `p`.`view_count` = view_count - 5 WHERE (`p`.`title` = 'Practical Tech Tutorials')
2025-09-27T10:16:07.507	[34mINFO[0m	[database]	 UPDATE        1 ms UPDATE `test_post` AS `p` SET `p`.`status` = 'published', `p`.`updated_by` = 'system', `p`.`view_count` = view_count - 5 WHERE (`p`.`title` = 'Startup Finance 101')
2025-09-27T10:16:07.509	[34mINFO[0m	[database]	 UPDATE        1 ms UPDATE `test_post` AS `p` SET `p`.`status` = 'published', `p`.`updated_by` = 'system', `p`.`view_count` = view_count - 5 WHERE (`p`.`title` = 'Introduction to Go')
2025-09-27T10:16:07.510	[34mINFO[0m	[database]	 UPDATE        1 ms UPDATE `test_post` AS `p` SET `p`.`status` = 'published', `p`.`updated_by` = 'system', `p`.`view_count` = view_count - 5 WHERE (`p`.`title` = 'Database Design Basics')
2025-09-27T10:16:07.511	[34mINFO[0m	[database]	 UPDATE        1 ms UPDATE `test_post` AS `p` SET `p`.`status` = 'draft', `p`.`updated_by` = 'system', `p`.`view_count` = view_count - 5 WHERE (`p`.`title` = 'Machine Learning Basics')
2025-09-27T10:16:07.513	[34mINFO[0m	[database]	 UPDATE        1 ms UPDATE `test_post` AS `p` SET `p`.`status` = 'published', `p`.`updated_by` = 'system', `p`.`view_count` = view_count - 5 WHERE (`p`.`title` = 'Business Strategy Fundamentals')
=== RUN   TestMultiDatabaseORM/TestMySQL/TestUpdateComplexModel
    update_test.go:515: Testing UPDATE with complex model for mysql
2025-09-27T10:16:07.514	[34mINFO[0m	[database]	 INSERT        1 ms INSERT INTO `test_complex` (`id`, `created_at`, `created_by`, `updated_at`, `updated_by`, `string_field`, `int_field`, `float_field`, `bool_field`, `time_field`, `null_string`, `null_int`, `null_time`, `json_field`, `array_field`) VALUES ('d3bkhps5cmcb9l8l0e00', '2025-09-27 10:16:07', 'system', '2025-09-27 10:16:07', 'system', 'original string', 100, 1.234, FALSE, '2025-09-27 09:16:07.513352', DEFAULT, DEFAULT, DEFAULT, '{"original":true}', 'null')
2025-09-27T10:16:07.516	[34mINFO[0m	[database]	 UPDATE        1 ms UPDATE `test_complex` AS `cm` SET `cm`.`string_field` = 'updated string', `cm`.`int_field` = 200, `cm`.`float_field` = 5.678, `cm`.`bool_field` = TRUE, `cm`.`time_field` = '2025-09-27 10:16:07.513352' WHERE (`cm`.`id` = 'd3bkhps5cmcb9l8l0e00')
2025-09-27T10:16:07.516	[34mINFO[0m	[database]	 SELECT        0 ms SELECT `cm`.`id`, `cm`.`created_at`, `cm`.`created_by`, `cm`.`updated_at`, `cm`.`updated_by`, `cm`.`string_field`, `cm`.`int_field`, `cm`.`float_field`, `cm`.`bool_field`, `cm`.`time_field`, `cm`.`null_string`, `cm`.`null_int`, `cm`.`null_time`, `cm`.`json_field`, `cm`.`array_field` FROM `test_complex` AS `cm` WHERE (`cm`.`id` = 'd3bkhps5cmcb9l8l0e00')
2025-09-27T10:16:07.518	[34mINFO[0m	[database]	 UPDATE        1 ms UPDATE `test_complex` AS `cm` SET `cm`.`json_field` = '{"items":["a","b","c"],"updated":true,"version":2}' WHERE (`cm`.`id` = 'd3bkhps5cmcb9l8l0e00')
2025-09-27T10:16:07.518	[34mINFO[0m	[database]	 SELECT        0 ms SELECT `cm`.`id`, `cm`.`created_at`, `cm`.`created_by`, `cm`.`updated_at`, `cm`.`updated_by`, `cm`.`string_field`, `cm`.`int_field`, `cm`.`float_field`, `cm`.`bool_field`, `cm`.`time_field`, `cm`.`null_string`, `cm`.`null_int`, `cm`.`null_time`, `cm`.`json_field`, `cm`.`array_field` FROM `test_complex` AS `cm` WHERE (`cm`.`id` = 'd3bkhps5cmcb9l8l0e00')
2025-09-27T10:16:07.519	[34mINFO[0m	[database]	 UPDATE        1 ms UPDATE `test_complex` AS `cm` SET `cm`.`null_string` = 'not null anymore', `cm`.`null_int` = 42, `cm`.`null_time` = '2025-09-27 10:16:07.513352' WHERE (`cm`.`id` = 'd3bkhps5cmcb9l8l0e00')
2025-09-27T10:16:07.520	[34mINFO[0m	[database]	 SELECT        0 ms SELECT `cm`.`id`, `cm`.`created_at`, `cm`.`created_by`, `cm`.`updated_at`, `cm`.`updated_by`, `cm`.`string_field`, `cm`.`int_field`, `cm`.`float_field`, `cm`.`bool_field`, `cm`.`time_field`, `cm`.`null_string`, `cm`.`null_int`, `cm`.`null_time`, `cm`.`json_field`, `cm`.`array_field` FROM `test_complex` AS `cm` WHERE (`cm`.`id` = 'd3bkhps5cmcb9l8l0e00')
2025-09-27T10:16:07.521	[34mINFO[0m	[database]	 UPDATE        1 ms UPDATE `test_complex` AS `cm` SET `cm`.`null_string` = NULL, `cm`.`null_int` = NULL, `cm`.`null_time` = NULL WHERE (`cm`.`id` = 'd3bkhps5cmcb9l8l0e00')
2025-09-27T10:16:07.521	[34mINFO[0m	[database]	 SELECT        0 ms SELECT `cm`.`id`, `cm`.`created_at`, `cm`.`created_by`, `cm`.`updated_at`, `cm`.`updated_by`, `cm`.`string_field`, `cm`.`int_field`, `cm`.`float_field`, `cm`.`bool_field`, `cm`.`time_field`, `cm`.`null_string`, `cm`.`null_int`, `cm`.`null_time`, `cm`.`json_field`, `cm`.`array_field` FROM `test_complex` AS `cm` WHERE (`cm`.`id` = 'd3bkhps5cmcb9l8l0e00')
2025-09-27T10:16:07.523	[34mINFO[0m	[database]	 DELETE        1 ms DELETE FROM `test_complex` AS `cm` WHERE (`cm`.`id` = 'd3bkhps5cmcb9l8l0e00')
=== RUN   TestMultiDatabaseORM/TestMySQL/TestUpdateErrorHandling
    update_test.go:780: Testing UPDATE error handling for mysql
2025-09-27T10:16:07.523	[34mINFO[0m	[database]	 UPDATE        0 ms UPDATE `test_user` AS `u` SET `u`.`name` = 'Non-existent User' WHERE (`u`.`email` = 'nonexistent@example.com')
2025-09-27T10:16:07.524	[34mINFO[0m	[database]	 INSERT        1 ms INSERT INTO `test_user` (`id`, `created_at`, `created_by`, `updated_at`, `updated_by`, `name`, `email`, `age`, `is_active`, `meta`) VALUES ('d3bkhps5cmcb9l8l0e0g', '2025-09-27 10:16:07', 'system', '2025-09-27 10:16:07', 'system', 'Test User For Update', 'testupdate@example.com', 25, TRUE, 'null')
2025-09-27T10:16:07.525	[34mINFO[0m	[database]	 UPDATE        1 ms UPDATE `test_user` AS `u` SET `u`.`updated_by` = 'no_where_test' WHERE (`u`.`email` = 'testupdate@example.com')
2025-09-27T10:16:07.526	[31mERROR[0m	[database]	 UPDATE        0 ms UPDATE `test_user` AS `u` SET `u`.`non_existent_field` = 'value' WHERE (`u`.`id` = 'd3bkhps5cmcb9l8l0e0g')  Error 1054 (42S22): Unknown column 'u.non_existent_field' in 'field list' 
2025-09-27T10:16:07.527	[34mINFO[0m	[database]	 DELETE        1 ms DELETE FROM `test_user` AS `u` WHERE (`u`.`email` = 'testupdate@example.com')
=== RUN   TestMultiDatabaseORM/TestMySQL/TestUpdateReturning
    update_test.go:433: Testing UPDATE with RETURNING for mysql
    update_test.go:437: MySQL doesn't support RETURNING clause
=== RUN   TestMultiDatabaseORM/TestMySQL/TestUpdateWithConditions
    update_test.go:117: Testing UPDATE with conditions for mysql
2025-09-27T10:16:07.528	[34mINFO[0m	[database]	 UPDATE        1 ms UPDATE `test_user` AS `u` SET `u`.`updated_by` = 'batch_update' WHERE (`u`.`is_active` IS TRUE)
2025-09-27T10:16:07.528	[34mINFO[0m	[database]	 SELECT        0 ms SELECT `u`.`id`, `u`.`created_at`, `u`.`created_by`, `u`.`updated_at`, `u`.`updated_by`, `u`.`name`, `u`.`email`, `u`.`age`, `u`.`is_active`, `u`.`meta` FROM `test_user` AS `u` WHERE (`u`.`is_active` IS TRUE)
2025-09-27T10:16:07.530	[34mINFO[0m	[database]	 UPDATE        1 ms UPDATE `test_user` AS `u` SET `u`.`updated_by` = 'complex_update' WHERE (`u`.`is_active` IS TRUE) AND (`u`.`age` > 26)
2025-09-27T10:16:07.530	[34mINFO[0m	[database]	 SELECT        0 ms SELECT `u`.`id`, `u`.`created_at`, `u`.`created_by`, `u`.`updated_at`, `u`.`updated_by`, `u`.`name`, `u`.`email`, `u`.`age`, `u`.`is_active`, `u`.`meta` FROM `test_user` AS `u` WHERE (`u`.`updated_by` = 'complex_update')
2025-09-27T10:16:07.531	[34mINFO[0m	[database]	 UPDATE        1 ms UPDATE `test_user` AS `u` SET `u`.`updated_by` = 'or_update' WHERE (`u`.`age` = 25) OR (`u`.`age` = 35)
2025-09-27T10:16:07.531	[34mINFO[0m	[database]	 SELECT        0 ms SELECT `u`.`id`, `u`.`created_at`, `u`.`created_by`, `u`.`updated_at`, `u`.`updated_by`, `u`.`name`, `u`.`email`, `u`.`age`, `u`.`is_active`, `u`.`meta` FROM `test_user` AS `u` WHERE (`u`.`updated_by` = 'or_update') ORDER BY `u`.`name` ASC
2025-09-27T10:16:07.533	[34mINFO[0m	[database]	 UPDATE        1 ms UPDATE `test_user` AS `u` SET `u`.`updated_by` = 'in_update' WHERE (`u`.`name` IN ('Bob Smith', 'Charlie Brown'))
2025-09-27T10:16:07.533	[34mINFO[0m	[database]	 SELECT        0 ms SELECT `u`.`id`, `u`.`created_at`, `u`.`created_by`, `u`.`updated_at`, `u`.`updated_by`, `u`.`name`, `u`.`email`, `u`.`age`, `u`.`is_active`, `u`.`meta` FROM `test_user` AS `u` WHERE (`u`.`updated_by` = 'in_update')
2025-09-27T10:16:07.534	[34mINFO[0m	[database]	 UPDATE        1 ms UPDATE `test_user` AS `u` SET `u`.`updated_by` = 'system' WHERE (`u`.`updated_by` <> 'system')
=== RUN   TestMultiDatabaseORM/TestMySQL/TestUpdateWithExpressions
    update_test.go:223: Testing UPDATE with expressions for mysql
2025-09-27T10:16:07.534	[34mINFO[0m	[database]	 SELECT        0 ms SELECT `p`.`id`, `p`.`created_at`, `p`.`created_by`, `p`.`updated_at`, `p`.`updated_by`, `p`.`title`, `p`.`content`, `p`.`description`, `p`.`user_id`, `p`.`category_id`, `p`.`status`, `p`.`view_count` FROM `test_post` AS `p` WHERE (`p`.`title` LIKE '%Introduction%')
2025-09-27T10:16:07.537	[34mINFO[0m	[database]	 UPDATE        2 ms UPDATE `test_post` AS `p` SET `p`.`view_count` = view_count + 10 WHERE (`p`.`id` = 'd3bkhps5cmcb9l8l0dj0')
2025-09-27T10:16:07.537	[34mINFO[0m	[database]	 SELECT        0 ms SELECT `p`.`id`, `p`.`created_at`, `p`.`created_by`, `p`.`updated_at`, `p`.`updated_by`, `p`.`title`, `p`.`content`, `p`.`description`, `p`.`user_id`, `p`.`category_id`, `p`.`status`, `p`.`view_count` FROM `test_post` AS `p` WHERE (`p`.`id` = 'd3bkhps5cmcb9l8l0dj0')
2025-09-27T10:16:07.538	[34mINFO[0m	[database]	 UPDATE        1 ms UPDATE `test_post` AS `p` SET `p`.`title` = CONCAT('title', ''' - Updated''') WHERE (`p`.`id` = 'd3bkhps5cmcb9l8l0dj0')
2025-09-27T10:16:07.538	[34mINFO[0m	[database]	 SELECT        0 ms SELECT `p`.`id`, `p`.`created_at`, `p`.`created_by`, `p`.`updated_at`, `p`.`updated_by`, `p`.`title`, `p`.`content`, `p`.`description`, `p`.`user_id`, `p`.`category_id`, `p`.`status`, `p`.`view_count` FROM `test_post` AS `p` WHERE (`p`.`id` = 'd3bkhps5cmcb9l8l0dj0')
2025-09-27T10:16:07.540	[34mINFO[0m	[database]	 UPDATE        1 ms UPDATE `test_post` AS `p` SET `p`.`status` = CASE WHEN `p`.`view_count` > 100 THEN 'popular' ELSE 'normal' END WHERE (`p`.`status` <> 'draft')
2025-09-27T10:16:07.540	[34mINFO[0m	[database]	 SELECT        0 ms SELECT `p`.`id`, `p`.`created_at`, `p`.`created_by`, `p`.`updated_at`, `p`.`updated_by`, `p`.`title`, `p`.`content`, `p`.`description`, `p`.`user_id`, `p`.`category_id`, `p`.`status`, `p`.`view_count` FROM `test_post` AS `p` WHERE (`p`.`status` IN ('popular', 'normal'))
2025-09-27T10:16:07.541	[34mINFO[0m	[database]	 UPDATE        1 ms UPDATE `test_post` AS `p` SET `p`.`view_count` = 123, `p`.`title` = 'Introduction to Go', `p`.`status` = 'published' WHERE (`p`.`id` = 'd3bkhps5cmcb9l8l0dj0')
=== RUN   TestMultiDatabaseORM/TestMySQL/TestUpdateWithJoins
    update_test.go:324: Testing UPDATE with JOINs for mysql
2025-09-27T10:16:07.543	[34mINFO[0m	[database]	 UPDATE        1 ms UPDATE `test_post` AS `p` SET `p`.`status` = 'user_inactive_post' WHERE (`p`.`user_id` IN (SELECT `u`.`id` FROM `test_user` AS `u` WHERE (`u`.`is_active` IS FALSE)))
2025-09-27T10:16:07.543	[34mINFO[0m	[database]	 SELECT        0 ms SELECT `p`.`id`, `p`.`created_at`, `p`.`created_by`, `p`.`updated_at`, `p`.`updated_by`, `p`.`title`, `p`.`content`, `p`.`description`, `p`.`user_id`, `p`.`category_id`, `p`.`status`, `p`.`view_count` FROM `test_post` AS `p` WHERE (`p`.`status` = 'user_inactive_post')
2025-09-27T10:16:07.543	[34mINFO[0m	[database]	 SELECT        0 ms SELECT `u`.`id`, `u`.`created_at`, `u`.`created_by`, `u`.`updated_at`, `u`.`updated_by`, `u`.`name`, `u`.`email`, `u`.`age`, `u`.`is_active`, `u`.`meta` FROM `test_user` AS `u` WHERE (`u`.`id` = 'd3bkhps5cmcb9l8l0de0')
2025-09-27T10:16:07.544	[34mINFO[0m	[database]	 SELECT        0 ms SELECT `u`.`id`, `u`.`created_at`, `u`.`created_by`, `u`.`updated_at`, `u`.`updated_by`, `u`.`name`, `u`.`email`, `u`.`age`, `u`.`is_active`, `u`.`meta` FROM `test_user` AS `u` WHERE (`u`.`id` = 'd3bkhps5cmcb9l8l0de0')
2025-09-27T10:16:07.545	[34mINFO[0m	[database]	 UPDATE        1 ms UPDATE `test_post` AS `p` SET `p`.`status` = 'high_activity_user' WHERE (`p`.`user_id` IN (SELECT `u`.`id` FROM `test_user` AS `u` WHERE (`u`.`is_active` IS TRUE) AND (`u`.`age` > 25)))
2025-09-27T10:16:07.545	[34mINFO[0m	[database]	 SELECT        0 ms SELECT `p`.`id`, `p`.`created_at`, `p`.`created_by`, `p`.`updated_at`, `p`.`updated_by`, `p`.`title`, `p`.`content`, `p`.`description`, `p`.`user_id`, `p`.`category_id`, `p`.`status`, `p`.`view_count` FROM `test_post` AS `p` WHERE (`p`.`status` = 'high_activity_user')
2025-09-27T10:16:07.545	[34mINFO[0m	[database]	 SELECT        0 ms SELECT `u`.`id`, `u`.`created_at`, `u`.`created_by`, `u`.`updated_at`, `u`.`updated_by`, `u`.`name`, `u`.`email`, `u`.`age`, `u`.`is_active`, `u`.`meta` FROM `test_user` AS `u` WHERE (`u`.`id` = 'd3bkhps5cmcb9l8l0dd0')
2025-09-27T10:16:07.545	[34mINFO[0m	[database]	 SELECT        0 ms SELECT `u`.`id`, `u`.`created_at`, `u`.`created_by`, `u`.`updated_at`, `u`.`updated_by`, `u`.`name`, `u`.`email`, `u`.`age`, `u`.`is_active`, `u`.`meta` FROM `test_user` AS `u` WHERE (`u`.`id` = 'd3bkhps5cmcb9l8l0dd0')
2025-09-27T10:16:07.545	[34mINFO[0m	[database]	 SELECT        0 ms SELECT `u`.`id`, `u`.`created_at`, `u`.`created_by`, `u`.`updated_at`, `u`.`updated_by`, `u`.`name`, `u`.`email`, `u`.`age`, `u`.`is_active`, `u`.`meta` FROM `test_user` AS `u` WHERE (`u`.`id` = 'd3bkhps5cmcb9l8l0dd0')
2025-09-27T10:16:07.546	[34mINFO[0m	[database]	 SELECT        0 ms SELECT `u`.`id`, `u`.`created_at`, `u`.`created_by`, `u`.`updated_at`, `u`.`updated_by`, `u`.`name`, `u`.`email`, `u`.`age`, `u`.`is_active`, `u`.`meta` FROM `test_user` AS `u` WHERE (`u`.`id` = 'd3bkhps5cmcb9l8l0dd0')
2025-09-27T10:16:07.547	[34mINFO[0m	[database]	 UPDATE        1 ms UPDATE `test_post` AS `p` SET `p`.`status` = 'published' WHERE (`p`.`title` = 'Practical Tech Tutorials')
2025-09-27T10:16:07.548	[34mINFO[0m	[database]	 UPDATE        1 ms UPDATE `test_post` AS `p` SET `p`.`status` = 'published' WHERE (`p`.`title` = 'Startup Finance 101')
2025-09-27T10:16:07.549	[34mINFO[0m	[database]	 UPDATE        1 ms UPDATE `test_post` AS `p` SET `p`.`status` = 'published' WHERE (`p`.`title` = 'Introduction to Go')
2025-09-27T10:16:07.551	[34mINFO[0m	[database]	 UPDATE        1 ms UPDATE `test_post` AS `p` SET `p`.`status` = 'published' WHERE (`p`.`title` = 'Database Design Basics')
2025-09-27T10:16:07.552	[34mINFO[0m	[database]	 UPDATE        1 ms UPDATE `test_post` AS `p` SET `p`.`status` = 'draft' WHERE (`p`.`title` = 'Machine Learning Basics')
2025-09-27T10:16:07.554	[34mINFO[0m	[database]	 UPDATE        1 ms UPDATE `test_post` AS `p` SET `p`.`status` = 'published' WHERE (`p`.`title` = 'Business Strategy Fundamentals')
2025-09-27T10:16:07.555	[34mINFO[0m	[database]	 UPDATE        1 ms UPDATE `test_post` AS `p` SET `p`.`status` = 'review' WHERE (`p`.`title` = 'Advanced Go Patterns')
2025-09-27T10:16:07.557	[34mINFO[0m	[database]	 UPDATE        1 ms UPDATE `test_post` AS `p` SET `p`.`status` = 'published' WHERE (`p`.`title` = 'Latest Trends in Science')
=== RUN   TestMultiDatabaseORM/TestMySQL/TestUpdateWithOptionalFields
    update_test.go:846: Testing UPDATE with optional fields for mysql
2025-09-27T10:16:07.558	[34mINFO[0m	[database]	 SELECT        0 ms SELECT `p`.`id`, `p`.`created_at`, `p`.`created_by`, `p`.`updated_at`, `p`.`updated_by`, `p`.`title`, `p`.`content`, `p`.`description`, `p`.`user_id`, `p`.`category_id`, `p`.`status`, `p`.`view_count` FROM `test_post` AS `p` WHERE (`p`.`description` IS NOT NULL) LIMIT 1
2025-09-27T10:16:07.559	[34mINFO[0m	[database]	 UPDATE        1 ms UPDATE `test_post` AS `p` SET `p`.`description` = 'Updated description for testing' WHERE (`p`.`id` = 'd3bkhps5cmcb9l8l0dj0')
2025-09-27T10:16:07.559	[34mINFO[0m	[database]	 SELECT        0 ms SELECT `p`.`id`, `p`.`created_at`, `p`.`created_by`, `p`.`updated_at`, `p`.`updated_by`, `p`.`title`, `p`.`content`, `p`.`description`, `p`.`user_id`, `p`.`category_id`, `p`.`status`, `p`.`view_count` FROM `test_post` AS `p` WHERE (`p`.`id` = 'd3bkhps5cmcb9l8l0dj0')
2025-09-27T10:16:07.561	[34mINFO[0m	[database]	 UPDATE        1 ms UPDATE `test_post` AS `p` SET `p`.`description` = NULL WHERE (`p`.`id` = 'd3bkhps5cmcb9l8l0dj0')
2025-09-27T10:16:07.561	[34mINFO[0m	[database]	 SELECT        0 ms SELECT `p`.`id`, `p`.`created_at`, `p`.`created_by`, `p`.`updated_at`, `p`.`updated_by`, `p`.`title`, `p`.`content`, `p`.`description`, `p`.`user_id`, `p`.`category_id`, `p`.`status`, `p`.`view_count` FROM `test_post` AS `p` WHERE (`p`.`id` = 'd3bkhps5cmcb9l8l0dj0')
2025-09-27T10:16:07.562	[34mINFO[0m	[database]	 UPDATE        1 ms UPDATE `test_post` AS `p` SET `p`.`description` = 'Getting started with Go' WHERE (`p`.`id` = 'd3bkhps5cmcb9l8l0dj0')
2025-09-27T10:16:07.562	[34mINFO[0m	[database]	 SELECT        0 ms SELECT `p`.`id`, `p`.`created_at`, `p`.`created_by`, `p`.`updated_at`, `p`.`updated_by`, `p`.`title`, `p`.`content`, `p`.`description`, `p`.`user_id`, `p`.`category_id`, `p`.`status`, `p`.`view_count` FROM `test_post` AS `p` WHERE (`p`.`id` = 'd3bkhps5cmcb9l8l0dj0')
=== NAME  TestMultiDatabaseORM/TestMySQL
    orm_test.go:127: Setting up ORM test suite for mysql
2025-09-27T10:16:07.569	[34mINFO[0m	[database]	 DROP TABLE      4 ms DROP TABLE IF EXISTS `test_user`
2025-09-27T10:16:07.578	[34mINFO[0m	[database]	 CREATE TABLE      8 ms CREATE TABLE `test_user` (`id` VARCHAR(255) NOT NULL, `created_at` timestamp NOT NULL DEFAULT CURRENT_TIMESTAMP, `created_by` VARCHAR(255) NOT NULL, `updated_at` timestamp NOT NULL DEFAULT CURRENT_TIMESTAMP, `updated_by` VARCHAR(255) NOT NULL, `name` VARCHAR(255) NOT NULL, `email` VARCHAR(255) NOT NULL, `age` SMALLINT NOT NULL DEFAULT 0, `is_active` BOOLEAN NOT NULL, `meta` VARCHAR(255), PRIMARY KEY (`id`), UNIQUE (`email`))
2025-09-27T10:16:07.579	[34mINFO[0m	[database]	 INSERT        1 ms INSERT INTO `test_user` (`id`, `created_at`, `created_by`, `updated_at`, `updated_by`, `name`, `email`, `age`, `is_active`, `meta`) VALUES ('d3bkhps5cmcb9l8l0e10', '2025-09-27 10:16:07', 'system', '2025-09-27 10:16:07', 'system', 'Alice Johnson', 'alice@example.com', 30, TRUE, '{"interests":["golang","databases"],"role":"admin"}')
2025-09-27T10:16:07.581	[34mINFO[0m	[database]	 INSERT        1 ms INSERT INTO `test_user` (`id`, `created_at`, `created_by`, `updated_at`, `updated_by`, `name`, `email`, `age`, `is_active`, `meta`) VALUES ('d3bkhps5cmcb9l8l0e1g', '2025-09-27 10:16:07', 'system', '2025-09-27 10:16:07', 'system', 'Bob Smith', 'bob@example.com', 25, TRUE, '{"interests":["tutorials","postgres"],"role":"editor"}')
2025-09-27T10:16:07.582	[34mINFO[0m	[database]	 INSERT        1 ms INSERT INTO `test_user` (`id`, `created_at`, `created_by`, `updated_at`, `updated_by`, `name`, `email`, `age`, `is_active`, `meta`) VALUES ('d3bkhps5cmcb9l8l0e20', '2025-09-27 10:16:07', 'system', '2025-09-27 10:16:07', 'system', 'Charlie Brown', 'charlie@example.com', 35, FALSE, '{"interests":["science"],"role":"viewer"}')
2025-09-27T10:16:07.588	[34mINFO[0m	[database]	 DROP TABLE      5 ms DROP TABLE IF EXISTS `test_category`
2025-09-27T10:16:07.598	[34mINFO[0m	[database]	 CREATE TABLE      9 ms CREATE TABLE `test_category` (`id` VARCHAR(255) NOT NULL, `created_at` timestamp NOT NULL DEFAULT CURRENT_TIMESTAMP, `created_by` VARCHAR(255) NOT NULL, `updated_at` timestamp NOT NULL DEFAULT CURRENT_TIMESTAMP, `updated_by` VARCHAR(255) NOT NULL, `name` VARCHAR(255) NOT NULL, `description` VARCHAR(255), `parent_id` VARCHAR(255), PRIMARY KEY (`id`), UNIQUE (`name`))
2025-09-27T10:16:07.599	[34mINFO[0m	[database]	 INSERT        1 ms INSERT INTO `test_category` (`id`, `created_at`, `created_by`, `updated_at`, `updated_by`, `name`, `description`, `parent_id`) VALUES ('d3bkhps5cmcb9l8l0e2g', '2025-09-27 10:16:07', 'system', '2025-09-27 10:16:07', 'system', 'Technology', 'Tech-related posts', DEFAULT)
2025-09-27T10:16:07.600	[34mINFO[0m	[database]	 INSERT        1 ms INSERT INTO `test_category` (`id`, `created_at`, `created_by`, `updated_at`, `updated_by`, `name`, `description`, `parent_id`) VALUES ('d3bkhps5cmcb9l8l0e30', '2025-09-27 10:16:07', 'system', '2025-09-27 10:16:07', 'system', 'Science', 'Scientific articles', DEFAULT)
2025-09-27T10:16:07.602	[34mINFO[0m	[database]	 INSERT        1 ms INSERT INTO `test_category` (`id`, `created_at`, `created_by`, `updated_at`, `updated_by`, `name`, `description`, `parent_id`) VALUES ('d3bkhps5cmcb9l8l0e3g', '2025-09-27 10:16:07', 'system', '2025-09-27 10:16:07', 'system', 'Business', 'Business and economics', DEFAULT)
2025-09-27T10:16:07.603	[34mINFO[0m	[database]	 INSERT        1 ms INSERT INTO `test_category` (`id`, `created_at`, `created_by`, `updated_at`, `updated_by`, `name`, `description`, `parent_id`) VALUES ('d3bkhps5cmcb9l8l0e40', '2025-09-27 10:16:07', 'system', '2025-09-27 10:16:07', 'system', 'GoLang', 'Go-related posts', 'd3bkhps5cmcb9l8l0e2g')
2025-09-27T10:16:07.609	[34mINFO[0m	[database]	 DROP TABLE      5 ms DROP TABLE IF EXISTS `test_tag`
2025-09-27T10:16:07.619	[34mINFO[0m	[database]	 CREATE TABLE      9 ms CREATE TABLE `test_tag` (`id` VARCHAR(255) NOT NULL, `created_at` timestamp NOT NULL DEFAULT CURRENT_TIMESTAMP, `created_by` VARCHAR(255) NOT NULL, `updated_at` timestamp NOT NULL DEFAULT CURRENT_TIMESTAMP, `updated_by` VARCHAR(255) NOT NULL, `name` VARCHAR(255) NOT NULL, `description` VARCHAR(255), PRIMARY KEY (`id`), UNIQUE (`name`))
2025-09-27T10:16:07.620	[34mINFO[0m	[database]	 INSERT        1 ms INSERT INTO `test_tag` (`id`, `created_at`, `created_by`, `updated_at`, `updated_by`, `name`, `description`) VALUES ('d3bkhps5cmcb9l8l0e4g', '2025-09-27 10:16:07', 'system', '2025-09-27 10:16:07', 'system', 'programming', 'Programming related content')
2025-09-27T10:16:07.622	[34mINFO[0m	[database]	 INSERT        1 ms INSERT INTO `test_tag` (`id`, `created_at`, `created_by`, `updated_at`, `updated_by`, `name`, `description`) VALUES ('d3bkhps5cmcb9l8l0e50', '2025-09-27 10:16:07', 'system', '2025-09-27 10:16:07', 'system', 'database', 'Database related content')
2025-09-27T10:16:07.623	[34mINFO[0m	[database]	 INSERT        1 ms INSERT INTO `test_tag` (`id`, `created_at`, `created_by`, `updated_at`, `updated_by`, `name`, `description`) VALUES ('d3bkhps5cmcb9l8l0e5g', '2025-09-27 10:16:07', 'system', '2025-09-27 10:16:07', 'system', 'go', 'Go language topics')
2025-09-27T10:16:07.624	[34mINFO[0m	[database]	 INSERT        1 ms INSERT INTO `test_tag` (`id`, `created_at`, `created_by`, `updated_at`, `updated_by`, `name`, `description`) VALUES ('d3bkhps5cmcb9l8l0e60', '2025-09-27 10:16:07', 'system', '2025-09-27 10:16:07', 'system', 'tutorial', 'Tutorials and guides')
2025-09-27T10:16:07.625	[34mINFO[0m	[database]	 INSERT        0 ms INSERT INTO `test_tag` (`id`, `created_at`, `created_by`, `updated_at`, `updated_by`, `name`, `description`) VALUES ('d3bkhps5cmcb9l8l0e6g', '2025-09-27 10:16:07', 'system', '2025-09-27 10:16:07', 'system', 'advanced', 'Advanced topics')
2025-09-27T10:16:07.630	[34mINFO[0m	[database]	 DROP TABLE      4 ms DROP TABLE IF EXISTS `test_post`
2025-09-27T10:16:07.640	[34mINFO[0m	[database]	 CREATE TABLE     10 ms CREATE TABLE `test_post` (`id` VARCHAR(255) NOT NULL, `created_at` timestamp NOT NULL DEFAULT CURRENT_TIMESTAMP, `created_by` VARCHAR(255) NOT NULL, `updated_at` timestamp NOT NULL DEFAULT CURRENT_TIMESTAMP, `updated_by` VARCHAR(255) NOT NULL, `title` VARCHAR(255) NOT NULL, `content` VARCHAR(255) NOT NULL, `description` VARCHAR(255), `user_id` VARCHAR(255) NOT NULL, `category_id` VARCHAR(255) NOT NULL, `status` VARCHAR(255) NOT NULL DEFAULT 'draft', `view_count` BIGINT NOT NULL DEFAULT 0, PRIMARY KEY (`id`))
2025-09-27T10:16:07.642	[34mINFO[0m	[database]	 INSERT        1 ms INSERT INTO `test_post` (`id`, `created_at`, `created_by`, `updated_at`, `updated_by`, `title`, `content`, `description`, `user_id`, `category_id`, `status`, `view_count`) VALUES ('d3bkhps5cmcb9l8l0e70', '2025-09-27 10:16:07', 'd3bkhps5cmcb9l8l0e10', '2025-09-27 10:16:07', 'd3bkhps5cmcb9l8l0e10', 'Introduction to Go', 'Go is a programming language designed at Google.', 'Getting started with Go', 'd3bkhps5cmcb9l8l0e10', 'd3bkhps5cmcb9l8l0e40', 'published', 123)
2025-09-27T10:16:07.643	[34mINFO[0m	[database]	 INSERT        1 ms INSERT INTO `test_post` (`id`, `created_at`, `created_by`, `updated_at`, `updated_by`, `title`, `content`, `description`, `user_id`, `category_id`, `status`, `view_count`) VALUES ('d3bkhps5cmcb9l8l0e7g', '2025-09-27 10:16:07', 'd3bkhps5cmcb9l8l0e1g', '2025-09-27 10:16:07', 'd3bkhps5cmcb9l8l0e1g', 'Database Design Basics', 'Good database design principles.', 'Normalization and relationships', 'd3bkhps5cmcb9l8l0e1g', 'd3bkhps5cmcb9l8l0e2g', 'published', 87)
2025-09-27T10:16:07.645	[34mINFO[0m	[database]	 INSERT        1 ms INSERT INTO `test_post` (`id`, `created_at`, `created_by`, `updated_at`, `updated_by`, `title`, `content`, `description`, `user_id`, `category_id`, `status`, `view_count`) VALUES ('d3bkhps5cmcb9l8l0e80', '2025-09-27 10:16:07', 'd3bkhps5cmcb9l8l0e10', '2025-09-27 10:16:07', 'd3bkhps5cmcb9l8l0e10', 'Machine Learning Basics', 'An introduction to ML concepts and workflows.', 'Supervised vs unsupervised learning', 'd3bkhps5cmcb9l8l0e10', 'd3bkhps5cmcb9l8l0e30', 'draft', 45)
2025-09-27T10:16:07.646	[34mINFO[0m	[database]	 INSERT        1 ms INSERT INTO `test_post` (`id`, `created_at`, `created_by`, `updated_at`, `updated_by`, `title`, `content`, `description`, `user_id`, `category_id`, `status`, `view_count`) VALUES ('d3bkhps5cmcb9l8l0e8g', '2025-09-27 10:16:07', 'd3bkhps5cmcb9l8l0e20', '2025-09-27 10:16:07', 'd3bkhps5cmcb9l8l0e20', 'Business Strategy Fundamentals', 'Effective business strategies and frameworks.', 'Strategic planning overview', 'd3bkhps5cmcb9l8l0e20', 'd3bkhps5cmcb9l8l0e3g', 'published', 64)
2025-09-27T10:16:07.648	[34mINFO[0m	[database]	 INSERT        1 ms INSERT INTO `test_post` (`id`, `created_at`, `created_by`, `updated_at`, `updated_by`, `title`, `content`, `description`, `user_id`, `category_id`, `status`, `view_count`) VALUES ('d3bkhps5cmcb9l8l0e90', '2025-09-27 10:16:07', 'd3bkhps5cmcb9l8l0e10', '2025-09-27 10:16:07', 'd3bkhps5cmcb9l8l0e10', 'Advanced Go Patterns', 'Exploring advanced patterns and best practices in Go.', 'Idiomatic Go techniques', 'd3bkhps5cmcb9l8l0e10', 'd3bkhps5cmcb9l8l0e40', 'review', 98)
2025-09-27T10:16:07.649	[34mINFO[0m	[database]	 INSERT        0 ms INSERT INTO `test_post` (`id`, `created_at`, `created_by`, `updated_at`, `updated_by`, `title`, `content`, `description`, `user_id`, `category_id`, `status`, `view_count`) VALUES ('d3bkhps5cmcb9l8l0e9g', '2025-09-27 10:16:07', 'd3bkhps5cmcb9l8l0e1g', '2025-09-27 10:16:07', 'd3bkhps5cmcb9l8l0e1g', 'Latest Trends in Science', 'A survey of recent scientific advancements.', 'Interdisciplinary highlights', 'd3bkhps5cmcb9l8l0e1g', 'd3bkhps5cmcb9l8l0e30', 'published', 77)
2025-09-27T10:16:07.650	[34mINFO[0m	[database]	 INSERT        1 ms INSERT INTO `test_post` (`id`, `created_at`, `created_by`, `updated_at`, `updated_by`, `title`, `content`, `description`, `user_id`, `category_id`, `status`, `view_count`) VALUES ('d3bkhps5cmcb9l8l0ea0', '2025-09-27 10:16:07', 'd3bkhps5cmcb9l8l0e20', '2025-09-27 10:16:07', 'd3bkhps5cmcb9l8l0e20', 'Practical Tech Tutorials', 'Hands-on guides for modern technology stacks.', 'Step-by-step tutorials', 'd3bkhps5cmcb9l8l0e20', 'd3bkhps5cmcb9l8l0e2g', 'published', 52)
2025-09-27T10:16:07.651	[34mINFO[0m	[database]	 INSERT        0 ms INSERT INTO `test_post` (`id`, `created_at`, `created_by`, `updated_at`, `updated_by`, `title`, `content`, `description`, `user_id`, `category_id`, `status`, `view_count`) VALUES ('d3bkhps5cmcb9l8l0eag', '2025-09-27 10:16:07', 'd3bkhps5cmcb9l8l0e10', '2025-09-27 10:16:07', 'd3bkhps5cmcb9l8l0e10', 'Startup Finance 101', 'Financial basics for early-stage startups.', 'Cash flow, runway, and budgeting', 'd3bkhps5cmcb9l8l0e10', 'd3bkhps5cmcb9l8l0e3g', 'published', 69)
2025-09-27T10:16:07.656	[34mINFO[0m	[database]	 DROP TABLE      4 ms DROP TABLE IF EXISTS `test_post_tag`
2025-09-27T10:16:07.664	[34mINFO[0m	[database]	 CREATE TABLE      7 ms CREATE TABLE `test_post_tag` (`id` VARCHAR(255) NOT NULL, `created_at` timestamp NOT NULL DEFAULT CURRENT_TIMESTAMP, `created_by` VARCHAR(255) NOT NULL, `updated_at` timestamp NOT NULL DEFAULT CURRENT_TIMESTAMP, `updated_by` VARCHAR(255) NOT NULL, `post_id` VARCHAR(255) NOT NULL, `tag_id` VARCHAR(255) NOT NULL, PRIMARY KEY (`id`))
2025-09-27T10:16:07.665	[34mINFO[0m	[database]	 INSERT        1 ms INSERT INTO `test_post_tag` (`id`, `created_at`, `created_by`, `updated_at`, `updated_by`, `post_id`, `tag_id`) VALUES ('d3bkhps5cmcb9l8l0eb0', '2025-09-27 10:16:07', 'system', '2025-09-27 10:16:07', 'system', 'd3bkhps5cmcb9l8l0e70', 'd3bkhps5cmcb9l8l0e4g')
2025-09-27T10:16:07.667	[34mINFO[0m	[database]	 INSERT        1 ms INSERT INTO `test_post_tag` (`id`, `created_at`, `created_by`, `updated_at`, `updated_by`, `post_id`, `tag_id`) VALUES ('d3bkhps5cmcb9l8l0ebg', '2025-09-27 10:16:07', 'system', '2025-09-27 10:16:07', 'system', 'd3bkhps5cmcb9l8l0e70', 'd3bkhps5cmcb9l8l0e5g')
2025-09-27T10:16:07.668	[34mINFO[0m	[database]	 INSERT        1 ms INSERT INTO `test_post_tag` (`id`, `created_at`, `created_by`, `updated_at`, `updated_by`, `post_id`, `tag_id`) VALUES ('d3bkhps5cmcb9l8l0ec0', '2025-09-27 10:16:07', 'system', '2025-09-27 10:16:07', 'system', 'd3bkhps5cmcb9l8l0e70', 'd3bkhps5cmcb9l8l0e60')
2025-09-27T10:16:07.669	[34mINFO[0m	[database]	 INSERT        1 ms INSERT INTO `test_post_tag` (`id`, `created_at`, `created_by`, `updated_at`, `updated_by`, `post_id`, `tag_id`) VALUES ('d3bkhps5cmcb9l8l0ecg', '2025-09-27 10:16:07', 'system', '2025-09-27 10:16:07', 'system', 'd3bkhps5cmcb9l8l0e7g', 'd3bkhps5cmcb9l8l0e50')
2025-09-27T10:16:07.670	[34mINFO[0m	[database]	 INSERT        1 ms INSERT INTO `test_post_tag` (`id`, `created_at`, `created_by`, `updated_at`, `updated_by`, `post_id`, `tag_id`) VALUES ('d3bkhps5cmcb9l8l0ed0', '2025-09-27 10:16:07', 'system', '2025-09-27 10:16:07', 'system', 'd3bkhps5cmcb9l8l0e7g', 'd3bkhps5cmcb9l8l0e60')
2025-09-27T10:16:07.672	[34mINFO[0m	[database]	 INSERT        1 ms INSERT INTO `test_post_tag` (`id`, `created_at`, `created_by`, `updated_at`, `updated_by`, `post_id`, `tag_id`) VALUES ('d3bkhps5cmcb9l8l0edg', '2025-09-27 10:16:07', 'system', '2025-09-27 10:16:07', 'system', 'd3bkhps5cmcb9l8l0e80', 'd3bkhps5cmcb9l8l0e60')
2025-09-27T10:16:07.674	[34mINFO[0m	[database]	 INSERT        1 ms INSERT INTO `test_post_tag` (`id`, `created_at`, `created_by`, `updated_at`, `updated_by`, `post_id`, `tag_id`) VALUES ('d3bkhps5cmcb9l8l0ee0', '2025-09-27 10:16:07', 'system', '2025-09-27 10:16:07', 'system', 'd3bkhps5cmcb9l8l0e80', 'd3bkhps5cmcb9l8l0e6g')
2025-09-27T10:16:07.675	[34mINFO[0m	[database]	 INSERT        1 ms INSERT INTO `test_post_tag` (`id`, `created_at`, `created_by`, `updated_at`, `updated_by`, `post_id`, `tag_id`) VALUES ('d3bkhps5cmcb9l8l0eeg', '2025-09-27 10:16:07', 'system', '2025-09-27 10:16:07', 'system', 'd3bkhps5cmcb9l8l0e8g', 'd3bkhps5cmcb9l8l0e6g')
2025-09-27T10:16:07.676	[34mINFO[0m	[database]	 INSERT        1 ms INSERT INTO `test_post_tag` (`id`, `created_at`, `created_by`, `updated_at`, `updated_by`, `post_id`, `tag_id`) VALUES ('d3bkhps5cmcb9l8l0ef0', '2025-09-27 10:16:07', 'system', '2025-09-27 10:16:07', 'system', 'd3bkhps5cmcb9l8l0e8g', 'd3bkhps5cmcb9l8l0e60')
2025-09-27T10:16:07.677	[34mINFO[0m	[database]	 INSERT        1 ms INSERT INTO `test_post_tag` (`id`, `created_at`, `created_by`, `updated_at`, `updated_by`, `post_id`, `tag_id`) VALUES ('d3bkhps5cmcb9l8l0efg', '2025-09-27 10:16:07', 'system', '2025-09-27 10:16:07', 'system', 'd3bkhps5cmcb9l8l0e90', 'd3bkhps5cmcb9l8l0e5g')
2025-09-27T10:16:07.679	[34mINFO[0m	[database]	 INSERT        1 ms INSERT INTO `test_post_tag` (`id`, `created_at`, `created_by`, `updated_at`, `updated_by`, `post_id`, `tag_id`) VALUES ('d3bkhps5cmcb9l8l0eg0', '2025-09-27 10:16:07', 'system', '2025-09-27 10:16:07', 'system', 'd3bkhps5cmcb9l8l0e90', 'd3bkhps5cmcb9l8l0e4g')
2025-09-27T10:16:07.680	[34mINFO[0m	[database]	 INSERT        1 ms INSERT INTO `test_post_tag` (`id`, `created_at`, `created_by`, `updated_at`, `updated_by`, `post_id`, `tag_id`) VALUES ('d3bkhps5cmcb9l8l0egg', '2025-09-27 10:16:07', 'system', '2025-09-27 10:16:07', 'system', 'd3bkhps5cmcb9l8l0e90', 'd3bkhps5cmcb9l8l0e6g')
2025-09-27T10:16:07.681	[34mINFO[0m	[database]	 INSERT        0 ms INSERT INTO `test_post_tag` (`id`, `created_at`, `created_by`, `updated_at`, `updated_by`, `post_id`, `tag_id`) VALUES ('d3bkhps5cmcb9l8l0eh0', '2025-09-27 10:16:07', 'system', '2025-09-27 10:16:07', 'system', 'd3bkhps5cmcb9l8l0e9g', 'd3bkhps5cmcb9l8l0e60')
2025-09-27T10:16:07.683	[34mINFO[0m	[database]	 INSERT        1 ms INSERT INTO `test_post_tag` (`id`, `created_at`, `created_by`, `updated_at`, `updated_by`, `post_id`, `tag_id`) VALUES ('d3bkhps5cmcb9l8l0ehg', '2025-09-27 10:16:07', 'system', '2025-08-08 00:02:40', 'system', 'd3bkhps5cmcb9l8l0e9g', 'd3bkhps5cmcb9l8l0e6g')
2025-09-27T10:16:07.684	[34mINFO[0m	[database]	 INSERT        1 ms INSERT INTO `test_post_tag` (`id`, `created_at`, `created_by`, `updated_at`, `updated_by`, `post_id`, `tag_id`) VALUES ('d3bkhps5cmcb9l8l0ei0', '2025-09-27 10:16:07', 'system', '2025-09-27 10:16:07', 'system', 'd3bkhps5cmcb9l8l0ea0', 'd3bkhps5cmcb9l8l0e60')
2025-09-27T10:16:07.686	[34mINFO[0m	[database]	 INSERT        2 ms INSERT INTO `test_post_tag` (`id`, `created_at`, `created_by`, `updated_at`, `updated_by`, `post_id`, `tag_id`) VALUES ('d3bkhps5cmcb9l8l0eig', '2025-09-27 10:16:07', 'system', '2025-09-27 10:16:07', 'system', 'd3bkhps5cmcb9l8l0ea0', 'd3bkhps5cmcb9l8l0e4g')
2025-09-27T10:16:07.688	[34mINFO[0m	[database]	 INSERT        1 ms INSERT INTO `test_post_tag` (`id`, `created_at`, `created_by`, `updated_at`, `updated_by`, `post_id`, `tag_id`) VALUES ('d3bkhps5cmcb9l8l0ej0', '2025-09-27 10:16:07', 'system', '2025-09-27 10:16:07', 'system', 'd3bkhps5cmcb9l8l0eag', 'd3bkhps5cmcb9l8l0e6g')
2025-09-27T10:16:07.689	[34mINFO[0m	[database]	 INSERT        1 ms INSERT INTO `test_post_tag` (`id`, `created_at`, `created_by`, `updated_at`, `updated_by`, `post_id`, `tag_id`) VALUES ('d3bkhps5cmcb9l8l0ejg', '2025-09-27 10:16:07', 'system', '2025-09-27 10:16:07', 'system', 'd3bkhps5cmcb9l8l0eag', 'd3bkhps5cmcb9l8l0e60')
2025-09-27T10:16:07.690	[34mINFO[0m	[database]	 CREATE TABLE      0 ms CREATE TABLE IF NOT EXISTS `test_simple` (`id` VARCHAR(255) NOT NULL, `created_at` timestamp NOT NULL DEFAULT CURRENT_TIMESTAMP, `created_by` VARCHAR(255) NOT NULL, `updated_at` timestamp NOT NULL DEFAULT CURRENT_TIMESTAMP, `updated_by` VARCHAR(255) NOT NULL, `name` VARCHAR(255) NOT NULL, `value` BIGINT NOT NULL, PRIMARY KEY (`id`))
2025-09-27T10:16:07.691	[34mINFO[0m	[database]	 CREATE TABLE      0 ms CREATE TABLE IF NOT EXISTS `test_complex` (`id` VARCHAR(255) NOT NULL, `created_at` timestamp NOT NULL DEFAULT CURRENT_TIMESTAMP, `created_by` VARCHAR(255) NOT NULL, `updated_at` timestamp NOT NULL DEFAULT CURRENT_TIMESTAMP, `updated_by` VARCHAR(255) NOT NULL, `string_field` VARCHAR(255) NOT NULL, `int_field` BIGINT NOT NULL, `float_field` DOUBLE PRECISION NOT NULL, `bool_field` BOOLEAN NOT NULL, `time_field` DATETIME NOT NULL, `null_string` VARCHAR(255), `null_int` BIGINT, `null_time` DATETIME, `json_field` VARCHAR(255), `array_field` VARCHAR(255), PRIMARY KEY (`id`))
    orm_test.go:161: Test fixtures loaded for mysql database
=== RUN   TestMultiDatabaseORM/TestMySQL/TestBasicDelete
    delete_test.go:16: Testing basic DELETE for mysql
2025-09-27T10:16:07.692	[34mINFO[0m	[database]	 INSERT        1 ms INSERT INTO `test_user` (`id`, `created_at`, `created_by`, `updated_at`, `updated_by`, `name`, `email`, `age`, `is_active`, `meta`) VALUES ('d3bkhps5cmcb9l8l0ek0', '2025-09-27 10:16:07', 'system', '2025-09-27 10:16:07', 'system', 'Delete Test User 1', 'delete1@example.com', 25, TRUE, 'null'), ('d3bkhps5cmcb9l8l0ekg', '2025-09-27 10:16:07', 'system', '2025-09-27 10:16:07', 'system', 'Delete Test User 2', 'delete2@example.com', 30, FALSE, 'null')
2025-09-27T10:16:07.693	[34mINFO[0m	[database]	 DELETE        1 ms DELETE FROM `test_user` AS `u` WHERE (`u`.`email` = 'delete1@example.com')
2025-09-27T10:16:07.693	[34mINFO[0m	[database]	 SELECT        0 ms SELECT `u`.`id`, `u`.`created_at`, `u`.`created_by`, `u`.`updated_at`, `u`.`updated_by`, `u`.`name`, `u`.`email`, `u`.`age`, `u`.`is_active`, `u`.`meta` FROM `test_user` AS `u` WHERE (`u`.`email` = 'delete1@example.com')
2025-09-27T10:16:07.695	[34mINFO[0m	[database]	 DELETE        1 ms DELETE FROM `test_user` AS `u` WHERE (`u`.`id` = 'd3bkhps5cmcb9l8l0ekg')
2025-09-27T10:16:07.695	[34mINFO[0m	[database]	 SELECT        0 ms SELECT `u`.`id`, `u`.`created_at`, `u`.`created_by`, `u`.`updated_at`, `u`.`updated_by`, `u`.`name`, `u`.`email`, `u`.`age`, `u`.`is_active`, `u`.`meta` FROM `test_user` AS `u` WHERE (`u`.`id` = 'd3bkhps5cmcb9l8l0ekg')
2025-09-27T10:16:07.696	[34mINFO[0m	[database]	 INSERT        1 ms INSERT INTO `test_user` (`id`, `created_at`, `created_by`, `updated_at`, `updated_by`, `name`, `email`, `age`, `is_active`, `meta`) VALUES ('d3bkhps5cmcb9l8l0el0', '2025-09-27 10:16:07', 'system', '2025-09-27 10:16:07', 'system', 'Bulk Delete 1', 'bulk1@example.com', 20, TRUE, 'null'), ('d3bkhps5cmcb9l8l0elg', '2025-09-27 10:16:07', 'system', '2025-09-27 10:16:07', 'system', 'Bulk Delete 2', 'bulk2@example.com', 21, TRUE, 'null'), ('d3bkhps5cmcb9l8l0em0', '2025-09-27 10:16:07', 'system', '2025-09-27 10:16:07', 'system', 'Bulk Delete 3', 'bulk3@example.com', 22, TRUE, 'null')
2025-09-27T10:16:07.699	[34mINFO[0m	[database]	 DELETE        2 ms DELETE FROM `test_user` AS `u` WHERE (`u`.`email` IN ('bulk1@example.com', 'bulk2@example.com'))
2025-09-27T10:16:07.699	[34mINFO[0m	[database]	 SELECT        0 ms SELECT `u`.`id`, `u`.`created_at`, `u`.`created_by`, `u`.`updated_at`, `u`.`updated_by`, `u`.`name`, `u`.`email`, `u`.`age`, `u`.`is_active`, `u`.`meta` FROM `test_user` AS `u` WHERE (`u`.`email` LIKE 'bulk%')
2025-09-27T10:16:07.704	[34mINFO[0m	[database]	 DELETE        5 ms DELETE FROM `test_user` AS `u` WHERE (`u`.`email` = 'bulk3@example.com')
=== RUN   TestMultiDatabaseORM/TestMySQL/TestDeleteCascade
    delete_test.go:466: Testing cascade DELETE for mysql
2025-09-27T10:16:07.706	[34mINFO[0m	[database]	 INSERT        0 ms INSERT INTO `test_user` (`id`, `created_at`, `created_by`, `updated_at`, `updated_by`, `name`, `email`, `age`, `is_active`, `meta`) VALUES ('d3bkhps5cmcb9l8l0emg', '2025-09-27 10:16:07', 'system', '2025-09-27 10:16:07', 'system', 'Cascade Delete User', 'cascadedelete@example.com', 30, TRUE, 'null')
2025-09-27T10:16:07.707	[34mINFO[0m	[database]	 INSERT        1 ms INSERT INTO `test_category` (`id`, `created_at`, `created_by`, `updated_at`, `updated_by`, `name`, `description`, `parent_id`) VALUES ('d3bkhps5cmcb9l8l0en0', '2025-09-27 10:16:07', 'system', '2025-09-27 10:16:07', 'system', 'Cascade Delete Category', 'Category for cascade test', DEFAULT)
2025-09-27T10:16:07.708	[34mINFO[0m	[database]	 INSERT        1 ms INSERT INTO `test_post` (`id`, `created_at`, `created_by`, `updated_at`, `updated_by`, `title`, `content`, `description`, `user_id`, `category_id`, `status`, `view_count`) VALUES ('d3bkhps5cmcb9l8l0eng', '2025-09-27 10:16:07', 'system', '2025-09-27 10:16:07', 'system', 'Cascade Post 1', 'Content', DEFAULT, 'd3bkhps5cmcb9l8l0emg', 'd3bkhps5cmcb9l8l0en0', 'published', DEFAULT), ('d3bkhps5cmcb9l8l0eo0', '2025-09-27 10:16:07', 'system', '2025-09-27 10:16:07', 'system', 'Cascade Post 2', 'Content', DEFAULT, 'd3bkhps5cmcb9l8l0emg', 'd3bkhps5cmcb9l8l0en0', 'draft', DEFAULT)
2025-09-27T10:16:07.709	[34mINFO[0m	[database]	 DELETE        0 ms DELETE FROM `test_post` AS `p` WHERE (`p`.`user_id` = 'd3bkhps5cmcb9l8l0emg')
2025-09-27T10:16:07.709	[34mINFO[0m	[database]	 SELECT        0 ms SELECT `p`.`id`, `p`.`created_at`, `p`.`created_by`, `p`.`updated_at`, `p`.`updated_by`, `p`.`title`, `p`.`content`, `p`.`description`, `p`.`user_id`, `p`.`category_id`, `p`.`status`, `p`.`view_count` FROM `test_post` AS `p` WHERE (`p`.`user_id` = 'd3bkhps5cmcb9l8l0emg')
2025-09-27T10:16:07.711	[34mINFO[0m	[database]	 DELETE        1 ms DELETE FROM `test_user` AS `u` WHERE (`u`.`id` = 'd3bkhps5cmcb9l8l0emg')
2025-09-27T10:16:07.711	[34mINFO[0m	[database]	 SELECT        0 ms SELECT `u`.`id`, `u`.`created_at`, `u`.`created_by`, `u`.`updated_at`, `u`.`updated_by`, `u`.`name`, `u`.`email`, `u`.`age`, `u`.`is_active`, `u`.`meta` FROM `test_user` AS `u` WHERE (`u`.`id` = 'd3bkhps5cmcb9l8l0emg')
2025-09-27T10:16:07.712	[34mINFO[0m	[database]	 DELETE        1 ms DELETE FROM `test_category` AS `c` WHERE (`c`.`id` = 'd3bkhps5cmcb9l8l0en0')
=== RUN   TestMultiDatabaseORM/TestMySQL/TestDeleteComplexConditions
    delete_test.go:615: Testing DELETE with complex conditions for mysql
2025-09-27T10:16:07.714	[34mINFO[0m	[database]	 INSERT        1 ms INSERT INTO `test_post` (`id`, `created_at`, `created_by`, `updated_at`, `updated_by`, `title`, `content`, `description`, `user_id`, `category_id`, `status`, `view_count`) VALUES ('d3bkhps5cmcb9l8l0eog', '2025-09-27 10:16:07', 'system', '2025-09-27 10:16:07', 'system', 'Complex 1', 'Content', DEFAULT, 'user1', 'cat1', 'draft', 5), ('d3bkhps5cmcb9l8l0ep0', '2025-09-27 10:16:07', 'system', '2025-09-27 10:16:07', 'system', 'Complex 2', 'Content', DEFAULT, 'user1', 'cat1', 'published', 50), ('d3bkhps5cmcb9l8l0epg', '2025-09-27 10:16:07', 'system', '2025-09-27 10:16:07', 'system', 'Complex 3', 'Content', DEFAULT, 'user2', 'cat1', 'published', 150), ('d3bkhps5cmcb9l8l0eq0', '2025-09-27 10:16:07', 'system', '2025-09-27 10:16:07', 'system', 'Complex 4', 'Content', DEFAULT, 'user2', 'cat2', 'review', 25)
2025-09-27T10:16:07.717	[34mINFO[0m	[database]	 DELETE        2 ms DELETE FROM `test_post` AS `p` WHERE (`p`.`status` = 'published') AND ((`p`.`view_count` < 100) OR (`p`.`user_id` = 'user2'))
2025-09-27T10:16:07.717	[34mINFO[0m	[database]	 SELECT        0 ms SELECT `p`.`id`, `p`.`created_at`, `p`.`created_by`, `p`.`updated_at`, `p`.`updated_by`, `p`.`title`, `p`.`content`, `p`.`description`, `p`.`user_id`, `p`.`category_id`, `p`.`status`, `p`.`view_count` FROM `test_post` AS `p` WHERE (`p`.`title` LIKE 'Complex%')
2025-09-27T10:16:07.718	[34mINFO[0m	[database]	 DELETE        1 ms DELETE FROM `test_post` AS `p` WHERE (`p`.`status` <> 'draft') AND (`p`.`view_count` <> 150)
2025-09-27T10:16:07.719	[34mINFO[0m	[database]	 SELECT        0 ms SELECT `p`.`id`, `p`.`created_at`, `p`.`created_by`, `p`.`updated_at`, `p`.`updated_by`, `p`.`title`, `p`.`content`, `p`.`description`, `p`.`user_id`, `p`.`category_id`, `p`.`status`, `p`.`view_count` FROM `test_post` AS `p` WHERE (`p`.`title` LIKE 'Complex%')
2025-09-27T10:16:07.720	[34mINFO[0m	[database]	 INSERT        1 ms INSERT INTO `test_post` (`id`, `created_at`, `created_by`, `updated_at`, `updated_by`, `title`, `content`, `description`, `user_id`, `category_id`, `status`, `view_count`) VALUES ('d3bkhps5cmcb9l8l0eqg', '2025-09-27 10:16:07', 'system', '2025-09-27 10:16:07', 'system', 'Between 1', 'Content', DEFAULT, 'user1', 'cat1', 'published', 25), ('d3bkhps5cmcb9l8l0er0', '2025-09-27 10:16:07', 'system', '2025-09-27 10:16:07', 'system', 'Between 2', 'Content', DEFAULT, 'user1', 'cat1', 'published', 50), ('d3bkhps5cmcb9l8l0erg', '2025-09-27 10:16:07', 'system', '2025-09-27 10:16:07', 'system', 'Between 3', 'Content', DEFAULT, 'user1', 'cat1', 'published', 75), ('d3bkhps5cmcb9l8l0es0', '2025-09-27 10:16:07', 'system', '2025-09-27 10:16:07', 'system', 'Between 4', 'Content', DEFAULT, 'user1', 'cat1', 'published', 100)
2025-09-27T10:16:07.721	[34mINFO[0m	[database]	 DELETE        1 ms DELETE FROM `test_post` AS `p` WHERE (`p`.`view_count` BETWEEN 40 AND 80)
2025-09-27T10:16:07.722	[34mINFO[0m	[database]	 SELECT        0 ms SELECT `p`.`id`, `p`.`created_at`, `p`.`created_by`, `p`.`updated_at`, `p`.`updated_by`, `p`.`title`, `p`.`content`, `p`.`description`, `p`.`user_id`, `p`.`category_id`, `p`.`status`, `p`.`view_count` FROM `test_post` AS `p` WHERE (`p`.`title` LIKE 'Between%')
2025-09-27T10:16:07.723	[34mINFO[0m	[database]	 DELETE        0 ms DELETE FROM `test_post` AS `p` WHERE (`p`.`title` LIKE 'Complex%') OR (`p`.`title` LIKE 'Between%')
=== RUN   TestMultiDatabaseORM/TestMySQL/TestDeleteErrorHandling
    delete_test.go:552: Testing DELETE error handling for mysql
2025-09-27T10:16:07.723	[34mINFO[0m	[database]	 DELETE        0 ms DELETE FROM `test_user` AS `u` WHERE (`u`.`email` = 'nonexistent@example.com')
2025-09-27T10:16:07.724	[34mINFO[0m	[database]	 INSERT        1 ms INSERT INTO `test_simple` (`id`, `created_at`, `created_by`, `updated_at`, `updated_by`, `name`, `value`) VALUES ('d3bkhps5cmcb9l8l0esg', '2025-09-27 10:16:07', 'system', '2025-09-27 10:16:07', 'system', 'Delete All Test 1', 1), ('d3bkhps5cmcb9l8l0et0', '2025-09-27 10:16:07', 'system', '2025-09-27 10:16:07', 'system', 'Delete All Test 2', 2)
2025-09-27T10:16:07.726	[34mINFO[0m	[database]	 DELETE        1 ms DELETE FROM `test_simple` AS `s` WHERE (`s`.`name` LIKE 'Delete All Test%')
2025-09-27T10:16:07.726	[34mINFO[0m	[database]	 SELECT        0 ms SELECT `s`.`id`, `s`.`created_at`, `s`.`created_by`, `s`.`updated_at`, `s`.`updated_by`, `s`.`name`, `s`.`value` FROM `test_simple` AS `s` WHERE (`s`.`name` LIKE 'Delete All Test%')
2025-09-27T10:16:07.726	[31mERROR[0m	[database]	 DELETE        0 ms DELETE FROM `test_user` AS `u` WHERE (`u`.`invalid_field` = 'value')  Error 1054 (42S22): Unknown column 'u.invalid_field' in 'where clause' 
=== RUN   TestMultiDatabaseORM/TestMySQL/TestDeletePerformance
    delete_test.go:735: Testing DELETE performance for mysql
2025-09-27T10:16:07.729	[34mINFO[0m	[database]	 INSERT        1 ms INSERT INTO `test_user` (`id`, `created_at`, `created_by`, `updated_at`, `updated_by`, `name`, `email`, `age`, `is_active`, `meta`) VALUES ('d3bkhps5cmcb9l8l0etg', '2025-09-27 10:16:07', 'system', '2025-09-27 10:16:07', 'system', 'Perf User 0', 'perf-000@example.com', 20, TRUE, 'null'), ('d3bkhps5cmcb9l8l0eu0', '2025-09-27 10:16:07', 'system', '2025-09-27 10:16:07', 'system', 'Perf User 1', 'perf-001@example.com', 21, FALSE, 'null'), ('d3bkhps5cmcb9l8l0eug', '2025-09-27 10:16:07', 'system', '2025-09-27 10:16:07', 'system', 'Perf User 2', 'perf-002@example.com', 22, TRUE, 'null'), ('d3bkhps5cmcb9l8l0ev0', '2025-09-27 10:16:07', 'system', '2025-09-27 10:16:07', 'system', 'Perf User 3', 'perf-003@example.com', 23, FALSE, 'null'), ('d3bkhps5cmcb9l8l0evg', '2025-09-27 10:16:07', 'system', '2025-09-27 10:16:07', 'system', 'Perf User 4', 'perf-004@example.com', 24, TRUE, 'null'), ('d3bkhps5cmcb9l8l0f00', '2025-09-27 10:16:07', 'system', '2025-09-27 10:16:07', 'system', 'Perf User 5', 'perf-005@example.com', 25, FALSE, 'null'), ('d3bkhps5cmcb9l8l0f0g', '2025-09-27 10:16:07', 'system', '2025-09-27 10:16:07', 'system', 'Perf User 6', 'perf-006@example.com', 26, TRUE, 'null'), ('d3bkhps5cmcb9l8l0f10', '2025-09-27 10:16:07', 'system', '2025-09-27 10:16:07', 'system', 'Perf User 7', 'perf-007@example.com', 27, FALSE, 'null'), ('d3bkhps5cmcb9l8l0f1g', '2025-09-27 10:16:07', 'system', '2025-09-27 10:16:07', 'system', 'Perf User 8', 'perf-008@example.com', 28, TRUE, 'null'), ('d3bkhps5cmcb9l8l0f20', '2025-09-27 10:16:07', 'system', '2025-09-27 10:16:07', 'system', 'Perf User 9', 'perf-009@example.com', 29, FALSE, 'null'), ('d3bkhps5cmcb9l8l0f2g', '2025-09-27 10:16:07', 'system', '2025-09-27 10:16:07', 'system', 'Perf User 10', 'perf-010@example.com', 30, TRUE, 'null'), ('d3bkhps5cmcb9l8l0f30', '2025-09-27 10:16:07', 'system', '2025-09-27 10:16:07', 'system', 'Perf User 11', 'perf-011@example.com', 31, FALSE, 'null'), ('d3bkhps5cmcb9l8l0f3g', '2025-09-27 10:16:07', 'system', '2025-09-27 10:16:07', 'system', 'Perf User 12', 'perf-012@example.com', 32, TRUE, 'null'), ('d3bkhps5cmcb9l8l0f40', '2025-09-27 10:16:07', 'system', '2025-09-27 10:16:07', 'system', 'Perf User 13', 'perf-013@example.com', 33, FALSE, 'null'), ('d3bkhps5cmcb9l8l0f4g', '2025-09-27 10:16:07', 'system', '2025-09-27 10:16:07', 'system', 'Perf User 14', 'perf-014@example.com', 34, TRUE, 'null'), ('d3bkhps5cmcb9l8l0f50', '2025-09-27 10:16:07', 'system', '2025-09-27 10:16:07', 'system', 'Perf User 15', 'perf-015@example.com', 35, FALSE, 'null'), ('d3bkhps5cmcb9l8l0f5g', '2025-09-27 10:16:07', 'system', '2025-09-27 10:16:07', 'system', 'Perf User 16', 'perf-016@example.com', 36, TRUE, 'null'), ('d3bkhps5cmcb9l8l0f60', '2025-09-27 10:16:07', 'system', '2025-09-27 10:16:07', 'system', 'Perf User 17', 'perf-017@example.com', 37, FALSE, 'null'), ('d3bkhps5cmcb9l8l0f6g', '2025-09-27 10:16:07', 'system', '2025-09-27 10:16:07', 'system', 'Perf User 18', 'perf-018@example.com', 38, TRUE, 'null'), ('d3bkhps5cmcb9l8l0f70', '2025-09-27 10:16:07', 'system', '2025-09-27 10:16:07', 'system', 'Perf User 19', 'perf-019@example.com', 39, FALSE, 'null'), ('d3bkhps5cmcb9l8l0f7g', '2025-09-27 10:16:07', 'system', '2025-09-27 10:16:07', 'system', 'Perf User 20', 'perf-020@example.com', 40, TRUE, 'null'), ('d3bkhps5cmcb9l8l0f80', '2025-09-27 10:16:07', 'system', '2025-09-27 10:16:07', 'system', 'Perf User 21', 'perf-021@example.com', 41, FALSE, 'null'), ('d3bkhps5cmcb9l8l0f8g', '2025-09-27 10:16:07', 'system', '2025-09-27 10:16:07', 'system', 'Perf User 22', 'perf-022@example.com', 42, TRUE, 'null'), ('d3bkhps5cmcb9l8l0f90', '2025-09-27 10:16:07', 'system', '2025-09-27 10:16:07', 'system', 'Perf User 23', 'perf-023@example.com', 43, FALSE, 'null'), ('d3bkhps5cmcb9l8l0f9g', '2025-09-27 10:16:07', 'system', '2025-09-27 10:16:07', 'system', 'Perf User 24', 'perf-024@example.com', 44, TRUE, 'null'), ('d3bkhps5cmcb9l8l0fa0', '2025-09-27 10:16:07', 'system', '2025-09-27 10:16:07', 'system', 'Perf User 25', 'perf-025@example.com', 45, FALSE, 'null'), ('d3bkhps5cmcb9l8l0fag', '2025-09-27 10:16:07', 'system', '2025-09-27 10:16:07', 'system', 'Perf User 26', 'perf-026@example.com', 46, TRUE, 'null'), ('d3bkhps5cmcb9l8l0fb0', '2025-09-27 10:16:07', 'system', '2025-09-27 10:16:07', 'system', 'Perf User 27', 'perf-027@example.com', 47, FALSE, 'null'), ('d3bkhps5cmcb9l8l0fbg', '2025-09-27 10:16:07', 'system', '2025-09-27 10:16:07', 'system', 'Perf User 28', 'perf-028@example.com', 48, TRUE, 'null'), ('d3bkhps5cmcb9l8l0fc0', '2025-09-27 10:16:07', 'system', '2025-09-27 10:16:07', 'system', 'Perf User 29', 'perf-029@example.com', 49, FALSE, 'null'), ('d3bkhps5cmcb9l8l0fcg', '2025-09-27 10:16:07', 'system', '2025-09-27 10:16:07', 'system', 'Perf User 30', 'perf-030@example.com', 50, TRUE, 'null'), ('d3bkhps5cmcb9l8l0fd0', '2025-09-27 10:16:07', 'system', '2025-09-27 10:16:07', 'system', 'Perf User 31', 'perf-031@example.com', 51, FALSE, 'null'), ('d3bkhps5cmcb9l8l0fdg', '2025-09-27 10:16:07', 'system', '2025-09-27 10:16:07', 'system', 'Perf User 32', 'perf-032@example.com', 52, TRUE, 'null'), ('d3bkhps5cmcb9l8l0fe0', '2025-09-27 10:16:07', 'system', '2025-09-27 10:16:07', 'system', 'Perf User 33', 'perf-033@example.com', 53, FALSE, 'null'), ('d3bkhps5cmcb9l8l0feg', '2025-09-27 10:16:07', 'system', '2025-09-27 10:16:07', 'system', 'Perf User 34', 'perf-034@example.com', 54, TRUE, 'null'), ('d3bkhps5cmcb9l8l0ff0', '2025-09-27 10:16:07', 'system', '2025-09-27 10:16:07', 'system', 'Perf User 35', 'perf-035@example.com', 55, FALSE, 'null'), ('d3bkhps5cmcb9l8l0ffg', '2025-09-27 10:16:07', 'system', '2025-09-27 10:16:07', 'system', 'Perf User 36', 'perf-036@example.com', 56, TRUE, 'null'), ('d3bkhps5cmcb9l8l0fg0', '2025-09-27 10:16:07', 'system', '2025-09-27 10:16:07', 'system', 'Perf User 37', 'perf-037@example.com', 57, FALSE, 'null'), ('d3bkhps5cmcb9l8l0fgg', '2025-09-27 10:16:07', 'system', '2025-09-27 10:16:07', 'system', 'Perf User 38', 'perf-038@example.com', 58, TRUE, 'null'), ('d3bkhps5cmcb9l8l0fh0', '2025-09-27 10:16:07', 'system', '2025-09-27 10:16:07', 'system', 'Perf User 39', 'perf-039@example.com', 59, FALSE, 'null'), ('d3bkhps5cmcb9l8l0fhg', '2025-09-27 10:16:07', 'system', '2025-09-27 10:16:07', 'system', 'Perf User 40', 'perf-040@example.com', 60, TRUE, 'null'), ('d3bkhps5cmcb9l8l0fi0', '2025-09-27 10:16:07', 'system', '2025-09-27 10:16:07', 'system', 'Perf User 41', 'perf-041@example.com', 61, FALSE, 'null'), ('d3bkhps5cmcb9l8l0fig', '2025-09-27 10:16:07', 'system', '2025-09-27 10:16:07', 'system', 'Perf User 42', 'perf-042@example.com', 62, TRUE, 'null'), ('d3bkhps5cmcb9l8l0fj0', '2025-09-27 10:16:07', 'system', '2025-09-27 10:16:07', 'system', 'Perf User 43', 'perf-043@example.com', 63, FALSE, 'null'), ('d3bkhps5cmcb9l8l0fjg', '2025-09-27 10:16:07', 'system', '2025-09-27 10:16:07', 'system', 'Perf User 44', 'perf-044@example.com', 64, TRUE, 'null'), ('d3bkhps5cmcb9l8l0fk0', '2025-09-27 10:16:07', 'system', '2025-09-27 10:16:07', 'system', 'Perf User 45', 'perf-045@example.com', 65, FALSE, 'null'), ('d3bkhps5cmcb9l8l0fkg', '2025-09-27 10:16:07', 'system', '2025-09-27 10:16:07', 'system', 'Perf User 46', 'perf-046@example.com', 66, TRUE, 'null'), ('d3bkhps5cmcb9l8l0fl0', '2025-09-27 10:16:07', 'system', '2025-09-27 10:16:07', 'system', 'Perf User 47', 'perf-047@example.com', 67, FALSE, 'null'), ('d3bkhps5cmcb9l8l0flg', '2025-09-27 10:16:07', 'system', '2025-09-27 10:16:07', 'system', 'Perf User 48', 'perf-048@example.com', 68, TRUE, 'null'), ('d3bkhps5cmcb9l8l0fm0', '2025-09-27 10:16:07', 'system', '2025-09-27 10:16:07', 'system', 'Perf User 49', 'perf-049@example.com', 69, FALSE, 'null'), ('d3bkhps5cmcb9l8l0fmg', '2025-09-27 10:16:07', 'system', '2025-09-27 10:16:07', 'system', 'Perf User 50', 'perf-050@example.com', 20, TRUE, 'null'), ('d3bkhps5cmcb9l8l0fn0', '2025-09-27 10:16:07', 'system', '2025-09-27 10:16:07', 'system', 'Perf User 51', 'perf-051@example.com', 21, FALSE, 'null'), ('d3bkhps5cmcb9l8l0fng', '2025-09-27 10:16:07', 'system', '2025-09-27 10:16:07', 'system', 'Perf User 52', 'perf-052@example.com', 22, TRUE, 'null'), ('d3bkhps5cmcb9l8l0fo0', '2025-09-27 10:16:07', 'system', '2025-09-27 10:16:07', 'system', 'Perf User 53', 'perf-053@example.com', 23, FALSE, 'null'), ('d3bkhps5cmcb9l8l0fog', '2025-09-27 10:16:07', 'system', '2025-09-27 10:16:07', 'system', 'Perf User 54', 'perf-054@example.com', 24, TRUE, 'null'), ('d3bkhps5cmcb9l8l0fp0', '2025-09-27 10:16:07', 'system', '2025-09-27 10:16:07', 'system', 'Perf User 55', 'perf-055@example.com', 25, FALSE, 'null'), ('d3bkhps5cmcb9l8l0fpg', '2025-09-27 10:16:07', 'system', '2025-09-27 10:16:07', 'system', 'Perf User 56', 'perf-056@example.com', 26, TRUE, 'null'), ('d3bkhps5cmcb9l8l0fq0', '2025-09-27 10:16:07', 'system', '2025-09-27 10:16:07', 'system', 'Perf User 57', 'perf-057@example.com', 27, FALSE, 'null'), ('d3bkhps5cmcb9l8l0fqg', '2025-09-27 10:16:07', 'system', '2025-09-27 10:16:07', 'system', 'Perf User 58', 'perf-058@example.com', 28, TRUE, 'null'), ('d3bkhps5cmcb9l8l0fr0', '2025-09-27 10:16:07', 'system', '2025-09-27 10:16:07', 'system', 'Perf User 59', 'perf-059@example.com', 29, FALSE, 'null'), ('d3bkhps5cmcb9l8l0frg', '2025-09-27 10:16:07', 'system', '2025-09-27 10:16:07', 'system', 'Perf User 60', 'perf-060@example.com', 30, TRUE, 'null'), ('d3bkhps5cmcb9l8l0fs0', '2025-09-27 10:16:07', 'system', '2025-09-27 10:16:07', 'system', 'Perf User 61', 'perf-061@example.com', 31, FALSE, 'null'), ('d3bkhps5cmcb9l8l0fsg', '2025-09-27 10:16:07', 'system', '2025-09-27 10:16:07', 'system', 'Perf User 62', 'perf-062@example.com', 32, TRUE, 'null'), ('d3bkhps5cmcb9l8l0ft0', '2025-09-27 10:16:07', 'system', '2025-09-27 10:16:07', 'system', 'Perf User 63', 'perf-063@example.com', 33, FALSE, 'null'), ('d3bkhps5cmcb9l8l0ftg', '2025-09-27 10:16:07', 'system', '2025-09-27 10:16:07', 'system', 'Perf User 64', 'perf-064@example.com', 34, TRUE, 'null'), ('d3bkhps5cmcb9l8l0fu0', '2025-09-27 10:16:07', 'system', '2025-09-27 10:16:07', 'system', 'Perf User 65', 'perf-065@example.com', 35, FALSE, 'null'), ('d3bkhps5cmcb9l8l0fug', '2025-09-27 10:16:07', 'system', '2025-09-27 10:16:07', 'system', 'Perf User 66', 'perf-066@example.com', 36, TRUE, 'null'), ('d3bkhps5cmcb9l8l0fv0', '2025-09-27 10:16:07', 'system', '2025-09-27 10:16:07', 'system', 'Perf User 67', 'perf-067@example.com', 37, FALSE, 'null'), ('d3bkhps5cmcb9l8l0fvg', '2025-09-27 10:16:07', 'system', '2025-09-27 10:16:07', 'system', 'Perf User 68', 'perf-068@example.com', 38, TRUE, 'null'), ('d3bkhps5cmcb9l8l0g00', '2025-09-27 10:16:07', 'system', '2025-09-27 10:16:07', 'system', 'Perf User 69', 'perf-069@example.com', 39, FALSE, 'null'), ('d3bkhps5cmcb9l8l0g0g', '2025-09-27 10:16:07', 'system', '2025-09-27 10:16:07', 'system', 'Perf User 70', 'perf-070@example.com', 40, TRUE, 'null'), ('d3bkhps5cmcb9l8l0g10', '2025-09-27 10:16:07', 'system', '2025-09-27 10:16:07', 'system', 'Perf User 71', 'perf-071@example.com', 41, FALSE, 'null'), ('d3bkhps5cmcb9l8l0g1g', '2025-09-27 10:16:07', 'system', '2025-09-27 10:16:07', 'system', 'Perf User 72', 'perf-072@example.com', 42, TRUE, 'null'), ('d3bkhps5cmcb9l8l0g20', '2025-09-27 10:16:07', 'system', '2025-09-27 10:16:07', 'system', 'Perf User 73', 'perf-073@example.com', 43, FALSE, 'null'), ('d3bkhps5cmcb9l8l0g2g', '2025-09-27 10:16:07', 'system', '2025-09-27 10:16:07', 'system', 'Perf User 74', 'perf-074@example.com', 44, TRUE, 'null'), ('d3bkhps5cmcb9l8l0g30', '2025-09-27 10:16:07', 'system', '2025-09-27 10:16:07', 'system', 'Perf User 75', 'perf-075@example.com', 45, FALSE, 'null'), ('d3bkhps5cmcb9l8l0g3g', '2025-09-27 10:16:07', 'system', '2025-09-27 10:16:07', 'system', 'Perf User 76', 'perf-076@example.com', 46, TRUE, 'null'), ('d3bkhps5cmcb9l8l0g40', '2025-09-27 10:16:07', 'system', '2025-09-27 10:16:07', 'system', 'Perf User 77', 'perf-077@example.com', 47, FALSE, 'null'), ('d3bkhps5cmcb9l8l0g4g', '2025-09-27 10:16:07', 'system', '2025-09-27 10:16:07', 'system', 'Perf User 78', 'perf-078@example.com', 48, TRUE, 'null'), ('d3bkhps5cmcb9l8l0g50', '2025-09-27 10:16:07', 'system', '2025-09-27 10:16:07', 'system', 'Perf User 79', 'perf-079@example.com', 49, FALSE, 'null'), ('d3bkhps5cmcb9l8l0g5g', '2025-09-27 10:16:07', 'system', '2025-09-27 10:16:07', 'system', 'Perf User 80', 'perf-080@example.com', 50, TRUE, 'null'), ('d3bkhps5cmcb9l8l0g60', '2025-09-27 10:16:07', 'system', '2025-09-27 10:16:07', 'system', 'Perf User 81', 'perf-081@example.com', 51, FALSE, 'null'), ('d3bkhps5cmcb9l8l0g6g', '2025-09-27 10:16:07', 'system', '2025-09-27 10:16:07', 'system', 'Perf User 82', 'perf-082@example.com', 52, TRUE, 'null'), ('d3bkhps5cmcb9l8l0g70', '2025-09-27 10:16:07', 'system', '2025-09-27 10:16:07', 'system', 'Perf User 83', 'perf-083@example.com', 53, FALSE, 'null'), ('d3bkhps5cmcb9l8l0g7g', '2025-09-27 10:16:07', 'system', '2025-09-27 10:16:07', 'system', 'Perf User 84', 'perf-084@example.com', 54, TRUE, 'null'), ('d3bkhps5cmcb9l8l0g80', '2025-09-27 10:16:07', 'system', '2025-09-27 10:16:07', 'system', 'Perf User 85', 'perf-085@example.com', 55, FALSE, 'null'), ('d3bkhps5cmcb9l8l0g8g', '2025-09-27 10:16:07', 'system', '2025-09-27 10:16:07', 'system', 'Perf User 86', 'perf-086@example.com', 56, TRUE, 'null'), ('d3bkhps5cmcb9l8l0g90', '2025-09-27 10:16:07', 'system', '2025-09-27 10:16:07', 'system', 'Perf User 87', 'perf-087@example.com', 57, FALSE, 'null'), ('d3bkhps5cmcb9l8l0g9g', '2025-09-27 10:16:07', 'system', '2025-09-27 10:16:07', 'system', 'Perf User 88', 'perf-088@example.com', 58, TRUE, 'null'), ('d3bkhps5cmcb9l8l0ga0', '2025-09-27 10:16:07', 'system', '2025-09-27 10:16:07', 'system', 'Perf User 89', 'perf-089@example.com', 59, FALSE, 'null'), ('d3bkhps5cmcb9l8l0gag', '2025-09-27 10:16:07', 'system', '2025-09-27 10:16:07', 'system', 'Perf User 90', 'perf-090@example.com', 60, TRUE, 'null'), ('d3bkhps5cmcb9l8l0gb0', '2025-09-27 10:16:07', 'system', '2025-09-27 10:16:07', 'system', 'Perf User 91', 'perf-091@example.com', 61, FALSE, 'null'), ('d3bkhps5cmcb9l8l0gbg', '2025-09-27 10:16:07', 'system', '2025-09-27 10:16:07', 'system', 'Perf User 92', 'perf-092@example.com', 62, TRUE, 'null'), ('d3bkhps5cmcb9l8l0gc0', '2025-09-27 10:16:07', 'system', '2025-09-27 10:16:07', 'system', 'Perf User 93', 'perf-093@example.com', 63, FALSE, 'null'), ('d3bkhps5cmcb9l8l0gcg', '2025-09-27 10:16:07', 'system', '2025-09-27 10:16:07', 'system', 'Perf User 94', 'perf-094@example.com', 64, TRUE, 'null'), ('d3bkhps5cmcb9l8l0gd0', '2025-09-27 10:16:07', 'system', '2025-09-27 10:16:07', 'system', 'Perf User 95', 'perf-095@example.com', 65, FALSE, 'null'), ('d3bkhps5cmcb9l8l0gdg', '2025-09-27 10:16:07', 'system', '2025-09-27 10:16:07', 'system', 'Perf User 96', 'perf-096@example.com', 66, TRUE, 'null'), ('d3bkhps5cmcb9l8l0ge0', '2025-09-27 10:16:07', 'system', '2025-09-27 10:16:07', 'system', 'Perf User 97', 'perf-097@example.com', 67, FALSE, 'null'), ('d3bkhps5cmcb9l8l0geg', '2025-09-27 10:16:07', 'system', '2025-09-27 10:16:07', 'system', 'Perf User 98', 'perf-098@example.com', 68, TRUE, 'null'), ('d3bkhps5cmcb9l8l0gf0', '2025-09-27 10:16:07', 'system', '2025-09-27 10:16:07', 'system', 'Perf User 99', 'perf-099@example.com', 69, FALSE, 'null')
    delete_test.go:755: Inserted 100 users in 2.442625ms
2025-09-27T10:16:07.731	[34mINFO[0m	[database]	 DELETE        2 ms DELETE FROM `test_user` AS `u` WHERE (`u`.`email` LIKE 'perf-%')
    delete_test.go:772: Deleted 100 users in 2.614667ms
2025-09-27T10:16:07.732	[34mINFO[0m	[database]	 SELECT        0 ms SELECT `u`.`id`, `u`.`created_at`, `u`.`created_by`, `u`.`updated_at`, `u`.`updated_by`, `u`.`name`, `u`.`email`, `u`.`age`, `u`.`is_active`, `u`.`meta` FROM `test_user` AS `u` WHERE (`u`.`email` LIKE 'perf%')
=== RUN   TestMultiDatabaseORM/TestMySQL/TestDeleteWithConditions
    delete_test.go:130: Testing DELETE with conditions for mysql
2025-09-27T10:16:07.733	[34mINFO[0m	[database]	 INSERT        1 ms INSERT INTO `test_post` (`id`, `created_at`, `created_by`, `updated_at`, `updated_by`, `title`, `content`, `description`, `user_id`, `category_id`, `status`, `view_count`) VALUES ('d3bkhps5cmcb9l8l0gfg', '2025-09-27 10:16:07', 'system', '2025-09-27 10:16:07', 'system', 'Delete Test Post 1', 'Content 1', DEFAULT, 'test_user_id', 'test_category_id', 'draft', 5), ('d3bkhps5cmcb9l8l0gg0', '2025-09-27 10:16:07', 'system', '2025-09-27 10:16:07', 'system', 'Delete Test Post 2', 'Content 2', DEFAULT, 'test_user_id', 'test_category_id', 'published', 100), ('d3bkhps5cmcb9l8l0ggg', '2025-09-27 10:16:07', 'system', '2025-09-27 10:16:07', 'system', 'Delete Test Post 3', 'Content 3', DEFAULT, 'test_user_id', 'test_category_id', 'draft', 10)
2025-09-27T10:16:07.734	[34mINFO[0m	[database]	 DELETE        0 ms DELETE FROM `test_post` AS `p` WHERE (`p`.`status` = 'draft')
2025-09-27T10:16:07.734	[34mINFO[0m	[database]	 SELECT        0 ms SELECT `p`.`id`, `p`.`created_at`, `p`.`created_by`, `p`.`updated_at`, `p`.`updated_by`, `p`.`title`, `p`.`content`, `p`.`description`, `p`.`user_id`, `p`.`category_id`, `p`.`status`, `p`.`view_count` FROM `test_post` AS `p` WHERE (`p`.`title` LIKE 'Delete Test Post%')
2025-09-27T10:16:07.737	[34mINFO[0m	[database]	 INSERT        2 ms INSERT INTO `test_post` (`id`, `created_at`, `created_by`, `updated_at`, `updated_by`, `title`, `content`, `description`, `user_id`, `category_id`, `status`, `view_count`) VALUES ('d3bkhps5cmcb9l8l0gh0', '2025-09-27 10:16:07', 'system', '2025-09-27 10:16:07', 'system', 'Complex Delete 1', 'Content', DEFAULT, 'user1', 'cat1', 'published', 50), ('d3bkhps5cmcb9l8l0ghg', '2025-09-27 10:16:07', 'system', '2025-09-27 10:16:07', 'system', 'Complex Delete 2', 'Content', DEFAULT, 'user1', 'cat1', 'published', 150), ('d3bkhps5cmcb9l8l0gi0', '2025-09-27 10:16:07', 'system', '2025-09-27 10:16:07', 'system', 'Complex Delete 3', 'Content', DEFAULT, 'user1', 'cat1', 'draft', 75)
2025-09-27T10:16:07.738	[34mINFO[0m	[database]	 DELETE        1 ms DELETE FROM `test_post` AS `p` WHERE (`p`.`status` = 'published') AND (`p`.`view_count` > 75)
2025-09-27T10:16:07.738	[34mINFO[0m	[database]	 SELECT        0 ms SELECT `p`.`id`, `p`.`created_at`, `p`.`created_by`, `p`.`updated_at`, `p`.`updated_by`, `p`.`title`, `p`.`content`, `p`.`description`, `p`.`user_id`, `p`.`category_id`, `p`.`status`, `p`.`view_count` FROM `test_post` AS `p` WHERE (`p`.`title` LIKE 'Complex Delete%')
2025-09-27T10:16:07.739	[34mINFO[0m	[database]	 DELETE        0 ms DELETE FROM `test_post` AS `p` WHERE (`p`.`view_count` = 50) OR (`p`.`view_count` = 75)
2025-09-27T10:16:07.739	[34mINFO[0m	[database]	 SELECT        0 ms SELECT `p`.`id`, `p`.`created_at`, `p`.`created_by`, `p`.`updated_at`, `p`.`updated_by`, `p`.`title`, `p`.`content`, `p`.`description`, `p`.`user_id`, `p`.`category_id`, `p`.`status`, `p`.`view_count` FROM `test_post` AS `p` WHERE (`p`.`title` LIKE 'Complex Delete%')
2025-09-27T10:16:07.739	[34mINFO[0m	[database]	 DELETE        0 ms DELETE FROM `test_post` AS `p` WHERE (`p`.`title` LIKE 'Delete Test Post%')
=== RUN   TestMultiDatabaseORM/TestMySQL/TestDeleteWithJoins
    delete_test.go:257: Testing DELETE with JOINs (subqueries) for mysql
2025-09-27T10:16:07.741	[34mINFO[0m	[database]	 INSERT        1 ms INSERT INTO `test_user` (`id`, `created_at`, `created_by`, `updated_at`, `updated_by`, `name`, `email`, `age`, `is_active`, `meta`) VALUES ('d3bkhps5cmcb9l8l0gig', '2025-09-27 10:16:07', 'system', '2025-09-27 10:16:07', 'system', 'Join Delete User', 'joindelete@example.com', 30, FALSE, 'null')
2025-09-27T10:16:07.742	[34mINFO[0m	[database]	 INSERT        1 ms INSERT INTO `test_post` (`id`, `created_at`, `created_by`, `updated_at`, `updated_by`, `title`, `content`, `description`, `user_id`, `category_id`, `status`, `view_count`) VALUES ('d3bkhps5cmcb9l8l0gj0', '2025-09-27 10:16:07', 'system', '2025-09-27 10:16:07', 'system', 'Join Delete Post 1', 'Content', DEFAULT, 'd3bkhps5cmcb9l8l0gig', 'cat1', 'published', DEFAULT), ('d3bkhps5cmcb9l8l0gjg', '2025-09-27 10:16:07', 'system', '2025-09-27 10:16:07', 'system', 'Join Delete Post 2', 'Content', DEFAULT, 'd3bkhps5cmcb9l8l0gig', 'cat1', 'draft', DEFAULT)
2025-09-27T10:16:07.744	[34mINFO[0m	[database]	 DELETE        1 ms DELETE FROM `test_post` AS `p` WHERE (`p`.`user_id` IN (SELECT `u`.`id` FROM `test_user` AS `u` WHERE (`u`.`is_active` = FALSE)))
2025-09-27T10:16:07.744	[34mINFO[0m	[database]	 SELECT        0 ms SELECT `p`.`id`, `p`.`created_at`, `p`.`created_by`, `p`.`updated_at`, `p`.`updated_by`, `p`.`title`, `p`.`content`, `p`.`description`, `p`.`user_id`, `p`.`category_id`, `p`.`status`, `p`.`view_count` FROM `test_post` AS `p` WHERE (`p`.`title` LIKE 'Join Delete Post%')
2025-09-27T10:16:07.745	[34mINFO[0m	[database]	 INSERT        1 ms INSERT INTO `test_user` (`id`, `created_at`, `created_by`, `updated_at`, `updated_by`, `name`, `email`, `age`, `is_active`, `meta`) VALUES ('d3bkhps5cmcb9l8l0gk0', '2025-09-27 10:16:07', 'system', '2025-09-27 10:16:07', 'system', 'Active Join User', 'activejoin@example.com', 25, TRUE, 'null')
2025-09-27T10:16:07.747	[34mINFO[0m	[database]	 INSERT        1 ms INSERT INTO `test_post` (`id`, `created_at`, `created_by`, `updated_at`, `updated_by`, `title`, `content`, `description`, `user_id`, `category_id`, `status`, `view_count`) VALUES ('d3bkhps5cmcb9l8l0gkg', '2025-09-27 10:16:07', 'system', '2025-09-27 10:16:07', 'system', 'Active User Post 1', 'Content', DEFAULT, 'd3bkhps5cmcb9l8l0gk0', 'cat1', 'published', 10), ('d3bkhps5cmcb9l8l0gl0', '2025-09-27 10:16:07', 'system', '2025-09-27 10:16:07', 'system', 'Active User Post 2', 'Content', DEFAULT, 'd3bkhps5cmcb9l8l0gk0', 'cat1', 'published', 200)
2025-09-27T10:16:07.748	[34mINFO[0m	[database]	 DELETE        1 ms DELETE FROM `test_post` AS `p` WHERE (`p`.`view_count` > 100) AND (`p`.`user_id` IN (SELECT `u`.`id` FROM `test_user` AS `u` WHERE (`u`.`is_active` = TRUE)))
2025-09-27T10:16:07.748	[34mINFO[0m	[database]	 SELECT        0 ms SELECT `p`.`id`, `p`.`created_at`, `p`.`created_by`, `p`.`updated_at`, `p`.`updated_by`, `p`.`title`, `p`.`content`, `p`.`description`, `p`.`user_id`, `p`.`category_id`, `p`.`status`, `p`.`view_count` FROM `test_post` AS `p` WHERE (`p`.`title` LIKE 'Active User Post%')
2025-09-27T10:16:07.749	[34mINFO[0m	[database]	 DELETE        0 ms DELETE FROM `test_post` AS `p` WHERE (`p`.`title` LIKE 'Active User Post%')
2025-09-27T10:16:07.752	[34mINFO[0m	[database]	 DELETE        2 ms DELETE FROM `test_user` AS `u` WHERE (`u`.`email` IN ('joindelete@example.com', 'activejoin@example.com'))
=== RUN   TestMultiDatabaseORM/TestMySQL/TestDeleteWithReturning
    delete_test.go:378: Testing DELETE with RETURNING for mysql
    delete_test.go:382: MySQL doesn't support RETURNING clause
=== NAME  TestMultiDatabaseORM/TestMySQL
    mdb_orm_test.go:73: All ORM tests completed for mysql
=== RUN   TestMultiDatabaseORM/TestPostgreSQL
    orm_test.go:127: Setting up ORM test suite for postgres
2025-09-27T10:16:07.758	[34mINFO[0m	[database]	 DROP TABLE      4 ms DROP TABLE IF EXISTS "test_user" CASCADE
2025-09-27T10:16:07.760	[34mINFO[0m	[database]	 CREATE TABLE      1 ms CREATE TABLE "test_user" ("id" VARCHAR NOT NULL, "created_at" timestamp NOT NULL DEFAULT CURRENT_TIMESTAMP, "created_by" VARCHAR NOT NULL, "updated_at" timestamp NOT NULL DEFAULT CURRENT_TIMESTAMP, "updated_by" VARCHAR NOT NULL, "name" VARCHAR NOT NULL, "email" VARCHAR NOT NULL, "age" SMALLINT NOT NULL DEFAULT 0, "is_active" BOOLEAN NOT NULL, "meta" JSONB, PRIMARY KEY ("id"), UNIQUE ("email"))
2025-09-27T10:16:07.761	[34mINFO[0m	[database]	 INSERT        0 ms INSERT INTO "test_user" ("id", "created_at", "created_by", "updated_at", "updated_by", "name", "email", "age", "is_active", "meta") VALUES ('d3bkhps5cmcb9l8l0glg', '2025-09-27 10:16:07', 'system', '2025-09-27 10:16:07', 'system', 'Alice Johnson', 'alice@example.com', 30, TRUE, '{"interests":["golang","databases"],"role":"admin"}')
2025-09-27T10:16:07.761	[34mINFO[0m	[database]	 INSERT        0 ms INSERT INTO "test_user" ("id", "created_at", "created_by", "updated_at", "updated_by", "name", "email", "age", "is_active", "meta") VALUES ('d3bkhps5cmcb9l8l0gm0', '2025-09-27 10:16:07', 'system', '2025-09-27 10:16:07', 'system', 'Bob Smith', 'bob@example.com', 25, TRUE, '{"interests":["tutorials","postgres"],"role":"editor"}')
2025-09-27T10:16:07.761	[34mINFO[0m	[database]	 INSERT        0 ms INSERT INTO "test_user" ("id", "created_at", "created_by", "updated_at", "updated_by", "name", "email", "age", "is_active", "meta") VALUES ('d3bkhps5cmcb9l8l0gmg', '2025-09-27 10:16:07', 'system', '2025-09-27 10:16:07', 'system', 'Charlie Brown', 'charlie@example.com', 35, FALSE, '{"interests":["science"],"role":"viewer"}')
2025-09-27T10:16:07.761	[34mINFO[0m	[database]	 DROP TABLE      0 ms DROP TABLE IF EXISTS "test_category" CASCADE
2025-09-27T10:16:07.762	[34mINFO[0m	[database]	 CREATE TABLE      0 ms CREATE TABLE "test_category" ("id" VARCHAR NOT NULL, "created_at" timestamp NOT NULL DEFAULT CURRENT_TIMESTAMP, "created_by" VARCHAR NOT NULL, "updated_at" timestamp NOT NULL DEFAULT CURRENT_TIMESTAMP, "updated_by" VARCHAR NOT NULL, "name" VARCHAR NOT NULL, "description" VARCHAR, "parent_id" VARCHAR, PRIMARY KEY ("id"), UNIQUE ("name"))
2025-09-27T10:16:07.762	[34mINFO[0m	[database]	 INSERT        0 ms INSERT INTO "test_category" ("id", "created_at", "created_by", "updated_at", "updated_by", "name", "description", "parent_id") VALUES ('d3bkhps5cmcb9l8l0gn0', '2025-09-27 10:16:07', 'system', '2025-09-27 10:16:07', 'system', 'Technology', 'Tech-related posts', DEFAULT) RETURNING "parent_id"
2025-09-27T10:16:07.762	[34mINFO[0m	[database]	 INSERT        0 ms INSERT INTO "test_category" ("id", "created_at", "created_by", "updated_at", "updated_by", "name", "description", "parent_id") VALUES ('d3bkhps5cmcb9l8l0gng', '2025-09-27 10:16:07', 'system', '2025-09-27 10:16:07', 'system', 'Science', 'Scientific articles', DEFAULT) RETURNING "parent_id"
2025-09-27T10:16:07.762	[34mINFO[0m	[database]	 INSERT        0 ms INSERT INTO "test_category" ("id", "created_at", "created_by", "updated_at", "updated_by", "name", "description", "parent_id") VALUES ('d3bkhps5cmcb9l8l0go0', '2025-09-27 10:16:07', 'system', '2025-09-27 10:16:07', 'system', 'Business', 'Business and economics', DEFAULT) RETURNING "parent_id"
2025-09-27T10:16:07.763	[34mINFO[0m	[database]	 INSERT        0 ms INSERT INTO "test_category" ("id", "created_at", "created_by", "updated_at", "updated_by", "name", "description", "parent_id") VALUES ('d3bkhps5cmcb9l8l0gog', '2025-09-27 10:16:07', 'system', '2025-09-27 10:16:07', 'system', 'GoLang', 'Go-related posts', 'd3bkhps5cmcb9l8l0gn0')
2025-09-27T10:16:07.763	[34mINFO[0m	[database]	 DROP TABLE      0 ms DROP TABLE IF EXISTS "test_tag" CASCADE
2025-09-27T10:16:07.763	[34mINFO[0m	[database]	 CREATE TABLE      0 ms CREATE TABLE "test_tag" ("id" VARCHAR NOT NULL, "created_at" timestamp NOT NULL DEFAULT CURRENT_TIMESTAMP, "created_by" VARCHAR NOT NULL, "updated_at" timestamp NOT NULL DEFAULT CURRENT_TIMESTAMP, "updated_by" VARCHAR NOT NULL, "name" VARCHAR NOT NULL, "description" VARCHAR, PRIMARY KEY ("id"), UNIQUE ("name"))
2025-09-27T10:16:07.764	[34mINFO[0m	[database]	 INSERT        0 ms INSERT INTO "test_tag" ("id", "created_at", "created_by", "updated_at", "updated_by", "name", "description") VALUES ('d3bkhps5cmcb9l8l0gp0', '2025-09-27 10:16:07', 'system', '2025-09-27 10:16:07', 'system', 'programming', 'Programming related content')
2025-09-27T10:16:07.764	[34mINFO[0m	[database]	 INSERT        0 ms INSERT INTO "test_tag" ("id", "created_at", "created_by", "updated_at", "updated_by", "name", "description") VALUES ('d3bkhps5cmcb9l8l0gpg', '2025-09-27 10:16:07', 'system', '2025-09-27 10:16:07', 'system', 'database', 'Database related content')
2025-09-27T10:16:07.764	[34mINFO[0m	[database]	 INSERT        0 ms INSERT INTO "test_tag" ("id", "created_at", "created_by", "updated_at", "updated_by", "name", "description") VALUES ('d3bkhps5cmcb9l8l0gq0', '2025-09-27 10:16:07', 'system', '2025-09-27 10:16:07', 'system', 'go', 'Go language topics')
2025-09-27T10:16:07.764	[34mINFO[0m	[database]	 INSERT        0 ms INSERT INTO "test_tag" ("id", "created_at", "created_by", "updated_at", "updated_by", "name", "description") VALUES ('d3bkhps5cmcb9l8l0gqg', '2025-09-27 10:16:07', 'system', '2025-09-27 10:16:07', 'system', 'tutorial', 'Tutorials and guides')
2025-09-27T10:16:07.764	[34mINFO[0m	[database]	 INSERT        0 ms INSERT INTO "test_tag" ("id", "created_at", "created_by", "updated_at", "updated_by", "name", "description") VALUES ('d3bkhps5cmcb9l8l0gr0', '2025-09-27 10:16:07', 'system', '2025-09-27 10:16:07', 'system', 'advanced', 'Advanced topics')
2025-09-27T10:16:07.764	[34mINFO[0m	[database]	 DROP TABLE      0 ms DROP TABLE IF EXISTS "test_post" CASCADE
2025-09-27T10:16:07.765	[34mINFO[0m	[database]	 CREATE TABLE      0 ms CREATE TABLE "test_post" ("id" VARCHAR NOT NULL, "created_at" timestamp NOT NULL DEFAULT CURRENT_TIMESTAMP, "created_by" VARCHAR NOT NULL, "updated_at" timestamp NOT NULL DEFAULT CURRENT_TIMESTAMP, "updated_by" VARCHAR NOT NULL, "title" VARCHAR NOT NULL, "content" VARCHAR NOT NULL, "description" VARCHAR, "user_id" VARCHAR NOT NULL, "category_id" VARCHAR NOT NULL, "status" VARCHAR NOT NULL DEFAULT 'draft', "view_count" BIGINT NOT NULL DEFAULT 0, PRIMARY KEY ("id"))
2025-09-27T10:16:07.765	[34mINFO[0m	[database]	 INSERT        0 ms INSERT INTO "test_post" ("id", "created_at", "created_by", "updated_at", "updated_by", "title", "content", "description", "user_id", "category_id", "status", "view_count") VALUES ('d3bkhps5cmcb9l8l0grg', '2025-09-27 10:16:07', 'd3bkhps5cmcb9l8l0glg', '2025-09-27 10:16:07', 'd3bkhps5cmcb9l8l0glg', 'Introduction to Go', 'Go is a programming language designed at Google.', 'Getting started with Go', 'd3bkhps5cmcb9l8l0glg', 'd3bkhps5cmcb9l8l0gog', 'published', 123)
2025-09-27T10:16:07.766	[34mINFO[0m	[database]	 INSERT        0 ms INSERT INTO "test_post" ("id", "created_at", "created_by", "updated_at", "updated_by", "title", "content", "description", "user_id", "category_id", "status", "view_count") VALUES ('d3bkhps5cmcb9l8l0gs0', '2025-09-27 10:16:07', 'd3bkhps5cmcb9l8l0gm0', '2025-09-27 10:16:07', 'd3bkhps5cmcb9l8l0gm0', 'Database Design Basics', 'Good database design principles.', 'Normalization and relationships', 'd3bkhps5cmcb9l8l0gm0', 'd3bkhps5cmcb9l8l0gn0', 'published', 87)
2025-09-27T10:16:07.766	[34mINFO[0m	[database]	 INSERT        0 ms INSERT INTO "test_post" ("id", "created_at", "created_by", "updated_at", "updated_by", "title", "content", "description", "user_id", "category_id", "status", "view_count") VALUES ('d3bkhps5cmcb9l8l0gsg', '2025-09-27 10:16:07', 'd3bkhps5cmcb9l8l0glg', '2025-09-27 10:16:07', 'd3bkhps5cmcb9l8l0glg', 'Machine Learning Basics', 'An introduction to ML concepts and workflows.', 'Supervised vs unsupervised learning', 'd3bkhps5cmcb9l8l0glg', 'd3bkhps5cmcb9l8l0gng', 'draft', 45)
2025-09-27T10:16:07.766	[34mINFO[0m	[database]	 INSERT        0 ms INSERT INTO "test_post" ("id", "created_at", "created_by", "updated_at", "updated_by", "title", "content", "description", "user_id", "category_id", "status", "view_count") VALUES ('d3bkhps5cmcb9l8l0gt0', '2025-09-27 10:16:07', 'd3bkhps5cmcb9l8l0gmg', '2025-09-27 10:16:07', 'd3bkhps5cmcb9l8l0gmg', 'Business Strategy Fundamentals', 'Effective business strategies and frameworks.', 'Strategic planning overview', 'd3bkhps5cmcb9l8l0gmg', 'd3bkhps5cmcb9l8l0go0', 'published', 64)
2025-09-27T10:16:07.766	[34mINFO[0m	[database]	 INSERT        0 ms INSERT INTO "test_post" ("id", "created_at", "created_by", "updated_at", "updated_by", "title", "content", "description", "user_id", "category_id", "status", "view_count") VALUES ('d3bkhps5cmcb9l8l0gtg', '2025-09-27 10:16:07', 'd3bkhps5cmcb9l8l0glg', '2025-09-27 10:16:07', 'd3bkhps5cmcb9l8l0glg', 'Advanced Go Patterns', 'Exploring advanced patterns and best practices in Go.', 'Idiomatic Go techniques', 'd3bkhps5cmcb9l8l0glg', 'd3bkhps5cmcb9l8l0gog', 'review', 98)
2025-09-27T10:16:07.766	[34mINFO[0m	[database]	 INSERT        0 ms INSERT INTO "test_post" ("id", "created_at", "created_by", "updated_at", "updated_by", "title", "content", "description", "user_id", "category_id", "status", "view_count") VALUES ('d3bkhps5cmcb9l8l0gu0', '2025-09-27 10:16:07', 'd3bkhps5cmcb9l8l0gm0', '2025-09-27 10:16:07', 'd3bkhps5cmcb9l8l0gm0', 'Latest Trends in Science', 'A survey of recent scientific advancements.', 'Interdisciplinary highlights', 'd3bkhps5cmcb9l8l0gm0', 'd3bkhps5cmcb9l8l0gng', 'published', 77)
2025-09-27T10:16:07.766	[34mINFO[0m	[database]	 INSERT        0 ms INSERT INTO "test_post" ("id", "created_at", "created_by", "updated_at", "updated_by", "title", "content", "description", "user_id", "category_id", "status", "view_count") VALUES ('d3bkhps5cmcb9l8l0gug', '2025-09-27 10:16:07', 'd3bkhps5cmcb9l8l0gmg', '2025-09-27 10:16:07', 'd3bkhps5cmcb9l8l0gmg', 'Practical Tech Tutorials', 'Hands-on guides for modern technology stacks.', 'Step-by-step tutorials', 'd3bkhps5cmcb9l8l0gmg', 'd3bkhps5cmcb9l8l0gn0', 'published', 52)
2025-09-27T10:16:07.766	[34mINFO[0m	[database]	 INSERT        0 ms INSERT INTO "test_post" ("id", "created_at", "created_by", "updated_at", "updated_by", "title", "content", "description", "user_id", "category_id", "status", "view_count") VALUES ('d3bkhps5cmcb9l8l0gv0', '2025-09-27 10:16:07', 'd3bkhps5cmcb9l8l0glg', '2025-09-27 10:16:07', 'd3bkhps5cmcb9l8l0glg', 'Startup Finance 101', 'Financial basics for early-stage startups.', 'Cash flow, runway, and budgeting', 'd3bkhps5cmcb9l8l0glg', 'd3bkhps5cmcb9l8l0go0', 'published', 69)
2025-09-27T10:16:07.766	[34mINFO[0m	[database]	 DROP TABLE      0 ms DROP TABLE IF EXISTS "test_post_tag" CASCADE
2025-09-27T10:16:07.767	[34mINFO[0m	[database]	 CREATE TABLE      0 ms CREATE TABLE "test_post_tag" ("id" VARCHAR NOT NULL, "created_at" timestamp NOT NULL DEFAULT CURRENT_TIMESTAMP, "created_by" VARCHAR NOT NULL, "updated_at" timestamp NOT NULL DEFAULT CURRENT_TIMESTAMP, "updated_by" VARCHAR NOT NULL, "post_id" VARCHAR NOT NULL, "tag_id" VARCHAR NOT NULL, PRIMARY KEY ("id"))
2025-09-27T10:16:07.767	[34mINFO[0m	[database]	 INSERT        0 ms INSERT INTO "test_post_tag" ("id", "created_at", "created_by", "updated_at", "updated_by", "post_id", "tag_id") VALUES ('d3bkhps5cmcb9l8l0gvg', '2025-09-27 10:16:07', 'system', '2025-09-27 10:16:07', 'system', 'd3bkhps5cmcb9l8l0grg', 'd3bkhps5cmcb9l8l0gp0')
2025-09-27T10:16:07.767	[34mINFO[0m	[database]	 INSERT        0 ms INSERT INTO "test_post_tag" ("id", "created_at", "created_by", "updated_at", "updated_by", "post_id", "tag_id") VALUES ('d3bkhps5cmcb9l8l0h00', '2025-09-27 10:16:07', 'system', '2025-09-27 10:16:07', 'system', 'd3bkhps5cmcb9l8l0grg', 'd3bkhps5cmcb9l8l0gq0')
2025-09-27T10:16:07.767	[34mINFO[0m	[database]	 INSERT        0 ms INSERT INTO "test_post_tag" ("id", "created_at", "created_by", "updated_at", "updated_by", "post_id", "tag_id") VALUES ('d3bkhps5cmcb9l8l0h0g', '2025-09-27 10:16:07', 'system', '2025-09-27 10:16:07', 'system', 'd3bkhps5cmcb9l8l0grg', 'd3bkhps5cmcb9l8l0gqg')
2025-09-27T10:16:07.767	[34mINFO[0m	[database]	 INSERT        0 ms INSERT INTO "test_post_tag" ("id", "created_at", "created_by", "updated_at", "updated_by", "post_id", "tag_id") VALUES ('d3bkhps5cmcb9l8l0h10', '2025-09-27 10:16:07', 'system', '2025-09-27 10:16:07', 'system', 'd3bkhps5cmcb9l8l0gs0', 'd3bkhps5cmcb9l8l0gpg')
2025-09-27T10:16:07.768	[34mINFO[0m	[database]	 INSERT        0 ms INSERT INTO "test_post_tag" ("id", "created_at", "created_by", "updated_at", "updated_by", "post_id", "tag_id") VALUES ('d3bkhps5cmcb9l8l0h1g', '2025-09-27 10:16:07', 'system', '2025-09-27 10:16:07', 'system', 'd3bkhps5cmcb9l8l0gs0', 'd3bkhps5cmcb9l8l0gqg')
2025-09-27T10:16:07.768	[34mINFO[0m	[database]	 INSERT        0 ms INSERT INTO "test_post_tag" ("id", "created_at", "created_by", "updated_at", "updated_by", "post_id", "tag_id") VALUES ('d3bkhps5cmcb9l8l0h20', '2025-09-27 10:16:07', 'system', '2025-09-27 10:16:07', 'system', 'd3bkhps5cmcb9l8l0gsg', 'd3bkhps5cmcb9l8l0gqg')
2025-09-27T10:16:07.768	[34mINFO[0m	[database]	 INSERT        0 ms INSERT INTO "test_post_tag" ("id", "created_at", "created_by", "updated_at", "updated_by", "post_id", "tag_id") VALUES ('d3bkhps5cmcb9l8l0h2g', '2025-09-27 10:16:07', 'system', '2025-09-27 10:16:07', 'system', 'd3bkhps5cmcb9l8l0gsg', 'd3bkhps5cmcb9l8l0gr0')
2025-09-27T10:16:07.768	[34mINFO[0m	[database]	 INSERT        0 ms INSERT INTO "test_post_tag" ("id", "created_at", "created_by", "updated_at", "updated_by", "post_id", "tag_id") VALUES ('d3bkhps5cmcb9l8l0h30', '2025-09-27 10:16:07', 'system', '2025-09-27 10:16:07', 'system', 'd3bkhps5cmcb9l8l0gt0', 'd3bkhps5cmcb9l8l0gr0')
2025-09-27T10:16:07.768	[34mINFO[0m	[database]	 INSERT        0 ms INSERT INTO "test_post_tag" ("id", "created_at", "created_by", "updated_at", "updated_by", "post_id", "tag_id") VALUES ('d3bkhps5cmcb9l8l0h3g', '2025-09-27 10:16:07', 'system', '2025-09-27 10:16:07', 'system', 'd3bkhps5cmcb9l8l0gt0', 'd3bkhps5cmcb9l8l0gqg')
2025-09-27T10:16:07.768	[34mINFO[0m	[database]	 INSERT        0 ms INSERT INTO "test_post_tag" ("id", "created_at", "created_by", "updated_at", "updated_by", "post_id", "tag_id") VALUES ('d3bkhps5cmcb9l8l0h40', '2025-09-27 10:16:07', 'system', '2025-09-27 10:16:07', 'system', 'd3bkhps5cmcb9l8l0gtg', 'd3bkhps5cmcb9l8l0gq0')
2025-09-27T10:16:07.768	[34mINFO[0m	[database]	 INSERT        0 ms INSERT INTO "test_post_tag" ("id", "created_at", "created_by", "updated_at", "updated_by", "post_id", "tag_id") VALUES ('d3bkhps5cmcb9l8l0h4g', '2025-09-27 10:16:07', 'system', '2025-09-27 10:16:07', 'system', 'd3bkhps5cmcb9l8l0gtg', 'd3bkhps5cmcb9l8l0gp0')
2025-09-27T10:16:07.768	[34mINFO[0m	[database]	 INSERT        0 ms INSERT INTO "test_post_tag" ("id", "created_at", "created_by", "updated_at", "updated_by", "post_id", "tag_id") VALUES ('d3bkhps5cmcb9l8l0h50', '2025-09-27 10:16:07', 'system', '2025-09-27 10:16:07', 'system', 'd3bkhps5cmcb9l8l0gtg', 'd3bkhps5cmcb9l8l0gr0')
2025-09-27T10:16:07.768	[34mINFO[0m	[database]	 INSERT        0 ms INSERT INTO "test_post_tag" ("id", "created_at", "created_by", "updated_at", "updated_by", "post_id", "tag_id") VALUES ('d3bkhps5cmcb9l8l0h5g', '2025-09-27 10:16:07', 'system', '2025-09-27 10:16:07', 'system', 'd3bkhps5cmcb9l8l0gu0', 'd3bkhps5cmcb9l8l0gqg')
2025-09-27T10:16:07.769	[34mINFO[0m	[database]	 INSERT        0 ms INSERT INTO "test_post_tag" ("id", "created_at", "created_by", "updated_at", "updated_by", "post_id", "tag_id") VALUES ('d3bkhps5cmcb9l8l0h60', '2025-09-27 10:16:07', 'system', '2025-08-08 00:02:40', 'system', 'd3bkhps5cmcb9l8l0gu0', 'd3bkhps5cmcb9l8l0gr0')
2025-09-27T10:16:07.769	[34mINFO[0m	[database]	 INSERT        0 ms INSERT INTO "test_post_tag" ("id", "created_at", "created_by", "updated_at", "updated_by", "post_id", "tag_id") VALUES ('d3bkhps5cmcb9l8l0h6g', '2025-09-27 10:16:07', 'system', '2025-09-27 10:16:07', 'system', 'd3bkhps5cmcb9l8l0gug', 'd3bkhps5cmcb9l8l0gqg')
2025-09-27T10:16:07.769	[34mINFO[0m	[database]	 INSERT        0 ms INSERT INTO "test_post_tag" ("id", "created_at", "created_by", "updated_at", "updated_by", "post_id", "tag_id") VALUES ('d3bkhps5cmcb9l8l0h70', '2025-09-27 10:16:07', 'system', '2025-09-27 10:16:07', 'system', 'd3bkhps5cmcb9l8l0gug', 'd3bkhps5cmcb9l8l0gp0')
2025-09-27T10:16:07.769	[34mINFO[0m	[database]	 INSERT        0 ms INSERT INTO "test_post_tag" ("id", "created_at", "created_by", "updated_at", "updated_by", "post_id", "tag_id") VALUES ('d3bkhps5cmcb9l8l0h7g', '2025-09-27 10:16:07', 'system', '2025-09-27 10:16:07', 'system', 'd3bkhps5cmcb9l8l0gv0', 'd3bkhps5cmcb9l8l0gr0')
2025-09-27T10:16:07.769	[34mINFO[0m	[database]	 INSERT        0 ms INSERT INTO "test_post_tag" ("id", "created_at", "created_by", "updated_at", "updated_by", "post_id", "tag_id") VALUES ('d3bkhps5cmcb9l8l0h80', '2025-09-27 10:16:07', 'system', '2025-09-27 10:16:07', 'system', 'd3bkhps5cmcb9l8l0gv0', 'd3bkhps5cmcb9l8l0gqg')
2025-09-27T10:16:07.770	[34mINFO[0m	[database]	 CREATE TABLE      0 ms CREATE TABLE IF NOT EXISTS "test_simple" ("id" VARCHAR NOT NULL, "created_at" timestamp NOT NULL DEFAULT CURRENT_TIMESTAMP, "created_by" VARCHAR NOT NULL, "updated_at" timestamp NOT NULL DEFAULT CURRENT_TIMESTAMP, "updated_by" VARCHAR NOT NULL, "name" VARCHAR NOT NULL, "value" BIGINT NOT NULL, PRIMARY KEY ("id"))
2025-09-27T10:16:07.770	[34mINFO[0m	[database]	 CREATE TABLE      0 ms CREATE TABLE IF NOT EXISTS "test_complex" ("id" VARCHAR NOT NULL, "created_at" timestamp NOT NULL DEFAULT CURRENT_TIMESTAMP, "created_by" VARCHAR NOT NULL, "updated_at" timestamp NOT NULL DEFAULT CURRENT_TIMESTAMP, "updated_by" VARCHAR NOT NULL, "string_field" VARCHAR NOT NULL, "int_field" BIGINT NOT NULL, "float_field" DOUBLE PRECISION NOT NULL, "bool_field" BOOLEAN NOT NULL, "time_field" TIMESTAMPTZ NOT NULL, "null_string" VARCHAR, "null_int" BIGINT, "null_time" TIMESTAMPTZ, "json_field" JSONB, "array_field" JSONB, PRIMARY KEY ("id"))
    orm_test.go:161: Test fixtures loaded for postgres database
=== RUN   TestMultiDatabaseORM/TestPostgreSQL/TestBasicSelect
    select_test.go:9: Testing basic SELECT for postgres
2025-09-27T10:16:07.770	[34mINFO[0m	[database]	 SELECT        0 ms SELECT "u"."id", "u"."created_at", "u"."created_by", "u"."updated_at", "u"."updated_by", "u"."name", "u"."email", "u"."age", "u"."is_active", "u"."meta" FROM "test_user" AS "u"
2025-09-27T10:16:07.771	[34mINFO[0m	[database]	 SELECT        0 ms SELECT "u"."id", "u"."created_at", "u"."created_by", "u"."updated_at", "u"."updated_by", "u"."name", "u"."email", "u"."age", "u"."is_active", "u"."meta" FROM "test_user" AS "u" WHERE ("u"."email" = 'alice@example.com')
2025-09-27T10:16:07.771	[34mINFO[0m	[database]	 SELECT        0 ms SELECT count(*) FROM "test_user" AS "u"
2025-09-27T10:16:07.771	[34mINFO[0m	[database]	 SELECT        0 ms SELECT EXISTS (SELECT "u"."id", "u"."created_at", "u"."created_by", "u"."updated_at", "u"."updated_by", "u"."name", "u"."email", "u"."age", "u"."is_active", "u"."meta" FROM "test_user" AS "u" WHERE ("u"."email" = 'alice@example.com'))
2025-09-27T10:16:07.771	[34mINFO[0m	[database]	 SELECT        0 ms SELECT EXISTS (SELECT "u"."id", "u"."created_at", "u"."created_by", "u"."updated_at", "u"."updated_by", "u"."name", "u"."email", "u"."age", "u"."is_active", "u"."meta" FROM "test_user" AS "u" WHERE ("u"."email" = 'nonexistent@example.com'))
=== RUN   TestMultiDatabaseORM/TestPostgreSQL/TestSelectSpecificColumns
    select_test.go:462: Testing SELECT with specific columns for postgres
2025-09-27T10:16:07.771	[34mINFO[0m	[database]	 SELECT        0 ms SELECT "u"."id", "u"."name", "u"."email" FROM "test_user" AS "u" ORDER BY "u"."name" ASC
2025-09-27T10:16:07.772	[34mINFO[0m	[database]	 SELECT        0 ms SELECT "u"."name", "u"."age", CONCAT('''Age: ''', 'age') AS "age_desc" FROM "test_user" AS "u" ORDER BY "u"."name" ASC
2025-09-27T10:16:07.772	[34mINFO[0m	[database]	 SELECT        0 ms SELECT DISTINCT "p"."status" FROM "test_post" AS "p" ORDER BY "p"."status" ASC
=== RUN   TestMultiDatabaseORM/TestPostgreSQL/TestSelectWithAggregation
    select_test.go:242: Testing SELECT with aggregation for postgres
2025-09-27T10:16:07.772	[34mINFO[0m	[database]	 SELECT        0 ms SELECT "p"."status", COUNT(*) AS "post_count" FROM "test_post" AS "p" GROUP BY "p"."status" ORDER BY "p"."status" ASC
2025-09-27T10:16:07.772	[34mINFO[0m	[database]	 SELECT        0 ms SELECT AVG("u"."age") AS "avg_age", MIN("u"."age") AS "min_age", MAX("u"."age") AS "max_age", COUNT("u"."age") AS "count_age" FROM "test_user" AS "u"
2025-09-27T10:16:07.772	[34mINFO[0m	[database]	 SELECT        0 ms SELECT SUM("p"."view_count") AS "total_views", AVG("p"."view_count") AS "avg_views" FROM "test_post" AS "p"
=== RUN   TestMultiDatabaseORM/TestPostgreSQL/TestSelectWithComplexAggregates
    select_test.go:1011: Testing complex aggregate functions for postgres
2025-09-27T10:16:07.773	[31mERROR[0m	[database]	 SELECT        0 ms SELECT COUNT(*) AS "total_posts", SUM("p"."view_count") AS "total_views", COUNT(*) FILTER (WHERE "p"."status" = 'published') AS "published_posts", COUNT(*) FILTER (WHERE "p"."status" = 'draft') AS "draft_posts", COUNT(*) FILTER (WHERE "p"."status" = 'review') AS "review_posts", COUNT(*) FILTER (WHERE "p"."view_count" > 80) AS "high_view_posts", SUM("p"."view_count") FILTER (WHERE "p"."status" = 'published') AS "published_views", AVG("p"."view_count") FILTER (WHERE "p"."status" = 'published') AS "avg_published_age" FROM "test_post" AS "p"  sql: Scan error on column index 7, name "avg_published_age": strconv.ParseInt: parsing "78.6666666666666667": invalid syntax 
    select_test.go:1081: 
        	Error Trace:	/Users/venus/VEF/vef-framework-go2/internal/orm/select_test.go:1081
        	Error:      	Received unexpected error:
        	            	sql: Scan error on column index 7, name "avg_published_age": strconv.ParseInt: parsing "78.6666666666666667": invalid syntax
        	Test:       	TestMultiDatabaseORM/TestPostgreSQL/TestSelectWithComplexAggregates
2025-09-27T10:16:07.773	[34mINFO[0m	[database]	 SELECT        0 ms SELECT COUNT(DISTINCT "p"."status") AS "unique_statuses", COUNT(DISTINCT "p"."category_id") AS "unique_categories", COUNT(DISTINCT "p"."user_id") AS "distinct_user_ids", AVG(DISTINCT "p"."view_count") AS "avg_distinct_views" FROM "test_post" AS "p"
2025-09-27T10:16:07.773	[34mINFO[0m	[database]	 SELECT        0 ms SELECT STRING_AGG(DISTINCT "p"."status", ', ') AS "status_list", STRING_AGG("p"."title", ' | ' ORDER BY "p"."view_count" ASC) AS "ordered_title_list" FROM "test_post" AS "p"
    select_test.go:1138: Status list: draft, published, review
    select_test.go:1139: Ordered title list: Machine Learning Basics | Practical Tech Tutorials | Business Strategy Fundamentals | Startup Finance 101 | Latest Trends in Science | Database Design Basics | Advanced Go Patterns | Introduction to Go
2025-09-27T10:16:07.773	[31mERROR[0m	[database]	 SELECT        0 ms SELECT ARRAY_AGG("p"."view_count" ORDER BY "p"."view_count" DESC) AS "view_count_array", ARRAY_AGG("p"."title" ORDER BY "p"."title" ASC) AS "ordered_titles", ARRAY_AGG(DISTINCT "p"."status" ORDER BY "p"."status" ASC) AS "unique_statuses" FROM "test_post" AS "p"  sql: Scan error on column index 0, name "view_count_array": invalid character '1' looking for beginning of object key string 
    select_test.go:1167: 
        	Error Trace:	/Users/venus/VEF/vef-framework-go2/internal/orm/select_test.go:1167
        	Error:      	Received unexpected error:
        	            	sql: Scan error on column index 0, name "view_count_array": invalid character '1' looking for beginning of object key string
        	Test:       	TestMultiDatabaseORM/TestPostgreSQL/TestSelectWithComplexAggregates
    select_test.go:1168: 
        	Error Trace:	/Users/venus/VEF/vef-framework-go2/internal/orm/select_test.go:1168
        	Error:      	Should be true
        	Test:       	TestMultiDatabaseORM/TestPostgreSQL/TestSelectWithComplexAggregates
        	Messages:   	Should have view count array
    select_test.go:1169: 
        	Error Trace:	/Users/venus/VEF/vef-framework-go2/internal/orm/select_test.go:1169
        	Error:      	Should be true
        	Test:       	TestMultiDatabaseORM/TestPostgreSQL/TestSelectWithComplexAggregates
        	Messages:   	Should have ordered titles
    select_test.go:1170: 
        	Error Trace:	/Users/venus/VEF/vef-framework-go2/internal/orm/select_test.go:1170
        	Error:      	Should be true
        	Test:       	TestMultiDatabaseORM/TestPostgreSQL/TestSelectWithComplexAggregates
        	Messages:   	Should have unique statuses
2025-09-27T10:16:07.774	[31mERROR[0m	[database]	 SELECT        0 ms SELECT "c"."name AS category_name", COUNT(*) AS "total_posts", SUM("p"."view_count") AS "total_views", AVG("p"."view_count") AS "avg_views", MAX("p"."view_count") AS "max_views", MIN("p"."view_count") AS "min_views", COUNT(*) FILTER (WHERE "p"."status" = 'published') AS "published_posts", COUNT(*) FILTER (WHERE "p"."status" = 'draft') AS "draft_posts", SUM("p"."view_count") FILTER (WHERE "p"."status" = 'published') AS "published_views" FROM "test_post" AS "p" JOIN "test_category" AS "c" ON ("c"."id" = "p"."category_id") GROUP BY "c"."id", "c"."name" ORDER BY "c"."name" ASC  ERROR: column c.name AS category_name does not exist (SQLSTATE=42703) 
    select_test.go:1241: 
        	Error Trace:	/Users/venus/VEF/vef-framework-go2/internal/orm/select_test.go:1241
        	Error:      	Received unexpected error:
        	            	ERROR: column c.name AS category_name does not exist (SQLSTATE=42703)
        	Test:       	TestMultiDatabaseORM/TestPostgreSQL/TestSelectWithComplexAggregates
    select_test.go:1242: 
        	Error Trace:	/Users/venus/VEF/vef-framework-go2/internal/orm/select_test.go:1242
        	Error:      	Should be true
        	Test:       	TestMultiDatabaseORM/TestPostgreSQL/TestSelectWithComplexAggregates
        	Messages:   	Should have category statistics
=== RUN   TestMultiDatabaseORM/TestPostgreSQL/TestSelectWithComplexConditions
    select_test.go:531: Testing SELECT with complex conditions for postgres
2025-09-27T10:16:07.774	[34mINFO[0m	[database]	 SELECT        0 ms SELECT "u"."id", "u"."created_at", "u"."created_by", "u"."updated_at", "u"."updated_by", "u"."name", "u"."email", "u"."age", "u"."is_active", "u"."meta" FROM "test_user" AS "u" WHERE ("u"."is_active" = TRUE) AND (("u"."age" < 30) OR ("u"."age" > 32))
2025-09-27T10:16:07.775	[34mINFO[0m	[database]	 SELECT        0 ms SELECT "u"."id", "u"."created_at", "u"."created_by", "u"."updated_at", "u"."updated_by", "u"."name", "u"."email", "u"."age", "u"."is_active", "u"."meta" FROM "test_user" AS "u" WHERE ("u"."name" <> 'Charlie Brown') ORDER BY "u"."name" ASC
2025-09-27T10:16:07.775	[34mINFO[0m	[database]	 SELECT        0 ms SELECT "p"."id", "p"."created_at", "p"."created_by", "p"."updated_at", "p"."updated_by", "p"."title", "p"."content", "p"."description", "p"."user_id", "p"."category_id", "p"."status", "p"."view_count" FROM "test_post" AS "p" WHERE ("p"."description" IS NOT NULL)
2025-09-27T10:16:07.775	[34mINFO[0m	[database]	 SELECT        0 ms SELECT "p"."id", "p"."created_at", "p"."created_by", "p"."updated_at", "p"."updated_by", "p"."title", "p"."content", "p"."description", "p"."user_id", "p"."category_id", "p"."status", "p"."view_count" FROM "test_post" AS "p" WHERE ("p"."status" NOT IN ('draft')) AND ("p"."title" NOT LIKE '%Test%')
=== RUN   TestMultiDatabaseORM/TestPostgreSQL/TestSelectWithConditions
    select_test.go:82: Testing SELECT with conditions for postgres
2025-09-27T10:16:07.775	[34mINFO[0m	[database]	 SELECT        0 ms SELECT "u"."id", "u"."created_at", "u"."created_by", "u"."updated_at", "u"."updated_by", "u"."name", "u"."email", "u"."age", "u"."is_active", "u"."meta" FROM "test_user" AS "u" WHERE ("u"."is_active" = TRUE)
2025-09-27T10:16:07.775	[34mINFO[0m	[database]	 SELECT        0 ms SELECT "u"."id", "u"."created_at", "u"."created_by", "u"."updated_at", "u"."updated_by", "u"."name", "u"."email", "u"."age", "u"."is_active", "u"."meta" FROM "test_user" AS "u" WHERE ("u"."age" > 28)
2025-09-27T10:16:07.775	[34mINFO[0m	[database]	 SELECT        0 ms SELECT "u"."id", "u"."created_at", "u"."created_by", "u"."updated_at", "u"."updated_by", "u"."name", "u"."email", "u"."age", "u"."is_active", "u"."meta" FROM "test_user" AS "u" WHERE ("u"."age" BETWEEN 25 AND 30)
2025-09-27T10:16:07.776	[34mINFO[0m	[database]	 SELECT        0 ms SELECT "u"."id", "u"."created_at", "u"."created_by", "u"."updated_at", "u"."updated_by", "u"."name", "u"."email", "u"."age", "u"."is_active", "u"."meta" FROM "test_user" AS "u" WHERE ("u"."email" IN ('alice@example.com', 'bob@example.com'))
2025-09-27T10:16:07.776	[34mINFO[0m	[database]	 SELECT        0 ms SELECT "u"."id", "u"."created_at", "u"."created_by", "u"."updated_at", "u"."updated_by", "u"."name", "u"."email", "u"."age", "u"."is_active", "u"."meta" FROM "test_user" AS "u" WHERE ("u"."name" LIKE '%Johnson%')
2025-09-27T10:16:07.776	[34mINFO[0m	[database]	 SELECT        0 ms SELECT "u"."id", "u"."created_at", "u"."created_by", "u"."updated_at", "u"."updated_by", "u"."name", "u"."email", "u"."age", "u"."is_active", "u"."meta" FROM "test_user" AS "u" WHERE ("u"."name" LIKE 'Alice%')
2025-09-27T10:16:07.776	[34mINFO[0m	[database]	 SELECT        0 ms SELECT "u"."id", "u"."created_at", "u"."created_by", "u"."updated_at", "u"."updated_by", "u"."name", "u"."email", "u"."age", "u"."is_active", "u"."meta" FROM "test_user" AS "u" WHERE ("u"."is_active" IS TRUE) AND ("u"."age" > 26)
2025-09-27T10:16:07.776	[34mINFO[0m	[database]	 SELECT        0 ms SELECT "u"."id", "u"."created_at", "u"."created_by", "u"."updated_at", "u"."updated_by", "u"."name", "u"."email", "u"."age", "u"."is_active", "u"."meta" FROM "test_user" AS "u" WHERE ("u"."age" = 25) OR ("u"."age" = 35)
=== RUN   TestMultiDatabaseORM/TestPostgreSQL/TestSelectWithJoins
    select_test.go:188: Testing SELECT with JOINs for postgres
2025-09-27T10:16:07.776	[34mINFO[0m	[database]	 SELECT        0 ms SELECT "p"."id", "p"."created_at", "p"."created_by", "p"."updated_at", "p"."updated_by", "p"."title", "p"."content", "p"."description", "p"."user_id", "p"."category_id", "p"."status", "p"."view_count" FROM "test_post" AS "p" JOIN "test_user" AS "u" ON ("u"."id" = "p"."user_id") WHERE ("u"."name" = 'Alice Johnson')
2025-09-27T10:16:07.777	[34mINFO[0m	[database]	 SELECT        0 ms SELECT "p"."id", "p"."created_at", "p"."created_by", "p"."updated_at", "p"."updated_by", "p"."title", "p"."content", "p"."description", "p"."user_id", "p"."category_id", "p"."status", "p"."view_count", "user"."id" AS "user__id", "user"."created_at" AS "user__created_at", "user"."created_by" AS "user__created_by", "user"."updated_at" AS "user__updated_at", "user"."updated_by" AS "user__updated_by", "user"."name" AS "user__name", "user"."email" AS "user__email", "user"."age" AS "user__age", "user"."is_active" AS "user__is_active", "user"."meta" AS "user__meta", "category"."id" AS "category__id", "category"."created_at" AS "category__created_at", "category"."created_by" AS "category__created_by", "category"."updated_at" AS "category__updated_at", "category"."updated_by" AS "category__updated_by", "category"."name" AS "category__name", "category"."description" AS "category__description", "category"."parent_id" AS "category__parent_id" FROM "test_post" AS "p" LEFT JOIN "test_user" AS "user" ON ("user"."id" = "p"."user_id") LEFT JOIN "test_category" AS "category" ON ("category"."id" = "p"."category_id") WHERE ("p"."status" = 'published')
2025-09-27T10:16:07.777	[34mINFO[0m	[database]	 SELECT        0 ms SELECT "c"."id", "c"."created_at", "c"."created_by", "c"."updated_at", "c"."updated_by", "c"."name", "c"."description", "c"."parent_id" FROM "test_category" AS "c" LEFT JOIN "test_post" AS "p" ON ("c"."id" = "p"."category_id") GROUP BY "c"."id", "c"."name", "c"."description"
=== RUN   TestMultiDatabaseORM/TestPostgreSQL/TestSelectWithOrderingAndLimits
    select_test.go:399: Testing SELECT with ordering and limits for postgres
2025-09-27T10:16:07.777	[34mINFO[0m	[database]	 SELECT        0 ms SELECT "u"."id", "u"."created_at", "u"."created_by", "u"."updated_at", "u"."updated_by", "u"."name", "u"."email", "u"."age", "u"."is_active", "u"."meta" FROM "test_user" AS "u" ORDER BY "u"."age" ASC
2025-09-27T10:16:07.777	[34mINFO[0m	[database]	 SELECT        0 ms SELECT "u"."id", "u"."created_at", "u"."created_by", "u"."updated_at", "u"."updated_by", "u"."name", "u"."email", "u"."age", "u"."is_active", "u"."meta" FROM "test_user" AS "u" ORDER BY "u"."age" DESC
2025-09-27T10:16:07.777	[34mINFO[0m	[database]	 SELECT        0 ms SELECT "u"."id", "u"."created_at", "u"."created_by", "u"."updated_at", "u"."updated_by", "u"."name", "u"."email", "u"."age", "u"."is_active", "u"."meta" FROM "test_user" AS "u" ORDER BY "u"."age" ASC LIMIT 2
2025-09-27T10:16:07.778	[34mINFO[0m	[database]	 SELECT        0 ms SELECT "p"."id", "p"."created_at", "p"."created_by", "p"."updated_at", "p"."updated_by", "p"."title", "p"."content", "p"."description", "p"."user_id", "p"."category_id", "p"."status", "p"."view_count" FROM "test_post" AS "p" ORDER BY "p"."status" ASC, "p"."view_count" DESC
2025-09-27T10:16:07.778	[34mINFO[0m	[database]	 SELECT        0 ms SELECT "u"."id", "u"."created_at", "u"."created_by", "u"."updated_at", "u"."updated_by", "u"."name", "u"."email", "u"."age", "u"."is_active", "u"."meta" FROM "test_user" AS "u" ORDER BY "u"."age" ASC LIMIT 2 OFFSET 1
=== RUN   TestMultiDatabaseORM/TestPostgreSQL/TestSelectWithSubQueries
    select_test.go:327: Testing SELECT with subqueries for postgres
2025-09-27T10:16:07.778	[34mINFO[0m	[database]	 SELECT        0 ms SELECT "u"."id", "u"."created_at", "u"."created_by", "u"."updated_at", "u"."updated_by", "u"."name", "u"."email", "u"."age", "u"."is_active", "u"."meta" FROM "test_user" AS "u" WHERE ("u"."id" IN (SELECT "p"."user_id" FROM "test_post" AS "p" WHERE ("p"."status" = 'published'))) ORDER BY "u"."name" ASC
2025-09-27T10:16:07.778	[34mINFO[0m	[database]	 SELECT        0 ms SELECT "p"."id", "p"."created_at", "p"."created_by", "p"."updated_at", "p"."updated_by", "p"."title", "p"."content", "p"."description", "p"."user_id", "p"."category_id", "p"."status", "p"."view_count" FROM "test_post" AS "p" WHERE ("p"."view_count" > (SELECT AVG("p"."view_count") FROM "test_post" AS "p")) ORDER BY "p"."view_count" DESC
2025-09-27T10:16:07.779	[34mINFO[0m	[database]	 SELECT        0 ms SELECT AVG("p"."view_count") FROM "test_post" AS "p"
2025-09-27T10:16:07.779	[34mINFO[0m	[database]	 SELECT        0 ms SELECT "c"."id", "c"."created_at", "c"."created_by", "c"."updated_at", "c"."updated_by", "c"."name", "c"."description", "c"."parent_id" FROM "test_category" AS "c" WHERE ("c"."id" IN (SELECT DISTINCT "p"."category_id" FROM "test_post" AS "p")) ORDER BY "c"."name" ASC
=== RUN   TestMultiDatabaseORM/TestPostgreSQL/TestSelectWithWindowFunctions
    select_test.go:601: Testing SELECT with window functions for postgres
2025-09-27T10:16:07.779	[34mINFO[0m	[database]	 SELECT        0 ms SELECT "u"."id", "u"."name", "u"."age", ROW_NUMBER() OVER ( ORDER BY "u"."age" ASC) AS "row_num" FROM "test_user" AS "u" ORDER BY "u"."age" ASC
2025-09-27T10:16:07.779	[34mINFO[0m	[database]	 SELECT        0 ms SELECT "p"."id", "p"."title", "p"."status", "p"."view_count", RANK() OVER (PARTITION BY "p"."status" ORDER BY "p"."view_count" DESC) AS "rank", DENSE_RANK() OVER (PARTITION BY "p"."status" ORDER BY "p"."view_count" DESC) AS "dense_rank" FROM "test_post" AS "p" ORDER BY "p"."status" ASC, "p"."view_count" DESC
2025-09-27T10:16:07.779	[34mINFO[0m	[database]	 SELECT        0 ms SELECT "u"."name", "u"."age", SUM("u"."age") OVER ( ORDER BY "u"."age" ASC ROWS UNBOUNDED PRECEDING) AS "running_total", AVG("u"."age") OVER ( ORDER BY "u"."age" ASC ROWS UNBOUNDED PRECEDING) AS "moving_avg", COUNT(*) OVER ( ORDER BY "u"."age" ASC ROWS UNBOUNDED PRECEDING) AS "running_count" FROM "test_user" AS "u" ORDER BY "u"."age" ASC
2025-09-27T10:16:07.780	[34mINFO[0m	[database]	 SELECT        0 ms SELECT "p"."title", "p"."view_count", LAG("p"."view_count") OVER ( ORDER BY "p"."view_count" ASC) AS "prev_view_count", LEAD("p"."view_count", 1) OVER ( ORDER BY "p"."view_count" ASC) AS "next_view_count" FROM "test_post" AS "p" ORDER BY "p"."view_count" ASC
2025-09-27T10:16:07.780	[34mINFO[0m	[database]	 SELECT        0 ms SELECT "p"."title", "p"."status", "p"."view_count", FIRST_VALUE("p"."view_count") OVER (PARTITION BY "p"."status" ORDER BY "p"."view_count" ASC) AS "first_in_status", LAST_VALUE("p"."view_count") OVER (PARTITION BY "p"."status" ORDER BY "p"."view_count" ASC ROWS BETWEEN UNBOUNDED PRECEDING AND UNBOUNDED FOLLOWING) AS "last_in_status" FROM "test_post" AS "p" ORDER BY "p"."status" ASC, "p"."view_count" ASC
2025-09-27T10:16:07.780	[34mINFO[0m	[database]	 SELECT        0 ms SELECT "u"."name", "u"."age", NTILE(4) OVER ( ORDER BY "u"."age" ASC) AS "quartile" FROM "test_user" AS "u" ORDER BY "u"."age" ASC
2025-09-27T10:16:07.780	[34mINFO[0m	[database]	 SELECT        0 ms SELECT "p"."title", "p"."status", "p"."view_count", RANK() OVER (PARTITION BY "p"."status" ORDER BY "p"."view_count" DESC) AS "rank_in_status", PERCENT_RANK() OVER ( ORDER BY "p"."view_count" DESC) AS "percent_of_total", SUM("p"."view_count") OVER (PARTITION BY "p"."status" ORDER BY "p"."view_count" DESC ROWS UNBOUNDED PRECEDING) AS "cumulative_views" FROM "test_post" AS "p" ORDER BY "p"."status" ASC, "p"."view_count" DESC
=== RUN   TestMultiDatabaseORM/TestPostgreSQL/TestSelectWithWindowFunctionsAdvanced
    select_test.go:867: Testing advanced window functions for postgres
2025-09-27T10:16:07.780	[34mINFO[0m	[database]	 SELECT        0 ms SELECT "p"."title", "p"."view_count", LAG("p"."view_count", 2) OVER ( ORDER BY "p"."view_count" ASC) AS "prev2_view_count", LEAD("p"."view_count", 2) OVER ( ORDER BY "p"."view_count" ASC) AS "next2_view_count", LEAD("p"."view_count", 2, -1) OVER ( ORDER BY "p"."view_count" ASC) AS "next2_or_default" FROM "test_post" AS "p" ORDER BY "p"."view_count" ASC
2025-09-27T10:16:07.780	[34mINFO[0m	[database]	 SELECT        0 ms SELECT "p"."title", "p"."view_count", AVG("p"."view_count") OVER ( ORDER BY "p"."view_count" ASC ROWS BETWEEN 2 PRECEDING AND CURRENT ROW) AS "mov_avg" FROM "test_post" AS "p" ORDER BY "p"."view_count" ASC
2025-09-27T10:16:07.781	[34mINFO[0m	[database]	 SELECT        0 ms SELECT "p"."status", "p"."view_count", NTH_VALUE("p"."view_count", 2) OVER (PARTITION BY "p"."status" ORDER BY "p"."view_count" ASC ROWS BETWEEN UNBOUNDED PRECEDING AND UNBOUNDED FOLLOWING) AS "second_from_end" FROM "test_post" AS "p" ORDER BY "p"."status" ASC, "p"."view_count" ASC
=== RUN   TestMultiDatabaseORM/TestPostgreSQL/TestSelectWithWindowFunctionsFromClause
    select_test.go:958: Testing window functions FROM FIRST/LAST for postgres
    select_test.go:962: Skip FROM FIRST/LAST tests for postgres - not supported by common databases
=== NAME  TestMultiDatabaseORM/TestPostgreSQL
    orm_test.go:127: Setting up ORM test suite for postgres
2025-09-27T10:16:07.782	[34mINFO[0m	[database]	 DROP TABLE      0 ms DROP TABLE IF EXISTS "test_user" CASCADE
2025-09-27T10:16:07.783	[34mINFO[0m	[database]	 CREATE TABLE      0 ms CREATE TABLE "test_user" ("id" VARCHAR NOT NULL, "created_at" timestamp NOT NULL DEFAULT CURRENT_TIMESTAMP, "created_by" VARCHAR NOT NULL, "updated_at" timestamp NOT NULL DEFAULT CURRENT_TIMESTAMP, "updated_by" VARCHAR NOT NULL, "name" VARCHAR NOT NULL, "email" VARCHAR NOT NULL, "age" SMALLINT NOT NULL DEFAULT 0, "is_active" BOOLEAN NOT NULL, "meta" JSONB, PRIMARY KEY ("id"), UNIQUE ("email"))
2025-09-27T10:16:07.783	[34mINFO[0m	[database]	 INSERT        0 ms INSERT INTO "test_user" ("id", "created_at", "created_by", "updated_at", "updated_by", "name", "email", "age", "is_active", "meta") VALUES ('d3bkhps5cmcb9l8l0h8g', '2025-09-27 10:16:07', 'system', '2025-09-27 10:16:07', 'system', 'Alice Johnson', 'alice@example.com', 30, TRUE, '{"interests":["golang","databases"],"role":"admin"}')
2025-09-27T10:16:07.783	[34mINFO[0m	[database]	 INSERT        0 ms INSERT INTO "test_user" ("id", "created_at", "created_by", "updated_at", "updated_by", "name", "email", "age", "is_active", "meta") VALUES ('d3bkhps5cmcb9l8l0h90', '2025-09-27 10:16:07', 'system', '2025-09-27 10:16:07', 'system', 'Bob Smith', 'bob@example.com', 25, TRUE, '{"interests":["tutorials","postgres"],"role":"editor"}')
2025-09-27T10:16:07.783	[34mINFO[0m	[database]	 INSERT        0 ms INSERT INTO "test_user" ("id", "created_at", "created_by", "updated_at", "updated_by", "name", "email", "age", "is_active", "meta") VALUES ('d3bkhps5cmcb9l8l0h9g', '2025-09-27 10:16:07', 'system', '2025-09-27 10:16:07', 'system', 'Charlie Brown', 'charlie@example.com', 35, FALSE, '{"interests":["science"],"role":"viewer"}')
2025-09-27T10:16:07.784	[34mINFO[0m	[database]	 DROP TABLE      0 ms DROP TABLE IF EXISTS "test_category" CASCADE
2025-09-27T10:16:07.784	[34mINFO[0m	[database]	 CREATE TABLE      0 ms CREATE TABLE "test_category" ("id" VARCHAR NOT NULL, "created_at" timestamp NOT NULL DEFAULT CURRENT_TIMESTAMP, "created_by" VARCHAR NOT NULL, "updated_at" timestamp NOT NULL DEFAULT CURRENT_TIMESTAMP, "updated_by" VARCHAR NOT NULL, "name" VARCHAR NOT NULL, "description" VARCHAR, "parent_id" VARCHAR, PRIMARY KEY ("id"), UNIQUE ("name"))
2025-09-27T10:16:07.785	[34mINFO[0m	[database]	 INSERT        0 ms INSERT INTO "test_category" ("id", "created_at", "created_by", "updated_at", "updated_by", "name", "description", "parent_id") VALUES ('d3bkhps5cmcb9l8l0ha0', '2025-09-27 10:16:07', 'system', '2025-09-27 10:16:07', 'system', 'Technology', 'Tech-related posts', DEFAULT) RETURNING "parent_id"
2025-09-27T10:16:07.785	[34mINFO[0m	[database]	 INSERT        0 ms INSERT INTO "test_category" ("id", "created_at", "created_by", "updated_at", "updated_by", "name", "description", "parent_id") VALUES ('d3bkhps5cmcb9l8l0hag', '2025-09-27 10:16:07', 'system', '2025-09-27 10:16:07', 'system', 'Science', 'Scientific articles', DEFAULT) RETURNING "parent_id"
2025-09-27T10:16:07.785	[34mINFO[0m	[database]	 INSERT        0 ms INSERT INTO "test_category" ("id", "created_at", "created_by", "updated_at", "updated_by", "name", "description", "parent_id") VALUES ('d3bkhps5cmcb9l8l0hb0', '2025-09-27 10:16:07', 'system', '2025-09-27 10:16:07', 'system', 'Business', 'Business and economics', DEFAULT) RETURNING "parent_id"
2025-09-27T10:16:07.785	[34mINFO[0m	[database]	 INSERT        0 ms INSERT INTO "test_category" ("id", "created_at", "created_by", "updated_at", "updated_by", "name", "description", "parent_id") VALUES ('d3bkhps5cmcb9l8l0hbg', '2025-09-27 10:16:07', 'system', '2025-09-27 10:16:07', 'system', 'GoLang', 'Go-related posts', 'd3bkhps5cmcb9l8l0ha0')
2025-09-27T10:16:07.786	[34mINFO[0m	[database]	 DROP TABLE      0 ms DROP TABLE IF EXISTS "test_tag" CASCADE
2025-09-27T10:16:07.786	[34mINFO[0m	[database]	 CREATE TABLE      0 ms CREATE TABLE "test_tag" ("id" VARCHAR NOT NULL, "created_at" timestamp NOT NULL DEFAULT CURRENT_TIMESTAMP, "created_by" VARCHAR NOT NULL, "updated_at" timestamp NOT NULL DEFAULT CURRENT_TIMESTAMP, "updated_by" VARCHAR NOT NULL, "name" VARCHAR NOT NULL, "description" VARCHAR, PRIMARY KEY ("id"), UNIQUE ("name"))
2025-09-27T10:16:07.786	[34mINFO[0m	[database]	 INSERT        0 ms INSERT INTO "test_tag" ("id", "created_at", "created_by", "updated_at", "updated_by", "name", "description") VALUES ('d3bkhps5cmcb9l8l0hc0', '2025-09-27 10:16:07', 'system', '2025-09-27 10:16:07', 'system', 'programming', 'Programming related content')
2025-09-27T10:16:07.786	[34mINFO[0m	[database]	 INSERT        0 ms INSERT INTO "test_tag" ("id", "created_at", "created_by", "updated_at", "updated_by", "name", "description") VALUES ('d3bkhps5cmcb9l8l0hcg', '2025-09-27 10:16:07', 'system', '2025-09-27 10:16:07', 'system', 'database', 'Database related content')
2025-09-27T10:16:07.787	[34mINFO[0m	[database]	 INSERT        0 ms INSERT INTO "test_tag" ("id", "created_at", "created_by", "updated_at", "updated_by", "name", "description") VALUES ('d3bkhps5cmcb9l8l0hd0', '2025-09-27 10:16:07', 'system', '2025-09-27 10:16:07', 'system', 'go', 'Go language topics')
2025-09-27T10:16:07.787	[34mINFO[0m	[database]	 INSERT        0 ms INSERT INTO "test_tag" ("id", "created_at", "created_by", "updated_at", "updated_by", "name", "description") VALUES ('d3bkhps5cmcb9l8l0hdg', '2025-09-27 10:16:07', 'system', '2025-09-27 10:16:07', 'system', 'tutorial', 'Tutorials and guides')
2025-09-27T10:16:07.787	[34mINFO[0m	[database]	 INSERT        0 ms INSERT INTO "test_tag" ("id", "created_at", "created_by", "updated_at", "updated_by", "name", "description") VALUES ('d3bkhps5cmcb9l8l0he0', '2025-09-27 10:16:07', 'system', '2025-09-27 10:16:07', 'system', 'advanced', 'Advanced topics')
2025-09-27T10:16:07.788	[34mINFO[0m	[database]	 DROP TABLE      0 ms DROP TABLE IF EXISTS "test_post" CASCADE
2025-09-27T10:16:07.788	[34mINFO[0m	[database]	 CREATE TABLE      0 ms CREATE TABLE "test_post" ("id" VARCHAR NOT NULL, "created_at" timestamp NOT NULL DEFAULT CURRENT_TIMESTAMP, "created_by" VARCHAR NOT NULL, "updated_at" timestamp NOT NULL DEFAULT CURRENT_TIMESTAMP, "updated_by" VARCHAR NOT NULL, "title" VARCHAR NOT NULL, "content" VARCHAR NOT NULL, "description" VARCHAR, "user_id" VARCHAR NOT NULL, "category_id" VARCHAR NOT NULL, "status" VARCHAR NOT NULL DEFAULT 'draft', "view_count" BIGINT NOT NULL DEFAULT 0, PRIMARY KEY ("id"))
2025-09-27T10:16:07.788	[34mINFO[0m	[database]	 INSERT        0 ms INSERT INTO "test_post" ("id", "created_at", "created_by", "updated_at", "updated_by", "title", "content", "description", "user_id", "category_id", "status", "view_count") VALUES ('d3bkhps5cmcb9l8l0heg', '2025-09-27 10:16:07', 'd3bkhps5cmcb9l8l0h8g', '2025-09-27 10:16:07', 'd3bkhps5cmcb9l8l0h8g', 'Introduction to Go', 'Go is a programming language designed at Google.', 'Getting started with Go', 'd3bkhps5cmcb9l8l0h8g', 'd3bkhps5cmcb9l8l0hbg', 'published', 123)
2025-09-27T10:16:07.789	[34mINFO[0m	[database]	 INSERT        0 ms INSERT INTO "test_post" ("id", "created_at", "created_by", "updated_at", "updated_by", "title", "content", "description", "user_id", "category_id", "status", "view_count") VALUES ('d3bkhps5cmcb9l8l0hf0', '2025-09-27 10:16:07', 'd3bkhps5cmcb9l8l0h90', '2025-09-27 10:16:07', 'd3bkhps5cmcb9l8l0h90', 'Database Design Basics', 'Good database design principles.', 'Normalization and relationships', 'd3bkhps5cmcb9l8l0h90', 'd3bkhps5cmcb9l8l0ha0', 'published', 87)
2025-09-27T10:16:07.789	[34mINFO[0m	[database]	 INSERT        0 ms INSERT INTO "test_post" ("id", "created_at", "created_by", "updated_at", "updated_by", "title", "content", "description", "user_id", "category_id", "status", "view_count") VALUES ('d3bkhps5cmcb9l8l0hfg', '2025-09-27 10:16:07', 'd3bkhps5cmcb9l8l0h8g', '2025-09-27 10:16:07', 'd3bkhps5cmcb9l8l0h8g', 'Machine Learning Basics', 'An introduction to ML concepts and workflows.', 'Supervised vs unsupervised learning', 'd3bkhps5cmcb9l8l0h8g', 'd3bkhps5cmcb9l8l0hag', 'draft', 45)
2025-09-27T10:16:07.789	[34mINFO[0m	[database]	 INSERT        0 ms INSERT INTO "test_post" ("id", "created_at", "created_by", "updated_at", "updated_by", "title", "content", "description", "user_id", "category_id", "status", "view_count") VALUES ('d3bkhps5cmcb9l8l0hg0', '2025-09-27 10:16:07', 'd3bkhps5cmcb9l8l0h9g', '2025-09-27 10:16:07', 'd3bkhps5cmcb9l8l0h9g', 'Business Strategy Fundamentals', 'Effective business strategies and frameworks.', 'Strategic planning overview', 'd3bkhps5cmcb9l8l0h9g', 'd3bkhps5cmcb9l8l0hb0', 'published', 64)
2025-09-27T10:16:07.789	[34mINFO[0m	[database]	 INSERT        0 ms INSERT INTO "test_post" ("id", "created_at", "created_by", "updated_at", "updated_by", "title", "content", "description", "user_id", "category_id", "status", "view_count") VALUES ('d3bkhps5cmcb9l8l0hgg', '2025-09-27 10:16:07', 'd3bkhps5cmcb9l8l0h8g', '2025-09-27 10:16:07', 'd3bkhps5cmcb9l8l0h8g', 'Advanced Go Patterns', 'Exploring advanced patterns and best practices in Go.', 'Idiomatic Go techniques', 'd3bkhps5cmcb9l8l0h8g', 'd3bkhps5cmcb9l8l0hbg', 'review', 98)
2025-09-27T10:16:07.789	[34mINFO[0m	[database]	 INSERT        0 ms INSERT INTO "test_post" ("id", "created_at", "created_by", "updated_at", "updated_by", "title", "content", "description", "user_id", "category_id", "status", "view_count") VALUES ('d3bkhps5cmcb9l8l0hh0', '2025-09-27 10:16:07', 'd3bkhps5cmcb9l8l0h90', '2025-09-27 10:16:07', 'd3bkhps5cmcb9l8l0h90', 'Latest Trends in Science', 'A survey of recent scientific advancements.', 'Interdisciplinary highlights', 'd3bkhps5cmcb9l8l0h90', 'd3bkhps5cmcb9l8l0hag', 'published', 77)
2025-09-27T10:16:07.789	[34mINFO[0m	[database]	 INSERT        0 ms INSERT INTO "test_post" ("id", "created_at", "created_by", "updated_at", "updated_by", "title", "content", "description", "user_id", "category_id", "status", "view_count") VALUES ('d3bkhps5cmcb9l8l0hhg', '2025-09-27 10:16:07', 'd3bkhps5cmcb9l8l0h9g', '2025-09-27 10:16:07', 'd3bkhps5cmcb9l8l0h9g', 'Practical Tech Tutorials', 'Hands-on guides for modern technology stacks.', 'Step-by-step tutorials', 'd3bkhps5cmcb9l8l0h9g', 'd3bkhps5cmcb9l8l0ha0', 'published', 52)
2025-09-27T10:16:07.789	[34mINFO[0m	[database]	 INSERT        0 ms INSERT INTO "test_post" ("id", "created_at", "created_by", "updated_at", "updated_by", "title", "content", "description", "user_id", "category_id", "status", "view_count") VALUES ('d3bkhps5cmcb9l8l0hi0', '2025-09-27 10:16:07', 'd3bkhps5cmcb9l8l0h8g', '2025-09-27 10:16:07', 'd3bkhps5cmcb9l8l0h8g', 'Startup Finance 101', 'Financial basics for early-stage startups.', 'Cash flow, runway, and budgeting', 'd3bkhps5cmcb9l8l0h8g', 'd3bkhps5cmcb9l8l0hb0', 'published', 69)
2025-09-27T10:16:07.790	[34mINFO[0m	[database]	 DROP TABLE      0 ms DROP TABLE IF EXISTS "test_post_tag" CASCADE
2025-09-27T10:16:07.790	[34mINFO[0m	[database]	 CREATE TABLE      0 ms CREATE TABLE "test_post_tag" ("id" VARCHAR NOT NULL, "created_at" timestamp NOT NULL DEFAULT CURRENT_TIMESTAMP, "created_by" VARCHAR NOT NULL, "updated_at" timestamp NOT NULL DEFAULT CURRENT_TIMESTAMP, "updated_by" VARCHAR NOT NULL, "post_id" VARCHAR NOT NULL, "tag_id" VARCHAR NOT NULL, PRIMARY KEY ("id"))
2025-09-27T10:16:07.791	[34mINFO[0m	[database]	 INSERT        0 ms INSERT INTO "test_post_tag" ("id", "created_at", "created_by", "updated_at", "updated_by", "post_id", "tag_id") VALUES ('d3bkhps5cmcb9l8l0hig', '2025-09-27 10:16:07', 'system', '2025-09-27 10:16:07', 'system', 'd3bkhps5cmcb9l8l0heg', 'd3bkhps5cmcb9l8l0hc0')
2025-09-27T10:16:07.791	[34mINFO[0m	[database]	 INSERT        0 ms INSERT INTO "test_post_tag" ("id", "created_at", "created_by", "updated_at", "updated_by", "post_id", "tag_id") VALUES ('d3bkhps5cmcb9l8l0hj0', '2025-09-27 10:16:07', 'system', '2025-09-27 10:16:07', 'system', 'd3bkhps5cmcb9l8l0heg', 'd3bkhps5cmcb9l8l0hd0')
2025-09-27T10:16:07.791	[34mINFO[0m	[database]	 INSERT        0 ms INSERT INTO "test_post_tag" ("id", "created_at", "created_by", "updated_at", "updated_by", "post_id", "tag_id") VALUES ('d3bkhps5cmcb9l8l0hjg', '2025-09-27 10:16:07', 'system', '2025-09-27 10:16:07', 'system', 'd3bkhps5cmcb9l8l0heg', 'd3bkhps5cmcb9l8l0hdg')
2025-09-27T10:16:07.791	[34mINFO[0m	[database]	 INSERT        0 ms INSERT INTO "test_post_tag" ("id", "created_at", "created_by", "updated_at", "updated_by", "post_id", "tag_id") VALUES ('d3bkhps5cmcb9l8l0hk0', '2025-09-27 10:16:07', 'system', '2025-09-27 10:16:07', 'system', 'd3bkhps5cmcb9l8l0hf0', 'd3bkhps5cmcb9l8l0hcg')
2025-09-27T10:16:07.791	[34mINFO[0m	[database]	 INSERT        0 ms INSERT INTO "test_post_tag" ("id", "created_at", "created_by", "updated_at", "updated_by", "post_id", "tag_id") VALUES ('d3bkhps5cmcb9l8l0hkg', '2025-09-27 10:16:07', 'system', '2025-09-27 10:16:07', 'system', 'd3bkhps5cmcb9l8l0hf0', 'd3bkhps5cmcb9l8l0hdg')
2025-09-27T10:16:07.791	[34mINFO[0m	[database]	 INSERT        0 ms INSERT INTO "test_post_tag" ("id", "created_at", "created_by", "updated_at", "updated_by", "post_id", "tag_id") VALUES ('d3bkhps5cmcb9l8l0hl0', '2025-09-27 10:16:07', 'system', '2025-09-27 10:16:07', 'system', 'd3bkhps5cmcb9l8l0hfg', 'd3bkhps5cmcb9l8l0hdg')
2025-09-27T10:16:07.791	[34mINFO[0m	[database]	 INSERT        0 ms INSERT INTO "test_post_tag" ("id", "created_at", "created_by", "updated_at", "updated_by", "post_id", "tag_id") VALUES ('d3bkhps5cmcb9l8l0hlg', '2025-09-27 10:16:07', 'system', '2025-09-27 10:16:07', 'system', 'd3bkhps5cmcb9l8l0hfg', 'd3bkhps5cmcb9l8l0he0')
2025-09-27T10:16:07.791	[34mINFO[0m	[database]	 INSERT        0 ms INSERT INTO "test_post_tag" ("id", "created_at", "created_by", "updated_at", "updated_by", "post_id", "tag_id") VALUES ('d3bkhps5cmcb9l8l0hm0', '2025-09-27 10:16:07', 'system', '2025-09-27 10:16:07', 'system', 'd3bkhps5cmcb9l8l0hg0', 'd3bkhps5cmcb9l8l0he0')
2025-09-27T10:16:07.792	[34mINFO[0m	[database]	 INSERT        0 ms INSERT INTO "test_post_tag" ("id", "created_at", "created_by", "updated_at", "updated_by", "post_id", "tag_id") VALUES ('d3bkhps5cmcb9l8l0hmg', '2025-09-27 10:16:07', 'system', '2025-09-27 10:16:07', 'system', 'd3bkhps5cmcb9l8l0hg0', 'd3bkhps5cmcb9l8l0hdg')
2025-09-27T10:16:07.792	[34mINFO[0m	[database]	 INSERT        0 ms INSERT INTO "test_post_tag" ("id", "created_at", "created_by", "updated_at", "updated_by", "post_id", "tag_id") VALUES ('d3bkhps5cmcb9l8l0hn0', '2025-09-27 10:16:07', 'system', '2025-09-27 10:16:07', 'system', 'd3bkhps5cmcb9l8l0hgg', 'd3bkhps5cmcb9l8l0hd0')
2025-09-27T10:16:07.792	[34mINFO[0m	[database]	 INSERT        0 ms INSERT INTO "test_post_tag" ("id", "created_at", "created_by", "updated_at", "updated_by", "post_id", "tag_id") VALUES ('d3bkhps5cmcb9l8l0hng', '2025-09-27 10:16:07', 'system', '2025-09-27 10:16:07', 'system', 'd3bkhps5cmcb9l8l0hgg', 'd3bkhps5cmcb9l8l0hc0')
2025-09-27T10:16:07.792	[34mINFO[0m	[database]	 INSERT        0 ms INSERT INTO "test_post_tag" ("id", "created_at", "created_by", "updated_at", "updated_by", "post_id", "tag_id") VALUES ('d3bkhps5cmcb9l8l0ho0', '2025-09-27 10:16:07', 'system', '2025-09-27 10:16:07', 'system', 'd3bkhps5cmcb9l8l0hgg', 'd3bkhps5cmcb9l8l0he0')
2025-09-27T10:16:07.792	[34mINFO[0m	[database]	 INSERT        0 ms INSERT INTO "test_post_tag" ("id", "created_at", "created_by", "updated_at", "updated_by", "post_id", "tag_id") VALUES ('d3bkhps5cmcb9l8l0hog', '2025-09-27 10:16:07', 'system', '2025-09-27 10:16:07', 'system', 'd3bkhps5cmcb9l8l0hh0', 'd3bkhps5cmcb9l8l0hdg')
2025-09-27T10:16:07.792	[34mINFO[0m	[database]	 INSERT        0 ms INSERT INTO "test_post_tag" ("id", "created_at", "created_by", "updated_at", "updated_by", "post_id", "tag_id") VALUES ('d3bkhps5cmcb9l8l0hp0', '2025-09-27 10:16:07', 'system', '2025-08-08 00:02:40', 'system', 'd3bkhps5cmcb9l8l0hh0', 'd3bkhps5cmcb9l8l0he0')
2025-09-27T10:16:07.792	[34mINFO[0m	[database]	 INSERT        0 ms INSERT INTO "test_post_tag" ("id", "created_at", "created_by", "updated_at", "updated_by", "post_id", "tag_id") VALUES ('d3bkhps5cmcb9l8l0hpg', '2025-09-27 10:16:07', 'system', '2025-09-27 10:16:07', 'system', 'd3bkhps5cmcb9l8l0hhg', 'd3bkhps5cmcb9l8l0hdg')
2025-09-27T10:16:07.792	[34mINFO[0m	[database]	 INSERT        0 ms INSERT INTO "test_post_tag" ("id", "created_at", "created_by", "updated_at", "updated_by", "post_id", "tag_id") VALUES ('d3bkhps5cmcb9l8l0hq0', '2025-09-27 10:16:07', 'system', '2025-09-27 10:16:07', 'system', 'd3bkhps5cmcb9l8l0hhg', 'd3bkhps5cmcb9l8l0hc0')
2025-09-27T10:16:07.792	[34mINFO[0m	[database]	 INSERT        0 ms INSERT INTO "test_post_tag" ("id", "created_at", "created_by", "updated_at", "updated_by", "post_id", "tag_id") VALUES ('d3bkhps5cmcb9l8l0hqg', '2025-09-27 10:16:07', 'system', '2025-09-27 10:16:07', 'system', 'd3bkhps5cmcb9l8l0hi0', 'd3bkhps5cmcb9l8l0he0')
2025-09-27T10:16:07.793	[34mINFO[0m	[database]	 INSERT        0 ms INSERT INTO "test_post_tag" ("id", "created_at", "created_by", "updated_at", "updated_by", "post_id", "tag_id") VALUES ('d3bkhps5cmcb9l8l0hr0', '2025-09-27 10:16:07', 'system', '2025-09-27 10:16:07', 'system', 'd3bkhps5cmcb9l8l0hi0', 'd3bkhps5cmcb9l8l0hdg')
2025-09-27T10:16:07.793	[34mINFO[0m	[database]	 CREATE TABLE      0 ms CREATE TABLE IF NOT EXISTS "test_simple" ("id" VARCHAR NOT NULL, "created_at" timestamp NOT NULL DEFAULT CURRENT_TIMESTAMP, "created_by" VARCHAR NOT NULL, "updated_at" timestamp NOT NULL DEFAULT CURRENT_TIMESTAMP, "updated_by" VARCHAR NOT NULL, "name" VARCHAR NOT NULL, "value" BIGINT NOT NULL, PRIMARY KEY ("id"))
2025-09-27T10:16:07.793	[34mINFO[0m	[database]	 CREATE TABLE      0 ms CREATE TABLE IF NOT EXISTS "test_complex" ("id" VARCHAR NOT NULL, "created_at" timestamp NOT NULL DEFAULT CURRENT_TIMESTAMP, "created_by" VARCHAR NOT NULL, "updated_at" timestamp NOT NULL DEFAULT CURRENT_TIMESTAMP, "updated_by" VARCHAR NOT NULL, "string_field" VARCHAR NOT NULL, "int_field" BIGINT NOT NULL, "float_field" DOUBLE PRECISION NOT NULL, "bool_field" BOOLEAN NOT NULL, "time_field" TIMESTAMPTZ NOT NULL, "null_string" VARCHAR, "null_int" BIGINT, "null_time" TIMESTAMPTZ, "json_field" JSONB, "array_field" JSONB, PRIMARY KEY ("id"))
    orm_test.go:161: Test fixtures loaded for postgres database
=== RUN   TestMultiDatabaseORM/TestPostgreSQL/TestApplyConditions
    condition_test.go:787: Testing Apply conditions for postgres
2025-09-27T10:16:07.793	[34mINFO[0m	[database]	 SELECT        0 ms SELECT "u"."id", "u"."created_at", "u"."created_by", "u"."updated_at", "u"."updated_by", "u"."name", "u"."email", "u"."age", "u"."is_active", "u"."meta" FROM "test_user" AS "u" WHERE ("u"."is_active" = TRUE)
2025-09-27T10:16:07.793	[34mINFO[0m	[database]	 SELECT        0 ms SELECT "u"."id", "u"."created_at", "u"."created_by", "u"."updated_at", "u"."updated_by", "u"."name", "u"."email", "u"."age", "u"."is_active", "u"."meta" FROM "test_user" AS "u" WHERE ("u"."is_active" = TRUE) AND ("u"."age" > 25)
2025-09-27T10:16:07.793	[34mINFO[0m	[database]	 SELECT        0 ms SELECT "u"."id", "u"."created_at", "u"."created_by", "u"."updated_at", "u"."updated_by", "u"."name", "u"."email", "u"."age", "u"."is_active", "u"."meta" FROM "test_user" AS "u" WHERE ("u"."is_active" = TRUE) AND ("u"."age" > 25)
2025-09-27T10:16:07.793	[34mINFO[0m	[database]	 SELECT        0 ms SELECT "u"."id", "u"."created_at", "u"."created_by", "u"."updated_at", "u"."updated_by", "u"."name", "u"."email", "u"."age", "u"."is_active", "u"."meta" FROM "test_user" AS "u" WHERE ("u"."is_active" = TRUE)
=== RUN   TestMultiDatabaseORM/TestPostgreSQL/TestAuditConditions
    condition_test.go:606: Testing audit conditions for postgres
2025-09-27T10:16:07.794	[34mINFO[0m	[database]	 SELECT        0 ms SELECT "u"."id", "u"."created_at", "u"."created_by", "u"."updated_at", "u"."updated_by", "u"."name", "u"."email", "u"."age", "u"."is_active", "u"."meta" FROM "test_user" AS "u" WHERE ("u"."created_by" = 'system')
2025-09-27T10:16:07.794	[34mINFO[0m	[database]	 SELECT        0 ms SELECT "u"."id", "u"."created_at", "u"."created_by", "u"."updated_at", "u"."updated_by", "u"."name", "u"."email", "u"."age", "u"."is_active", "u"."meta" FROM "test_user" AS "u" WHERE ("u"."created_by" <> 'system')
2025-09-27T10:16:07.794	[34mINFO[0m	[database]	 SELECT        0 ms SELECT "u"."id", "u"."created_at", "u"."created_by", "u"."updated_at", "u"."updated_by", "u"."name", "u"."email", "u"."age", "u"."is_active", "u"."meta" FROM "test_user" AS "u" WHERE ("u"."updated_by" = 'system')
2025-09-27T10:16:07.794	[34mINFO[0m	[database]	 SELECT        0 ms SELECT "u"."id", "u"."created_at", "u"."created_by", "u"."updated_at", "u"."updated_by", "u"."name", "u"."email", "u"."age", "u"."is_active", "u"."meta" FROM "test_user" AS "u" WHERE ("u"."created_by" IN ('system', 'admin'))
=== RUN   TestMultiDatabaseORM/TestPostgreSQL/TestBasicConditions
    condition_test.go:13: Testing basic conditions for postgres
2025-09-27T10:16:07.794	[34mINFO[0m	[database]	 SELECT        0 ms SELECT "u"."id", "u"."created_at", "u"."created_by", "u"."updated_at", "u"."updated_by", "u"."name", "u"."email", "u"."age", "u"."is_active", "u"."meta" FROM "test_user" AS "u" WHERE ("u"."name" = 'Alice Johnson')
2025-09-27T10:16:07.794	[34mINFO[0m	[database]	 SELECT        0 ms SELECT "u"."id", "u"."created_at", "u"."created_by", "u"."updated_at", "u"."updated_by", "u"."name", "u"."email", "u"."age", "u"."is_active", "u"."meta" FROM "test_user" AS "u" WHERE ("u"."name" <> 'Alice Johnson') ORDER BY "u"."name" ASC
2025-09-27T10:16:07.794	[34mINFO[0m	[database]	 SELECT        0 ms SELECT "u"."id", "u"."created_at", "u"."created_by", "u"."updated_at", "u"."updated_by", "u"."name", "u"."email", "u"."age", "u"."is_active", "u"."meta" FROM "test_user" AS "u" WHERE ("u"."age" > 30)
2025-09-27T10:16:07.794	[34mINFO[0m	[database]	 SELECT        0 ms SELECT "u"."id", "u"."created_at", "u"."created_by", "u"."updated_at", "u"."updated_by", "u"."name", "u"."email", "u"."age", "u"."is_active", "u"."meta" FROM "test_user" AS "u" WHERE ("u"."age" >= 30) ORDER BY "u"."age" ASC
2025-09-27T10:16:07.795	[34mINFO[0m	[database]	 SELECT        0 ms SELECT "u"."id", "u"."created_at", "u"."created_by", "u"."updated_at", "u"."updated_by", "u"."name", "u"."email", "u"."age", "u"."is_active", "u"."meta" FROM "test_user" AS "u" WHERE ("u"."age" < 30)
2025-09-27T10:16:07.795	[34mINFO[0m	[database]	 SELECT        0 ms SELECT "u"."id", "u"."created_at", "u"."created_by", "u"."updated_at", "u"."updated_by", "u"."name", "u"."email", "u"."age", "u"."is_active", "u"."meta" FROM "test_user" AS "u" WHERE ("u"."age" <= 30) ORDER BY "u"."age" ASC
=== RUN   TestMultiDatabaseORM/TestPostgreSQL/TestBetweenConditions
    condition_test.go:187: Testing BETWEEN conditions for postgres
2025-09-27T10:16:07.795	[34mINFO[0m	[database]	 SELECT        0 ms SELECT "u"."id", "u"."created_at", "u"."created_by", "u"."updated_at", "u"."updated_by", "u"."name", "u"."email", "u"."age", "u"."is_active", "u"."meta" FROM "test_user" AS "u" WHERE ("u"."age" BETWEEN 25 AND 30) ORDER BY "u"."age" ASC
2025-09-27T10:16:07.795	[34mINFO[0m	[database]	 SELECT        0 ms SELECT "u"."id", "u"."created_at", "u"."created_by", "u"."updated_at", "u"."updated_by", "u"."name", "u"."email", "u"."age", "u"."is_active", "u"."meta" FROM "test_user" AS "u" WHERE ("u"."age" NOT BETWEEN 26 AND 34) ORDER BY "u"."age" ASC
2025-09-27T10:16:07.795	[34mINFO[0m	[database]	 SELECT        0 ms SELECT "p"."id", "p"."created_at", "p"."created_by", "p"."updated_at", "p"."updated_by", "p"."title", "p"."content", "p"."description", "p"."user_id", "p"."category_id", "p"."status", "p"."view_count" FROM "test_post" AS "p" WHERE ("p"."view_count" BETWEEN 50 AND 100) ORDER BY "p"."view_count" ASC
=== RUN   TestMultiDatabaseORM/TestPostgreSQL/TestBooleanConditions
    condition_test.go:392: Testing boolean conditions for postgres
2025-09-27T10:16:07.795	[34mINFO[0m	[database]	 SELECT        0 ms SELECT "u"."id", "u"."created_at", "u"."created_by", "u"."updated_at", "u"."updated_by", "u"."name", "u"."email", "u"."age", "u"."is_active", "u"."meta" FROM "test_user" AS "u" WHERE ("u"."is_active" IS TRUE) ORDER BY "u"."name" ASC
2025-09-27T10:16:07.795	[34mINFO[0m	[database]	 SELECT        0 ms SELECT "u"."id", "u"."created_at", "u"."created_by", "u"."updated_at", "u"."updated_by", "u"."name", "u"."email", "u"."age", "u"."is_active", "u"."meta" FROM "test_user" AS "u" WHERE ("u"."is_active" IS FALSE)
2025-09-27T10:16:07.796	[34mINFO[0m	[database]	 SELECT        0 ms SELECT "u"."id", "u"."created_at", "u"."created_by", "u"."updated_at", "u"."updated_by", "u"."name", "u"."email", "u"."age", "u"."is_active", "u"."meta" FROM "test_user" AS "u" WHERE ("u"."is_active" = TRUE)
=== RUN   TestMultiDatabaseORM/TestPostgreSQL/TestColumnComparisons
    condition_test.go:516: Testing column comparisons for postgres
2025-09-27T10:16:07.796	[34mINFO[0m	[database]	 SELECT        0 ms SELECT "u"."id", "u"."created_at", "u"."created_by", "u"."updated_at", "u"."updated_by", "u"."name", "u"."email", "u"."age", "u"."is_active", "u"."meta" FROM "test_user" AS "u" WHERE ("u"."created_at" = "u"."updated_at")
2025-09-27T10:16:07.796	[34mINFO[0m	[database]	 SELECT        0 ms SELECT "u"."id", "u"."created_at", "u"."created_by", "u"."updated_at", "u"."updated_by", "u"."name", "u"."email", "u"."age", "u"."is_active", "u"."meta" FROM "test_user" AS "u" WHERE ("u"."created_at" <> "u"."updated_at")
2025-09-27T10:16:07.796	[34mINFO[0m	[database]	 SELECT        0 ms SELECT "p"."id", "p"."created_at", "p"."created_by", "p"."updated_at", "p"."updated_by", "p"."title", "p"."content", "p"."description", "p"."user_id", "p"."category_id", "p"."status", "p"."view_count" FROM "test_post" AS "p" WHERE ("p"."view_count" > "p"."view_count")
=== RUN   TestMultiDatabaseORM/TestPostgreSQL/TestExpressionConditions
    condition_test.go:558: Testing expression conditions for postgres
2025-09-27T10:16:07.796	[34mINFO[0m	[database]	 SELECT        0 ms SELECT "u"."id", "u"."created_at", "u"."created_by", "u"."updated_at", "u"."updated_by", "u"."name", "u"."email", "u"."age", "u"."is_active", "u"."meta" FROM "test_user" AS "u" WHERE (CHAR_LENGTH("u"."name") > CHAR_LENGTH('Alice'))
2025-09-27T10:16:07.796	[34mINFO[0m	[database]	 SELECT        0 ms SELECT "u"."id", "u"."created_at", "u"."created_by", "u"."updated_at", "u"."updated_by", "u"."name", "u"."email", "u"."age", "u"."is_active", "u"."meta" FROM "test_user" AS "u" WHERE (age < 30 AND is_active = TRUE)
2025-09-27T10:16:07.796	[34mINFO[0m	[database]	 SELECT        0 ms SELECT "u"."id", "u"."created_at", "u"."created_by", "u"."updated_at", "u"."updated_by", "u"."name", "u"."email", "u"."age", "u"."is_active", "u"."meta" FROM "test_user" AS "u" WHERE ("u"."age" > 20 + 5) ORDER BY "u"."age" ASC
=== RUN   TestMultiDatabaseORM/TestPostgreSQL/TestInAndNotInConditions
    condition_test.go:101: Testing IN and NOT IN conditions for postgres
2025-09-27T10:16:07.797	[34mINFO[0m	[database]	 SELECT        0 ms SELECT "u"."id", "u"."created_at", "u"."created_by", "u"."updated_at", "u"."updated_by", "u"."name", "u"."email", "u"."age", "u"."is_active", "u"."meta" FROM "test_user" AS "u" WHERE ("u"."email" IN ('alice@example.com', 'bob@example.com')) ORDER BY "u"."name" ASC
2025-09-27T10:16:07.797	[34mINFO[0m	[database]	 SELECT        0 ms SELECT "u"."id", "u"."created_at", "u"."created_by", "u"."updated_at", "u"."updated_by", "u"."name", "u"."email", "u"."age", "u"."is_active", "u"."meta" FROM "test_user" AS "u" WHERE ("u"."age" IN (25, 35)) ORDER BY "u"."age" ASC
2025-09-27T10:16:07.797	[34mINFO[0m	[database]	 SELECT        0 ms SELECT "u"."id", "u"."created_at", "u"."created_by", "u"."updated_at", "u"."updated_by", "u"."name", "u"."email", "u"."age", "u"."is_active", "u"."meta" FROM "test_user" AS "u" WHERE ("u"."email" NOT IN ('charlie@example.com')) ORDER BY "u"."name" ASC
2025-09-27T10:16:07.797	[34mINFO[0m	[database]	 SELECT        0 ms SELECT "u"."id", "u"."created_at", "u"."created_by", "u"."updated_at", "u"."updated_by", "u"."name", "u"."email", "u"."age", "u"."is_active", "u"."meta" FROM "test_user" AS "u" WHERE ("u"."id" IN (SELECT DISTINCT "p"."user_id" FROM "test_post" AS "p")) ORDER BY "u"."name" ASC
2025-09-27T10:16:07.797	[34mINFO[0m	[database]	 SELECT        0 ms SELECT "u"."id", "u"."created_at", "u"."created_by", "u"."updated_at", "u"."updated_by", "u"."name", "u"."email", "u"."age", "u"."is_active", "u"."meta" FROM "test_user" AS "u" WHERE ("u"."id" NOT IN (SELECT "p"."user_id" FROM "test_post" AS "p" WHERE ("p"."status" = 'draft'))) ORDER BY "u"."name" ASC
=== RUN   TestMultiDatabaseORM/TestPostgreSQL/TestLogicalOperators
    condition_test.go:440: Testing logical operators for postgres
2025-09-27T10:16:07.798	[34mINFO[0m	[database]	 SELECT        0 ms SELECT "u"."id", "u"."created_at", "u"."created_by", "u"."updated_at", "u"."updated_by", "u"."name", "u"."email", "u"."age", "u"."is_active", "u"."meta" FROM "test_user" AS "u" WHERE ("u"."is_active" = TRUE) AND ("u"."age" >= 30)
2025-09-27T10:16:07.798	[34mINFO[0m	[database]	 SELECT        0 ms SELECT "u"."id", "u"."created_at", "u"."created_by", "u"."updated_at", "u"."updated_by", "u"."name", "u"."email", "u"."age", "u"."is_active", "u"."meta" FROM "test_user" AS "u" WHERE ("u"."age" <= 25) OR ("u"."age" >= 35) ORDER BY "u"."age" ASC
2025-09-27T10:16:07.798	[34mINFO[0m	[database]	 SELECT        0 ms SELECT "u"."id", "u"."created_at", "u"."created_by", "u"."updated_at", "u"."updated_by", "u"."name", "u"."email", "u"."age", "u"."is_active", "u"."meta" FROM "test_user" AS "u" WHERE ("u"."is_active" = TRUE) AND (("u"."age" = 25) OR ("u"."age" = 30)) ORDER BY "u"."age" ASC
2025-09-27T10:16:07.798	[34mINFO[0m	[database]	 SELECT        0 ms SELECT "u"."id", "u"."created_at", "u"."created_by", "u"."updated_at", "u"."updated_by", "u"."name", "u"."email", "u"."age", "u"."is_active", "u"."meta" FROM "test_user" AS "u" WHERE (("u"."name" = 'Alice Johnson') OR ("u"."name" = 'Bob Smith')) AND (("u"."age" > 20) OR ("u"."age" < 40)) ORDER BY "u"."name" ASC
2025-09-27T10:16:07.798	[34mINFO[0m	[database]	 SELECT        0 ms SELECT "u"."id", "u"."created_at", "u"."created_by", "u"."updated_at", "u"."updated_by", "u"."name", "u"."email", "u"."age", "u"."is_active", "u"."meta" FROM "test_user" AS "u" WHERE ("u"."is_active" = TRUE) OR (("u"."name" = 'Charlie Brown') AND ("u"."age" > 30)) ORDER BY "u"."name" ASC
=== RUN   TestMultiDatabaseORM/TestPostgreSQL/TestNullConditions
    condition_test.go:329: Testing NULL conditions for postgres
2025-09-27T10:16:07.798	[34mINFO[0m	[database]	 SELECT        0 ms SELECT "p"."id", "p"."created_at", "p"."created_by", "p"."updated_at", "p"."updated_by", "p"."title", "p"."content", "p"."description", "p"."user_id", "p"."category_id", "p"."status", "p"."view_count" FROM "test_post" AS "p" WHERE ("p"."description" IS NOT NULL)
2025-09-27T10:16:07.799	[34mINFO[0m	[database]	 SELECT        0 ms SELECT "p"."id", "p"."created_at", "p"."created_by", "p"."updated_at", "p"."updated_by", "p"."title", "p"."content", "p"."description", "p"."user_id", "p"."category_id", "p"."status", "p"."view_count" FROM "test_post" AS "p" WHERE ("p"."description" IS NULL)
2025-09-27T10:16:07.799	[34mINFO[0m	[database]	 SELECT        0 ms SELECT "c"."id", "c"."created_at", "c"."created_by", "c"."updated_at", "c"."updated_by", "c"."name", "c"."description", "c"."parent_id" FROM "test_category" AS "c" WHERE ("c"."parent_id" IS NOT NULL)
2025-09-27T10:16:07.799	[34mINFO[0m	[database]	 SELECT        0 ms SELECT "c"."id", "c"."created_at", "c"."created_by", "c"."updated_at", "c"."updated_by", "c"."name", "c"."description", "c"."parent_id" FROM "test_category" AS "c" WHERE ("c"."parent_id" IS NULL) ORDER BY "c"."name" ASC
=== RUN   TestMultiDatabaseORM/TestPostgreSQL/TestPrimaryKeyConditions
    condition_test.go:715: Testing primary key conditions for postgres
2025-09-27T10:16:07.800	[34mINFO[0m	[database]	 SELECT        0 ms SELECT "u"."id", "u"."created_at", "u"."created_by", "u"."updated_at", "u"."updated_by", "u"."name", "u"."email", "u"."age", "u"."is_active", "u"."meta" FROM "test_user" AS "u" ORDER BY "u"."name" ASC LIMIT 1
2025-09-27T10:16:07.800	[34mINFO[0m	[database]	 SELECT        0 ms SELECT "u"."id", "u"."created_at", "u"."created_by", "u"."updated_at", "u"."updated_by", "u"."name", "u"."email", "u"."age", "u"."is_active", "u"."meta" FROM "test_user" AS "u" WHERE ("u"."id" = 'd3bkhps5cmcb9l8l0h8g')
2025-09-27T10:16:07.800	[34mINFO[0m	[database]	 SELECT        0 ms SELECT "u"."id", "u"."created_at", "u"."created_by", "u"."updated_at", "u"."updated_by", "u"."name", "u"."email", "u"."age", "u"."is_active", "u"."meta" FROM "test_user" AS "u" WHERE ("u"."id" <> 'd3bkhps5cmcb9l8l0h8g')
2025-09-27T10:16:07.800	[34mINFO[0m	[database]	 SELECT        0 ms SELECT "u"."id", "u"."created_at", "u"."created_by", "u"."updated_at", "u"."updated_by", "u"."name", "u"."email", "u"."age", "u"."is_active", "u"."meta" FROM "test_user" AS "u" ORDER BY "u"."name" ASC
2025-09-27T10:16:07.800	[34mINFO[0m	[database]	 SELECT        0 ms SELECT "u"."id", "u"."created_at", "u"."created_by", "u"."updated_at", "u"."updated_by", "u"."name", "u"."email", "u"."age", "u"."is_active", "u"."meta" FROM "test_user" AS "u" WHERE ("u"."id" IN ('d3bkhps5cmcb9l8l0h8g', 'd3bkhps5cmcb9l8l0h90')) ORDER BY "u"."name" ASC
2025-09-27T10:16:07.800	[34mINFO[0m	[database]	 SELECT        0 ms SELECT "u"."id", "u"."created_at", "u"."created_by", "u"."updated_at", "u"."updated_by", "u"."name", "u"."email", "u"."age", "u"."is_active", "u"."meta" FROM "test_user" AS "u" WHERE ("u"."id" NOT IN ('d3bkhps5cmcb9l8l0h8g', 'd3bkhps5cmcb9l8l0h90'))
=== RUN   TestMultiDatabaseORM/TestPostgreSQL/TestStringConditions
    condition_test.go:237: Testing string conditions for postgres
2025-09-27T10:16:07.800	[34mINFO[0m	[database]	 SELECT        0 ms SELECT "u"."id", "u"."created_at", "u"."created_by", "u"."updated_at", "u"."updated_by", "u"."name", "u"."email", "u"."age", "u"."is_active", "u"."meta" FROM "test_user" AS "u" WHERE ("u"."name" LIKE '%Johnson%')
2025-09-27T10:16:07.801	[34mINFO[0m	[database]	 SELECT        0 ms SELECT "u"."id", "u"."created_at", "u"."created_by", "u"."updated_at", "u"."updated_by", "u"."name", "u"."email", "u"."age", "u"."is_active", "u"."meta" FROM "test_user" AS "u" WHERE ("u"."name" LIKE 'Alice%')
2025-09-27T10:16:07.801	[34mINFO[0m	[database]	 SELECT        0 ms SELECT "u"."id", "u"."created_at", "u"."created_by", "u"."updated_at", "u"."updated_by", "u"."name", "u"."email", "u"."age", "u"."is_active", "u"."meta" FROM "test_user" AS "u" WHERE ("u"."name" LIKE '%Brown')
2025-09-27T10:16:07.801	[34mINFO[0m	[database]	 SELECT        0 ms SELECT "u"."id", "u"."created_at", "u"."created_by", "u"."updated_at", "u"."updated_by", "u"."name", "u"."email", "u"."age", "u"."is_active", "u"."meta" FROM "test_user" AS "u" WHERE ("u"."name" NOT LIKE '%Johnson%') ORDER BY "u"."name" ASC
2025-09-27T10:16:07.801	[34mINFO[0m	[database]	 SELECT        0 ms SELECT "u"."id", "u"."created_at", "u"."created_by", "u"."updated_at", "u"."updated_by", "u"."name", "u"."email", "u"."age", "u"."is_active", "u"."meta" FROM "test_user" AS "u" WHERE (("u"."name" LIKE '%Alice%') OR ("u"."name" LIKE '%Bob%')) ORDER BY "u"."name" ASC
2025-09-27T10:16:07.801	[34mINFO[0m	[database]	 SELECT        0 ms SELECT "u"."id", "u"."created_at", "u"."created_by", "u"."updated_at", "u"."updated_by", "u"."name", "u"."email", "u"."age", "u"."is_active", "u"."meta" FROM "test_user" AS "u" WHERE (("u"."name" LIKE 'Alice%') OR ("u"."name" LIKE 'Charlie%')) ORDER BY "u"."name" ASC
2025-09-27T10:16:07.801	[34mINFO[0m	[database]	 SELECT        0 ms SELECT "u"."id", "u"."created_at", "u"."created_by", "u"."updated_at", "u"."updated_by", "u"."name", "u"."email", "u"."age", "u"."is_active", "u"."meta" FROM "test_user" AS "u" WHERE ("u"."name" ILIKE '%ALICE%')
=== RUN   TestMultiDatabaseORM/TestPostgreSQL/TestTimeConditions
    condition_test.go:658: Testing time conditions for postgres
2025-09-27T10:16:07.801	[34mINFO[0m	[database]	 SELECT        0 ms SELECT "u"."id", "u"."created_at", "u"."created_by", "u"."updated_at", "u"."updated_by", "u"."name", "u"."email", "u"."age", "u"."is_active", "u"."meta" FROM "test_user" AS "u" WHERE ("u"."created_at" > '2025-09-26 02:16:07.801634+00:00')
2025-09-27T10:16:07.801	[34mINFO[0m	[database]	 SELECT        0 ms SELECT "u"."id", "u"."created_at", "u"."created_by", "u"."updated_at", "u"."updated_by", "u"."name", "u"."email", "u"."age", "u"."is_active", "u"."meta" FROM "test_user" AS "u" WHERE ("u"."created_at" < '2025-09-28 02:16:07.801634+00:00')
2025-09-27T10:16:07.801	[34mINFO[0m	[database]	 SELECT        0 ms SELECT "u"."id", "u"."created_at", "u"."created_by", "u"."updated_at", "u"."updated_by", "u"."name", "u"."email", "u"."age", "u"."is_active", "u"."meta" FROM "test_user" AS "u" WHERE ("u"."created_at" BETWEEN '2025-09-26 02:16:07.801634+00:00' AND '2025-09-28 02:16:07.801634+00:00')
2025-09-27T10:16:07.802	[34mINFO[0m	[database]	 SELECT        0 ms SELECT "u"."id", "u"."created_at", "u"."created_by", "u"."updated_at", "u"."updated_by", "u"."name", "u"."email", "u"."age", "u"."is_active", "u"."meta" FROM "test_user" AS "u" WHERE ("u"."updated_at" > '2025-09-26 02:16:07.801634+00:00')
=== NAME  TestMultiDatabaseORM/TestPostgreSQL
    orm_test.go:127: Setting up ORM test suite for postgres
2025-09-27T10:16:07.803	[34mINFO[0m	[database]	 DROP TABLE      0 ms DROP TABLE IF EXISTS "test_user" CASCADE
2025-09-27T10:16:07.803	[34mINFO[0m	[database]	 CREATE TABLE      0 ms CREATE TABLE "test_user" ("id" VARCHAR NOT NULL, "created_at" timestamp NOT NULL DEFAULT CURRENT_TIMESTAMP, "created_by" VARCHAR NOT NULL, "updated_at" timestamp NOT NULL DEFAULT CURRENT_TIMESTAMP, "updated_by" VARCHAR NOT NULL, "name" VARCHAR NOT NULL, "email" VARCHAR NOT NULL, "age" SMALLINT NOT NULL DEFAULT 0, "is_active" BOOLEAN NOT NULL, "meta" JSONB, PRIMARY KEY ("id"), UNIQUE ("email"))
2025-09-27T10:16:07.804	[34mINFO[0m	[database]	 INSERT        0 ms INSERT INTO "test_user" ("id", "created_at", "created_by", "updated_at", "updated_by", "name", "email", "age", "is_active", "meta") VALUES ('d3bkhps5cmcb9l8l0hrg', '2025-09-27 10:16:07', 'system', '2025-09-27 10:16:07', 'system', 'Alice Johnson', 'alice@example.com', 30, TRUE, '{"interests":["golang","databases"],"role":"admin"}')
2025-09-27T10:16:07.804	[34mINFO[0m	[database]	 INSERT        0 ms INSERT INTO "test_user" ("id", "created_at", "created_by", "updated_at", "updated_by", "name", "email", "age", "is_active", "meta") VALUES ('d3bkhps5cmcb9l8l0hs0', '2025-09-27 10:16:07', 'system', '2025-09-27 10:16:07', 'system', 'Bob Smith', 'bob@example.com', 25, TRUE, '{"interests":["tutorials","postgres"],"role":"editor"}')
2025-09-27T10:16:07.804	[34mINFO[0m	[database]	 INSERT        0 ms INSERT INTO "test_user" ("id", "created_at", "created_by", "updated_at", "updated_by", "name", "email", "age", "is_active", "meta") VALUES ('d3bkhps5cmcb9l8l0hsg', '2025-09-27 10:16:07', 'system', '2025-09-27 10:16:07', 'system', 'Charlie Brown', 'charlie@example.com', 35, FALSE, '{"interests":["science"],"role":"viewer"}')
2025-09-27T10:16:07.804	[34mINFO[0m	[database]	 DROP TABLE      0 ms DROP TABLE IF EXISTS "test_category" CASCADE
2025-09-27T10:16:07.805	[34mINFO[0m	[database]	 CREATE TABLE      0 ms CREATE TABLE "test_category" ("id" VARCHAR NOT NULL, "created_at" timestamp NOT NULL DEFAULT CURRENT_TIMESTAMP, "created_by" VARCHAR NOT NULL, "updated_at" timestamp NOT NULL DEFAULT CURRENT_TIMESTAMP, "updated_by" VARCHAR NOT NULL, "name" VARCHAR NOT NULL, "description" VARCHAR, "parent_id" VARCHAR, PRIMARY KEY ("id"), UNIQUE ("name"))
2025-09-27T10:16:07.805	[34mINFO[0m	[database]	 INSERT        0 ms INSERT INTO "test_category" ("id", "created_at", "created_by", "updated_at", "updated_by", "name", "description", "parent_id") VALUES ('d3bkhps5cmcb9l8l0ht0', '2025-09-27 10:16:07', 'system', '2025-09-27 10:16:07', 'system', 'Technology', 'Tech-related posts', DEFAULT) RETURNING "parent_id"
2025-09-27T10:16:07.805	[34mINFO[0m	[database]	 INSERT        0 ms INSERT INTO "test_category" ("id", "created_at", "created_by", "updated_at", "updated_by", "name", "description", "parent_id") VALUES ('d3bkhps5cmcb9l8l0htg', '2025-09-27 10:16:07', 'system', '2025-09-27 10:16:07', 'system', 'Science', 'Scientific articles', DEFAULT) RETURNING "parent_id"
2025-09-27T10:16:07.805	[34mINFO[0m	[database]	 INSERT        0 ms INSERT INTO "test_category" ("id", "created_at", "created_by", "updated_at", "updated_by", "name", "description", "parent_id") VALUES ('d3bkhps5cmcb9l8l0hu0', '2025-09-27 10:16:07', 'system', '2025-09-27 10:16:07', 'system', 'Business', 'Business and economics', DEFAULT) RETURNING "parent_id"
2025-09-27T10:16:07.806	[34mINFO[0m	[database]	 INSERT        0 ms INSERT INTO "test_category" ("id", "created_at", "created_by", "updated_at", "updated_by", "name", "description", "parent_id") VALUES ('d3bkhps5cmcb9l8l0hug', '2025-09-27 10:16:07', 'system', '2025-09-27 10:16:07', 'system', 'GoLang', 'Go-related posts', 'd3bkhps5cmcb9l8l0ht0')
2025-09-27T10:16:07.806	[34mINFO[0m	[database]	 DROP TABLE      0 ms DROP TABLE IF EXISTS "test_tag" CASCADE
2025-09-27T10:16:07.807	[34mINFO[0m	[database]	 CREATE TABLE      0 ms CREATE TABLE "test_tag" ("id" VARCHAR NOT NULL, "created_at" timestamp NOT NULL DEFAULT CURRENT_TIMESTAMP, "created_by" VARCHAR NOT NULL, "updated_at" timestamp NOT NULL DEFAULT CURRENT_TIMESTAMP, "updated_by" VARCHAR NOT NULL, "name" VARCHAR NOT NULL, "description" VARCHAR, PRIMARY KEY ("id"), UNIQUE ("name"))
2025-09-27T10:16:07.807	[34mINFO[0m	[database]	 INSERT        0 ms INSERT INTO "test_tag" ("id", "created_at", "created_by", "updated_at", "updated_by", "name", "description") VALUES ('d3bkhps5cmcb9l8l0hv0', '2025-09-27 10:16:07', 'system', '2025-09-27 10:16:07', 'system', 'programming', 'Programming related content')
2025-09-27T10:16:07.807	[34mINFO[0m	[database]	 INSERT        0 ms INSERT INTO "test_tag" ("id", "created_at", "created_by", "updated_at", "updated_by", "name", "description") VALUES ('d3bkhps5cmcb9l8l0hvg', '2025-09-27 10:16:07', 'system', '2025-09-27 10:16:07', 'system', 'database', 'Database related content')
2025-09-27T10:16:07.807	[34mINFO[0m	[database]	 INSERT        0 ms INSERT INTO "test_tag" ("id", "created_at", "created_by", "updated_at", "updated_by", "name", "description") VALUES ('d3bkhps5cmcb9l8l0i00', '2025-09-27 10:16:07', 'system', '2025-09-27 10:16:07', 'system', 'go', 'Go language topics')
2025-09-27T10:16:07.808	[34mINFO[0m	[database]	 INSERT        0 ms INSERT INTO "test_tag" ("id", "created_at", "created_by", "updated_at", "updated_by", "name", "description") VALUES ('d3bkhps5cmcb9l8l0i0g', '2025-09-27 10:16:07', 'system', '2025-09-27 10:16:07', 'system', 'tutorial', 'Tutorials and guides')
2025-09-27T10:16:07.808	[34mINFO[0m	[database]	 INSERT        0 ms INSERT INTO "test_tag" ("id", "created_at", "created_by", "updated_at", "updated_by", "name", "description") VALUES ('d3bkhps5cmcb9l8l0i10', '2025-09-27 10:16:07', 'system', '2025-09-27 10:16:07', 'system', 'advanced', 'Advanced topics')
2025-09-27T10:16:07.808	[34mINFO[0m	[database]	 DROP TABLE      0 ms DROP TABLE IF EXISTS "test_post" CASCADE
2025-09-27T10:16:07.809	[34mINFO[0m	[database]	 CREATE TABLE      0 ms CREATE TABLE "test_post" ("id" VARCHAR NOT NULL, "created_at" timestamp NOT NULL DEFAULT CURRENT_TIMESTAMP, "created_by" VARCHAR NOT NULL, "updated_at" timestamp NOT NULL DEFAULT CURRENT_TIMESTAMP, "updated_by" VARCHAR NOT NULL, "title" VARCHAR NOT NULL, "content" VARCHAR NOT NULL, "description" VARCHAR, "user_id" VARCHAR NOT NULL, "category_id" VARCHAR NOT NULL, "status" VARCHAR NOT NULL DEFAULT 'draft', "view_count" BIGINT NOT NULL DEFAULT 0, PRIMARY KEY ("id"))
2025-09-27T10:16:07.809	[34mINFO[0m	[database]	 INSERT        0 ms INSERT INTO "test_post" ("id", "created_at", "created_by", "updated_at", "updated_by", "title", "content", "description", "user_id", "category_id", "status", "view_count") VALUES ('d3bkhps5cmcb9l8l0i1g', '2025-09-27 10:16:07', 'd3bkhps5cmcb9l8l0hrg', '2025-09-27 10:16:07', 'd3bkhps5cmcb9l8l0hrg', 'Introduction to Go', 'Go is a programming language designed at Google.', 'Getting started with Go', 'd3bkhps5cmcb9l8l0hrg', 'd3bkhps5cmcb9l8l0hug', 'published', 123)
2025-09-27T10:16:07.809	[34mINFO[0m	[database]	 INSERT        0 ms INSERT INTO "test_post" ("id", "created_at", "created_by", "updated_at", "updated_by", "title", "content", "description", "user_id", "category_id", "status", "view_count") VALUES ('d3bkhps5cmcb9l8l0i20', '2025-09-27 10:16:07', 'd3bkhps5cmcb9l8l0hs0', '2025-09-27 10:16:07', 'd3bkhps5cmcb9l8l0hs0', 'Database Design Basics', 'Good database design principles.', 'Normalization and relationships', 'd3bkhps5cmcb9l8l0hs0', 'd3bkhps5cmcb9l8l0ht0', 'published', 87)
2025-09-27T10:16:07.809	[34mINFO[0m	[database]	 INSERT        0 ms INSERT INTO "test_post" ("id", "created_at", "created_by", "updated_at", "updated_by", "title", "content", "description", "user_id", "category_id", "status", "view_count") VALUES ('d3bkhps5cmcb9l8l0i2g', '2025-09-27 10:16:07', 'd3bkhps5cmcb9l8l0hrg', '2025-09-27 10:16:07', 'd3bkhps5cmcb9l8l0hrg', 'Machine Learning Basics', 'An introduction to ML concepts and workflows.', 'Supervised vs unsupervised learning', 'd3bkhps5cmcb9l8l0hrg', 'd3bkhps5cmcb9l8l0htg', 'draft', 45)
2025-09-27T10:16:07.809	[34mINFO[0m	[database]	 INSERT        0 ms INSERT INTO "test_post" ("id", "created_at", "created_by", "updated_at", "updated_by", "title", "content", "description", "user_id", "category_id", "status", "view_count") VALUES ('d3bkhps5cmcb9l8l0i30', '2025-09-27 10:16:07', 'd3bkhps5cmcb9l8l0hsg', '2025-09-27 10:16:07', 'd3bkhps5cmcb9l8l0hsg', 'Business Strategy Fundamentals', 'Effective business strategies and frameworks.', 'Strategic planning overview', 'd3bkhps5cmcb9l8l0hsg', 'd3bkhps5cmcb9l8l0hu0', 'published', 64)
2025-09-27T10:16:07.810	[34mINFO[0m	[database]	 INSERT        0 ms INSERT INTO "test_post" ("id", "created_at", "created_by", "updated_at", "updated_by", "title", "content", "description", "user_id", "category_id", "status", "view_count") VALUES ('d3bkhps5cmcb9l8l0i3g', '2025-09-27 10:16:07', 'd3bkhps5cmcb9l8l0hrg', '2025-09-27 10:16:07', 'd3bkhps5cmcb9l8l0hrg', 'Advanced Go Patterns', 'Exploring advanced patterns and best practices in Go.', 'Idiomatic Go techniques', 'd3bkhps5cmcb9l8l0hrg', 'd3bkhps5cmcb9l8l0hug', 'review', 98)
2025-09-27T10:16:07.810	[34mINFO[0m	[database]	 INSERT        0 ms INSERT INTO "test_post" ("id", "created_at", "created_by", "updated_at", "updated_by", "title", "content", "description", "user_id", "category_id", "status", "view_count") VALUES ('d3bkhps5cmcb9l8l0i40', '2025-09-27 10:16:07', 'd3bkhps5cmcb9l8l0hs0', '2025-09-27 10:16:07', 'd3bkhps5cmcb9l8l0hs0', 'Latest Trends in Science', 'A survey of recent scientific advancements.', 'Interdisciplinary highlights', 'd3bkhps5cmcb9l8l0hs0', 'd3bkhps5cmcb9l8l0htg', 'published', 77)
2025-09-27T10:16:07.810	[34mINFO[0m	[database]	 INSERT        0 ms INSERT INTO "test_post" ("id", "created_at", "created_by", "updated_at", "updated_by", "title", "content", "description", "user_id", "category_id", "status", "view_count") VALUES ('d3bkhps5cmcb9l8l0i4g', '2025-09-27 10:16:07', 'd3bkhps5cmcb9l8l0hsg', '2025-09-27 10:16:07', 'd3bkhps5cmcb9l8l0hsg', 'Practical Tech Tutorials', 'Hands-on guides for modern technology stacks.', 'Step-by-step tutorials', 'd3bkhps5cmcb9l8l0hsg', 'd3bkhps5cmcb9l8l0ht0', 'published', 52)
2025-09-27T10:16:07.810	[34mINFO[0m	[database]	 INSERT        0 ms INSERT INTO "test_post" ("id", "created_at", "created_by", "updated_at", "updated_by", "title", "content", "description", "user_id", "category_id", "status", "view_count") VALUES ('d3bkhps5cmcb9l8l0i50', '2025-09-27 10:16:07', 'd3bkhps5cmcb9l8l0hrg', '2025-09-27 10:16:07', 'd3bkhps5cmcb9l8l0hrg', 'Startup Finance 101', 'Financial basics for early-stage startups.', 'Cash flow, runway, and budgeting', 'd3bkhps5cmcb9l8l0hrg', 'd3bkhps5cmcb9l8l0hu0', 'published', 69)
2025-09-27T10:16:07.810	[34mINFO[0m	[database]	 DROP TABLE      0 ms DROP TABLE IF EXISTS "test_post_tag" CASCADE
2025-09-27T10:16:07.811	[34mINFO[0m	[database]	 CREATE TABLE      0 ms CREATE TABLE "test_post_tag" ("id" VARCHAR NOT NULL, "created_at" timestamp NOT NULL DEFAULT CURRENT_TIMESTAMP, "created_by" VARCHAR NOT NULL, "updated_at" timestamp NOT NULL DEFAULT CURRENT_TIMESTAMP, "updated_by" VARCHAR NOT NULL, "post_id" VARCHAR NOT NULL, "tag_id" VARCHAR NOT NULL, PRIMARY KEY ("id"))
2025-09-27T10:16:07.811	[34mINFO[0m	[database]	 INSERT        0 ms INSERT INTO "test_post_tag" ("id", "created_at", "created_by", "updated_at", "updated_by", "post_id", "tag_id") VALUES ('d3bkhps5cmcb9l8l0i5g', '2025-09-27 10:16:07', 'system', '2025-09-27 10:16:07', 'system', 'd3bkhps5cmcb9l8l0i1g', 'd3bkhps5cmcb9l8l0hv0')
2025-09-27T10:16:07.811	[34mINFO[0m	[database]	 INSERT        0 ms INSERT INTO "test_post_tag" ("id", "created_at", "created_by", "updated_at", "updated_by", "post_id", "tag_id") VALUES ('d3bkhps5cmcb9l8l0i60', '2025-09-27 10:16:07', 'system', '2025-09-27 10:16:07', 'system', 'd3bkhps5cmcb9l8l0i1g', 'd3bkhps5cmcb9l8l0i00')
2025-09-27T10:16:07.811	[34mINFO[0m	[database]	 INSERT        0 ms INSERT INTO "test_post_tag" ("id", "created_at", "created_by", "updated_at", "updated_by", "post_id", "tag_id") VALUES ('d3bkhps5cmcb9l8l0i6g', '2025-09-27 10:16:07', 'system', '2025-09-27 10:16:07', 'system', 'd3bkhps5cmcb9l8l0i1g', 'd3bkhps5cmcb9l8l0i0g')
2025-09-27T10:16:07.812	[34mINFO[0m	[database]	 INSERT        0 ms INSERT INTO "test_post_tag" ("id", "created_at", "created_by", "updated_at", "updated_by", "post_id", "tag_id") VALUES ('d3bkhps5cmcb9l8l0i70', '2025-09-27 10:16:07', 'system', '2025-09-27 10:16:07', 'system', 'd3bkhps5cmcb9l8l0i20', 'd3bkhps5cmcb9l8l0hvg')
2025-09-27T10:16:07.812	[34mINFO[0m	[database]	 INSERT        0 ms INSERT INTO "test_post_tag" ("id", "created_at", "created_by", "updated_at", "updated_by", "post_id", "tag_id") VALUES ('d3bkhps5cmcb9l8l0i7g', '2025-09-27 10:16:07', 'system', '2025-09-27 10:16:07', 'system', 'd3bkhps5cmcb9l8l0i20', 'd3bkhps5cmcb9l8l0i0g')
2025-09-27T10:16:07.812	[34mINFO[0m	[database]	 INSERT        0 ms INSERT INTO "test_post_tag" ("id", "created_at", "created_by", "updated_at", "updated_by", "post_id", "tag_id") VALUES ('d3bkhps5cmcb9l8l0i80', '2025-09-27 10:16:07', 'system', '2025-09-27 10:16:07', 'system', 'd3bkhps5cmcb9l8l0i2g', 'd3bkhps5cmcb9l8l0i0g')
2025-09-27T10:16:07.812	[34mINFO[0m	[database]	 INSERT        0 ms INSERT INTO "test_post_tag" ("id", "created_at", "created_by", "updated_at", "updated_by", "post_id", "tag_id") VALUES ('d3bkhps5cmcb9l8l0i8g', '2025-09-27 10:16:07', 'system', '2025-09-27 10:16:07', 'system', 'd3bkhps5cmcb9l8l0i2g', 'd3bkhps5cmcb9l8l0i10')
2025-09-27T10:16:07.812	[34mINFO[0m	[database]	 INSERT        0 ms INSERT INTO "test_post_tag" ("id", "created_at", "created_by", "updated_at", "updated_by", "post_id", "tag_id") VALUES ('d3bkhps5cmcb9l8l0i90', '2025-09-27 10:16:07', 'system', '2025-09-27 10:16:07', 'system', 'd3bkhps5cmcb9l8l0i30', 'd3bkhps5cmcb9l8l0i10')
2025-09-27T10:16:07.812	[34mINFO[0m	[database]	 INSERT        0 ms INSERT INTO "test_post_tag" ("id", "created_at", "created_by", "updated_at", "updated_by", "post_id", "tag_id") VALUES ('d3bkhps5cmcb9l8l0i9g', '2025-09-27 10:16:07', 'system', '2025-09-27 10:16:07', 'system', 'd3bkhps5cmcb9l8l0i30', 'd3bkhps5cmcb9l8l0i0g')
2025-09-27T10:16:07.812	[34mINFO[0m	[database]	 INSERT        0 ms INSERT INTO "test_post_tag" ("id", "created_at", "created_by", "updated_at", "updated_by", "post_id", "tag_id") VALUES ('d3bkhps5cmcb9l8l0ia0', '2025-09-27 10:16:07', 'system', '2025-09-27 10:16:07', 'system', 'd3bkhps5cmcb9l8l0i3g', 'd3bkhps5cmcb9l8l0i00')
2025-09-27T10:16:07.812	[34mINFO[0m	[database]	 INSERT        0 ms INSERT INTO "test_post_tag" ("id", "created_at", "created_by", "updated_at", "updated_by", "post_id", "tag_id") VALUES ('d3bkhps5cmcb9l8l0iag', '2025-09-27 10:16:07', 'system', '2025-09-27 10:16:07', 'system', 'd3bkhps5cmcb9l8l0i3g', 'd3bkhps5cmcb9l8l0hv0')
2025-09-27T10:16:07.813	[34mINFO[0m	[database]	 INSERT        0 ms INSERT INTO "test_post_tag" ("id", "created_at", "created_by", "updated_at", "updated_by", "post_id", "tag_id") VALUES ('d3bkhps5cmcb9l8l0ib0', '2025-09-27 10:16:07', 'system', '2025-09-27 10:16:07', 'system', 'd3bkhps5cmcb9l8l0i3g', 'd3bkhps5cmcb9l8l0i10')
2025-09-27T10:16:07.813	[34mINFO[0m	[database]	 INSERT        0 ms INSERT INTO "test_post_tag" ("id", "created_at", "created_by", "updated_at", "updated_by", "post_id", "tag_id") VALUES ('d3bkhps5cmcb9l8l0ibg', '2025-09-27 10:16:07', 'system', '2025-09-27 10:16:07', 'system', 'd3bkhps5cmcb9l8l0i40', 'd3bkhps5cmcb9l8l0i0g')
2025-09-27T10:16:07.813	[34mINFO[0m	[database]	 INSERT        0 ms INSERT INTO "test_post_tag" ("id", "created_at", "created_by", "updated_at", "updated_by", "post_id", "tag_id") VALUES ('d3bkhps5cmcb9l8l0ic0', '2025-09-27 10:16:07', 'system', '2025-08-08 00:02:40', 'system', 'd3bkhps5cmcb9l8l0i40', 'd3bkhps5cmcb9l8l0i10')
2025-09-27T10:16:07.813	[34mINFO[0m	[database]	 INSERT        0 ms INSERT INTO "test_post_tag" ("id", "created_at", "created_by", "updated_at", "updated_by", "post_id", "tag_id") VALUES ('d3bkhps5cmcb9l8l0icg', '2025-09-27 10:16:07', 'system', '2025-09-27 10:16:07', 'system', 'd3bkhps5cmcb9l8l0i4g', 'd3bkhps5cmcb9l8l0i0g')
2025-09-27T10:16:07.813	[34mINFO[0m	[database]	 INSERT        0 ms INSERT INTO "test_post_tag" ("id", "created_at", "created_by", "updated_at", "updated_by", "post_id", "tag_id") VALUES ('d3bkhps5cmcb9l8l0id0', '2025-09-27 10:16:07', 'system', '2025-09-27 10:16:07', 'system', 'd3bkhps5cmcb9l8l0i4g', 'd3bkhps5cmcb9l8l0hv0')
2025-09-27T10:16:07.813	[34mINFO[0m	[database]	 INSERT        0 ms INSERT INTO "test_post_tag" ("id", "created_at", "created_by", "updated_at", "updated_by", "post_id", "tag_id") VALUES ('d3bkhps5cmcb9l8l0idg', '2025-09-27 10:16:07', 'system', '2025-09-27 10:16:07', 'system', 'd3bkhps5cmcb9l8l0i50', 'd3bkhps5cmcb9l8l0i10')
2025-09-27T10:16:07.813	[34mINFO[0m	[database]	 INSERT        0 ms INSERT INTO "test_post_tag" ("id", "created_at", "created_by", "updated_at", "updated_by", "post_id", "tag_id") VALUES ('d3bkhps5cmcb9l8l0ie0', '2025-09-27 10:16:07', 'system', '2025-09-27 10:16:07', 'system', 'd3bkhps5cmcb9l8l0i50', 'd3bkhps5cmcb9l8l0i0g')
2025-09-27T10:16:07.813	[34mINFO[0m	[database]	 CREATE TABLE      0 ms CREATE TABLE IF NOT EXISTS "test_simple" ("id" VARCHAR NOT NULL, "created_at" timestamp NOT NULL DEFAULT CURRENT_TIMESTAMP, "created_by" VARCHAR NOT NULL, "updated_at" timestamp NOT NULL DEFAULT CURRENT_TIMESTAMP, "updated_by" VARCHAR NOT NULL, "name" VARCHAR NOT NULL, "value" BIGINT NOT NULL, PRIMARY KEY ("id"))
2025-09-27T10:16:07.813	[34mINFO[0m	[database]	 CREATE TABLE      0 ms CREATE TABLE IF NOT EXISTS "test_complex" ("id" VARCHAR NOT NULL, "created_at" timestamp NOT NULL DEFAULT CURRENT_TIMESTAMP, "created_by" VARCHAR NOT NULL, "updated_at" timestamp NOT NULL DEFAULT CURRENT_TIMESTAMP, "updated_by" VARCHAR NOT NULL, "string_field" VARCHAR NOT NULL, "int_field" BIGINT NOT NULL, "float_field" DOUBLE PRECISION NOT NULL, "bool_field" BOOLEAN NOT NULL, "time_field" TIMESTAMPTZ NOT NULL, "null_string" VARCHAR, "null_int" BIGINT, "null_time" TIMESTAMPTZ, "json_field" JSONB, "array_field" JSONB, PRIMARY KEY ("id"))
    orm_test.go:161: Test fixtures loaded for postgres database
=== RUN   TestMultiDatabaseORM/TestPostgreSQL/TestBasicInsert
    insert_test.go:16: Testing basic INSERT for postgres
2025-09-27T10:16:07.814	[34mINFO[0m	[database]	 INSERT        0 ms INSERT INTO "test_user" ("id", "created_at", "created_by", "updated_at", "updated_by", "name", "email", "age", "is_active", "meta") VALUES ('d3bkhps5cmcb9l8l0ieg', '2025-09-27 10:16:07', 'system', '2025-09-27 10:16:07', 'system', 'John Doe', 'john@example.com', 28, TRUE, 'null') RETURNING "created_by", "updated_by"
2025-09-27T10:16:07.814	[34mINFO[0m	[database]	 SELECT        0 ms SELECT "u"."id", "u"."created_at", "u"."created_by", "u"."updated_at", "u"."updated_by", "u"."name", "u"."email", "u"."age", "u"."is_active", "u"."meta" FROM "test_user" AS "u" WHERE ("u"."email" = 'john@example.com')
2025-09-27T10:16:07.814	[34mINFO[0m	[database]	 INSERT        0 ms INSERT INTO "test_user" ("id", "created_at", "created_by", "updated_at", "updated_by", "name", "email", "age", "is_active", "meta") VALUES ('d3bkhps5cmcb9l8l0if0', '2025-09-27 10:16:07', 'system', '2025-09-27 10:16:07', 'system', 'Jane Smith', 'jane@example.com', 26, TRUE, 'null'), ('d3bkhps5cmcb9l8l0ifg', '2025-09-27 10:16:07', 'system', '2025-09-27 10:16:07', 'system', 'Mike Wilson', 'mike@example.com', 31, FALSE, 'null') RETURNING "created_by", "updated_by"
2025-09-27T10:16:07.814	[34mINFO[0m	[database]	 SELECT        0 ms SELECT "u"."id", "u"."created_at", "u"."created_by", "u"."updated_at", "u"."updated_by", "u"."name", "u"."email", "u"."age", "u"."is_active", "u"."meta" FROM "test_user" AS "u" WHERE ("u"."email" IN ('jane@example.com', 'mike@example.com'))
2025-09-27T10:16:07.814	[34mINFO[0m	[database]	 INSERT        0 ms INSERT INTO "test_user" ("id", "created_at", "created_by", "updated_at", "updated_by", "name", "email", "age", "is_active", "meta") VALUES ('d3bkhps5cmcb9l8l0ig0', '2025-09-27 10:16:07', 'system', '2025-09-27 10:16:07', 'system', 'Specific User Updated', 'specific@example.com', 40, TRUE, 'null') RETURNING "created_by", "updated_by", "name"
2025-09-27T10:16:07.814	[34mINFO[0m	[database]	 SELECT        0 ms SELECT "u"."id", "u"."created_at", "u"."created_by", "u"."updated_at", "u"."updated_by", "u"."name", "u"."email", "u"."age", "u"."is_active", "u"."meta" FROM "test_user" AS "u" WHERE ("u"."email" = 'specific@example.com')
2025-09-27T10:16:07.814	[34mINFO[0m	[database]	 INSERT        0 ms INSERT INTO "test_user" ("id", "created_at", "created_by", "updated_at", "updated_by", "name", "email", "age", "is_active", "meta") VALUES ('d3bkhps5cmcb9l8l0igg', '2025-09-27 10:16:07', 'system', '2025-09-27 10:16:07', 'system', 'Returning User', 'returning@example.com', 29, TRUE, 'null') RETURNING "id", "name", "email"
2025-09-27T10:16:07.815	[34mINFO[0m	[database]	 DELETE        0 ms DELETE FROM "test_user" AS "u" WHERE ("u"."email" IN ('john@example.com', 'jane@example.com', 'mike@example.com', 'specific@example.com', 'returning@example.com'))
=== RUN   TestMultiDatabaseORM/TestPostgreSQL/TestInsertBulkOperations
    insert_test.go:309: Testing INSERT bulk operations for postgres
2025-09-27T10:16:07.815	[34mINFO[0m	[database]	 INSERT        0 ms INSERT INTO "test_user" ("id", "created_at", "created_by", "updated_at", "updated_by", "name", "email", "age", "is_active", "meta") VALUES ('d3bkhps5cmcb9l8l0ih0', '2025-09-27 10:16:07', 'system', '2025-09-27 10:16:07', 'system', 'Batch User 1', 'batch1@example.com', 20, TRUE, 'null'), ('d3bkhps5cmcb9l8l0ihg', '2025-09-27 10:16:07', 'system', '2025-09-27 10:16:07', 'system', 'Batch User 2', 'batch2@example.com', 21, FALSE, 'null'), ('d3bkhps5cmcb9l8l0ii0', '2025-09-27 10:16:07', 'system', '2025-09-27 10:16:07', 'system', 'Batch User 3', 'batch3@example.com', 22, TRUE, 'null'), ('d3bkhps5cmcb9l8l0iig', '2025-09-27 10:16:07', 'system', '2025-09-27 10:16:07', 'system', 'Batch User 4', 'batch4@example.com', 23, FALSE, 'null'), ('d3bkhps5cmcb9l8l0ij0', '2025-09-27 10:16:07', 'system', '2025-09-27 10:16:07', 'system', 'Batch User 5', 'batch5@example.com', 24, TRUE, 'null'), ('d3bkhps5cmcb9l8l0ijg', '2025-09-27 10:16:07', 'system', '2025-09-27 10:16:07', 'system', 'Batch User 6', 'batch6@example.com', 25, FALSE, 'null'), ('d3bkhps5cmcb9l8l0ik0', '2025-09-27 10:16:07', 'system', '2025-09-27 10:16:07', 'system', 'Batch User 7', 'batch7@example.com', 26, TRUE, 'null'), ('d3bkhps5cmcb9l8l0ikg', '2025-09-27 10:16:07', 'system', '2025-09-27 10:16:07', 'system', 'Batch User 8', 'batch8@example.com', 27, FALSE, 'null'), ('d3bkhps5cmcb9l8l0il0', '2025-09-27 10:16:07', 'system', '2025-09-27 10:16:07', 'system', 'Batch User 9', 'batch9@example.com', 28, TRUE, 'null'), ('d3bkhps5cmcb9l8l0ilg', '2025-09-27 10:16:07', 'system', '2025-09-27 10:16:07', 'system', 'Batch User 10', 'batch10@example.com', 29, FALSE, 'null') RETURNING "created_by", "updated_by"
    insert_test.go:329: Batch insert of 10 users took 206.083µs
2025-09-27T10:16:07.815	[34mINFO[0m	[database]	 SELECT        0 ms SELECT "u"."id", "u"."created_at", "u"."created_by", "u"."updated_at", "u"."updated_by", "u"."name", "u"."email", "u"."age", "u"."is_active", "u"."meta" FROM "test_user" AS "u" WHERE ("u"."email" LIKE 'batch%')
2025-09-27T10:16:07.815	[34mINFO[0m	[database]	 SELECT        0 ms SELECT "c"."id", "c"."created_at", "c"."created_by", "c"."updated_at", "c"."updated_by", "c"."name", "c"."description", "c"."parent_id" FROM "test_category" AS "c" LIMIT 1
2025-09-27T10:16:07.815	[34mINFO[0m	[database]	 SELECT        0 ms SELECT "c"."id", "c"."created_at", "c"."created_by", "c"."updated_at", "c"."updated_by", "c"."name", "c"."description", "c"."parent_id" FROM "test_category" AS "c" LIMIT 1
2025-09-27T10:16:07.815	[34mINFO[0m	[database]	 INSERT        0 ms INSERT INTO "test_post" ("id", "created_at", "created_by", "updated_at", "updated_by", "title", "content", "description", "user_id", "category_id", "status", "view_count") VALUES ('d3bkhps5cmcb9l8l0im0', '2025-09-27 10:16:07', 'system', '2025-09-27 10:16:07', 'system', 'Batch Post 1', 'Content for batch post 1', 'Description 1', 'd3bkhps5cmcb9l8l0ih0', 'd3bkhps5cmcb9l8l0ht0', 'published', 100), ('d3bkhps5cmcb9l8l0img', '2025-09-27 10:16:07', 'system', '2025-09-27 10:16:07', 'system', 'Batch Post 2', 'Content for batch post 2', DEFAULT, 'd3bkhps5cmcb9l8l0ihg', 'd3bkhps5cmcb9l8l0ht0', 'draft', DEFAULT) RETURNING "created_by", "updated_by", "description", "view_count"
2025-09-27T10:16:07.815	[34mINFO[0m	[database]	 SELECT        0 ms SELECT "p"."id", "p"."created_at", "p"."created_by", "p"."updated_at", "p"."updated_by", "p"."title", "p"."content", "p"."description", "p"."user_id", "p"."category_id", "p"."status", "p"."view_count" FROM "test_post" AS "p" WHERE ("p"."title" LIKE 'Batch Post%')
2025-09-27T10:16:07.816	[34mINFO[0m	[database]	 DELETE        0 ms DELETE FROM "test_post" AS "p" WHERE ("p"."title" LIKE 'Batch Post%')
2025-09-27T10:16:07.816	[34mINFO[0m	[database]	 DELETE        0 ms DELETE FROM "test_user" AS "u" WHERE ("u"."email" LIKE 'batch%')
=== RUN   TestMultiDatabaseORM/TestPostgreSQL/TestInsertComplexModel
    insert_test.go:222: Testing INSERT with complex model for postgres
2025-09-27T10:16:07.816	[34mINFO[0m	[database]	 INSERT        0 ms INSERT INTO "test_complex" ("id", "created_at", "created_by", "updated_at", "updated_by", "string_field", "int_field", "float_field", "bool_field", "time_field", "null_string", "null_int", "null_time", "json_field", "array_field") VALUES ('d3bkhps5cmcb9l8l0in0', '2025-09-27 10:16:07', 'system', '2025-09-27 10:16:07', 'system', 'test string', 42, 3.14159, TRUE, '2025-09-27 02:16:07.816246+00:00', DEFAULT, DEFAULT, '2025-09-27 02:16:07.816246+00:00', '{"key1":"value1","key2":42,"nested":{"subkey":"subvalue"}}', '["item1","item2","item3"]') RETURNING "created_by", "updated_by", "null_string", "null_int"
2025-09-27T10:16:07.816	[34mINFO[0m	[database]	 SELECT        0 ms SELECT "cm"."id", "cm"."created_at", "cm"."created_by", "cm"."updated_at", "cm"."updated_by", "cm"."string_field", "cm"."int_field", "cm"."float_field", "cm"."bool_field", "cm"."time_field", "cm"."null_string", "cm"."null_int", "cm"."null_time", "cm"."json_field", "cm"."array_field" FROM "test_complex" AS "cm" WHERE ("cm"."id" = 'd3bkhps5cmcb9l8l0in0')
2025-09-27T10:16:07.816	[34mINFO[0m	[database]	 DELETE        0 ms DELETE FROM "test_complex" AS "cm" WHERE ("cm"."id" = 'd3bkhps5cmcb9l8l0in0')
=== RUN   TestMultiDatabaseORM/TestPostgreSQL/TestInsertErrorHandling
    insert_test.go:406: Testing INSERT error handling for postgres
2025-09-27T10:16:07.816	[34mINFO[0m	[database]	 INSERT        0 ms INSERT INTO "test_user" ("id", "created_at", "created_by", "updated_at", "updated_by", "name", "email", "age", "is_active", "meta") VALUES ('d3bkhps5cmcb9l8l0ing', '2025-09-27 10:16:07', 'system', '2025-09-27 10:16:07', 'system', 'Original User', 'unique@example.com', 25, TRUE, 'null') RETURNING "created_by", "updated_by"
2025-09-27T10:16:07.817	[31mERROR[0m	[database]	 INSERT        0 ms INSERT INTO "test_user" ("id", "created_at", "created_by", "updated_at", "updated_by", "name", "email", "age", "is_active", "meta") VALUES ('d3bkhps5cmcb9l8l0io0', '2025-09-27 10:16:07', 'system', '2025-09-27 10:16:07', 'system', 'Duplicate User', 'unique@example.com', 30, FALSE, 'null') RETURNING "created_by", "updated_by"  ERROR: duplicate key value violates unique constraint "test_user_email_key" (SQLSTATE=23505) 
2025-09-27T10:16:07.817	[33mWARN[0m	[orm]	Record already exists: ERROR: duplicate key value violates unique constraint "test_user_email_key" (SQLSTATE=23505)
2025-09-27T10:16:07.817	[31mERROR[0m	[database]	 INSERT        0 ms INSERT INTO "test_user" ("id", "created_at", "created_by", "updated_at", "updated_by", "name", "email", "age", "is_active", "meta") VALUES ('d3bkhps5cmcb9l8l0iog', '2025-09-27 10:16:07', 'system', '2025-09-27 10:16:07', 'system', NULL, NULL, DEFAULT, FALSE, 'null') RETURNING "created_by", "updated_by", "name", "email", "age"  ERROR: null value in column "name" of relation "test_user" violates not-null constraint (SQLSTATE=23502) 
2025-09-27T10:16:07.817	[34mINFO[0m	[database]	 DELETE        0 ms DELETE FROM "test_user" AS "u" WHERE ("u"."email" = 'unique@example.com')
=== RUN   TestMultiDatabaseORM/TestPostgreSQL/TestInsertWithConflict
    insert_test.go:136: Testing INSERT with conflict resolution for postgres
2025-09-27T10:16:07.817	[34mINFO[0m	[database]	 INSERT        0 ms INSERT INTO "test_user" ("id", "created_at", "created_by", "updated_at", "updated_by", "name", "email", "age", "is_active", "meta") VALUES ('d3bkhps5cmcb9l8l0ip0', '2025-09-27 10:16:07', 'system', '2025-09-27 10:16:07', 'system', 'Conflict User', 'conflict@example.com', 30, TRUE, 'null') RETURNING "created_by", "updated_by"
2025-09-27T10:16:07.817	[34mINFO[0m	[database]	 INSERT        0 ms INSERT INTO "test_user" AS "u" ("id", "created_at", "created_by", "updated_at", "updated_by", "name", "email", "age", "is_active", "meta") VALUES ('d3bkhps5cmcb9l8l0ipg', '2025-09-27 10:16:07', 'system', '2025-09-27 10:16:07', 'system', 'Duplicate User', 'conflict@example.com', 25, FALSE, 'null') ON CONFLICT ("email") DO NOTHING RETURNING "created_by", "updated_by"
2025-09-27T10:16:07.817	[34mINFO[0m	[database]	 SELECT        0 ms SELECT "u"."id", "u"."created_at", "u"."created_by", "u"."updated_at", "u"."updated_by", "u"."name", "u"."email", "u"."age", "u"."is_active", "u"."meta" FROM "test_user" AS "u" WHERE ("u"."email" = 'conflict@example.com')
2025-09-27T10:16:07.817	[34mINFO[0m	[database]	 INSERT        0 ms INSERT INTO "test_user" AS "u" ("id", "created_at", "created_by", "updated_at", "updated_by", "name", "email", "age", "is_active", "meta") VALUES ('d3bkhps5cmcb9l8l0iq0', '2025-09-27 10:16:07', 'system', '2025-09-27 10:16:07', 'system', 'Updated Conflict User', 'conflict@example.com', 35, FALSE, 'null') ON CONFLICT ("email") DO UPDATE SET "name" = 'Updated Conflict User', "age" = 35, "is_active" = FALSE RETURNING "created_by", "updated_by"
2025-09-27T10:16:07.818	[34mINFO[0m	[database]	 SELECT        0 ms SELECT "u"."id", "u"."created_at", "u"."created_by", "u"."updated_at", "u"."updated_by", "u"."name", "u"."email", "u"."age", "u"."is_active", "u"."meta" FROM "test_user" AS "u" WHERE ("u"."email" = 'conflict@example.com')
2025-09-27T10:16:07.818	[34mINFO[0m	[database]	 DELETE        0 ms DELETE FROM "test_user" AS "u" WHERE ("u"."email" = 'conflict@example.com')
=== NAME  TestMultiDatabaseORM/TestPostgreSQL
    orm_test.go:127: Setting up ORM test suite for postgres
2025-09-27T10:16:07.819	[34mINFO[0m	[database]	 DROP TABLE      0 ms DROP TABLE IF EXISTS "test_user" CASCADE
2025-09-27T10:16:07.820	[34mINFO[0m	[database]	 CREATE TABLE      0 ms CREATE TABLE "test_user" ("id" VARCHAR NOT NULL, "created_at" timestamp NOT NULL DEFAULT CURRENT_TIMESTAMP, "created_by" VARCHAR NOT NULL, "updated_at" timestamp NOT NULL DEFAULT CURRENT_TIMESTAMP, "updated_by" VARCHAR NOT NULL, "name" VARCHAR NOT NULL, "email" VARCHAR NOT NULL, "age" SMALLINT NOT NULL DEFAULT 0, "is_active" BOOLEAN NOT NULL, "meta" JSONB, PRIMARY KEY ("id"), UNIQUE ("email"))
2025-09-27T10:16:07.820	[34mINFO[0m	[database]	 INSERT        0 ms INSERT INTO "test_user" ("id", "created_at", "created_by", "updated_at", "updated_by", "name", "email", "age", "is_active", "meta") VALUES ('d3bkhps5cmcb9l8l0iqg', '2025-09-27 10:16:07', 'system', '2025-09-27 10:16:07', 'system', 'Alice Johnson', 'alice@example.com', 30, TRUE, '{"interests":["golang","databases"],"role":"admin"}')
2025-09-27T10:16:07.820	[34mINFO[0m	[database]	 INSERT        0 ms INSERT INTO "test_user" ("id", "created_at", "created_by", "updated_at", "updated_by", "name", "email", "age", "is_active", "meta") VALUES ('d3bkhps5cmcb9l8l0ir0', '2025-09-27 10:16:07', 'system', '2025-09-27 10:16:07', 'system', 'Bob Smith', 'bob@example.com', 25, TRUE, '{"interests":["tutorials","postgres"],"role":"editor"}')
2025-09-27T10:16:07.820	[34mINFO[0m	[database]	 INSERT        0 ms INSERT INTO "test_user" ("id", "created_at", "created_by", "updated_at", "updated_by", "name", "email", "age", "is_active", "meta") VALUES ('d3bkhps5cmcb9l8l0irg', '2025-09-27 10:16:07', 'system', '2025-09-27 10:16:07', 'system', 'Charlie Brown', 'charlie@example.com', 35, FALSE, '{"interests":["science"],"role":"viewer"}')
2025-09-27T10:16:07.821	[34mINFO[0m	[database]	 DROP TABLE      0 ms DROP TABLE IF EXISTS "test_category" CASCADE
2025-09-27T10:16:07.821	[34mINFO[0m	[database]	 CREATE TABLE      0 ms CREATE TABLE "test_category" ("id" VARCHAR NOT NULL, "created_at" timestamp NOT NULL DEFAULT CURRENT_TIMESTAMP, "created_by" VARCHAR NOT NULL, "updated_at" timestamp NOT NULL DEFAULT CURRENT_TIMESTAMP, "updated_by" VARCHAR NOT NULL, "name" VARCHAR NOT NULL, "description" VARCHAR, "parent_id" VARCHAR, PRIMARY KEY ("id"), UNIQUE ("name"))
2025-09-27T10:16:07.822	[34mINFO[0m	[database]	 INSERT        0 ms INSERT INTO "test_category" ("id", "created_at", "created_by", "updated_at", "updated_by", "name", "description", "parent_id") VALUES ('d3bkhps5cmcb9l8l0is0', '2025-09-27 10:16:07', 'system', '2025-09-27 10:16:07', 'system', 'Technology', 'Tech-related posts', DEFAULT) RETURNING "parent_id"
2025-09-27T10:16:07.822	[34mINFO[0m	[database]	 INSERT        0 ms INSERT INTO "test_category" ("id", "created_at", "created_by", "updated_at", "updated_by", "name", "description", "parent_id") VALUES ('d3bkhps5cmcb9l8l0isg', '2025-09-27 10:16:07', 'system', '2025-09-27 10:16:07', 'system', 'Science', 'Scientific articles', DEFAULT) RETURNING "parent_id"
2025-09-27T10:16:07.822	[34mINFO[0m	[database]	 INSERT        0 ms INSERT INTO "test_category" ("id", "created_at", "created_by", "updated_at", "updated_by", "name", "description", "parent_id") VALUES ('d3bkhps5cmcb9l8l0it0', '2025-09-27 10:16:07', 'system', '2025-09-27 10:16:07', 'system', 'Business', 'Business and economics', DEFAULT) RETURNING "parent_id"
2025-09-27T10:16:07.822	[34mINFO[0m	[database]	 INSERT        0 ms INSERT INTO "test_category" ("id", "created_at", "created_by", "updated_at", "updated_by", "name", "description", "parent_id") VALUES ('d3bkhps5cmcb9l8l0itg', '2025-09-27 10:16:07', 'system', '2025-09-27 10:16:07', 'system', 'GoLang', 'Go-related posts', 'd3bkhps5cmcb9l8l0is0')
2025-09-27T10:16:07.823	[34mINFO[0m	[database]	 DROP TABLE      0 ms DROP TABLE IF EXISTS "test_tag" CASCADE
2025-09-27T10:16:07.823	[34mINFO[0m	[database]	 CREATE TABLE      0 ms CREATE TABLE "test_tag" ("id" VARCHAR NOT NULL, "created_at" timestamp NOT NULL DEFAULT CURRENT_TIMESTAMP, "created_by" VARCHAR NOT NULL, "updated_at" timestamp NOT NULL DEFAULT CURRENT_TIMESTAMP, "updated_by" VARCHAR NOT NULL, "name" VARCHAR NOT NULL, "description" VARCHAR, PRIMARY KEY ("id"), UNIQUE ("name"))
2025-09-27T10:16:07.823	[34mINFO[0m	[database]	 INSERT        0 ms INSERT INTO "test_tag" ("id", "created_at", "created_by", "updated_at", "updated_by", "name", "description") VALUES ('d3bkhps5cmcb9l8l0iu0', '2025-09-27 10:16:07', 'system', '2025-09-27 10:16:07', 'system', 'programming', 'Programming related content')
2025-09-27T10:16:07.824	[34mINFO[0m	[database]	 INSERT        0 ms INSERT INTO "test_tag" ("id", "created_at", "created_by", "updated_at", "updated_by", "name", "description") VALUES ('d3bkhps5cmcb9l8l0iug', '2025-09-27 10:16:07', 'system', '2025-09-27 10:16:07', 'system', 'database', 'Database related content')
2025-09-27T10:16:07.824	[34mINFO[0m	[database]	 INSERT        0 ms INSERT INTO "test_tag" ("id", "created_at", "created_by", "updated_at", "updated_by", "name", "description") VALUES ('d3bkhps5cmcb9l8l0iv0', '2025-09-27 10:16:07', 'system', '2025-09-27 10:16:07', 'system', 'go', 'Go language topics')
2025-09-27T10:16:07.824	[34mINFO[0m	[database]	 INSERT        0 ms INSERT INTO "test_tag" ("id", "created_at", "created_by", "updated_at", "updated_by", "name", "description") VALUES ('d3bkhps5cmcb9l8l0ivg', '2025-09-27 10:16:07', 'system', '2025-09-27 10:16:07', 'system', 'tutorial', 'Tutorials and guides')
2025-09-27T10:16:07.824	[34mINFO[0m	[database]	 INSERT        0 ms INSERT INTO "test_tag" ("id", "created_at", "created_by", "updated_at", "updated_by", "name", "description") VALUES ('d3bkhps5cmcb9l8l0j00', '2025-09-27 10:16:07', 'system', '2025-09-27 10:16:07', 'system', 'advanced', 'Advanced topics')
2025-09-27T10:16:07.824	[34mINFO[0m	[database]	 DROP TABLE      0 ms DROP TABLE IF EXISTS "test_post" CASCADE
2025-09-27T10:16:07.825	[34mINFO[0m	[database]	 CREATE TABLE      0 ms CREATE TABLE "test_post" ("id" VARCHAR NOT NULL, "created_at" timestamp NOT NULL DEFAULT CURRENT_TIMESTAMP, "created_by" VARCHAR NOT NULL, "updated_at" timestamp NOT NULL DEFAULT CURRENT_TIMESTAMP, "updated_by" VARCHAR NOT NULL, "title" VARCHAR NOT NULL, "content" VARCHAR NOT NULL, "description" VARCHAR, "user_id" VARCHAR NOT NULL, "category_id" VARCHAR NOT NULL, "status" VARCHAR NOT NULL DEFAULT 'draft', "view_count" BIGINT NOT NULL DEFAULT 0, PRIMARY KEY ("id"))
2025-09-27T10:16:07.825	[34mINFO[0m	[database]	 INSERT        0 ms INSERT INTO "test_post" ("id", "created_at", "created_by", "updated_at", "updated_by", "title", "content", "description", "user_id", "category_id", "status", "view_count") VALUES ('d3bkhps5cmcb9l8l0j0g', '2025-09-27 10:16:07', 'd3bkhps5cmcb9l8l0iqg', '2025-09-27 10:16:07', 'd3bkhps5cmcb9l8l0iqg', 'Introduction to Go', 'Go is a programming language designed at Google.', 'Getting started with Go', 'd3bkhps5cmcb9l8l0iqg', 'd3bkhps5cmcb9l8l0itg', 'published', 123)
2025-09-27T10:16:07.825	[34mINFO[0m	[database]	 INSERT        0 ms INSERT INTO "test_post" ("id", "created_at", "created_by", "updated_at", "updated_by", "title", "content", "description", "user_id", "category_id", "status", "view_count") VALUES ('d3bkhps5cmcb9l8l0j10', '2025-09-27 10:16:07', 'd3bkhps5cmcb9l8l0ir0', '2025-09-27 10:16:07', 'd3bkhps5cmcb9l8l0ir0', 'Database Design Basics', 'Good database design principles.', 'Normalization and relationships', 'd3bkhps5cmcb9l8l0ir0', 'd3bkhps5cmcb9l8l0is0', 'published', 87)
2025-09-27T10:16:07.825	[34mINFO[0m	[database]	 INSERT        0 ms INSERT INTO "test_post" ("id", "created_at", "created_by", "updated_at", "updated_by", "title", "content", "description", "user_id", "category_id", "status", "view_count") VALUES ('d3bkhps5cmcb9l8l0j1g', '2025-09-27 10:16:07', 'd3bkhps5cmcb9l8l0iqg', '2025-09-27 10:16:07', 'd3bkhps5cmcb9l8l0iqg', 'Machine Learning Basics', 'An introduction to ML concepts and workflows.', 'Supervised vs unsupervised learning', 'd3bkhps5cmcb9l8l0iqg', 'd3bkhps5cmcb9l8l0isg', 'draft', 45)
2025-09-27T10:16:07.826	[34mINFO[0m	[database]	 INSERT        0 ms INSERT INTO "test_post" ("id", "created_at", "created_by", "updated_at", "updated_by", "title", "content", "description", "user_id", "category_id", "status", "view_count") VALUES ('d3bkhps5cmcb9l8l0j20', '2025-09-27 10:16:07', 'd3bkhps5cmcb9l8l0irg', '2025-09-27 10:16:07', 'd3bkhps5cmcb9l8l0irg', 'Business Strategy Fundamentals', 'Effective business strategies and frameworks.', 'Strategic planning overview', 'd3bkhps5cmcb9l8l0irg', 'd3bkhps5cmcb9l8l0it0', 'published', 64)
2025-09-27T10:16:07.826	[34mINFO[0m	[database]	 INSERT        0 ms INSERT INTO "test_post" ("id", "created_at", "created_by", "updated_at", "updated_by", "title", "content", "description", "user_id", "category_id", "status", "view_count") VALUES ('d3bkhps5cmcb9l8l0j2g', '2025-09-27 10:16:07', 'd3bkhps5cmcb9l8l0iqg', '2025-09-27 10:16:07', 'd3bkhps5cmcb9l8l0iqg', 'Advanced Go Patterns', 'Exploring advanced patterns and best practices in Go.', 'Idiomatic Go techniques', 'd3bkhps5cmcb9l8l0iqg', 'd3bkhps5cmcb9l8l0itg', 'review', 98)
2025-09-27T10:16:07.826	[34mINFO[0m	[database]	 INSERT        0 ms INSERT INTO "test_post" ("id", "created_at", "created_by", "updated_at", "updated_by", "title", "content", "description", "user_id", "category_id", "status", "view_count") VALUES ('d3bkhps5cmcb9l8l0j30', '2025-09-27 10:16:07', 'd3bkhps5cmcb9l8l0ir0', '2025-09-27 10:16:07', 'd3bkhps5cmcb9l8l0ir0', 'Latest Trends in Science', 'A survey of recent scientific advancements.', 'Interdisciplinary highlights', 'd3bkhps5cmcb9l8l0ir0', 'd3bkhps5cmcb9l8l0isg', 'published', 77)
2025-09-27T10:16:07.826	[34mINFO[0m	[database]	 INSERT        0 ms INSERT INTO "test_post" ("id", "created_at", "created_by", "updated_at", "updated_by", "title", "content", "description", "user_id", "category_id", "status", "view_count") VALUES ('d3bkhps5cmcb9l8l0j3g', '2025-09-27 10:16:07', 'd3bkhps5cmcb9l8l0irg', '2025-09-27 10:16:07', 'd3bkhps5cmcb9l8l0irg', 'Practical Tech Tutorials', 'Hands-on guides for modern technology stacks.', 'Step-by-step tutorials', 'd3bkhps5cmcb9l8l0irg', 'd3bkhps5cmcb9l8l0is0', 'published', 52)
2025-09-27T10:16:07.826	[34mINFO[0m	[database]	 INSERT        0 ms INSERT INTO "test_post" ("id", "created_at", "created_by", "updated_at", "updated_by", "title", "content", "description", "user_id", "category_id", "status", "view_count") VALUES ('d3bkhps5cmcb9l8l0j40', '2025-09-27 10:16:07', 'd3bkhps5cmcb9l8l0iqg', '2025-09-27 10:16:07', 'd3bkhps5cmcb9l8l0iqg', 'Startup Finance 101', 'Financial basics for early-stage startups.', 'Cash flow, runway, and budgeting', 'd3bkhps5cmcb9l8l0iqg', 'd3bkhps5cmcb9l8l0it0', 'published', 69)
2025-09-27T10:16:07.827	[34mINFO[0m	[database]	 DROP TABLE      0 ms DROP TABLE IF EXISTS "test_post_tag" CASCADE
2025-09-27T10:16:07.827	[34mINFO[0m	[database]	 CREATE TABLE      0 ms CREATE TABLE "test_post_tag" ("id" VARCHAR NOT NULL, "created_at" timestamp NOT NULL DEFAULT CURRENT_TIMESTAMP, "created_by" VARCHAR NOT NULL, "updated_at" timestamp NOT NULL DEFAULT CURRENT_TIMESTAMP, "updated_by" VARCHAR NOT NULL, "post_id" VARCHAR NOT NULL, "tag_id" VARCHAR NOT NULL, PRIMARY KEY ("id"))
2025-09-27T10:16:07.828	[34mINFO[0m	[database]	 INSERT        0 ms INSERT INTO "test_post_tag" ("id", "created_at", "created_by", "updated_at", "updated_by", "post_id", "tag_id") VALUES ('d3bkhps5cmcb9l8l0j4g', '2025-09-27 10:16:07', 'system', '2025-09-27 10:16:07', 'system', 'd3bkhps5cmcb9l8l0j0g', 'd3bkhps5cmcb9l8l0iu0')
2025-09-27T10:16:07.828	[34mINFO[0m	[database]	 INSERT        0 ms INSERT INTO "test_post_tag" ("id", "created_at", "created_by", "updated_at", "updated_by", "post_id", "tag_id") VALUES ('d3bkhps5cmcb9l8l0j50', '2025-09-27 10:16:07', 'system', '2025-09-27 10:16:07', 'system', 'd3bkhps5cmcb9l8l0j0g', 'd3bkhps5cmcb9l8l0iv0')
2025-09-27T10:16:07.828	[34mINFO[0m	[database]	 INSERT        0 ms INSERT INTO "test_post_tag" ("id", "created_at", "created_by", "updated_at", "updated_by", "post_id", "tag_id") VALUES ('d3bkhps5cmcb9l8l0j5g', '2025-09-27 10:16:07', 'system', '2025-09-27 10:16:07', 'system', 'd3bkhps5cmcb9l8l0j0g', 'd3bkhps5cmcb9l8l0ivg')
2025-09-27T10:16:07.828	[34mINFO[0m	[database]	 INSERT        0 ms INSERT INTO "test_post_tag" ("id", "created_at", "created_by", "updated_at", "updated_by", "post_id", "tag_id") VALUES ('d3bkhps5cmcb9l8l0j60', '2025-09-27 10:16:07', 'system', '2025-09-27 10:16:07', 'system', 'd3bkhps5cmcb9l8l0j10', 'd3bkhps5cmcb9l8l0iug')
2025-09-27T10:16:07.828	[34mINFO[0m	[database]	 INSERT        0 ms INSERT INTO "test_post_tag" ("id", "created_at", "created_by", "updated_at", "updated_by", "post_id", "tag_id") VALUES ('d3bkhps5cmcb9l8l0j6g', '2025-09-27 10:16:07', 'system', '2025-09-27 10:16:07', 'system', 'd3bkhps5cmcb9l8l0j10', 'd3bkhps5cmcb9l8l0ivg')
2025-09-27T10:16:07.828	[34mINFO[0m	[database]	 INSERT        0 ms INSERT INTO "test_post_tag" ("id", "created_at", "created_by", "updated_at", "updated_by", "post_id", "tag_id") VALUES ('d3bkhps5cmcb9l8l0j70', '2025-09-27 10:16:07', 'system', '2025-09-27 10:16:07', 'system', 'd3bkhps5cmcb9l8l0j1g', 'd3bkhps5cmcb9l8l0ivg')
2025-09-27T10:16:07.828	[34mINFO[0m	[database]	 INSERT        0 ms INSERT INTO "test_post_tag" ("id", "created_at", "created_by", "updated_at", "updated_by", "post_id", "tag_id") VALUES ('d3bkhps5cmcb9l8l0j7g', '2025-09-27 10:16:07', 'system', '2025-09-27 10:16:07', 'system', 'd3bkhps5cmcb9l8l0j1g', 'd3bkhps5cmcb9l8l0j00')
2025-09-27T10:16:07.828	[34mINFO[0m	[database]	 INSERT        0 ms INSERT INTO "test_post_tag" ("id", "created_at", "created_by", "updated_at", "updated_by", "post_id", "tag_id") VALUES ('d3bkhps5cmcb9l8l0j80', '2025-09-27 10:16:07', 'system', '2025-09-27 10:16:07', 'system', 'd3bkhps5cmcb9l8l0j20', 'd3bkhps5cmcb9l8l0j00')
2025-09-27T10:16:07.829	[34mINFO[0m	[database]	 INSERT        0 ms INSERT INTO "test_post_tag" ("id", "created_at", "created_by", "updated_at", "updated_by", "post_id", "tag_id") VALUES ('d3bkhps5cmcb9l8l0j8g', '2025-09-27 10:16:07', 'system', '2025-09-27 10:16:07', 'system', 'd3bkhps5cmcb9l8l0j20', 'd3bkhps5cmcb9l8l0ivg')
2025-09-27T10:16:07.829	[34mINFO[0m	[database]	 INSERT        0 ms INSERT INTO "test_post_tag" ("id", "created_at", "created_by", "updated_at", "updated_by", "post_id", "tag_id") VALUES ('d3bkhps5cmcb9l8l0j90', '2025-09-27 10:16:07', 'system', '2025-09-27 10:16:07', 'system', 'd3bkhps5cmcb9l8l0j2g', 'd3bkhps5cmcb9l8l0iv0')
2025-09-27T10:16:07.829	[34mINFO[0m	[database]	 INSERT        0 ms INSERT INTO "test_post_tag" ("id", "created_at", "created_by", "updated_at", "updated_by", "post_id", "tag_id") VALUES ('d3bkhps5cmcb9l8l0j9g', '2025-09-27 10:16:07', 'system', '2025-09-27 10:16:07', 'system', 'd3bkhps5cmcb9l8l0j2g', 'd3bkhps5cmcb9l8l0iu0')
2025-09-27T10:16:07.829	[34mINFO[0m	[database]	 INSERT        0 ms INSERT INTO "test_post_tag" ("id", "created_at", "created_by", "updated_at", "updated_by", "post_id", "tag_id") VALUES ('d3bkhps5cmcb9l8l0ja0', '2025-09-27 10:16:07', 'system', '2025-09-27 10:16:07', 'system', 'd3bkhps5cmcb9l8l0j2g', 'd3bkhps5cmcb9l8l0j00')
2025-09-27T10:16:07.829	[34mINFO[0m	[database]	 INSERT        0 ms INSERT INTO "test_post_tag" ("id", "created_at", "created_by", "updated_at", "updated_by", "post_id", "tag_id") VALUES ('d3bkhps5cmcb9l8l0jag', '2025-09-27 10:16:07', 'system', '2025-09-27 10:16:07', 'system', 'd3bkhps5cmcb9l8l0j30', 'd3bkhps5cmcb9l8l0ivg')
2025-09-27T10:16:07.829	[34mINFO[0m	[database]	 INSERT        0 ms INSERT INTO "test_post_tag" ("id", "created_at", "created_by", "updated_at", "updated_by", "post_id", "tag_id") VALUES ('d3bkhps5cmcb9l8l0jb0', '2025-09-27 10:16:07', 'system', '2025-08-08 00:02:40', 'system', 'd3bkhps5cmcb9l8l0j30', 'd3bkhps5cmcb9l8l0j00')
2025-09-27T10:16:07.829	[34mINFO[0m	[database]	 INSERT        0 ms INSERT INTO "test_post_tag" ("id", "created_at", "created_by", "updated_at", "updated_by", "post_id", "tag_id") VALUES ('d3bkhps5cmcb9l8l0jbg', '2025-09-27 10:16:07', 'system', '2025-09-27 10:16:07', 'system', 'd3bkhps5cmcb9l8l0j3g', 'd3bkhps5cmcb9l8l0ivg')
2025-09-27T10:16:07.829	[34mINFO[0m	[database]	 INSERT        0 ms INSERT INTO "test_post_tag" ("id", "created_at", "created_by", "updated_at", "updated_by", "post_id", "tag_id") VALUES ('d3bkhps5cmcb9l8l0jc0', '2025-09-27 10:16:07', 'system', '2025-09-27 10:16:07', 'system', 'd3bkhps5cmcb9l8l0j3g', 'd3bkhps5cmcb9l8l0iu0')
2025-09-27T10:16:07.829	[34mINFO[0m	[database]	 INSERT        0 ms INSERT INTO "test_post_tag" ("id", "created_at", "created_by", "updated_at", "updated_by", "post_id", "tag_id") VALUES ('d3bkhps5cmcb9l8l0jcg', '2025-09-27 10:16:07', 'system', '2025-09-27 10:16:07', 'system', 'd3bkhps5cmcb9l8l0j40', 'd3bkhps5cmcb9l8l0j00')
2025-09-27T10:16:07.830	[34mINFO[0m	[database]	 INSERT        0 ms INSERT INTO "test_post_tag" ("id", "created_at", "created_by", "updated_at", "updated_by", "post_id", "tag_id") VALUES ('d3bkhps5cmcb9l8l0jd0', '2025-09-27 10:16:07', 'system', '2025-09-27 10:16:07', 'system', 'd3bkhps5cmcb9l8l0j40', 'd3bkhps5cmcb9l8l0ivg')
2025-09-27T10:16:07.830	[34mINFO[0m	[database]	 CREATE TABLE      0 ms CREATE TABLE IF NOT EXISTS "test_simple" ("id" VARCHAR NOT NULL, "created_at" timestamp NOT NULL DEFAULT CURRENT_TIMESTAMP, "created_by" VARCHAR NOT NULL, "updated_at" timestamp NOT NULL DEFAULT CURRENT_TIMESTAMP, "updated_by" VARCHAR NOT NULL, "name" VARCHAR NOT NULL, "value" BIGINT NOT NULL, PRIMARY KEY ("id"))
2025-09-27T10:16:07.830	[34mINFO[0m	[database]	 CREATE TABLE      0 ms CREATE TABLE IF NOT EXISTS "test_complex" ("id" VARCHAR NOT NULL, "created_at" timestamp NOT NULL DEFAULT CURRENT_TIMESTAMP, "created_by" VARCHAR NOT NULL, "updated_at" timestamp NOT NULL DEFAULT CURRENT_TIMESTAMP, "updated_by" VARCHAR NOT NULL, "string_field" VARCHAR NOT NULL, "int_field" BIGINT NOT NULL, "float_field" DOUBLE PRECISION NOT NULL, "bool_field" BOOLEAN NOT NULL, "time_field" TIMESTAMPTZ NOT NULL, "null_string" VARCHAR, "null_int" BIGINT, "null_time" TIMESTAMPTZ, "json_field" JSONB, "array_field" JSONB, PRIMARY KEY ("id"))
    orm_test.go:161: Test fixtures loaded for postgres database
=== RUN   TestMultiDatabaseORM/TestPostgreSQL/TestBasicUpdate
    update_test.go:13: Testing basic UPDATE for postgres
2025-09-27T10:16:07.830	[34mINFO[0m	[database]	 SELECT        0 ms SELECT "u"."id", "u"."created_at", "u"."created_by", "u"."updated_at", "u"."updated_by", "u"."name", "u"."email", "u"."age", "u"."is_active", "u"."meta" FROM "test_user" AS "u" WHERE ("u"."email" = 'alice@example.com')
2025-09-27T10:16:07.830	[34mINFO[0m	[database]	 UPDATE        0 ms UPDATE "test_user" AS "u" SET "age" = 31 WHERE ("u"."email" = 'alice@example.com')
2025-09-27T10:16:07.830	[34mINFO[0m	[database]	 SELECT        0 ms SELECT "u"."id", "u"."created_at", "u"."created_by", "u"."updated_at", "u"."updated_by", "u"."name", "u"."email", "u"."age", "u"."is_active", "u"."meta" FROM "test_user" AS "u" WHERE ("u"."email" = 'alice@example.com')
2025-09-27T10:16:07.830	[34mINFO[0m	[database]	 UPDATE        0 ms UPDATE "test_user" AS "u" SET "name" = 'Alice Smith', "age" = 32 WHERE ("u"."email" = 'alice@example.com')
2025-09-27T10:16:07.831	[34mINFO[0m	[database]	 SELECT        0 ms SELECT "u"."id", "u"."created_at", "u"."created_by", "u"."updated_at", "u"."updated_by", "u"."name", "u"."email", "u"."age", "u"."is_active", "u"."meta" FROM "test_user" AS "u" WHERE ("u"."email" = 'alice@example.com')
2025-09-27T10:16:07.831	[34mINFO[0m	[database]	 UPDATE        0 ms UPDATE "test_user" AS "u" SET "updated_at" = '2025-09-27 10:16:07', "updated_by" = 'system', "name" = 'Alice Johnson Updated', "email" = '', "age" = 33, "is_active" = FALSE, "meta" = 'null' WHERE ("u"."id" = 'd3bkhps5cmcb9l8l0iqg') RETURNING "name", "age", "updated_by"
2025-09-27T10:16:07.831	[34mINFO[0m	[database]	 SELECT        0 ms SELECT "u"."id", "u"."created_at", "u"."created_by", "u"."updated_at", "u"."updated_by", "u"."name", "u"."email", "u"."age", "u"."is_active", "u"."meta" FROM "test_user" AS "u" WHERE ("u"."id" = 'd3bkhps5cmcb9l8l0iqg')
2025-09-27T10:16:07.831	[34mINFO[0m	[database]	 UPDATE        0 ms UPDATE "test_user" AS "u" SET "name" = 'Alice Johnson', "age" = 30, "is_active" = TRUE WHERE ("u"."id" = 'd3bkhps5cmcb9l8l0iqg')
=== RUN   TestMultiDatabaseORM/TestPostgreSQL/TestUpdateBulkOperations
    update_test.go:672: Testing bulk UPDATE operations for postgres
2025-09-27T10:16:07.831	[34mINFO[0m	[database]	 UPDATE        0 ms UPDATE "test_post" AS "p" SET "updated_by" = 'bulk_update_test' WHERE ("p"."status" = 'published')
2025-09-27T10:16:07.831	[34mINFO[0m	[database]	 SELECT        0 ms SELECT "p"."id", "p"."created_at", "p"."created_by", "p"."updated_at", "p"."updated_by", "p"."title", "p"."content", "p"."description", "p"."user_id", "p"."category_id", "p"."status", "p"."view_count" FROM "test_post" AS "p" WHERE ("p"."updated_by" = 'bulk_update_test')
2025-09-27T10:16:07.831	[34mINFO[0m	[database]	 UPDATE        0 ms UPDATE "test_post" AS "p" SET "view_count" = view_count + 5 WHERE ("p"."status" = 'published')
2025-09-27T10:16:07.831	[34mINFO[0m	[database]	 UPDATE        0 ms UPDATE "test_post" AS "p" SET "status" = CASE WHEN "p"."view_count" > 100 THEN 'high_traffic' WHEN "p"."view_count" > 50 THEN 'medium_traffic' ELSE 'low_traffic' END WHERE ("p"."status" <> 'draft')
2025-09-27T10:16:07.832	[34mINFO[0m	[database]	 SELECT        0 ms SELECT "p"."id", "p"."created_at", "p"."created_by", "p"."updated_at", "p"."updated_by", "p"."title", "p"."content", "p"."description", "p"."user_id", "p"."category_id", "p"."status", "p"."view_count" FROM "test_post" AS "p" WHERE ("p"."status" IN ('high_traffic', 'medium_traffic', 'low_traffic'))
2025-09-27T10:16:07.832	[34mINFO[0m	[database]	 UPDATE        0 ms UPDATE "test_post" AS "p" SET "status" = 'published', "updated_by" = 'system', "view_count" = view_count - 5 WHERE ("p"."title" = 'Introduction to Go')
2025-09-27T10:16:07.832	[34mINFO[0m	[database]	 UPDATE        0 ms UPDATE "test_post" AS "p" SET "status" = 'published', "updated_by" = 'system', "view_count" = view_count - 5 WHERE ("p"."title" = 'Database Design Basics')
2025-09-27T10:16:07.832	[34mINFO[0m	[database]	 UPDATE        0 ms UPDATE "test_post" AS "p" SET "status" = 'draft', "updated_by" = 'system', "view_count" = view_count - 5 WHERE ("p"."title" = 'Machine Learning Basics')
2025-09-27T10:16:07.832	[34mINFO[0m	[database]	 UPDATE        0 ms UPDATE "test_post" AS "p" SET "status" = 'published', "updated_by" = 'system', "view_count" = view_count - 5 WHERE ("p"."title" = 'Business Strategy Fundamentals')
2025-09-27T10:16:07.832	[34mINFO[0m	[database]	 UPDATE        0 ms UPDATE "test_post" AS "p" SET "status" = 'review', "updated_by" = 'system', "view_count" = view_count - 5 WHERE ("p"."title" = 'Advanced Go Patterns')
2025-09-27T10:16:07.832	[34mINFO[0m	[database]	 UPDATE        0 ms UPDATE "test_post" AS "p" SET "status" = 'published', "updated_by" = 'system', "view_count" = view_count - 5 WHERE ("p"."title" = 'Latest Trends in Science')
2025-09-27T10:16:07.832	[34mINFO[0m	[database]	 UPDATE        0 ms UPDATE "test_post" AS "p" SET "status" = 'published', "updated_by" = 'system', "view_count" = view_count - 5 WHERE ("p"."title" = 'Practical Tech Tutorials')
2025-09-27T10:16:07.833	[34mINFO[0m	[database]	 UPDATE        0 ms UPDATE "test_post" AS "p" SET "status" = 'published', "updated_by" = 'system', "view_count" = view_count - 5 WHERE ("p"."title" = 'Startup Finance 101')
=== RUN   TestMultiDatabaseORM/TestPostgreSQL/TestUpdateComplexModel
    update_test.go:515: Testing UPDATE with complex model for postgres
2025-09-27T10:16:07.833	[34mINFO[0m	[database]	 INSERT        0 ms INSERT INTO "test_complex" ("id", "created_at", "created_by", "updated_at", "updated_by", "string_field", "int_field", "float_field", "bool_field", "time_field", "null_string", "null_int", "null_time", "json_field", "array_field") VALUES ('d3bkhps5cmcb9l8l0jdg', '2025-09-27 10:16:07', 'system', '2025-09-27 10:16:07', 'system', 'original string', 100, 1.234, FALSE, '2025-09-27 01:16:07.83311+00:00', DEFAULT, DEFAULT, DEFAULT, '{"original":true}', 'null') RETURNING "created_by", "updated_by", "null_string", "null_int", "null_time"
2025-09-27T10:16:07.833	[34mINFO[0m	[database]	 UPDATE        0 ms UPDATE "test_complex" AS "cm" SET "string_field" = 'updated string', "int_field" = 200, "float_field" = 5.678, "bool_field" = TRUE, "time_field" = '2025-09-27 02:16:07.83311+00:00' WHERE ("cm"."id" = 'd3bkhps5cmcb9l8l0jdg')
2025-09-27T10:16:07.833	[34mINFO[0m	[database]	 SELECT        0 ms SELECT "cm"."id", "cm"."created_at", "cm"."created_by", "cm"."updated_at", "cm"."updated_by", "cm"."string_field", "cm"."int_field", "cm"."float_field", "cm"."bool_field", "cm"."time_field", "cm"."null_string", "cm"."null_int", "cm"."null_time", "cm"."json_field", "cm"."array_field" FROM "test_complex" AS "cm" WHERE ("cm"."id" = 'd3bkhps5cmcb9l8l0jdg')
2025-09-27T10:16:07.833	[34mINFO[0m	[database]	 UPDATE        0 ms UPDATE "test_complex" AS "cm" SET "json_field" = '{"items":["a","b","c"],"updated":true,"version":2}' WHERE ("cm"."id" = 'd3bkhps5cmcb9l8l0jdg')
2025-09-27T10:16:07.833	[34mINFO[0m	[database]	 SELECT        0 ms SELECT "cm"."id", "cm"."created_at", "cm"."created_by", "cm"."updated_at", "cm"."updated_by", "cm"."string_field", "cm"."int_field", "cm"."float_field", "cm"."bool_field", "cm"."time_field", "cm"."null_string", "cm"."null_int", "cm"."null_time", "cm"."json_field", "cm"."array_field" FROM "test_complex" AS "cm" WHERE ("cm"."id" = 'd3bkhps5cmcb9l8l0jdg')
2025-09-27T10:16:07.833	[34mINFO[0m	[database]	 UPDATE        0 ms UPDATE "test_complex" AS "cm" SET "null_string" = 'not null anymore', "null_int" = 42, "null_time" = '2025-09-27 02:16:07.83311+00:00' WHERE ("cm"."id" = 'd3bkhps5cmcb9l8l0jdg')
2025-09-27T10:16:07.833	[34mINFO[0m	[database]	 SELECT        0 ms SELECT "cm"."id", "cm"."created_at", "cm"."created_by", "cm"."updated_at", "cm"."updated_by", "cm"."string_field", "cm"."int_field", "cm"."float_field", "cm"."bool_field", "cm"."time_field", "cm"."null_string", "cm"."null_int", "cm"."null_time", "cm"."json_field", "cm"."array_field" FROM "test_complex" AS "cm" WHERE ("cm"."id" = 'd3bkhps5cmcb9l8l0jdg')
2025-09-27T10:16:07.834	[34mINFO[0m	[database]	 UPDATE        0 ms UPDATE "test_complex" AS "cm" SET "null_string" = NULL, "null_int" = NULL, "null_time" = NULL WHERE ("cm"."id" = 'd3bkhps5cmcb9l8l0jdg')
2025-09-27T10:16:07.834	[34mINFO[0m	[database]	 SELECT        0 ms SELECT "cm"."id", "cm"."created_at", "cm"."created_by", "cm"."updated_at", "cm"."updated_by", "cm"."string_field", "cm"."int_field", "cm"."float_field", "cm"."bool_field", "cm"."time_field", "cm"."null_string", "cm"."null_int", "cm"."null_time", "cm"."json_field", "cm"."array_field" FROM "test_complex" AS "cm" WHERE ("cm"."id" = 'd3bkhps5cmcb9l8l0jdg')
2025-09-27T10:16:07.834	[34mINFO[0m	[database]	 DELETE        0 ms DELETE FROM "test_complex" AS "cm" WHERE ("cm"."id" = 'd3bkhps5cmcb9l8l0jdg')
=== RUN   TestMultiDatabaseORM/TestPostgreSQL/TestUpdateErrorHandling
    update_test.go:780: Testing UPDATE error handling for postgres
2025-09-27T10:16:07.834	[34mINFO[0m	[database]	 UPDATE        0 ms UPDATE "test_user" AS "u" SET "name" = 'Non-existent User' WHERE ("u"."email" = 'nonexistent@example.com')
2025-09-27T10:16:07.834	[34mINFO[0m	[database]	 INSERT        0 ms INSERT INTO "test_user" ("id", "created_at", "created_by", "updated_at", "updated_by", "name", "email", "age", "is_active", "meta") VALUES ('d3bkhps5cmcb9l8l0je0', '2025-09-27 10:16:07', 'system', '2025-09-27 10:16:07', 'system', 'Test User For Update', 'testupdate@example.com', 25, TRUE, 'null') RETURNING "created_by", "updated_by"
2025-09-27T10:16:07.834	[34mINFO[0m	[database]	 UPDATE        0 ms UPDATE "test_user" AS "u" SET "updated_by" = 'no_where_test' WHERE ("u"."email" = 'testupdate@example.com')
2025-09-27T10:16:07.834	[31mERROR[0m	[database]	 UPDATE        0 ms UPDATE "test_user" AS "u" SET "non_existent_field" = 'value' WHERE ("u"."id" = 'd3bkhps5cmcb9l8l0je0')  ERROR: column "non_existent_field" of relation "test_user" does not exist (SQLSTATE=42703) 
2025-09-27T10:16:07.834	[34mINFO[0m	[database]	 DELETE        0 ms DELETE FROM "test_user" AS "u" WHERE ("u"."email" = 'testupdate@example.com')
=== RUN   TestMultiDatabaseORM/TestPostgreSQL/TestUpdateReturning
    update_test.go:433: Testing UPDATE with RETURNING for postgres
2025-09-27T10:16:07.835	[34mINFO[0m	[database]	 SELECT        0 ms SELECT "u"."id", "u"."created_at", "u"."created_by", "u"."updated_at", "u"."updated_by", "u"."name", "u"."email", "u"."age", "u"."is_active", "u"."meta" FROM "test_user" AS "u" WHERE ("u"."email" = 'bob@example.com')
2025-09-27T10:16:07.835	[34mINFO[0m	[database]	 UPDATE        0 ms UPDATE "test_user" AS "u" SET "name" = 'Bob Johnson', "age" = 26 WHERE ("u"."email" = 'bob@example.com') RETURNING "id", "name", "age"
2025-09-27T10:16:07.835	[34mINFO[0m	[database]	 SELECT        0 ms SELECT "u"."id", "u"."created_at", "u"."created_by", "u"."updated_at", "u"."updated_by", "u"."name", "u"."email", "u"."age", "u"."is_active", "u"."meta" FROM "test_user" AS "u" WHERE ("u"."email" = 'bob@example.com')
2025-09-27T10:16:07.835	[34mINFO[0m	[database]	 UPDATE        0 ms UPDATE "test_user" AS "u" SET "updated_by" = 'returning_test' WHERE ("u"."is_active" IS TRUE) RETURNING "id", "name", "age"
2025-09-27T10:16:07.835	[34mINFO[0m	[database]	 UPDATE        0 ms UPDATE "test_user" AS "u" SET "name" = 'Bob Smith', "age" = 25, "updated_by" = 'system' WHERE ("u"."email" = 'bob@example.com')
=== RUN   TestMultiDatabaseORM/TestPostgreSQL/TestUpdateWithConditions
    update_test.go:117: Testing UPDATE with conditions for postgres
2025-09-27T10:16:07.835	[34mINFO[0m	[database]	 UPDATE        0 ms UPDATE "test_user" AS "u" SET "updated_by" = 'batch_update' WHERE ("u"."is_active" IS TRUE)
2025-09-27T10:16:07.835	[34mINFO[0m	[database]	 SELECT        0 ms SELECT "u"."id", "u"."created_at", "u"."created_by", "u"."updated_at", "u"."updated_by", "u"."name", "u"."email", "u"."age", "u"."is_active", "u"."meta" FROM "test_user" AS "u" WHERE ("u"."is_active" IS TRUE)
2025-09-27T10:16:07.835	[34mINFO[0m	[database]	 UPDATE        0 ms UPDATE "test_user" AS "u" SET "updated_by" = 'complex_update' WHERE ("u"."is_active" IS TRUE) AND ("u"."age" > 26)
2025-09-27T10:16:07.836	[34mINFO[0m	[database]	 SELECT        0 ms SELECT "u"."id", "u"."created_at", "u"."created_by", "u"."updated_at", "u"."updated_by", "u"."name", "u"."email", "u"."age", "u"."is_active", "u"."meta" FROM "test_user" AS "u" WHERE ("u"."updated_by" = 'complex_update')
2025-09-27T10:16:07.836	[34mINFO[0m	[database]	 UPDATE        0 ms UPDATE "test_user" AS "u" SET "updated_by" = 'or_update' WHERE ("u"."age" = 25) OR ("u"."age" = 35)
2025-09-27T10:16:07.836	[34mINFO[0m	[database]	 SELECT        0 ms SELECT "u"."id", "u"."created_at", "u"."created_by", "u"."updated_at", "u"."updated_by", "u"."name", "u"."email", "u"."age", "u"."is_active", "u"."meta" FROM "test_user" AS "u" WHERE ("u"."updated_by" = 'or_update') ORDER BY "u"."name" ASC
2025-09-27T10:16:07.836	[34mINFO[0m	[database]	 UPDATE        0 ms UPDATE "test_user" AS "u" SET "updated_by" = 'in_update' WHERE ("u"."name" IN ('Bob Smith', 'Charlie Brown'))
2025-09-27T10:16:07.836	[34mINFO[0m	[database]	 SELECT        0 ms SELECT "u"."id", "u"."created_at", "u"."created_by", "u"."updated_at", "u"."updated_by", "u"."name", "u"."email", "u"."age", "u"."is_active", "u"."meta" FROM "test_user" AS "u" WHERE ("u"."updated_by" = 'in_update')
2025-09-27T10:16:07.836	[34mINFO[0m	[database]	 UPDATE        0 ms UPDATE "test_user" AS "u" SET "updated_by" = 'system' WHERE ("u"."updated_by" <> 'system')
=== RUN   TestMultiDatabaseORM/TestPostgreSQL/TestUpdateWithExpressions
    update_test.go:223: Testing UPDATE with expressions for postgres
2025-09-27T10:16:07.836	[34mINFO[0m	[database]	 SELECT        0 ms SELECT "p"."id", "p"."created_at", "p"."created_by", "p"."updated_at", "p"."updated_by", "p"."title", "p"."content", "p"."description", "p"."user_id", "p"."category_id", "p"."status", "p"."view_count" FROM "test_post" AS "p" WHERE ("p"."title" LIKE '%Introduction%')
2025-09-27T10:16:07.836	[34mINFO[0m	[database]	 UPDATE        0 ms UPDATE "test_post" AS "p" SET "view_count" = view_count + 10 WHERE ("p"."id" = 'd3bkhps5cmcb9l8l0j0g')
2025-09-27T10:16:07.837	[34mINFO[0m	[database]	 SELECT        0 ms SELECT "p"."id", "p"."created_at", "p"."created_by", "p"."updated_at", "p"."updated_by", "p"."title", "p"."content", "p"."description", "p"."user_id", "p"."category_id", "p"."status", "p"."view_count" FROM "test_post" AS "p" WHERE ("p"."id" = 'd3bkhps5cmcb9l8l0j0g')
2025-09-27T10:16:07.837	[34mINFO[0m	[database]	 UPDATE        0 ms UPDATE "test_post" AS "p" SET "title" = CONCAT('title', ''' - Updated''') WHERE ("p"."id" = 'd3bkhps5cmcb9l8l0j0g')
2025-09-27T10:16:07.837	[34mINFO[0m	[database]	 SELECT        0 ms SELECT "p"."id", "p"."created_at", "p"."created_by", "p"."updated_at", "p"."updated_by", "p"."title", "p"."content", "p"."description", "p"."user_id", "p"."category_id", "p"."status", "p"."view_count" FROM "test_post" AS "p" WHERE ("p"."id" = 'd3bkhps5cmcb9l8l0j0g')
2025-09-27T10:16:07.837	[34mINFO[0m	[database]	 UPDATE        0 ms UPDATE "test_post" AS "p" SET "status" = CASE WHEN "p"."view_count" > 100 THEN 'popular' ELSE 'normal' END WHERE ("p"."status" <> 'draft')
2025-09-27T10:16:07.837	[34mINFO[0m	[database]	 SELECT        0 ms SELECT "p"."id", "p"."created_at", "p"."created_by", "p"."updated_at", "p"."updated_by", "p"."title", "p"."content", "p"."description", "p"."user_id", "p"."category_id", "p"."status", "p"."view_count" FROM "test_post" AS "p" WHERE ("p"."status" IN ('popular', 'normal'))
2025-09-27T10:16:07.837	[34mINFO[0m	[database]	 UPDATE        0 ms UPDATE "test_post" AS "p" SET "view_count" = 123, "title" = 'Introduction to Go', "status" = 'published' WHERE ("p"."id" = 'd3bkhps5cmcb9l8l0j0g')
=== RUN   TestMultiDatabaseORM/TestPostgreSQL/TestUpdateWithJoins
    update_test.go:324: Testing UPDATE with JOINs for postgres
2025-09-27T10:16:07.837	[34mINFO[0m	[database]	 UPDATE        0 ms UPDATE "test_post" AS "p" SET "status" = 'user_inactive_post' WHERE ("p"."user_id" IN (SELECT "u"."id" FROM "test_user" AS "u" WHERE ("u"."is_active" IS FALSE)))
2025-09-27T10:16:07.837	[34mINFO[0m	[database]	 SELECT        0 ms SELECT "p"."id", "p"."created_at", "p"."created_by", "p"."updated_at", "p"."updated_by", "p"."title", "p"."content", "p"."description", "p"."user_id", "p"."category_id", "p"."status", "p"."view_count" FROM "test_post" AS "p" WHERE ("p"."status" = 'user_inactive_post')
2025-09-27T10:16:07.838	[34mINFO[0m	[database]	 SELECT        0 ms SELECT "u"."id", "u"."created_at", "u"."created_by", "u"."updated_at", "u"."updated_by", "u"."name", "u"."email", "u"."age", "u"."is_active", "u"."meta" FROM "test_user" AS "u" WHERE ("u"."id" = 'd3bkhps5cmcb9l8l0irg')
2025-09-27T10:16:07.838	[34mINFO[0m	[database]	 SELECT        0 ms SELECT "u"."id", "u"."created_at", "u"."created_by", "u"."updated_at", "u"."updated_by", "u"."name", "u"."email", "u"."age", "u"."is_active", "u"."meta" FROM "test_user" AS "u" WHERE ("u"."id" = 'd3bkhps5cmcb9l8l0irg')
2025-09-27T10:16:07.838	[34mINFO[0m	[database]	 UPDATE        0 ms UPDATE "test_post" AS "p" SET "status" = 'high_activity_user' WHERE ("p"."user_id" IN (SELECT "u"."id" FROM "test_user" AS "u" WHERE ("u"."is_active" IS TRUE) AND ("u"."age" > 25)))
2025-09-27T10:16:07.838	[34mINFO[0m	[database]	 SELECT        0 ms SELECT "p"."id", "p"."created_at", "p"."created_by", "p"."updated_at", "p"."updated_by", "p"."title", "p"."content", "p"."description", "p"."user_id", "p"."category_id", "p"."status", "p"."view_count" FROM "test_post" AS "p" WHERE ("p"."status" = 'high_activity_user')
2025-09-27T10:16:07.838	[34mINFO[0m	[database]	 SELECT        0 ms SELECT "u"."id", "u"."created_at", "u"."created_by", "u"."updated_at", "u"."updated_by", "u"."name", "u"."email", "u"."age", "u"."is_active", "u"."meta" FROM "test_user" AS "u" WHERE ("u"."id" = 'd3bkhps5cmcb9l8l0iqg')
2025-09-27T10:16:07.838	[34mINFO[0m	[database]	 SELECT        0 ms SELECT "u"."id", "u"."created_at", "u"."created_by", "u"."updated_at", "u"."updated_by", "u"."name", "u"."email", "u"."age", "u"."is_active", "u"."meta" FROM "test_user" AS "u" WHERE ("u"."id" = 'd3bkhps5cmcb9l8l0iqg')
2025-09-27T10:16:07.838	[34mINFO[0m	[database]	 SELECT        0 ms SELECT "u"."id", "u"."created_at", "u"."created_by", "u"."updated_at", "u"."updated_by", "u"."name", "u"."email", "u"."age", "u"."is_active", "u"."meta" FROM "test_user" AS "u" WHERE ("u"."id" = 'd3bkhps5cmcb9l8l0iqg')
2025-09-27T10:16:07.838	[34mINFO[0m	[database]	 SELECT        0 ms SELECT "u"."id", "u"."created_at", "u"."created_by", "u"."updated_at", "u"."updated_by", "u"."name", "u"."email", "u"."age", "u"."is_active", "u"."meta" FROM "test_user" AS "u" WHERE ("u"."id" = 'd3bkhps5cmcb9l8l0iqg')
2025-09-27T10:16:07.838	[34mINFO[0m	[database]	 UPDATE        0 ms UPDATE "test_post" AS "p" SET "status" = 'review' WHERE ("p"."title" = 'Advanced Go Patterns')
2025-09-27T10:16:07.839	[34mINFO[0m	[database]	 UPDATE        0 ms UPDATE "test_post" AS "p" SET "status" = 'published' WHERE ("p"."title" = 'Latest Trends in Science')
2025-09-27T10:16:07.839	[34mINFO[0m	[database]	 UPDATE        0 ms UPDATE "test_post" AS "p" SET "status" = 'published' WHERE ("p"."title" = 'Practical Tech Tutorials')
2025-09-27T10:16:07.839	[34mINFO[0m	[database]	 UPDATE        0 ms UPDATE "test_post" AS "p" SET "status" = 'published' WHERE ("p"."title" = 'Startup Finance 101')
2025-09-27T10:16:07.839	[34mINFO[0m	[database]	 UPDATE        0 ms UPDATE "test_post" AS "p" SET "status" = 'published' WHERE ("p"."title" = 'Introduction to Go')
2025-09-27T10:16:07.839	[34mINFO[0m	[database]	 UPDATE        0 ms UPDATE "test_post" AS "p" SET "status" = 'published' WHERE ("p"."title" = 'Database Design Basics')
2025-09-27T10:16:07.839	[34mINFO[0m	[database]	 UPDATE        0 ms UPDATE "test_post" AS "p" SET "status" = 'draft' WHERE ("p"."title" = 'Machine Learning Basics')
2025-09-27T10:16:07.839	[34mINFO[0m	[database]	 UPDATE        0 ms UPDATE "test_post" AS "p" SET "status" = 'published' WHERE ("p"."title" = 'Business Strategy Fundamentals')
=== RUN   TestMultiDatabaseORM/TestPostgreSQL/TestUpdateWithOptionalFields
    update_test.go:846: Testing UPDATE with optional fields for postgres
2025-09-27T10:16:07.839	[34mINFO[0m	[database]	 SELECT        0 ms SELECT "p"."id", "p"."created_at", "p"."created_by", "p"."updated_at", "p"."updated_by", "p"."title", "p"."content", "p"."description", "p"."user_id", "p"."category_id", "p"."status", "p"."view_count" FROM "test_post" AS "p" WHERE ("p"."description" IS NOT NULL) LIMIT 1
2025-09-27T10:16:07.839	[34mINFO[0m	[database]	 UPDATE        0 ms UPDATE "test_post" AS "p" SET "description" = 'Updated description for testing' WHERE ("p"."id" = 'd3bkhps5cmcb9l8l0j2g')
2025-09-27T10:16:07.840	[34mINFO[0m	[database]	 SELECT        0 ms SELECT "p"."id", "p"."created_at", "p"."created_by", "p"."updated_at", "p"."updated_by", "p"."title", "p"."content", "p"."description", "p"."user_id", "p"."category_id", "p"."status", "p"."view_count" FROM "test_post" AS "p" WHERE ("p"."id" = 'd3bkhps5cmcb9l8l0j2g')
2025-09-27T10:16:07.840	[34mINFO[0m	[database]	 UPDATE        0 ms UPDATE "test_post" AS "p" SET "description" = NULL WHERE ("p"."id" = 'd3bkhps5cmcb9l8l0j2g')
2025-09-27T10:16:07.840	[34mINFO[0m	[database]	 SELECT        0 ms SELECT "p"."id", "p"."created_at", "p"."created_by", "p"."updated_at", "p"."updated_by", "p"."title", "p"."content", "p"."description", "p"."user_id", "p"."category_id", "p"."status", "p"."view_count" FROM "test_post" AS "p" WHERE ("p"."id" = 'd3bkhps5cmcb9l8l0j2g')
2025-09-27T10:16:07.840	[34mINFO[0m	[database]	 UPDATE        0 ms UPDATE "test_post" AS "p" SET "description" = 'Idiomatic Go techniques' WHERE ("p"."id" = 'd3bkhps5cmcb9l8l0j2g')
2025-09-27T10:16:07.840	[34mINFO[0m	[database]	 SELECT        0 ms SELECT "p"."id", "p"."created_at", "p"."created_by", "p"."updated_at", "p"."updated_by", "p"."title", "p"."content", "p"."description", "p"."user_id", "p"."category_id", "p"."status", "p"."view_count" FROM "test_post" AS "p" WHERE ("p"."id" = 'd3bkhps5cmcb9l8l0j2g')
=== NAME  TestMultiDatabaseORM/TestPostgreSQL
    orm_test.go:127: Setting up ORM test suite for postgres
2025-09-27T10:16:07.841	[34mINFO[0m	[database]	 DROP TABLE      0 ms DROP TABLE IF EXISTS "test_user" CASCADE
2025-09-27T10:16:07.842	[34mINFO[0m	[database]	 CREATE TABLE      0 ms CREATE TABLE "test_user" ("id" VARCHAR NOT NULL, "created_at" timestamp NOT NULL DEFAULT CURRENT_TIMESTAMP, "created_by" VARCHAR NOT NULL, "updated_at" timestamp NOT NULL DEFAULT CURRENT_TIMESTAMP, "updated_by" VARCHAR NOT NULL, "name" VARCHAR NOT NULL, "email" VARCHAR NOT NULL, "age" SMALLINT NOT NULL DEFAULT 0, "is_active" BOOLEAN NOT NULL, "meta" JSONB, PRIMARY KEY ("id"), UNIQUE ("email"))
2025-09-27T10:16:07.842	[34mINFO[0m	[database]	 INSERT        0 ms INSERT INTO "test_user" ("id", "created_at", "created_by", "updated_at", "updated_by", "name", "email", "age", "is_active", "meta") VALUES ('d3bkhps5cmcb9l8l0jeg', '2025-09-27 10:16:07', 'system', '2025-09-27 10:16:07', 'system', 'Alice Johnson', 'alice@example.com', 30, TRUE, '{"interests":["golang","databases"],"role":"admin"}')
2025-09-27T10:16:07.842	[34mINFO[0m	[database]	 INSERT        0 ms INSERT INTO "test_user" ("id", "created_at", "created_by", "updated_at", "updated_by", "name", "email", "age", "is_active", "meta") VALUES ('d3bkhps5cmcb9l8l0jf0', '2025-09-27 10:16:07', 'system', '2025-09-27 10:16:07', 'system', 'Bob Smith', 'bob@example.com', 25, TRUE, '{"interests":["tutorials","postgres"],"role":"editor"}')
2025-09-27T10:16:07.842	[34mINFO[0m	[database]	 INSERT        0 ms INSERT INTO "test_user" ("id", "created_at", "created_by", "updated_at", "updated_by", "name", "email", "age", "is_active", "meta") VALUES ('d3bkhps5cmcb9l8l0jfg', '2025-09-27 10:16:07', 'system', '2025-09-27 10:16:07', 'system', 'Charlie Brown', 'charlie@example.com', 35, FALSE, '{"interests":["science"],"role":"viewer"}')
2025-09-27T10:16:07.843	[34mINFO[0m	[database]	 DROP TABLE      0 ms DROP TABLE IF EXISTS "test_category" CASCADE
2025-09-27T10:16:07.844	[34mINFO[0m	[database]	 CREATE TABLE      0 ms CREATE TABLE "test_category" ("id" VARCHAR NOT NULL, "created_at" timestamp NOT NULL DEFAULT CURRENT_TIMESTAMP, "created_by" VARCHAR NOT NULL, "updated_at" timestamp NOT NULL DEFAULT CURRENT_TIMESTAMP, "updated_by" VARCHAR NOT NULL, "name" VARCHAR NOT NULL, "description" VARCHAR, "parent_id" VARCHAR, PRIMARY KEY ("id"), UNIQUE ("name"))
2025-09-27T10:16:07.844	[34mINFO[0m	[database]	 INSERT        0 ms INSERT INTO "test_category" ("id", "created_at", "created_by", "updated_at", "updated_by", "name", "description", "parent_id") VALUES ('d3bkhps5cmcb9l8l0jg0', '2025-09-27 10:16:07', 'system', '2025-09-27 10:16:07', 'system', 'Technology', 'Tech-related posts', DEFAULT) RETURNING "parent_id"
2025-09-27T10:16:07.844	[34mINFO[0m	[database]	 INSERT        0 ms INSERT INTO "test_category" ("id", "created_at", "created_by", "updated_at", "updated_by", "name", "description", "parent_id") VALUES ('d3bkhps5cmcb9l8l0jgg', '2025-09-27 10:16:07', 'system', '2025-09-27 10:16:07', 'system', 'Science', 'Scientific articles', DEFAULT) RETURNING "parent_id"
2025-09-27T10:16:07.844	[34mINFO[0m	[database]	 INSERT        0 ms INSERT INTO "test_category" ("id", "created_at", "created_by", "updated_at", "updated_by", "name", "description", "parent_id") VALUES ('d3bkhps5cmcb9l8l0jh0', '2025-09-27 10:16:07', 'system', '2025-09-27 10:16:07', 'system', 'Business', 'Business and economics', DEFAULT) RETURNING "parent_id"
2025-09-27T10:16:07.844	[34mINFO[0m	[database]	 INSERT        0 ms INSERT INTO "test_category" ("id", "created_at", "created_by", "updated_at", "updated_by", "name", "description", "parent_id") VALUES ('d3bkhps5cmcb9l8l0jhg', '2025-09-27 10:16:07', 'system', '2025-09-27 10:16:07', 'system', 'GoLang', 'Go-related posts', 'd3bkhps5cmcb9l8l0jg0')
2025-09-27T10:16:07.845	[34mINFO[0m	[database]	 DROP TABLE      0 ms DROP TABLE IF EXISTS "test_tag" CASCADE
2025-09-27T10:16:07.845	[34mINFO[0m	[database]	 CREATE TABLE      0 ms CREATE TABLE "test_tag" ("id" VARCHAR NOT NULL, "created_at" timestamp NOT NULL DEFAULT CURRENT_TIMESTAMP, "created_by" VARCHAR NOT NULL, "updated_at" timestamp NOT NULL DEFAULT CURRENT_TIMESTAMP, "updated_by" VARCHAR NOT NULL, "name" VARCHAR NOT NULL, "description" VARCHAR, PRIMARY KEY ("id"), UNIQUE ("name"))
2025-09-27T10:16:07.846	[34mINFO[0m	[database]	 INSERT        0 ms INSERT INTO "test_tag" ("id", "created_at", "created_by", "updated_at", "updated_by", "name", "description") VALUES ('d3bkhps5cmcb9l8l0ji0', '2025-09-27 10:16:07', 'system', '2025-09-27 10:16:07', 'system', 'programming', 'Programming related content')
2025-09-27T10:16:07.846	[34mINFO[0m	[database]	 INSERT        0 ms INSERT INTO "test_tag" ("id", "created_at", "created_by", "updated_at", "updated_by", "name", "description") VALUES ('d3bkhps5cmcb9l8l0jig', '2025-09-27 10:16:07', 'system', '2025-09-27 10:16:07', 'system', 'database', 'Database related content')
2025-09-27T10:16:07.846	[34mINFO[0m	[database]	 INSERT        0 ms INSERT INTO "test_tag" ("id", "created_at", "created_by", "updated_at", "updated_by", "name", "description") VALUES ('d3bkhps5cmcb9l8l0jj0', '2025-09-27 10:16:07', 'system', '2025-09-27 10:16:07', 'system', 'go', 'Go language topics')
2025-09-27T10:16:07.846	[34mINFO[0m	[database]	 INSERT        0 ms INSERT INTO "test_tag" ("id", "created_at", "created_by", "updated_at", "updated_by", "name", "description") VALUES ('d3bkhps5cmcb9l8l0jjg', '2025-09-27 10:16:07', 'system', '2025-09-27 10:16:07', 'system', 'tutorial', 'Tutorials and guides')
2025-09-27T10:16:07.846	[34mINFO[0m	[database]	 INSERT        0 ms INSERT INTO "test_tag" ("id", "created_at", "created_by", "updated_at", "updated_by", "name", "description") VALUES ('d3bkhps5cmcb9l8l0jk0', '2025-09-27 10:16:07', 'system', '2025-09-27 10:16:07', 'system', 'advanced', 'Advanced topics')
2025-09-27T10:16:07.847	[34mINFO[0m	[database]	 DROP TABLE      0 ms DROP TABLE IF EXISTS "test_post" CASCADE
2025-09-27T10:16:07.848	[34mINFO[0m	[database]	 CREATE TABLE      0 ms CREATE TABLE "test_post" ("id" VARCHAR NOT NULL, "created_at" timestamp NOT NULL DEFAULT CURRENT_TIMESTAMP, "created_by" VARCHAR NOT NULL, "updated_at" timestamp NOT NULL DEFAULT CURRENT_TIMESTAMP, "updated_by" VARCHAR NOT NULL, "title" VARCHAR NOT NULL, "content" VARCHAR NOT NULL, "description" VARCHAR, "user_id" VARCHAR NOT NULL, "category_id" VARCHAR NOT NULL, "status" VARCHAR NOT NULL DEFAULT 'draft', "view_count" BIGINT NOT NULL DEFAULT 0, PRIMARY KEY ("id"))
2025-09-27T10:16:07.848	[34mINFO[0m	[database]	 INSERT        0 ms INSERT INTO "test_post" ("id", "created_at", "created_by", "updated_at", "updated_by", "title", "content", "description", "user_id", "category_id", "status", "view_count") VALUES ('d3bkhps5cmcb9l8l0jkg', '2025-09-27 10:16:07', 'd3bkhps5cmcb9l8l0jeg', '2025-09-27 10:16:07', 'd3bkhps5cmcb9l8l0jeg', 'Introduction to Go', 'Go is a programming language designed at Google.', 'Getting started with Go', 'd3bkhps5cmcb9l8l0jeg', 'd3bkhps5cmcb9l8l0jhg', 'published', 123)
2025-09-27T10:16:07.848	[34mINFO[0m	[database]	 INSERT        0 ms INSERT INTO "test_post" ("id", "created_at", "created_by", "updated_at", "updated_by", "title", "content", "description", "user_id", "category_id", "status", "view_count") VALUES ('d3bkhps5cmcb9l8l0jl0', '2025-09-27 10:16:07', 'd3bkhps5cmcb9l8l0jf0', '2025-09-27 10:16:07', 'd3bkhps5cmcb9l8l0jf0', 'Database Design Basics', 'Good database design principles.', 'Normalization and relationships', 'd3bkhps5cmcb9l8l0jf0', 'd3bkhps5cmcb9l8l0jg0', 'published', 87)
2025-09-27T10:16:07.848	[34mINFO[0m	[database]	 INSERT        0 ms INSERT INTO "test_post" ("id", "created_at", "created_by", "updated_at", "updated_by", "title", "content", "description", "user_id", "category_id", "status", "view_count") VALUES ('d3bkhps5cmcb9l8l0jlg', '2025-09-27 10:16:07', 'd3bkhps5cmcb9l8l0jeg', '2025-09-27 10:16:07', 'd3bkhps5cmcb9l8l0jeg', 'Machine Learning Basics', 'An introduction to ML concepts and workflows.', 'Supervised vs unsupervised learning', 'd3bkhps5cmcb9l8l0jeg', 'd3bkhps5cmcb9l8l0jgg', 'draft', 45)
2025-09-27T10:16:07.848	[34mINFO[0m	[database]	 INSERT        0 ms INSERT INTO "test_post" ("id", "created_at", "created_by", "updated_at", "updated_by", "title", "content", "description", "user_id", "category_id", "status", "view_count") VALUES ('d3bkhps5cmcb9l8l0jm0', '2025-09-27 10:16:07', 'd3bkhps5cmcb9l8l0jfg', '2025-09-27 10:16:07', 'd3bkhps5cmcb9l8l0jfg', 'Business Strategy Fundamentals', 'Effective business strategies and frameworks.', 'Strategic planning overview', 'd3bkhps5cmcb9l8l0jfg', 'd3bkhps5cmcb9l8l0jh0', 'published', 64)
2025-09-27T10:16:07.848	[34mINFO[0m	[database]	 INSERT        0 ms INSERT INTO "test_post" ("id", "created_at", "created_by", "updated_at", "updated_by", "title", "content", "description", "user_id", "category_id", "status", "view_count") VALUES ('d3bkhps5cmcb9l8l0jmg', '2025-09-27 10:16:07', 'd3bkhps5cmcb9l8l0jeg', '2025-09-27 10:16:07', 'd3bkhps5cmcb9l8l0jeg', 'Advanced Go Patterns', 'Exploring advanced patterns and best practices in Go.', 'Idiomatic Go techniques', 'd3bkhps5cmcb9l8l0jeg', 'd3bkhps5cmcb9l8l0jhg', 'review', 98)
2025-09-27T10:16:07.849	[34mINFO[0m	[database]	 INSERT        0 ms INSERT INTO "test_post" ("id", "created_at", "created_by", "updated_at", "updated_by", "title", "content", "description", "user_id", "category_id", "status", "view_count") VALUES ('d3bkhps5cmcb9l8l0jn0', '2025-09-27 10:16:07', 'd3bkhps5cmcb9l8l0jf0', '2025-09-27 10:16:07', 'd3bkhps5cmcb9l8l0jf0', 'Latest Trends in Science', 'A survey of recent scientific advancements.', 'Interdisciplinary highlights', 'd3bkhps5cmcb9l8l0jf0', 'd3bkhps5cmcb9l8l0jgg', 'published', 77)
2025-09-27T10:16:07.849	[34mINFO[0m	[database]	 INSERT        0 ms INSERT INTO "test_post" ("id", "created_at", "created_by", "updated_at", "updated_by", "title", "content", "description", "user_id", "category_id", "status", "view_count") VALUES ('d3bkhps5cmcb9l8l0jng', '2025-09-27 10:16:07', 'd3bkhps5cmcb9l8l0jfg', '2025-09-27 10:16:07', 'd3bkhps5cmcb9l8l0jfg', 'Practical Tech Tutorials', 'Hands-on guides for modern technology stacks.', 'Step-by-step tutorials', 'd3bkhps5cmcb9l8l0jfg', 'd3bkhps5cmcb9l8l0jg0', 'published', 52)
2025-09-27T10:16:07.849	[34mINFO[0m	[database]	 INSERT        0 ms INSERT INTO "test_post" ("id", "created_at", "created_by", "updated_at", "updated_by", "title", "content", "description", "user_id", "category_id", "status", "view_count") VALUES ('d3bkhps5cmcb9l8l0jo0', '2025-09-27 10:16:07', 'd3bkhps5cmcb9l8l0jeg', '2025-09-27 10:16:07', 'd3bkhps5cmcb9l8l0jeg', 'Startup Finance 101', 'Financial basics for early-stage startups.', 'Cash flow, runway, and budgeting', 'd3bkhps5cmcb9l8l0jeg', 'd3bkhps5cmcb9l8l0jh0', 'published', 69)
2025-09-27T10:16:07.849	[34mINFO[0m	[database]	 DROP TABLE      0 ms DROP TABLE IF EXISTS "test_post_tag" CASCADE
2025-09-27T10:16:07.850	[34mINFO[0m	[database]	 CREATE TABLE      0 ms CREATE TABLE "test_post_tag" ("id" VARCHAR NOT NULL, "created_at" timestamp NOT NULL DEFAULT CURRENT_TIMESTAMP, "created_by" VARCHAR NOT NULL, "updated_at" timestamp NOT NULL DEFAULT CURRENT_TIMESTAMP, "updated_by" VARCHAR NOT NULL, "post_id" VARCHAR NOT NULL, "tag_id" VARCHAR NOT NULL, PRIMARY KEY ("id"))
2025-09-27T10:16:07.850	[34mINFO[0m	[database]	 INSERT        0 ms INSERT INTO "test_post_tag" ("id", "created_at", "created_by", "updated_at", "updated_by", "post_id", "tag_id") VALUES ('d3bkhps5cmcb9l8l0jog', '2025-09-27 10:16:07', 'system', '2025-09-27 10:16:07', 'system', 'd3bkhps5cmcb9l8l0jkg', 'd3bkhps5cmcb9l8l0ji0')
2025-09-27T10:16:07.850	[34mINFO[0m	[database]	 INSERT        0 ms INSERT INTO "test_post_tag" ("id", "created_at", "created_by", "updated_at", "updated_by", "post_id", "tag_id") VALUES ('d3bkhps5cmcb9l8l0jp0', '2025-09-27 10:16:07', 'system', '2025-09-27 10:16:07', 'system', 'd3bkhps5cmcb9l8l0jkg', 'd3bkhps5cmcb9l8l0jj0')
2025-09-27T10:16:07.850	[34mINFO[0m	[database]	 INSERT        0 ms INSERT INTO "test_post_tag" ("id", "created_at", "created_by", "updated_at", "updated_by", "post_id", "tag_id") VALUES ('d3bkhps5cmcb9l8l0jpg', '2025-09-27 10:16:07', 'system', '2025-09-27 10:16:07', 'system', 'd3bkhps5cmcb9l8l0jkg', 'd3bkhps5cmcb9l8l0jjg')
2025-09-27T10:16:07.850	[34mINFO[0m	[database]	 INSERT        0 ms INSERT INTO "test_post_tag" ("id", "created_at", "created_by", "updated_at", "updated_by", "post_id", "tag_id") VALUES ('d3bkhps5cmcb9l8l0jq0', '2025-09-27 10:16:07', 'system', '2025-09-27 10:16:07', 'system', 'd3bkhps5cmcb9l8l0jl0', 'd3bkhps5cmcb9l8l0jig')
2025-09-27T10:16:07.850	[34mINFO[0m	[database]	 INSERT        0 ms INSERT INTO "test_post_tag" ("id", "created_at", "created_by", "updated_at", "updated_by", "post_id", "tag_id") VALUES ('d3bkhps5cmcb9l8l0jqg', '2025-09-27 10:16:07', 'system', '2025-09-27 10:16:07', 'system', 'd3bkhps5cmcb9l8l0jl0', 'd3bkhps5cmcb9l8l0jjg')
2025-09-27T10:16:07.851	[34mINFO[0m	[database]	 INSERT        0 ms INSERT INTO "test_post_tag" ("id", "created_at", "created_by", "updated_at", "updated_by", "post_id", "tag_id") VALUES ('d3bkhps5cmcb9l8l0jr0', '2025-09-27 10:16:07', 'system', '2025-09-27 10:16:07', 'system', 'd3bkhps5cmcb9l8l0jlg', 'd3bkhps5cmcb9l8l0jjg')
2025-09-27T10:16:07.851	[34mINFO[0m	[database]	 INSERT        0 ms INSERT INTO "test_post_tag" ("id", "created_at", "created_by", "updated_at", "updated_by", "post_id", "tag_id") VALUES ('d3bkhps5cmcb9l8l0jrg', '2025-09-27 10:16:07', 'system', '2025-09-27 10:16:07', 'system', 'd3bkhps5cmcb9l8l0jlg', 'd3bkhps5cmcb9l8l0jk0')
2025-09-27T10:16:07.851	[34mINFO[0m	[database]	 INSERT        0 ms INSERT INTO "test_post_tag" ("id", "created_at", "created_by", "updated_at", "updated_by", "post_id", "tag_id") VALUES ('d3bkhps5cmcb9l8l0js0', '2025-09-27 10:16:07', 'system', '2025-09-27 10:16:07', 'system', 'd3bkhps5cmcb9l8l0jm0', 'd3bkhps5cmcb9l8l0jk0')
2025-09-27T10:16:07.851	[34mINFO[0m	[database]	 INSERT        0 ms INSERT INTO "test_post_tag" ("id", "created_at", "created_by", "updated_at", "updated_by", "post_id", "tag_id") VALUES ('d3bkhps5cmcb9l8l0jsg', '2025-09-27 10:16:07', 'system', '2025-09-27 10:16:07', 'system', 'd3bkhps5cmcb9l8l0jm0', 'd3bkhps5cmcb9l8l0jjg')
2025-09-27T10:16:07.851	[34mINFO[0m	[database]	 INSERT        0 ms INSERT INTO "test_post_tag" ("id", "created_at", "created_by", "updated_at", "updated_by", "post_id", "tag_id") VALUES ('d3bkhps5cmcb9l8l0jt0', '2025-09-27 10:16:07', 'system', '2025-09-27 10:16:07', 'system', 'd3bkhps5cmcb9l8l0jmg', 'd3bkhps5cmcb9l8l0jj0')
2025-09-27T10:16:07.851	[34mINFO[0m	[database]	 INSERT        0 ms INSERT INTO "test_post_tag" ("id", "created_at", "created_by", "updated_at", "updated_by", "post_id", "tag_id") VALUES ('d3bkhps5cmcb9l8l0jtg', '2025-09-27 10:16:07', 'system', '2025-09-27 10:16:07', 'system', 'd3bkhps5cmcb9l8l0jmg', 'd3bkhps5cmcb9l8l0ji0')
2025-09-27T10:16:07.851	[34mINFO[0m	[database]	 INSERT        0 ms INSERT INTO "test_post_tag" ("id", "created_at", "created_by", "updated_at", "updated_by", "post_id", "tag_id") VALUES ('d3bkhps5cmcb9l8l0ju0', '2025-09-27 10:16:07', 'system', '2025-09-27 10:16:07', 'system', 'd3bkhps5cmcb9l8l0jmg', 'd3bkhps5cmcb9l8l0jk0')
2025-09-27T10:16:07.851	[34mINFO[0m	[database]	 INSERT        0 ms INSERT INTO "test_post_tag" ("id", "created_at", "created_by", "updated_at", "updated_by", "post_id", "tag_id") VALUES ('d3bkhps5cmcb9l8l0jug', '2025-09-27 10:16:07', 'system', '2025-09-27 10:16:07', 'system', 'd3bkhps5cmcb9l8l0jn0', 'd3bkhps5cmcb9l8l0jjg')
2025-09-27T10:16:07.852	[34mINFO[0m	[database]	 INSERT        0 ms INSERT INTO "test_post_tag" ("id", "created_at", "created_by", "updated_at", "updated_by", "post_id", "tag_id") VALUES ('d3bkhps5cmcb9l8l0jv0', '2025-09-27 10:16:07', 'system', '2025-08-08 00:02:40', 'system', 'd3bkhps5cmcb9l8l0jn0', 'd3bkhps5cmcb9l8l0jk0')
2025-09-27T10:16:07.852	[34mINFO[0m	[database]	 INSERT        0 ms INSERT INTO "test_post_tag" ("id", "created_at", "created_by", "updated_at", "updated_by", "post_id", "tag_id") VALUES ('d3bkhps5cmcb9l8l0jvg', '2025-09-27 10:16:07', 'system', '2025-09-27 10:16:07', 'system', 'd3bkhps5cmcb9l8l0jng', 'd3bkhps5cmcb9l8l0jjg')
2025-09-27T10:16:07.852	[34mINFO[0m	[database]	 INSERT        0 ms INSERT INTO "test_post_tag" ("id", "created_at", "created_by", "updated_at", "updated_by", "post_id", "tag_id") VALUES ('d3bkhps5cmcb9l8l0k00', '2025-09-27 10:16:07', 'system', '2025-09-27 10:16:07', 'system', 'd3bkhps5cmcb9l8l0jng', 'd3bkhps5cmcb9l8l0ji0')
2025-09-27T10:16:07.852	[34mINFO[0m	[database]	 INSERT        0 ms INSERT INTO "test_post_tag" ("id", "created_at", "created_by", "updated_at", "updated_by", "post_id", "tag_id") VALUES ('d3bkhps5cmcb9l8l0k0g', '2025-09-27 10:16:07', 'system', '2025-09-27 10:16:07', 'system', 'd3bkhps5cmcb9l8l0jo0', 'd3bkhps5cmcb9l8l0jk0')
2025-09-27T10:16:07.852	[34mINFO[0m	[database]	 INSERT        0 ms INSERT INTO "test_post_tag" ("id", "created_at", "created_by", "updated_at", "updated_by", "post_id", "tag_id") VALUES ('d3bkhps5cmcb9l8l0k10', '2025-09-27 10:16:07', 'system', '2025-09-27 10:16:07', 'system', 'd3bkhps5cmcb9l8l0jo0', 'd3bkhps5cmcb9l8l0jjg')
2025-09-27T10:16:07.852	[34mINFO[0m	[database]	 CREATE TABLE      0 ms CREATE TABLE IF NOT EXISTS "test_simple" ("id" VARCHAR NOT NULL, "created_at" timestamp NOT NULL DEFAULT CURRENT_TIMESTAMP, "created_by" VARCHAR NOT NULL, "updated_at" timestamp NOT NULL DEFAULT CURRENT_TIMESTAMP, "updated_by" VARCHAR NOT NULL, "name" VARCHAR NOT NULL, "value" BIGINT NOT NULL, PRIMARY KEY ("id"))
2025-09-27T10:16:07.852	[34mINFO[0m	[database]	 CREATE TABLE      0 ms CREATE TABLE IF NOT EXISTS "test_complex" ("id" VARCHAR NOT NULL, "created_at" timestamp NOT NULL DEFAULT CURRENT_TIMESTAMP, "created_by" VARCHAR NOT NULL, "updated_at" timestamp NOT NULL DEFAULT CURRENT_TIMESTAMP, "updated_by" VARCHAR NOT NULL, "string_field" VARCHAR NOT NULL, "int_field" BIGINT NOT NULL, "float_field" DOUBLE PRECISION NOT NULL, "bool_field" BOOLEAN NOT NULL, "time_field" TIMESTAMPTZ NOT NULL, "null_string" VARCHAR, "null_int" BIGINT, "null_time" TIMESTAMPTZ, "json_field" JSONB, "array_field" JSONB, PRIMARY KEY ("id"))
    orm_test.go:161: Test fixtures loaded for postgres database
=== RUN   TestMultiDatabaseORM/TestPostgreSQL/TestBasicDelete
    delete_test.go:16: Testing basic DELETE for postgres
2025-09-27T10:16:07.852	[34mINFO[0m	[database]	 INSERT        0 ms INSERT INTO "test_user" ("id", "created_at", "created_by", "updated_at", "updated_by", "name", "email", "age", "is_active", "meta") VALUES ('d3bkhps5cmcb9l8l0k1g', '2025-09-27 10:16:07', 'system', '2025-09-27 10:16:07', 'system', 'Delete Test User 1', 'delete1@example.com', 25, TRUE, 'null'), ('d3bkhps5cmcb9l8l0k20', '2025-09-27 10:16:07', 'system', '2025-09-27 10:16:07', 'system', 'Delete Test User 2', 'delete2@example.com', 30, FALSE, 'null') RETURNING "created_by", "updated_by"
2025-09-27T10:16:07.853	[34mINFO[0m	[database]	 DELETE        0 ms DELETE FROM "test_user" AS "u" WHERE ("u"."email" = 'delete1@example.com')
2025-09-27T10:16:07.853	[34mINFO[0m	[database]	 SELECT        0 ms SELECT "u"."id", "u"."created_at", "u"."created_by", "u"."updated_at", "u"."updated_by", "u"."name", "u"."email", "u"."age", "u"."is_active", "u"."meta" FROM "test_user" AS "u" WHERE ("u"."email" = 'delete1@example.com')
2025-09-27T10:16:07.853	[34mINFO[0m	[database]	 DELETE        0 ms DELETE FROM "test_user" AS "u" WHERE ("u"."id" = 'd3bkhps5cmcb9l8l0k20')
2025-09-27T10:16:07.853	[34mINFO[0m	[database]	 SELECT        0 ms SELECT "u"."id", "u"."created_at", "u"."created_by", "u"."updated_at", "u"."updated_by", "u"."name", "u"."email", "u"."age", "u"."is_active", "u"."meta" FROM "test_user" AS "u" WHERE ("u"."id" = 'd3bkhps5cmcb9l8l0k20')
2025-09-27T10:16:07.853	[34mINFO[0m	[database]	 INSERT        0 ms INSERT INTO "test_user" ("id", "created_at", "created_by", "updated_at", "updated_by", "name", "email", "age", "is_active", "meta") VALUES ('d3bkhps5cmcb9l8l0k2g', '2025-09-27 10:16:07', 'system', '2025-09-27 10:16:07', 'system', 'Bulk Delete 1', 'bulk1@example.com', 20, TRUE, 'null'), ('d3bkhps5cmcb9l8l0k30', '2025-09-27 10:16:07', 'system', '2025-09-27 10:16:07', 'system', 'Bulk Delete 2', 'bulk2@example.com', 21, TRUE, 'null'), ('d3bkhps5cmcb9l8l0k3g', '2025-09-27 10:16:07', 'system', '2025-09-27 10:16:07', 'system', 'Bulk Delete 3', 'bulk3@example.com', 22, TRUE, 'null') RETURNING "created_by", "updated_by"
2025-09-27T10:16:07.853	[34mINFO[0m	[database]	 DELETE        0 ms DELETE FROM "test_user" AS "u" WHERE ("u"."email" IN ('bulk1@example.com', 'bulk2@example.com'))
2025-09-27T10:16:07.853	[34mINFO[0m	[database]	 SELECT        0 ms SELECT "u"."id", "u"."created_at", "u"."created_by", "u"."updated_at", "u"."updated_by", "u"."name", "u"."email", "u"."age", "u"."is_active", "u"."meta" FROM "test_user" AS "u" WHERE ("u"."email" LIKE 'bulk%')
2025-09-27T10:16:07.853	[34mINFO[0m	[database]	 DELETE        0 ms DELETE FROM "test_user" AS "u" WHERE ("u"."email" = 'bulk3@example.com')
=== RUN   TestMultiDatabaseORM/TestPostgreSQL/TestDeleteCascade
    delete_test.go:466: Testing cascade DELETE for postgres
2025-09-27T10:16:07.854	[34mINFO[0m	[database]	 INSERT        0 ms INSERT INTO "test_user" ("id", "created_at", "created_by", "updated_at", "updated_by", "name", "email", "age", "is_active", "meta") VALUES ('d3bkhps5cmcb9l8l0k40', '2025-09-27 10:16:07', 'system', '2025-09-27 10:16:07', 'system', 'Cascade Delete User', 'cascadedelete@example.com', 30, TRUE, 'null') RETURNING "created_by", "updated_by"
2025-09-27T10:16:07.854	[34mINFO[0m	[database]	 INSERT        0 ms INSERT INTO "test_category" ("id", "created_at", "created_by", "updated_at", "updated_by", "name", "description", "parent_id") VALUES ('d3bkhps5cmcb9l8l0k4g', '2025-09-27 10:16:07', 'system', '2025-09-27 10:16:07', 'system', 'Cascade Delete Category', 'Category for cascade test', DEFAULT) RETURNING "created_by", "updated_by", "parent_id"
2025-09-27T10:16:07.854	[34mINFO[0m	[database]	 INSERT        0 ms INSERT INTO "test_post" ("id", "created_at", "created_by", "updated_at", "updated_by", "title", "content", "description", "user_id", "category_id", "status", "view_count") VALUES ('d3bkhps5cmcb9l8l0k50', '2025-09-27 10:16:07', 'system', '2025-09-27 10:16:07', 'system', 'Cascade Post 1', 'Content', DEFAULT, 'd3bkhps5cmcb9l8l0k40', 'd3bkhps5cmcb9l8l0k4g', 'published', DEFAULT), ('d3bkhps5cmcb9l8l0k5g', '2025-09-27 10:16:07', 'system', '2025-09-27 10:16:07', 'system', 'Cascade Post 2', 'Content', DEFAULT, 'd3bkhps5cmcb9l8l0k40', 'd3bkhps5cmcb9l8l0k4g', 'draft', DEFAULT) RETURNING "created_by", "updated_by", "description", "view_count"
2025-09-27T10:16:07.854	[34mINFO[0m	[database]	 DELETE        0 ms DELETE FROM "test_post" AS "p" WHERE ("p"."user_id" = 'd3bkhps5cmcb9l8l0k40')
2025-09-27T10:16:07.854	[34mINFO[0m	[database]	 SELECT        0 ms SELECT "p"."id", "p"."created_at", "p"."created_by", "p"."updated_at", "p"."updated_by", "p"."title", "p"."content", "p"."description", "p"."user_id", "p"."category_id", "p"."status", "p"."view_count" FROM "test_post" AS "p" WHERE ("p"."user_id" = 'd3bkhps5cmcb9l8l0k40')
2025-09-27T10:16:07.854	[34mINFO[0m	[database]	 DELETE        0 ms DELETE FROM "test_user" AS "u" WHERE ("u"."id" = 'd3bkhps5cmcb9l8l0k40')
2025-09-27T10:16:07.854	[34mINFO[0m	[database]	 SELECT        0 ms SELECT "u"."id", "u"."created_at", "u"."created_by", "u"."updated_at", "u"."updated_by", "u"."name", "u"."email", "u"."age", "u"."is_active", "u"."meta" FROM "test_user" AS "u" WHERE ("u"."id" = 'd3bkhps5cmcb9l8l0k40')
2025-09-27T10:16:07.854	[34mINFO[0m	[database]	 DELETE        0 ms DELETE FROM "test_category" AS "c" WHERE ("c"."id" = 'd3bkhps5cmcb9l8l0k4g')
=== RUN   TestMultiDatabaseORM/TestPostgreSQL/TestDeleteComplexConditions
    delete_test.go:615: Testing DELETE with complex conditions for postgres
2025-09-27T10:16:07.855	[34mINFO[0m	[database]	 INSERT        0 ms INSERT INTO "test_post" ("id", "created_at", "created_by", "updated_at", "updated_by", "title", "content", "description", "user_id", "category_id", "status", "view_count") VALUES ('d3bkhps5cmcb9l8l0k60', '2025-09-27 10:16:07', 'system', '2025-09-27 10:16:07', 'system', 'Complex 1', 'Content', DEFAULT, 'user1', 'cat1', 'draft', 5), ('d3bkhps5cmcb9l8l0k6g', '2025-09-27 10:16:07', 'system', '2025-09-27 10:16:07', 'system', 'Complex 2', 'Content', DEFAULT, 'user1', 'cat1', 'published', 50), ('d3bkhps5cmcb9l8l0k70', '2025-09-27 10:16:07', 'system', '2025-09-27 10:16:07', 'system', 'Complex 3', 'Content', DEFAULT, 'user2', 'cat1', 'published', 150), ('d3bkhps5cmcb9l8l0k7g', '2025-09-27 10:16:07', 'system', '2025-09-27 10:16:07', 'system', 'Complex 4', 'Content', DEFAULT, 'user2', 'cat2', 'review', 25) RETURNING "created_by", "updated_by", "description"
2025-09-27T10:16:07.855	[34mINFO[0m	[database]	 DELETE        0 ms DELETE FROM "test_post" AS "p" WHERE ("p"."status" = 'published') AND (("p"."view_count" < 100) OR ("p"."user_id" = 'user2'))
2025-09-27T10:16:07.855	[34mINFO[0m	[database]	 SELECT        0 ms SELECT "p"."id", "p"."created_at", "p"."created_by", "p"."updated_at", "p"."updated_by", "p"."title", "p"."content", "p"."description", "p"."user_id", "p"."category_id", "p"."status", "p"."view_count" FROM "test_post" AS "p" WHERE ("p"."title" LIKE 'Complex%')
2025-09-27T10:16:07.855	[34mINFO[0m	[database]	 DELETE        0 ms DELETE FROM "test_post" AS "p" WHERE ("p"."status" <> 'draft') AND ("p"."view_count" <> 150)
2025-09-27T10:16:07.855	[34mINFO[0m	[database]	 SELECT        0 ms SELECT "p"."id", "p"."created_at", "p"."created_by", "p"."updated_at", "p"."updated_by", "p"."title", "p"."content", "p"."description", "p"."user_id", "p"."category_id", "p"."status", "p"."view_count" FROM "test_post" AS "p" WHERE ("p"."title" LIKE 'Complex%')
2025-09-27T10:16:07.855	[34mINFO[0m	[database]	 INSERT        0 ms INSERT INTO "test_post" ("id", "created_at", "created_by", "updated_at", "updated_by", "title", "content", "description", "user_id", "category_id", "status", "view_count") VALUES ('d3bkhps5cmcb9l8l0k80', '2025-09-27 10:16:07', 'system', '2025-09-27 10:16:07', 'system', 'Between 1', 'Content', DEFAULT, 'user1', 'cat1', 'published', 25), ('d3bkhps5cmcb9l8l0k8g', '2025-09-27 10:16:07', 'system', '2025-09-27 10:16:07', 'system', 'Between 2', 'Content', DEFAULT, 'user1', 'cat1', 'published', 50), ('d3bkhps5cmcb9l8l0k90', '2025-09-27 10:16:07', 'system', '2025-09-27 10:16:07', 'system', 'Between 3', 'Content', DEFAULT, 'user1', 'cat1', 'published', 75), ('d3bkhps5cmcb9l8l0k9g', '2025-09-27 10:16:07', 'system', '2025-09-27 10:16:07', 'system', 'Between 4', 'Content', DEFAULT, 'user1', 'cat1', 'published', 100) RETURNING "created_by", "updated_by", "description"
2025-09-27T10:16:07.855	[34mINFO[0m	[database]	 DELETE        0 ms DELETE FROM "test_post" AS "p" WHERE ("p"."view_count" BETWEEN 40 AND 80)
2025-09-27T10:16:07.855	[34mINFO[0m	[database]	 SELECT        0 ms SELECT "p"."id", "p"."created_at", "p"."created_by", "p"."updated_at", "p"."updated_by", "p"."title", "p"."content", "p"."description", "p"."user_id", "p"."category_id", "p"."status", "p"."view_count" FROM "test_post" AS "p" WHERE ("p"."title" LIKE 'Between%')
2025-09-27T10:16:07.856	[34mINFO[0m	[database]	 DELETE        0 ms DELETE FROM "test_post" AS "p" WHERE ("p"."title" LIKE 'Complex%') OR ("p"."title" LIKE 'Between%')
=== RUN   TestMultiDatabaseORM/TestPostgreSQL/TestDeleteErrorHandling
    delete_test.go:552: Testing DELETE error handling for postgres
2025-09-27T10:16:07.856	[34mINFO[0m	[database]	 DELETE        0 ms DELETE FROM "test_user" AS "u" WHERE ("u"."email" = 'nonexistent@example.com')
2025-09-27T10:16:07.856	[34mINFO[0m	[database]	 INSERT        0 ms INSERT INTO "test_simple" ("id", "created_at", "created_by", "updated_at", "updated_by", "name", "value") VALUES ('d3bkhps5cmcb9l8l0ka0', '2025-09-27 10:16:07', 'system', '2025-09-27 10:16:07', 'system', 'Delete All Test 1', 1), ('d3bkhps5cmcb9l8l0kag', '2025-09-27 10:16:07', 'system', '2025-09-27 10:16:07', 'system', 'Delete All Test 2', 2) RETURNING "created_by", "updated_by"
2025-09-27T10:16:07.856	[34mINFO[0m	[database]	 DELETE        0 ms DELETE FROM "test_simple" AS "s" WHERE ("s"."name" LIKE 'Delete All Test%')
2025-09-27T10:16:07.856	[34mINFO[0m	[database]	 SELECT        0 ms SELECT "s"."id", "s"."created_at", "s"."created_by", "s"."updated_at", "s"."updated_by", "s"."name", "s"."value" FROM "test_simple" AS "s" WHERE ("s"."name" LIKE 'Delete All Test%')
2025-09-27T10:16:07.856	[31mERROR[0m	[database]	 DELETE        0 ms DELETE FROM "test_user" AS "u" WHERE ("u"."invalid_field" = 'value')  ERROR: column u.invalid_field does not exist (SQLSTATE=42703) 
=== RUN   TestMultiDatabaseORM/TestPostgreSQL/TestDeletePerformance
    delete_test.go:735: Testing DELETE performance for postgres
2025-09-27T10:16:07.857	[34mINFO[0m	[database]	 INSERT        0 ms INSERT INTO "test_user" ("id", "created_at", "created_by", "updated_at", "updated_by", "name", "email", "age", "is_active", "meta") VALUES ('d3bkhps5cmcb9l8l0kb0', '2025-09-27 10:16:07', 'system', '2025-09-27 10:16:07', 'system', 'Perf User 0', 'perf-000@example.com', 20, TRUE, 'null'), ('d3bkhps5cmcb9l8l0kbg', '2025-09-27 10:16:07', 'system', '2025-09-27 10:16:07', 'system', 'Perf User 1', 'perf-001@example.com', 21, FALSE, 'null'), ('d3bkhps5cmcb9l8l0kc0', '2025-09-27 10:16:07', 'system', '2025-09-27 10:16:07', 'system', 'Perf User 2', 'perf-002@example.com', 22, TRUE, 'null'), ('d3bkhps5cmcb9l8l0kcg', '2025-09-27 10:16:07', 'system', '2025-09-27 10:16:07', 'system', 'Perf User 3', 'perf-003@example.com', 23, FALSE, 'null'), ('d3bkhps5cmcb9l8l0kd0', '2025-09-27 10:16:07', 'system', '2025-09-27 10:16:07', 'system', 'Perf User 4', 'perf-004@example.com', 24, TRUE, 'null'), ('d3bkhps5cmcb9l8l0kdg', '2025-09-27 10:16:07', 'system', '2025-09-27 10:16:07', 'system', 'Perf User 5', 'perf-005@example.com', 25, FALSE, 'null'), ('d3bkhps5cmcb9l8l0ke0', '2025-09-27 10:16:07', 'system', '2025-09-27 10:16:07', 'system', 'Perf User 6', 'perf-006@example.com', 26, TRUE, 'null'), ('d3bkhps5cmcb9l8l0keg', '2025-09-27 10:16:07', 'system', '2025-09-27 10:16:07', 'system', 'Perf User 7', 'perf-007@example.com', 27, FALSE, 'null'), ('d3bkhps5cmcb9l8l0kf0', '2025-09-27 10:16:07', 'system', '2025-09-27 10:16:07', 'system', 'Perf User 8', 'perf-008@example.com', 28, TRUE, 'null'), ('d3bkhps5cmcb9l8l0kfg', '2025-09-27 10:16:07', 'system', '2025-09-27 10:16:07', 'system', 'Perf User 9', 'perf-009@example.com', 29, FALSE, 'null'), ('d3bkhps5cmcb9l8l0kg0', '2025-09-27 10:16:07', 'system', '2025-09-27 10:16:07', 'system', 'Perf User 10', 'perf-010@example.com', 30, TRUE, 'null'), ('d3bkhps5cmcb9l8l0kgg', '2025-09-27 10:16:07', 'system', '2025-09-27 10:16:07', 'system', 'Perf User 11', 'perf-011@example.com', 31, FALSE, 'null'), ('d3bkhps5cmcb9l8l0kh0', '2025-09-27 10:16:07', 'system', '2025-09-27 10:16:07', 'system', 'Perf User 12', 'perf-012@example.com', 32, TRUE, 'null'), ('d3bkhps5cmcb9l8l0khg', '2025-09-27 10:16:07', 'system', '2025-09-27 10:16:07', 'system', 'Perf User 13', 'perf-013@example.com', 33, FALSE, 'null'), ('d3bkhps5cmcb9l8l0ki0', '2025-09-27 10:16:07', 'system', '2025-09-27 10:16:07', 'system', 'Perf User 14', 'perf-014@example.com', 34, TRUE, 'null'), ('d3bkhps5cmcb9l8l0kig', '2025-09-27 10:16:07', 'system', '2025-09-27 10:16:07', 'system', 'Perf User 15', 'perf-015@example.com', 35, FALSE, 'null'), ('d3bkhps5cmcb9l8l0kj0', '2025-09-27 10:16:07', 'system', '2025-09-27 10:16:07', 'system', 'Perf User 16', 'perf-016@example.com', 36, TRUE, 'null'), ('d3bkhps5cmcb9l8l0kjg', '2025-09-27 10:16:07', 'system', '2025-09-27 10:16:07', 'system', 'Perf User 17', 'perf-017@example.com', 37, FALSE, 'null'), ('d3bkhps5cmcb9l8l0kk0', '2025-09-27 10:16:07', 'system', '2025-09-27 10:16:07', 'system', 'Perf User 18', 'perf-018@example.com', 38, TRUE, 'null'), ('d3bkhps5cmcb9l8l0kkg', '2025-09-27 10:16:07', 'system', '2025-09-27 10:16:07', 'system', 'Perf User 19', 'perf-019@example.com', 39, FALSE, 'null'), ('d3bkhps5cmcb9l8l0kl0', '2025-09-27 10:16:07', 'system', '2025-09-27 10:16:07', 'system', 'Perf User 20', 'perf-020@example.com', 40, TRUE, 'null'), ('d3bkhps5cmcb9l8l0klg', '2025-09-27 10:16:07', 'system', '2025-09-27 10:16:07', 'system', 'Perf User 21', 'perf-021@example.com', 41, FALSE, 'null'), ('d3bkhps5cmcb9l8l0km0', '2025-09-27 10:16:07', 'system', '2025-09-27 10:16:07', 'system', 'Perf User 22', 'perf-022@example.com', 42, TRUE, 'null'), ('d3bkhps5cmcb9l8l0kmg', '2025-09-27 10:16:07', 'system', '2025-09-27 10:16:07', 'system', 'Perf User 23', 'perf-023@example.com', 43, FALSE, 'null'), ('d3bkhps5cmcb9l8l0kn0', '2025-09-27 10:16:07', 'system', '2025-09-27 10:16:07', 'system', 'Perf User 24', 'perf-024@example.com', 44, TRUE, 'null'), ('d3bkhps5cmcb9l8l0kng', '2025-09-27 10:16:07', 'system', '2025-09-27 10:16:07', 'system', 'Perf User 25', 'perf-025@example.com', 45, FALSE, 'null'), ('d3bkhps5cmcb9l8l0ko0', '2025-09-27 10:16:07', 'system', '2025-09-27 10:16:07', 'system', 'Perf User 26', 'perf-026@example.com', 46, TRUE, 'null'), ('d3bkhps5cmcb9l8l0kog', '2025-09-27 10:16:07', 'system', '2025-09-27 10:16:07', 'system', 'Perf User 27', 'perf-027@example.com', 47, FALSE, 'null'), ('d3bkhps5cmcb9l8l0kp0', '2025-09-27 10:16:07', 'system', '2025-09-27 10:16:07', 'system', 'Perf User 28', 'perf-028@example.com', 48, TRUE, 'null'), ('d3bkhps5cmcb9l8l0kpg', '2025-09-27 10:16:07', 'system', '2025-09-27 10:16:07', 'system', 'Perf User 29', 'perf-029@example.com', 49, FALSE, 'null'), ('d3bkhps5cmcb9l8l0kq0', '2025-09-27 10:16:07', 'system', '2025-09-27 10:16:07', 'system', 'Perf User 30', 'perf-030@example.com', 50, TRUE, 'null'), ('d3bkhps5cmcb9l8l0kqg', '2025-09-27 10:16:07', 'system', '2025-09-27 10:16:07', 'system', 'Perf User 31', 'perf-031@example.com', 51, FALSE, 'null'), ('d3bkhps5cmcb9l8l0kr0', '2025-09-27 10:16:07', 'system', '2025-09-27 10:16:07', 'system', 'Perf User 32', 'perf-032@example.com', 52, TRUE, 'null'), ('d3bkhps5cmcb9l8l0krg', '2025-09-27 10:16:07', 'system', '2025-09-27 10:16:07', 'system', 'Perf User 33', 'perf-033@example.com', 53, FALSE, 'null'), ('d3bkhps5cmcb9l8l0ks0', '2025-09-27 10:16:07', 'system', '2025-09-27 10:16:07', 'system', 'Perf User 34', 'perf-034@example.com', 54, TRUE, 'null'), ('d3bkhps5cmcb9l8l0ksg', '2025-09-27 10:16:07', 'system', '2025-09-27 10:16:07', 'system', 'Perf User 35', 'perf-035@example.com', 55, FALSE, 'null'), ('d3bkhps5cmcb9l8l0kt0', '2025-09-27 10:16:07', 'system', '2025-09-27 10:16:07', 'system', 'Perf User 36', 'perf-036@example.com', 56, TRUE, 'null'), ('d3bkhps5cmcb9l8l0ktg', '2025-09-27 10:16:07', 'system', '2025-09-27 10:16:07', 'system', 'Perf User 37', 'perf-037@example.com', 57, FALSE, 'null'), ('d3bkhps5cmcb9l8l0ku0', '2025-09-27 10:16:07', 'system', '2025-09-27 10:16:07', 'system', 'Perf User 38', 'perf-038@example.com', 58, TRUE, 'null'), ('d3bkhps5cmcb9l8l0kug', '2025-09-27 10:16:07', 'system', '2025-09-27 10:16:07', 'system', 'Perf User 39', 'perf-039@example.com', 59, FALSE, 'null'), ('d3bkhps5cmcb9l8l0kv0', '2025-09-27 10:16:07', 'system', '2025-09-27 10:16:07', 'system', 'Perf User 40', 'perf-040@example.com', 60, TRUE, 'null'), ('d3bkhps5cmcb9l8l0kvg', '2025-09-27 10:16:07', 'system', '2025-09-27 10:16:07', 'system', 'Perf User 41', 'perf-041@example.com', 61, FALSE, 'null'), ('d3bkhps5cmcb9l8l0l00', '2025-09-27 10:16:07', 'system', '2025-09-27 10:16:07', 'system', 'Perf User 42', 'perf-042@example.com', 62, TRUE, 'null'), ('d3bkhps5cmcb9l8l0l0g', '2025-09-27 10:16:07', 'system', '2025-09-27 10:16:07', 'system', 'Perf User 43', 'perf-043@example.com', 63, FALSE, 'null'), ('d3bkhps5cmcb9l8l0l10', '2025-09-27 10:16:07', 'system', '2025-09-27 10:16:07', 'system', 'Perf User 44', 'perf-044@example.com', 64, TRUE, 'null'), ('d3bkhps5cmcb9l8l0l1g', '2025-09-27 10:16:07', 'system', '2025-09-27 10:16:07', 'system', 'Perf User 45', 'perf-045@example.com', 65, FALSE, 'null'), ('d3bkhps5cmcb9l8l0l20', '2025-09-27 10:16:07', 'system', '2025-09-27 10:16:07', 'system', 'Perf User 46', 'perf-046@example.com', 66, TRUE, 'null'), ('d3bkhps5cmcb9l8l0l2g', '2025-09-27 10:16:07', 'system', '2025-09-27 10:16:07', 'system', 'Perf User 47', 'perf-047@example.com', 67, FALSE, 'null'), ('d3bkhps5cmcb9l8l0l30', '2025-09-27 10:16:07', 'system', '2025-09-27 10:16:07', 'system', 'Perf User 48', 'perf-048@example.com', 68, TRUE, 'null'), ('d3bkhps5cmcb9l8l0l3g', '2025-09-27 10:16:07', 'system', '2025-09-27 10:16:07', 'system', 'Perf User 49', 'perf-049@example.com', 69, FALSE, 'null'), ('d3bkhps5cmcb9l8l0l40', '2025-09-27 10:16:07', 'system', '2025-09-27 10:16:07', 'system', 'Perf User 50', 'perf-050@example.com', 20, TRUE, 'null'), ('d3bkhps5cmcb9l8l0l4g', '2025-09-27 10:16:07', 'system', '2025-09-27 10:16:07', 'system', 'Perf User 51', 'perf-051@example.com', 21, FALSE, 'null'), ('d3bkhps5cmcb9l8l0l50', '2025-09-27 10:16:07', 'system', '2025-09-27 10:16:07', 'system', 'Perf User 52', 'perf-052@example.com', 22, TRUE, 'null'), ('d3bkhps5cmcb9l8l0l5g', '2025-09-27 10:16:07', 'system', '2025-09-27 10:16:07', 'system', 'Perf User 53', 'perf-053@example.com', 23, FALSE, 'null'), ('d3bkhps5cmcb9l8l0l60', '2025-09-27 10:16:07', 'system', '2025-09-27 10:16:07', 'system', 'Perf User 54', 'perf-054@example.com', 24, TRUE, 'null'), ('d3bkhps5cmcb9l8l0l6g', '2025-09-27 10:16:07', 'system', '2025-09-27 10:16:07', 'system', 'Perf User 55', 'perf-055@example.com', 25, FALSE, 'null'), ('d3bkhps5cmcb9l8l0l70', '2025-09-27 10:16:07', 'system', '2025-09-27 10:16:07', 'system', 'Perf User 56', 'perf-056@example.com', 26, TRUE, 'null'), ('d3bkhps5cmcb9l8l0l7g', '2025-09-27 10:16:07', 'system', '2025-09-27 10:16:07', 'system', 'Perf User 57', 'perf-057@example.com', 27, FALSE, 'null'), ('d3bkhps5cmcb9l8l0l80', '2025-09-27 10:16:07', 'system', '2025-09-27 10:16:07', 'system', 'Perf User 58', 'perf-058@example.com', 28, TRUE, 'null'), ('d3bkhps5cmcb9l8l0l8g', '2025-09-27 10:16:07', 'system', '2025-09-27 10:16:07', 'system', 'Perf User 59', 'perf-059@example.com', 29, FALSE, 'null'), ('d3bkhps5cmcb9l8l0l90', '2025-09-27 10:16:07', 'system', '2025-09-27 10:16:07', 'system', 'Perf User 60', 'perf-060@example.com', 30, TRUE, 'null'), ('d3bkhps5cmcb9l8l0l9g', '2025-09-27 10:16:07', 'system', '2025-09-27 10:16:07', 'system', 'Perf User 61', 'perf-061@example.com', 31, FALSE, 'null'), ('d3bkhps5cmcb9l8l0la0', '2025-09-27 10:16:07', 'system', '2025-09-27 10:16:07', 'system', 'Perf User 62', 'perf-062@example.com', 32, TRUE, 'null'), ('d3bkhps5cmcb9l8l0lag', '2025-09-27 10:16:07', 'system', '2025-09-27 10:16:07', 'system', 'Perf User 63', 'perf-063@example.com', 33, FALSE, 'null'), ('d3bkhps5cmcb9l8l0lb0', '2025-09-27 10:16:07', 'system', '2025-09-27 10:16:07', 'system', 'Perf User 64', 'perf-064@example.com', 34, TRUE, 'null'), ('d3bkhps5cmcb9l8l0lbg', '2025-09-27 10:16:07', 'system', '2025-09-27 10:16:07', 'system', 'Perf User 65', 'perf-065@example.com', 35, FALSE, 'null'), ('d3bkhps5cmcb9l8l0lc0', '2025-09-27 10:16:07', 'system', '2025-09-27 10:16:07', 'system', 'Perf User 66', 'perf-066@example.com', 36, TRUE, 'null'), ('d3bkhps5cmcb9l8l0lcg', '2025-09-27 10:16:07', 'system', '2025-09-27 10:16:07', 'system', 'Perf User 67', 'perf-067@example.com', 37, FALSE, 'null'), ('d3bkhps5cmcb9l8l0ld0', '2025-09-27 10:16:07', 'system', '2025-09-27 10:16:07', 'system', 'Perf User 68', 'perf-068@example.com', 38, TRUE, 'null'), ('d3bkhps5cmcb9l8l0ldg', '2025-09-27 10:16:07', 'system', '2025-09-27 10:16:07', 'system', 'Perf User 69', 'perf-069@example.com', 39, FALSE, 'null'), ('d3bkhps5cmcb9l8l0le0', '2025-09-27 10:16:07', 'system', '2025-09-27 10:16:07', 'system', 'Perf User 70', 'perf-070@example.com', 40, TRUE, 'null'), ('d3bkhps5cmcb9l8l0leg', '2025-09-27 10:16:07', 'system', '2025-09-27 10:16:07', 'system', 'Perf User 71', 'perf-071@example.com', 41, FALSE, 'null'), ('d3bkhps5cmcb9l8l0lf0', '2025-09-27 10:16:07', 'system', '2025-09-27 10:16:07', 'system', 'Perf User 72', 'perf-072@example.com', 42, TRUE, 'null'), ('d3bkhps5cmcb9l8l0lfg', '2025-09-27 10:16:07', 'system', '2025-09-27 10:16:07', 'system', 'Perf User 73', 'perf-073@example.com', 43, FALSE, 'null'), ('d3bkhps5cmcb9l8l0lg0', '2025-09-27 10:16:07', 'system', '2025-09-27 10:16:07', 'system', 'Perf User 74', 'perf-074@example.com', 44, TRUE, 'null'), ('d3bkhps5cmcb9l8l0lgg', '2025-09-27 10:16:07', 'system', '2025-09-27 10:16:07', 'system', 'Perf User 75', 'perf-075@example.com', 45, FALSE, 'null'), ('d3bkhps5cmcb9l8l0lh0', '2025-09-27 10:16:07', 'system', '2025-09-27 10:16:07', 'system', 'Perf User 76', 'perf-076@example.com', 46, TRUE, 'null'), ('d3bkhps5cmcb9l8l0lhg', '2025-09-27 10:16:07', 'system', '2025-09-27 10:16:07', 'system', 'Perf User 77', 'perf-077@example.com', 47, FALSE, 'null'), ('d3bkhps5cmcb9l8l0li0', '2025-09-27 10:16:07', 'system', '2025-09-27 10:16:07', 'system', 'Perf User 78', 'perf-078@example.com', 48, TRUE, 'null'), ('d3bkhps5cmcb9l8l0lig', '2025-09-27 10:16:07', 'system', '2025-09-27 10:16:07', 'system', 'Perf User 79', 'perf-079@example.com', 49, FALSE, 'null'), ('d3bkhps5cmcb9l8l0lj0', '2025-09-27 10:16:07', 'system', '2025-09-27 10:16:07', 'system', 'Perf User 80', 'perf-080@example.com', 50, TRUE, 'null'), ('d3bkhps5cmcb9l8l0ljg', '2025-09-27 10:16:07', 'system', '2025-09-27 10:16:07', 'system', 'Perf User 81', 'perf-081@example.com', 51, FALSE, 'null'), ('d3bkhps5cmcb9l8l0lk0', '2025-09-27 10:16:07', 'system', '2025-09-27 10:16:07', 'system', 'Perf User 82', 'perf-082@example.com', 52, TRUE, 'null'), ('d3bkhps5cmcb9l8l0lkg', '2025-09-27 10:16:07', 'system', '2025-09-27 10:16:07', 'system', 'Perf User 83', 'perf-083@example.com', 53, FALSE, 'null'), ('d3bkhps5cmcb9l8l0ll0', '2025-09-27 10:16:07', 'system', '2025-09-27 10:16:07', 'system', 'Perf User 84', 'perf-084@example.com', 54, TRUE, 'null'), ('d3bkhps5cmcb9l8l0llg', '2025-09-27 10:16:07', 'system', '2025-09-27 10:16:07', 'system', 'Perf User 85', 'perf-085@example.com', 55, FALSE, 'null'), ('d3bkhps5cmcb9l8l0lm0', '2025-09-27 10:16:07', 'system', '2025-09-27 10:16:07', 'system', 'Perf User 86', 'perf-086@example.com', 56, TRUE, 'null'), ('d3bkhps5cmcb9l8l0lmg', '2025-09-27 10:16:07', 'system', '2025-09-27 10:16:07', 'system', 'Perf User 87', 'perf-087@example.com', 57, FALSE, 'null'), ('d3bkhps5cmcb9l8l0ln0', '2025-09-27 10:16:07', 'system', '2025-09-27 10:16:07', 'system', 'Perf User 88', 'perf-088@example.com', 58, TRUE, 'null'), ('d3bkhps5cmcb9l8l0lng', '2025-09-27 10:16:07', 'system', '2025-09-27 10:16:07', 'system', 'Perf User 89', 'perf-089@example.com', 59, FALSE, 'null'), ('d3bkhps5cmcb9l8l0lo0', '2025-09-27 10:16:07', 'system', '2025-09-27 10:16:07', 'system', 'Perf User 90', 'perf-090@example.com', 60, TRUE, 'null'), ('d3bkhps5cmcb9l8l0log', '2025-09-27 10:16:07', 'system', '2025-09-27 10:16:07', 'system', 'Perf User 91', 'perf-091@example.com', 61, FALSE, 'null'), ('d3bkhps5cmcb9l8l0lp0', '2025-09-27 10:16:07', 'system', '2025-09-27 10:16:07', 'system', 'Perf User 92', 'perf-092@example.com', 62, TRUE, 'null'), ('d3bkhps5cmcb9l8l0lpg', '2025-09-27 10:16:07', 'system', '2025-09-27 10:16:07', 'system', 'Perf User 93', 'perf-093@example.com', 63, FALSE, 'null'), ('d3bkhps5cmcb9l8l0lq0', '2025-09-27 10:16:07', 'system', '2025-09-27 10:16:07', 'system', 'Perf User 94', 'perf-094@example.com', 64, TRUE, 'null'), ('d3bkhps5cmcb9l8l0lqg', '2025-09-27 10:16:07', 'system', '2025-09-27 10:16:07', 'system', 'Perf User 95', 'perf-095@example.com', 65, FALSE, 'null'), ('d3bkhps5cmcb9l8l0lr0', '2025-09-27 10:16:07', 'system', '2025-09-27 10:16:07', 'system', 'Perf User 96', 'perf-096@example.com', 66, TRUE, 'null'), ('d3bkhps5cmcb9l8l0lrg', '2025-09-27 10:16:07', 'system', '2025-09-27 10:16:07', 'system', 'Perf User 97', 'perf-097@example.com', 67, FALSE, 'null'), ('d3bkhps5cmcb9l8l0ls0', '2025-09-27 10:16:07', 'system', '2025-09-27 10:16:07', 'system', 'Perf User 98', 'perf-098@example.com', 68, TRUE, 'null'), ('d3bkhps5cmcb9l8l0lsg', '2025-09-27 10:16:07', 'system', '2025-09-27 10:16:07', 'system', 'Perf User 99', 'perf-099@example.com', 69, FALSE, 'null') RETURNING "created_by", "updated_by"
    delete_test.go:755: Inserted 100 users in 739.541µs
2025-09-27T10:16:07.857	[34mINFO[0m	[database]	 DELETE        0 ms DELETE FROM "test_user" AS "u" WHERE ("u"."email" LIKE 'perf-%')
    delete_test.go:772: Deleted 100 users in 135.417µs
2025-09-27T10:16:07.857	[34mINFO[0m	[database]	 SELECT        0 ms SELECT "u"."id", "u"."created_at", "u"."created_by", "u"."updated_at", "u"."updated_by", "u"."name", "u"."email", "u"."age", "u"."is_active", "u"."meta" FROM "test_user" AS "u" WHERE ("u"."email" LIKE 'perf%')
=== RUN   TestMultiDatabaseORM/TestPostgreSQL/TestDeleteWithConditions
    delete_test.go:130: Testing DELETE with conditions for postgres
2025-09-27T10:16:07.858	[34mINFO[0m	[database]	 INSERT        0 ms INSERT INTO "test_post" ("id", "created_at", "created_by", "updated_at", "updated_by", "title", "content", "description", "user_id", "category_id", "status", "view_count") VALUES ('d3bkhps5cmcb9l8l0lt0', '2025-09-27 10:16:07', 'system', '2025-09-27 10:16:07', 'system', 'Delete Test Post 1', 'Content 1', DEFAULT, 'test_user_id', 'test_category_id', 'draft', 5), ('d3bkhps5cmcb9l8l0ltg', '2025-09-27 10:16:07', 'system', '2025-09-27 10:16:07', 'system', 'Delete Test Post 2', 'Content 2', DEFAULT, 'test_user_id', 'test_category_id', 'published', 100), ('d3bkhps5cmcb9l8l0lu0', '2025-09-27 10:16:07', 'system', '2025-09-27 10:16:07', 'system', 'Delete Test Post 3', 'Content 3', DEFAULT, 'test_user_id', 'test_category_id', 'draft', 10) RETURNING "created_by", "updated_by", "description"
2025-09-27T10:16:07.858	[34mINFO[0m	[database]	 DELETE        0 ms DELETE FROM "test_post" AS "p" WHERE ("p"."status" = 'draft')
2025-09-27T10:16:07.858	[34mINFO[0m	[database]	 SELECT        0 ms SELECT "p"."id", "p"."created_at", "p"."created_by", "p"."updated_at", "p"."updated_by", "p"."title", "p"."content", "p"."description", "p"."user_id", "p"."category_id", "p"."status", "p"."view_count" FROM "test_post" AS "p" WHERE ("p"."title" LIKE 'Delete Test Post%')
2025-09-27T10:16:07.858	[34mINFO[0m	[database]	 INSERT        0 ms INSERT INTO "test_post" ("id", "created_at", "created_by", "updated_at", "updated_by", "title", "content", "description", "user_id", "category_id", "status", "view_count") VALUES ('d3bkhps5cmcb9l8l0lug', '2025-09-27 10:16:07', 'system', '2025-09-27 10:16:07', 'system', 'Complex Delete 1', 'Content', DEFAULT, 'user1', 'cat1', 'published', 50), ('d3bkhps5cmcb9l8l0lv0', '2025-09-27 10:16:07', 'system', '2025-09-27 10:16:07', 'system', 'Complex Delete 2', 'Content', DEFAULT, 'user1', 'cat1', 'published', 150), ('d3bkhps5cmcb9l8l0lvg', '2025-09-27 10:16:07', 'system', '2025-09-27 10:16:07', 'system', 'Complex Delete 3', 'Content', DEFAULT, 'user1', 'cat1', 'draft', 75) RETURNING "created_by", "updated_by", "description"
2025-09-27T10:16:07.858	[34mINFO[0m	[database]	 DELETE        0 ms DELETE FROM "test_post" AS "p" WHERE ("p"."status" = 'published') AND ("p"."view_count" > 75)
2025-09-27T10:16:07.858	[34mINFO[0m	[database]	 SELECT        0 ms SELECT "p"."id", "p"."created_at", "p"."created_by", "p"."updated_at", "p"."updated_by", "p"."title", "p"."content", "p"."description", "p"."user_id", "p"."category_id", "p"."status", "p"."view_count" FROM "test_post" AS "p" WHERE ("p"."title" LIKE 'Complex Delete%')
2025-09-27T10:16:07.858	[34mINFO[0m	[database]	 DELETE        0 ms DELETE FROM "test_post" AS "p" WHERE ("p"."view_count" = 50) OR ("p"."view_count" = 75)
2025-09-27T10:16:07.858	[34mINFO[0m	[database]	 SELECT        0 ms SELECT "p"."id", "p"."created_at", "p"."created_by", "p"."updated_at", "p"."updated_by", "p"."title", "p"."content", "p"."description", "p"."user_id", "p"."category_id", "p"."status", "p"."view_count" FROM "test_post" AS "p" WHERE ("p"."title" LIKE 'Complex Delete%')
2025-09-27T10:16:07.858	[34mINFO[0m	[database]	 DELETE        0 ms DELETE FROM "test_post" AS "p" WHERE ("p"."title" LIKE 'Delete Test Post%')
=== RUN   TestMultiDatabaseORM/TestPostgreSQL/TestDeleteWithJoins
    delete_test.go:257: Testing DELETE with JOINs (subqueries) for postgres
2025-09-27T10:16:07.859	[34mINFO[0m	[database]	 INSERT        0 ms INSERT INTO "test_user" ("id", "created_at", "created_by", "updated_at", "updated_by", "name", "email", "age", "is_active", "meta") VALUES ('d3bkhps5cmcb9l8l0m00', '2025-09-27 10:16:07', 'system', '2025-09-27 10:16:07', 'system', 'Join Delete User', 'joindelete@example.com', 30, FALSE, 'null') RETURNING "created_by", "updated_by"
2025-09-27T10:16:07.859	[34mINFO[0m	[database]	 INSERT        0 ms INSERT INTO "test_post" ("id", "created_at", "created_by", "updated_at", "updated_by", "title", "content", "description", "user_id", "category_id", "status", "view_count") VALUES ('d3bkhps5cmcb9l8l0m0g', '2025-09-27 10:16:07', 'system', '2025-09-27 10:16:07', 'system', 'Join Delete Post 1', 'Content', DEFAULT, 'd3bkhps5cmcb9l8l0m00', 'cat1', 'published', DEFAULT), ('d3bkhps5cmcb9l8l0m10', '2025-09-27 10:16:07', 'system', '2025-09-27 10:16:07', 'system', 'Join Delete Post 2', 'Content', DEFAULT, 'd3bkhps5cmcb9l8l0m00', 'cat1', 'draft', DEFAULT) RETURNING "created_by", "updated_by", "description", "view_count"
2025-09-27T10:16:07.859	[34mINFO[0m	[database]	 DELETE        0 ms DELETE FROM "test_post" AS "p" WHERE ("p"."user_id" IN (SELECT "u"."id" FROM "test_user" AS "u" WHERE ("u"."is_active" = FALSE)))
2025-09-27T10:16:07.859	[34mINFO[0m	[database]	 SELECT        0 ms SELECT "p"."id", "p"."created_at", "p"."created_by", "p"."updated_at", "p"."updated_by", "p"."title", "p"."content", "p"."description", "p"."user_id", "p"."category_id", "p"."status", "p"."view_count" FROM "test_post" AS "p" WHERE ("p"."title" LIKE 'Join Delete Post%')
2025-09-27T10:16:07.859	[34mINFO[0m	[database]	 INSERT        0 ms INSERT INTO "test_user" ("id", "created_at", "created_by", "updated_at", "updated_by", "name", "email", "age", "is_active", "meta") VALUES ('d3bkhps5cmcb9l8l0m1g', '2025-09-27 10:16:07', 'system', '2025-09-27 10:16:07', 'system', 'Active Join User', 'activejoin@example.com', 25, TRUE, 'null') RETURNING "created_by", "updated_by"
2025-09-27T10:16:07.859	[34mINFO[0m	[database]	 INSERT        0 ms INSERT INTO "test_post" ("id", "created_at", "created_by", "updated_at", "updated_by", "title", "content", "description", "user_id", "category_id", "status", "view_count") VALUES ('d3bkhps5cmcb9l8l0m20', '2025-09-27 10:16:07', 'system', '2025-09-27 10:16:07', 'system', 'Active User Post 1', 'Content', DEFAULT, 'd3bkhps5cmcb9l8l0m1g', 'cat1', 'published', 10), ('d3bkhps5cmcb9l8l0m2g', '2025-09-27 10:16:07', 'system', '2025-09-27 10:16:07', 'system', 'Active User Post 2', 'Content', DEFAULT, 'd3bkhps5cmcb9l8l0m1g', 'cat1', 'published', 200) RETURNING "created_by", "updated_by", "description"
2025-09-27T10:16:07.859	[34mINFO[0m	[database]	 DELETE        0 ms DELETE FROM "test_post" AS "p" WHERE ("p"."view_count" > 100) AND ("p"."user_id" IN (SELECT "u"."id" FROM "test_user" AS "u" WHERE ("u"."is_active" = TRUE)))
2025-09-27T10:16:07.859	[34mINFO[0m	[database]	 SELECT        0 ms SELECT "p"."id", "p"."created_at", "p"."created_by", "p"."updated_at", "p"."updated_by", "p"."title", "p"."content", "p"."description", "p"."user_id", "p"."category_id", "p"."status", "p"."view_count" FROM "test_post" AS "p" WHERE ("p"."title" LIKE 'Active User Post%')
2025-09-27T10:16:07.860	[34mINFO[0m	[database]	 DELETE        0 ms DELETE FROM "test_post" AS "p" WHERE ("p"."title" LIKE 'Active User Post%')
2025-09-27T10:16:07.860	[34mINFO[0m	[database]	 DELETE        0 ms DELETE FROM "test_user" AS "u" WHERE ("u"."email" IN ('joindelete@example.com', 'activejoin@example.com'))
=== RUN   TestMultiDatabaseORM/TestPostgreSQL/TestDeleteWithReturning
    delete_test.go:378: Testing DELETE with RETURNING for postgres
2025-09-27T10:16:07.860	[34mINFO[0m	[database]	 INSERT        0 ms INSERT INTO "test_user" ("id", "created_at", "created_by", "updated_at", "updated_by", "name", "email", "age", "is_active", "meta") VALUES ('d3bkhps5cmcb9l8l0m30', '2025-09-27 10:16:07', 'system', '2025-09-27 10:16:07', 'system', 'Returning Delete Test', 'returningdelete@example.com', 28, TRUE, 'null') RETURNING "created_by", "updated_by"
2025-09-27T10:16:07.860	[34mINFO[0m	[database]	 DELETE        0 ms DELETE FROM "test_user" AS "u" WHERE ("u"."email" = 'returningdelete@example.com') RETURNING "id", "name", "email"
2025-09-27T10:16:07.860	[34mINFO[0m	[database]	 SELECT        0 ms SELECT "u"."id", "u"."created_at", "u"."created_by", "u"."updated_at", "u"."updated_by", "u"."name", "u"."email", "u"."age", "u"."is_active", "u"."meta" FROM "test_user" AS "u" WHERE ("u"."id" = 'd3bkhps5cmcb9l8l0m30')
2025-09-27T10:16:07.860	[34mINFO[0m	[database]	 INSERT        0 ms INSERT INTO "test_user" ("id", "created_at", "created_by", "updated_at", "updated_by", "name", "email", "age", "is_active", "meta") VALUES ('d3bkhps5cmcb9l8l0m3g', '2025-09-27 10:16:07', 'system', '2025-09-27 10:16:07', 'system', 'Multi Delete 1', 'multi1@example.com', 25, TRUE, 'null'), ('d3bkhps5cmcb9l8l0m40', '2025-09-27 10:16:07', 'system', '2025-09-27 10:16:07', 'system', 'Multi Delete 2', 'multi2@example.com', 26, TRUE, 'null') RETURNING "created_by", "updated_by"
2025-09-27T10:16:07.860	[34mINFO[0m	[database]	 DELETE        0 ms DELETE FROM "test_user" AS "u" WHERE ("u"."email" LIKE 'multi%') RETURNING "id", "name", "email"
2025-09-27T10:16:07.861	[34mINFO[0m	[database]	 SELECT        0 ms SELECT "u"."id", "u"."created_at", "u"."created_by", "u"."updated_at", "u"."updated_by", "u"."name", "u"."email", "u"."age", "u"."is_active", "u"."meta" FROM "test_user" AS "u" WHERE ("u"."email" LIKE 'multi%')
=== NAME  TestMultiDatabaseORM/TestPostgreSQL
    mdb_orm_test.go:73: All ORM tests completed for postgres
=== RUN   TestMultiDatabaseORM/TestSQLite
    orm_test.go:127: Setting up ORM test suite for sqlite
2025-09-27T10:16:07.862	[34mINFO[0m	[database]	 DROP TABLE      1 ms DROP TABLE IF EXISTS "test_user"
2025-09-27T10:16:07.862	[34mINFO[0m	[database]	 CREATE TABLE      0 ms CREATE TABLE "test_user" ("id" VARCHAR NOT NULL, "created_at" timestamp NOT NULL DEFAULT CURRENT_TIMESTAMP, "created_by" VARCHAR NOT NULL, "updated_at" timestamp NOT NULL DEFAULT CURRENT_TIMESTAMP, "updated_by" VARCHAR NOT NULL, "name" VARCHAR NOT NULL, "email" VARCHAR NOT NULL, "age" INTEGER NOT NULL DEFAULT 0, "is_active" BOOLEAN NOT NULL, "meta" VARCHAR, PRIMARY KEY ("id"), UNIQUE ("email"))
2025-09-27T10:16:07.862	[34mINFO[0m	[database]	 INSERT        0 ms INSERT INTO "test_user" ("id", "created_at", "created_by", "updated_at", "updated_by", "name", "email", "age", "is_active", "meta") VALUES ('d3bkhps5cmcb9l8l0m4g', '2025-09-27 10:16:07', 'system', '2025-09-27 10:16:07', 'system', 'Alice Johnson', 'alice@example.com', 30, TRUE, '{"interests":["golang","databases"],"role":"admin"}')
2025-09-27T10:16:07.862	[34mINFO[0m	[database]	 INSERT        0 ms INSERT INTO "test_user" ("id", "created_at", "created_by", "updated_at", "updated_by", "name", "email", "age", "is_active", "meta") VALUES ('d3bkhps5cmcb9l8l0m50', '2025-09-27 10:16:07', 'system', '2025-09-27 10:16:07', 'system', 'Bob Smith', 'bob@example.com', 25, TRUE, '{"interests":["tutorials","postgres"],"role":"editor"}')
2025-09-27T10:16:07.863	[34mINFO[0m	[database]	 INSERT        0 ms INSERT INTO "test_user" ("id", "created_at", "created_by", "updated_at", "updated_by", "name", "email", "age", "is_active", "meta") VALUES ('d3bkhps5cmcb9l8l0m5g', '2025-09-27 10:16:07', 'system', '2025-09-27 10:16:07', 'system', 'Charlie Brown', 'charlie@example.com', 35, FALSE, '{"interests":["science"],"role":"viewer"}')
2025-09-27T10:16:07.863	[34mINFO[0m	[database]	 DROP TABLE      0 ms DROP TABLE IF EXISTS "test_category"
2025-09-27T10:16:07.863	[34mINFO[0m	[database]	 CREATE TABLE      0 ms CREATE TABLE "test_category" ("id" VARCHAR NOT NULL, "created_at" timestamp NOT NULL DEFAULT CURRENT_TIMESTAMP, "created_by" VARCHAR NOT NULL, "updated_at" timestamp NOT NULL DEFAULT CURRENT_TIMESTAMP, "updated_by" VARCHAR NOT NULL, "name" VARCHAR NOT NULL, "description" VARCHAR, "parent_id" VARCHAR, PRIMARY KEY ("id"), UNIQUE ("name"))
2025-09-27T10:16:07.863	[34mINFO[0m	[database]	 INSERT        0 ms INSERT INTO "test_category" ("id", "created_at", "created_by", "updated_at", "updated_by", "name", "description", "parent_id") VALUES ('d3bkhps5cmcb9l8l0m60', '2025-09-27 10:16:07', 'system', '2025-09-27 10:16:07', 'system', 'Technology', 'Tech-related posts', NULL) RETURNING "parent_id"
2025-09-27T10:16:07.863	[34mINFO[0m	[database]	 INSERT        0 ms INSERT INTO "test_category" ("id", "created_at", "created_by", "updated_at", "updated_by", "name", "description", "parent_id") VALUES ('d3bkhps5cmcb9l8l0m6g', '2025-09-27 10:16:07', 'system', '2025-09-27 10:16:07', 'system', 'Science', 'Scientific articles', NULL) RETURNING "parent_id"
2025-09-27T10:16:07.863	[34mINFO[0m	[database]	 INSERT        0 ms INSERT INTO "test_category" ("id", "created_at", "created_by", "updated_at", "updated_by", "name", "description", "parent_id") VALUES ('d3bkhps5cmcb9l8l0m70', '2025-09-27 10:16:07', 'system', '2025-09-27 10:16:07', 'system', 'Business', 'Business and economics', NULL) RETURNING "parent_id"
2025-09-27T10:16:07.863	[34mINFO[0m	[database]	 INSERT        0 ms INSERT INTO "test_category" ("id", "created_at", "created_by", "updated_at", "updated_by", "name", "description", "parent_id") VALUES ('d3bkhps5cmcb9l8l0m7g', '2025-09-27 10:16:07', 'system', '2025-09-27 10:16:07', 'system', 'GoLang', 'Go-related posts', 'd3bkhps5cmcb9l8l0m60')
2025-09-27T10:16:07.863	[34mINFO[0m	[database]	 DROP TABLE      0 ms DROP TABLE IF EXISTS "test_tag"
2025-09-27T10:16:07.863	[34mINFO[0m	[database]	 CREATE TABLE      0 ms CREATE TABLE "test_tag" ("id" VARCHAR NOT NULL, "created_at" timestamp NOT NULL DEFAULT CURRENT_TIMESTAMP, "created_by" VARCHAR NOT NULL, "updated_at" timestamp NOT NULL DEFAULT CURRENT_TIMESTAMP, "updated_by" VARCHAR NOT NULL, "name" VARCHAR NOT NULL, "description" VARCHAR, PRIMARY KEY ("id"), UNIQUE ("name"))
2025-09-27T10:16:07.863	[34mINFO[0m	[database]	 INSERT        0 ms INSERT INTO "test_tag" ("id", "created_at", "created_by", "updated_at", "updated_by", "name", "description") VALUES ('d3bkhps5cmcb9l8l0m80', '2025-09-27 10:16:07', 'system', '2025-09-27 10:16:07', 'system', 'programming', 'Programming related content')
2025-09-27T10:16:07.863	[34mINFO[0m	[database]	 INSERT        0 ms INSERT INTO "test_tag" ("id", "created_at", "created_by", "updated_at", "updated_by", "name", "description") VALUES ('d3bkhps5cmcb9l8l0m8g', '2025-09-27 10:16:07', 'system', '2025-09-27 10:16:07', 'system', 'database', 'Database related content')
2025-09-27T10:16:07.863	[34mINFO[0m	[database]	 INSERT        0 ms INSERT INTO "test_tag" ("id", "created_at", "created_by", "updated_at", "updated_by", "name", "description") VALUES ('d3bkhps5cmcb9l8l0m90', '2025-09-27 10:16:07', 'system', '2025-09-27 10:16:07', 'system', 'go', 'Go language topics')
2025-09-27T10:16:07.863	[34mINFO[0m	[database]	 INSERT        0 ms INSERT INTO "test_tag" ("id", "created_at", "created_by", "updated_at", "updated_by", "name", "description") VALUES ('d3bkhps5cmcb9l8l0m9g', '2025-09-27 10:16:07', 'system', '2025-09-27 10:16:07', 'system', 'tutorial', 'Tutorials and guides')
2025-09-27T10:16:07.863	[34mINFO[0m	[database]	 INSERT        0 ms INSERT INTO "test_tag" ("id", "created_at", "created_by", "updated_at", "updated_by", "name", "description") VALUES ('d3bkhps5cmcb9l8l0ma0', '2025-09-27 10:16:07', 'system', '2025-09-27 10:16:07', 'system', 'advanced', 'Advanced topics')
2025-09-27T10:16:07.863	[34mINFO[0m	[database]	 DROP TABLE      0 ms DROP TABLE IF EXISTS "test_post"
2025-09-27T10:16:07.863	[34mINFO[0m	[database]	 CREATE TABLE      0 ms CREATE TABLE "test_post" ("id" VARCHAR NOT NULL, "created_at" timestamp NOT NULL DEFAULT CURRENT_TIMESTAMP, "created_by" VARCHAR NOT NULL, "updated_at" timestamp NOT NULL DEFAULT CURRENT_TIMESTAMP, "updated_by" VARCHAR NOT NULL, "title" VARCHAR NOT NULL, "content" VARCHAR NOT NULL, "description" VARCHAR, "user_id" VARCHAR NOT NULL, "category_id" VARCHAR NOT NULL, "status" VARCHAR NOT NULL DEFAULT 'draft', "view_count" INTEGER NOT NULL DEFAULT 0, PRIMARY KEY ("id"))
2025-09-27T10:16:07.863	[34mINFO[0m	[database]	 INSERT        0 ms INSERT INTO "test_post" ("id", "created_at", "created_by", "updated_at", "updated_by", "title", "content", "description", "user_id", "category_id", "status", "view_count") VALUES ('d3bkhps5cmcb9l8l0mag', '2025-09-27 10:16:07', 'd3bkhps5cmcb9l8l0m4g', '2025-09-27 10:16:07', 'd3bkhps5cmcb9l8l0m4g', 'Introduction to Go', 'Go is a programming language designed at Google.', 'Getting started with Go', 'd3bkhps5cmcb9l8l0m4g', 'd3bkhps5cmcb9l8l0m7g', 'published', 123)
2025-09-27T10:16:07.863	[34mINFO[0m	[database]	 INSERT        0 ms INSERT INTO "test_post" ("id", "created_at", "created_by", "updated_at", "updated_by", "title", "content", "description", "user_id", "category_id", "status", "view_count") VALUES ('d3bkhps5cmcb9l8l0mb0', '2025-09-27 10:16:07', 'd3bkhps5cmcb9l8l0m50', '2025-09-27 10:16:07', 'd3bkhps5cmcb9l8l0m50', 'Database Design Basics', 'Good database design principles.', 'Normalization and relationships', 'd3bkhps5cmcb9l8l0m50', 'd3bkhps5cmcb9l8l0m60', 'published', 87)
2025-09-27T10:16:07.864	[34mINFO[0m	[database]	 INSERT        0 ms INSERT INTO "test_post" ("id", "created_at", "created_by", "updated_at", "updated_by", "title", "content", "description", "user_id", "category_id", "status", "view_count") VALUES ('d3bkhps5cmcb9l8l0mbg', '2025-09-27 10:16:07', 'd3bkhps5cmcb9l8l0m4g', '2025-09-27 10:16:07', 'd3bkhps5cmcb9l8l0m4g', 'Machine Learning Basics', 'An introduction to ML concepts and workflows.', 'Supervised vs unsupervised learning', 'd3bkhps5cmcb9l8l0m4g', 'd3bkhps5cmcb9l8l0m6g', 'draft', 45)
2025-09-27T10:16:07.864	[34mINFO[0m	[database]	 INSERT        0 ms INSERT INTO "test_post" ("id", "created_at", "created_by", "updated_at", "updated_by", "title", "content", "description", "user_id", "category_id", "status", "view_count") VALUES ('d3bkhps5cmcb9l8l0mc0', '2025-09-27 10:16:07', 'd3bkhps5cmcb9l8l0m5g', '2025-09-27 10:16:07', 'd3bkhps5cmcb9l8l0m5g', 'Business Strategy Fundamentals', 'Effective business strategies and frameworks.', 'Strategic planning overview', 'd3bkhps5cmcb9l8l0m5g', 'd3bkhps5cmcb9l8l0m70', 'published', 64)
2025-09-27T10:16:07.864	[34mINFO[0m	[database]	 INSERT        0 ms INSERT INTO "test_post" ("id", "created_at", "created_by", "updated_at", "updated_by", "title", "content", "description", "user_id", "category_id", "status", "view_count") VALUES ('d3bkhps5cmcb9l8l0mcg', '2025-09-27 10:16:07', 'd3bkhps5cmcb9l8l0m4g', '2025-09-27 10:16:07', 'd3bkhps5cmcb9l8l0m4g', 'Advanced Go Patterns', 'Exploring advanced patterns and best practices in Go.', 'Idiomatic Go techniques', 'd3bkhps5cmcb9l8l0m4g', 'd3bkhps5cmcb9l8l0m7g', 'review', 98)
2025-09-27T10:16:07.864	[34mINFO[0m	[database]	 INSERT        0 ms INSERT INTO "test_post" ("id", "created_at", "created_by", "updated_at", "updated_by", "title", "content", "description", "user_id", "category_id", "status", "view_count") VALUES ('d3bkhps5cmcb9l8l0md0', '2025-09-27 10:16:07', 'd3bkhps5cmcb9l8l0m50', '2025-09-27 10:16:07', 'd3bkhps5cmcb9l8l0m50', 'Latest Trends in Science', 'A survey of recent scientific advancements.', 'Interdisciplinary highlights', 'd3bkhps5cmcb9l8l0m50', 'd3bkhps5cmcb9l8l0m6g', 'published', 77)
2025-09-27T10:16:07.864	[34mINFO[0m	[database]	 INSERT        0 ms INSERT INTO "test_post" ("id", "created_at", "created_by", "updated_at", "updated_by", "title", "content", "description", "user_id", "category_id", "status", "view_count") VALUES ('d3bkhps5cmcb9l8l0mdg', '2025-09-27 10:16:07', 'd3bkhps5cmcb9l8l0m5g', '2025-09-27 10:16:07', 'd3bkhps5cmcb9l8l0m5g', 'Practical Tech Tutorials', 'Hands-on guides for modern technology stacks.', 'Step-by-step tutorials', 'd3bkhps5cmcb9l8l0m5g', 'd3bkhps5cmcb9l8l0m60', 'published', 52)
2025-09-27T10:16:07.864	[34mINFO[0m	[database]	 INSERT        0 ms INSERT INTO "test_post" ("id", "created_at", "created_by", "updated_at", "updated_by", "title", "content", "description", "user_id", "category_id", "status", "view_count") VALUES ('d3bkhps5cmcb9l8l0me0', '2025-09-27 10:16:07', 'd3bkhps5cmcb9l8l0m4g', '2025-09-27 10:16:07', 'd3bkhps5cmcb9l8l0m4g', 'Startup Finance 101', 'Financial basics for early-stage startups.', 'Cash flow, runway, and budgeting', 'd3bkhps5cmcb9l8l0m4g', 'd3bkhps5cmcb9l8l0m70', 'published', 69)
2025-09-27T10:16:07.864	[34mINFO[0m	[database]	 DROP TABLE      0 ms DROP TABLE IF EXISTS "test_post_tag"
2025-09-27T10:16:07.864	[34mINFO[0m	[database]	 CREATE TABLE      0 ms CREATE TABLE "test_post_tag" ("id" VARCHAR NOT NULL, "created_at" timestamp NOT NULL DEFAULT CURRENT_TIMESTAMP, "created_by" VARCHAR NOT NULL, "updated_at" timestamp NOT NULL DEFAULT CURRENT_TIMESTAMP, "updated_by" VARCHAR NOT NULL, "post_id" VARCHAR NOT NULL, "tag_id" VARCHAR NOT NULL, PRIMARY KEY ("id"))
2025-09-27T10:16:07.864	[34mINFO[0m	[database]	 INSERT        0 ms INSERT INTO "test_post_tag" ("id", "created_at", "created_by", "updated_at", "updated_by", "post_id", "tag_id") VALUES ('d3bkhps5cmcb9l8l0meg', '2025-09-27 10:16:07', 'system', '2025-09-27 10:16:07', 'system', 'd3bkhps5cmcb9l8l0mag', 'd3bkhps5cmcb9l8l0m80')
2025-09-27T10:16:07.864	[34mINFO[0m	[database]	 INSERT        0 ms INSERT INTO "test_post_tag" ("id", "created_at", "created_by", "updated_at", "updated_by", "post_id", "tag_id") VALUES ('d3bkhps5cmcb9l8l0mf0', '2025-09-27 10:16:07', 'system', '2025-09-27 10:16:07', 'system', 'd3bkhps5cmcb9l8l0mag', 'd3bkhps5cmcb9l8l0m90')
2025-09-27T10:16:07.864	[34mINFO[0m	[database]	 INSERT        0 ms INSERT INTO "test_post_tag" ("id", "created_at", "created_by", "updated_at", "updated_by", "post_id", "tag_id") VALUES ('d3bkhps5cmcb9l8l0mfg', '2025-09-27 10:16:07', 'system', '2025-09-27 10:16:07', 'system', 'd3bkhps5cmcb9l8l0mag', 'd3bkhps5cmcb9l8l0m9g')
2025-09-27T10:16:07.864	[34mINFO[0m	[database]	 INSERT        0 ms INSERT INTO "test_post_tag" ("id", "created_at", "created_by", "updated_at", "updated_by", "post_id", "tag_id") VALUES ('d3bkhps5cmcb9l8l0mg0', '2025-09-27 10:16:07', 'system', '2025-09-27 10:16:07', 'system', 'd3bkhps5cmcb9l8l0mb0', 'd3bkhps5cmcb9l8l0m8g')
2025-09-27T10:16:07.864	[34mINFO[0m	[database]	 INSERT        0 ms INSERT INTO "test_post_tag" ("id", "created_at", "created_by", "updated_at", "updated_by", "post_id", "tag_id") VALUES ('d3bkhps5cmcb9l8l0mgg', '2025-09-27 10:16:07', 'system', '2025-09-27 10:16:07', 'system', 'd3bkhps5cmcb9l8l0mb0', 'd3bkhps5cmcb9l8l0m9g')
2025-09-27T10:16:07.864	[34mINFO[0m	[database]	 INSERT        0 ms INSERT INTO "test_post_tag" ("id", "created_at", "created_by", "updated_at", "updated_by", "post_id", "tag_id") VALUES ('d3bkhps5cmcb9l8l0mh0', '2025-09-27 10:16:07', 'system', '2025-09-27 10:16:07', 'system', 'd3bkhps5cmcb9l8l0mbg', 'd3bkhps5cmcb9l8l0m9g')
2025-09-27T10:16:07.864	[34mINFO[0m	[database]	 INSERT        0 ms INSERT INTO "test_post_tag" ("id", "created_at", "created_by", "updated_at", "updated_by", "post_id", "tag_id") VALUES ('d3bkhps5cmcb9l8l0mhg', '2025-09-27 10:16:07', 'system', '2025-09-27 10:16:07', 'system', 'd3bkhps5cmcb9l8l0mbg', 'd3bkhps5cmcb9l8l0ma0')
2025-09-27T10:16:07.864	[34mINFO[0m	[database]	 INSERT        0 ms INSERT INTO "test_post_tag" ("id", "created_at", "created_by", "updated_at", "updated_by", "post_id", "tag_id") VALUES ('d3bkhps5cmcb9l8l0mi0', '2025-09-27 10:16:07', 'system', '2025-09-27 10:16:07', 'system', 'd3bkhps5cmcb9l8l0mc0', 'd3bkhps5cmcb9l8l0ma0')
2025-09-27T10:16:07.864	[34mINFO[0m	[database]	 INSERT        0 ms INSERT INTO "test_post_tag" ("id", "created_at", "created_by", "updated_at", "updated_by", "post_id", "tag_id") VALUES ('d3bkhps5cmcb9l8l0mig', '2025-09-27 10:16:07', 'system', '2025-09-27 10:16:07', 'system', 'd3bkhps5cmcb9l8l0mc0', 'd3bkhps5cmcb9l8l0m9g')
2025-09-27T10:16:07.864	[34mINFO[0m	[database]	 INSERT        0 ms INSERT INTO "test_post_tag" ("id", "created_at", "created_by", "updated_at", "updated_by", "post_id", "tag_id") VALUES ('d3bkhps5cmcb9l8l0mj0', '2025-09-27 10:16:07', 'system', '2025-09-27 10:16:07', 'system', 'd3bkhps5cmcb9l8l0mcg', 'd3bkhps5cmcb9l8l0m90')
2025-09-27T10:16:07.864	[34mINFO[0m	[database]	 INSERT        0 ms INSERT INTO "test_post_tag" ("id", "created_at", "created_by", "updated_at", "updated_by", "post_id", "tag_id") VALUES ('d3bkhps5cmcb9l8l0mjg', '2025-09-27 10:16:07', 'system', '2025-09-27 10:16:07', 'system', 'd3bkhps5cmcb9l8l0mcg', 'd3bkhps5cmcb9l8l0m80')
2025-09-27T10:16:07.864	[34mINFO[0m	[database]	 INSERT        0 ms INSERT INTO "test_post_tag" ("id", "created_at", "created_by", "updated_at", "updated_by", "post_id", "tag_id") VALUES ('d3bkhps5cmcb9l8l0mk0', '2025-09-27 10:16:07', 'system', '2025-09-27 10:16:07', 'system', 'd3bkhps5cmcb9l8l0mcg', 'd3bkhps5cmcb9l8l0ma0')
2025-09-27T10:16:07.864	[34mINFO[0m	[database]	 INSERT        0 ms INSERT INTO "test_post_tag" ("id", "created_at", "created_by", "updated_at", "updated_by", "post_id", "tag_id") VALUES ('d3bkhps5cmcb9l8l0mkg', '2025-09-27 10:16:07', 'system', '2025-09-27 10:16:07', 'system', 'd3bkhps5cmcb9l8l0md0', 'd3bkhps5cmcb9l8l0m9g')
2025-09-27T10:16:07.864	[34mINFO[0m	[database]	 INSERT        0 ms INSERT INTO "test_post_tag" ("id", "created_at", "created_by", "updated_at", "updated_by", "post_id", "tag_id") VALUES ('d3bkhps5cmcb9l8l0ml0', '2025-09-27 10:16:07', 'system', '2025-08-08 00:02:40', 'system', 'd3bkhps5cmcb9l8l0md0', 'd3bkhps5cmcb9l8l0ma0')
2025-09-27T10:16:07.865	[34mINFO[0m	[database]	 INSERT        0 ms INSERT INTO "test_post_tag" ("id", "created_at", "created_by", "updated_at", "updated_by", "post_id", "tag_id") VALUES ('d3bkhps5cmcb9l8l0mlg', '2025-09-27 10:16:07', 'system', '2025-09-27 10:16:07', 'system', 'd3bkhps5cmcb9l8l0mdg', 'd3bkhps5cmcb9l8l0m9g')
2025-09-27T10:16:07.865	[34mINFO[0m	[database]	 INSERT        0 ms INSERT INTO "test_post_tag" ("id", "created_at", "created_by", "updated_at", "updated_by", "post_id", "tag_id") VALUES ('d3bkhps5cmcb9l8l0mm0', '2025-09-27 10:16:07', 'system', '2025-09-27 10:16:07', 'system', 'd3bkhps5cmcb9l8l0mdg', 'd3bkhps5cmcb9l8l0m80')
2025-09-27T10:16:07.865	[34mINFO[0m	[database]	 INSERT        0 ms INSERT INTO "test_post_tag" ("id", "created_at", "created_by", "updated_at", "updated_by", "post_id", "tag_id") VALUES ('d3bkhps5cmcb9l8l0mmg', '2025-09-27 10:16:07', 'system', '2025-09-27 10:16:07', 'system', 'd3bkhps5cmcb9l8l0me0', 'd3bkhps5cmcb9l8l0ma0')
2025-09-27T10:16:07.865	[34mINFO[0m	[database]	 INSERT        0 ms INSERT INTO "test_post_tag" ("id", "created_at", "created_by", "updated_at", "updated_by", "post_id", "tag_id") VALUES ('d3bkhps5cmcb9l8l0mn0', '2025-09-27 10:16:07', 'system', '2025-09-27 10:16:07', 'system', 'd3bkhps5cmcb9l8l0me0', 'd3bkhps5cmcb9l8l0m9g')
2025-09-27T10:16:07.865	[34mINFO[0m	[database]	 CREATE TABLE      0 ms CREATE TABLE IF NOT EXISTS "test_simple" ("id" VARCHAR NOT NULL, "created_at" timestamp NOT NULL DEFAULT CURRENT_TIMESTAMP, "created_by" VARCHAR NOT NULL, "updated_at" timestamp NOT NULL DEFAULT CURRENT_TIMESTAMP, "updated_by" VARCHAR NOT NULL, "name" VARCHAR NOT NULL, "value" INTEGER NOT NULL, PRIMARY KEY ("id"))
2025-09-27T10:16:07.865	[34mINFO[0m	[database]	 CREATE TABLE      0 ms CREATE TABLE IF NOT EXISTS "test_complex" ("id" VARCHAR NOT NULL, "created_at" timestamp NOT NULL DEFAULT CURRENT_TIMESTAMP, "created_by" VARCHAR NOT NULL, "updated_at" timestamp NOT NULL DEFAULT CURRENT_TIMESTAMP, "updated_by" VARCHAR NOT NULL, "string_field" VARCHAR NOT NULL, "int_field" INTEGER NOT NULL, "float_field" DOUBLE PRECISION NOT NULL, "bool_field" BOOLEAN NOT NULL, "time_field" TIMESTAMP NOT NULL, "null_string" VARCHAR, "null_int" INTEGER, "null_time" TIMESTAMP, "json_field" VARCHAR, "array_field" VARCHAR, PRIMARY KEY ("id"))
    orm_test.go:161: Test fixtures loaded for sqlite database
=== RUN   TestMultiDatabaseORM/TestSQLite/TestBasicSelect
    select_test.go:9: Testing basic SELECT for sqlite
2025-09-27T10:16:07.865	[34mINFO[0m	[database]	 SELECT        0 ms SELECT "u"."id", "u"."created_at", "u"."created_by", "u"."updated_at", "u"."updated_by", "u"."name", "u"."email", "u"."age", "u"."is_active", "u"."meta" FROM "test_user" AS "u"
2025-09-27T10:16:07.865	[34mINFO[0m	[database]	 SELECT        0 ms SELECT "u"."id", "u"."created_at", "u"."created_by", "u"."updated_at", "u"."updated_by", "u"."name", "u"."email", "u"."age", "u"."is_active", "u"."meta" FROM "test_user" AS "u" WHERE ("u"."email" = 'alice@example.com')
2025-09-27T10:16:07.865	[34mINFO[0m	[database]	 SELECT        0 ms SELECT count(*) FROM "test_user" AS "u"
2025-09-27T10:16:07.865	[34mINFO[0m	[database]	 SELECT        0 ms SELECT EXISTS (SELECT "u"."id", "u"."created_at", "u"."created_by", "u"."updated_at", "u"."updated_by", "u"."name", "u"."email", "u"."age", "u"."is_active", "u"."meta" FROM "test_user" AS "u" WHERE ("u"."email" = 'alice@example.com'))
2025-09-27T10:16:07.865	[34mINFO[0m	[database]	 SELECT        0 ms SELECT EXISTS (SELECT "u"."id", "u"."created_at", "u"."created_by", "u"."updated_at", "u"."updated_by", "u"."name", "u"."email", "u"."age", "u"."is_active", "u"."meta" FROM "test_user" AS "u" WHERE ("u"."email" = 'nonexistent@example.com'))
=== RUN   TestMultiDatabaseORM/TestSQLite/TestSelectSpecificColumns
    select_test.go:462: Testing SELECT with specific columns for sqlite
2025-09-27T10:16:07.865	[34mINFO[0m	[database]	 SELECT        0 ms SELECT "u"."id", "u"."name", "u"."email" FROM "test_user" AS "u" ORDER BY "u"."name" ASC
2025-09-27T10:16:07.865	[34mINFO[0m	[database]	 SELECT        0 ms SELECT "u"."name", "u"."age", '''Age: ''' || 'age' AS "age_desc" FROM "test_user" AS "u" ORDER BY "u"."name" ASC
2025-09-27T10:16:07.865	[34mINFO[0m	[database]	 SELECT        0 ms SELECT DISTINCT "p"."status" FROM "test_post" AS "p" ORDER BY "p"."status" ASC
=== RUN   TestMultiDatabaseORM/TestSQLite/TestSelectWithAggregation
    select_test.go:242: Testing SELECT with aggregation for sqlite
2025-09-27T10:16:07.865	[34mINFO[0m	[database]	 SELECT        0 ms SELECT "p"."status", COUNT(*) AS "post_count" FROM "test_post" AS "p" GROUP BY "p"."status" ORDER BY "p"."status" ASC
2025-09-27T10:16:07.865	[34mINFO[0m	[database]	 SELECT        0 ms SELECT AVG("u"."age") AS "avg_age", MIN("u"."age") AS "min_age", MAX("u"."age") AS "max_age", COUNT("u"."age") AS "count_age" FROM "test_user" AS "u"
2025-09-27T10:16:07.865	[34mINFO[0m	[database]	 SELECT        0 ms SELECT SUM("p"."view_count") AS "total_views", AVG("p"."view_count") AS "avg_views" FROM "test_post" AS "p"
=== RUN   TestMultiDatabaseORM/TestSQLite/TestSelectWithComplexAggregates
    select_test.go:1011: Testing complex aggregate functions for sqlite
2025-09-27T10:16:07.865	[31mERROR[0m	[database]	 SELECT        0 ms SELECT COUNT(*) AS "total_posts", SUM("p"."view_count") AS "total_views", COUNT(*) FILTER (WHERE "p"."status" = 'published') AS "published_posts", COUNT(*) FILTER (WHERE "p"."status" = 'draft') AS "draft_posts", COUNT(*) FILTER (WHERE "p"."status" = 'review') AS "review_posts", COUNT(*) FILTER (WHERE "p"."view_count" > 80) AS "high_view_posts", SUM("p"."view_count") FILTER (WHERE "p"."status" = 'published') AS "published_views", AVG("p"."view_count") FILTER (WHERE "p"."status" = 'published') AS "avg_published_age" FROM "test_post" AS "p"  sql: Scan error on column index 7, name "avg_published_age": bun: can't scan 78.66666666666667 (float64) into int64 
    select_test.go:1081: 
        	Error Trace:	/Users/venus/VEF/vef-framework-go2/internal/orm/select_test.go:1081
        	Error:      	Received unexpected error:
        	            	sql: Scan error on column index 7, name "avg_published_age": bun: can't scan 78.66666666666667 (float64) into int64
        	Test:       	TestMultiDatabaseORM/TestSQLite/TestSelectWithComplexAggregates
2025-09-27T10:16:07.865	[34mINFO[0m	[database]	 SELECT        0 ms SELECT COUNT(DISTINCT "p"."status") AS "unique_statuses", COUNT(DISTINCT "p"."category_id") AS "unique_categories", COUNT(DISTINCT "p"."user_id") AS "distinct_user_ids", AVG(DISTINCT "p"."view_count") AS "avg_distinct_views" FROM "test_post" AS "p"
2025-09-27T10:16:07.866	[34mINFO[0m	[database]	 SELECT        0 ms SELECT GROUP_CONCAT("p"."status", ', ') AS "status_list", GROUP_CONCAT("p"."title", ' | ') AS "ordered_title_list" FROM "test_post" AS "p"
    select_test.go:1138: Status list: published, published, draft, published, review, published, published, published
    select_test.go:1139: Ordered title list: Introduction to Go | Database Design Basics | Machine Learning Basics | Business Strategy Fundamentals | Advanced Go Patterns | Latest Trends in Science | Practical Tech Tutorials | Startup Finance 101
2025-09-27T10:16:07.866	[34mINFO[0m	[database]	 SELECT        0 ms SELECT JSON_GROUP_ARRAY("p"."view_count") AS "view_count_array", JSON_GROUP_ARRAY("p"."title") AS "ordered_titles", JSON_GROUP_ARRAY("p"."status") AS "unique_statuses" FROM "test_post" AS "p"
    select_test.go:1174: 
        	Error Trace:	/Users/venus/VEF/vef-framework-go2/internal/orm/select_test.go:1174
        	Error:      	Should be true
        	Test:       	TestMultiDatabaseORM/TestSQLite/TestSelectWithComplexAggregates
        	Messages:   	View counts should be in descending order
    select_test.go:1174: 
        	Error Trace:	/Users/venus/VEF/vef-framework-go2/internal/orm/select_test.go:1174
        	Error:      	Should be true
        	Test:       	TestMultiDatabaseORM/TestSQLite/TestSelectWithComplexAggregates
        	Messages:   	View counts should be in descending order
    select_test.go:1174: 
        	Error Trace:	/Users/venus/VEF/vef-framework-go2/internal/orm/select_test.go:1174
        	Error:      	Should be true
        	Test:       	TestMultiDatabaseORM/TestSQLite/TestSelectWithComplexAggregates
        	Messages:   	View counts should be in descending order
2025-09-27T10:16:07.866	[31mERROR[0m	[database]	 SELECT        0 ms SELECT "c"."name AS category_name", COUNT(*) AS "total_posts", SUM("p"."view_count") AS "total_views", AVG("p"."view_count") AS "avg_views", MAX("p"."view_count") AS "max_views", MIN("p"."view_count") AS "min_views", COUNT(*) FILTER (WHERE "p"."status" = 'published') AS "published_posts", COUNT(*) FILTER (WHERE "p"."status" = 'draft') AS "draft_posts", SUM("p"."view_count") FILTER (WHERE "p"."status" = 'published') AS "published_views" FROM "test_post" AS "p" JOIN "test_category" AS "c" ON ("c"."id" = "p"."category_id") GROUP BY "c"."id", "c"."name" ORDER BY "c"."name" ASC  SQL logic error: no such column: c.name AS category_name (1) 
    select_test.go:1241: 
        	Error Trace:	/Users/venus/VEF/vef-framework-go2/internal/orm/select_test.go:1241
        	Error:      	Received unexpected error:
        	            	SQL logic error: no such column: c.name AS category_name (1)
        	Test:       	TestMultiDatabaseORM/TestSQLite/TestSelectWithComplexAggregates
    select_test.go:1242: 
        	Error Trace:	/Users/venus/VEF/vef-framework-go2/internal/orm/select_test.go:1242
        	Error:      	Should be true
        	Test:       	TestMultiDatabaseORM/TestSQLite/TestSelectWithComplexAggregates
        	Messages:   	Should have category statistics
=== RUN   TestMultiDatabaseORM/TestSQLite/TestSelectWithComplexConditions
    select_test.go:531: Testing SELECT with complex conditions for sqlite
2025-09-27T10:16:07.866	[34mINFO[0m	[database]	 SELECT        0 ms SELECT "u"."id", "u"."created_at", "u"."created_by", "u"."updated_at", "u"."updated_by", "u"."name", "u"."email", "u"."age", "u"."is_active", "u"."meta" FROM "test_user" AS "u" WHERE ("u"."is_active" = TRUE) AND (("u"."age" < 30) OR ("u"."age" > 32))
2025-09-27T10:16:07.866	[34mINFO[0m	[database]	 SELECT        0 ms SELECT "u"."id", "u"."created_at", "u"."created_by", "u"."updated_at", "u"."updated_by", "u"."name", "u"."email", "u"."age", "u"."is_active", "u"."meta" FROM "test_user" AS "u" WHERE ("u"."name" <> 'Charlie Brown') ORDER BY "u"."name" ASC
2025-09-27T10:16:07.866	[34mINFO[0m	[database]	 SELECT        0 ms SELECT "p"."id", "p"."created_at", "p"."created_by", "p"."updated_at", "p"."updated_by", "p"."title", "p"."content", "p"."description", "p"."user_id", "p"."category_id", "p"."status", "p"."view_count" FROM "test_post" AS "p" WHERE ("p"."description" IS NOT NULL)
2025-09-27T10:16:07.866	[34mINFO[0m	[database]	 SELECT        0 ms SELECT "p"."id", "p"."created_at", "p"."created_by", "p"."updated_at", "p"."updated_by", "p"."title", "p"."content", "p"."description", "p"."user_id", "p"."category_id", "p"."status", "p"."view_count" FROM "test_post" AS "p" WHERE ("p"."status" NOT IN ('draft')) AND ("p"."title" NOT LIKE '%Test%')
=== RUN   TestMultiDatabaseORM/TestSQLite/TestSelectWithConditions
    select_test.go:82: Testing SELECT with conditions for sqlite
2025-09-27T10:16:07.866	[34mINFO[0m	[database]	 SELECT        0 ms SELECT "u"."id", "u"."created_at", "u"."created_by", "u"."updated_at", "u"."updated_by", "u"."name", "u"."email", "u"."age", "u"."is_active", "u"."meta" FROM "test_user" AS "u" WHERE ("u"."is_active" = TRUE)
2025-09-27T10:16:07.866	[34mINFO[0m	[database]	 SELECT        0 ms SELECT "u"."id", "u"."created_at", "u"."created_by", "u"."updated_at", "u"."updated_by", "u"."name", "u"."email", "u"."age", "u"."is_active", "u"."meta" FROM "test_user" AS "u" WHERE ("u"."age" > 28)
2025-09-27T10:16:07.866	[34mINFO[0m	[database]	 SELECT        0 ms SELECT "u"."id", "u"."created_at", "u"."created_by", "u"."updated_at", "u"."updated_by", "u"."name", "u"."email", "u"."age", "u"."is_active", "u"."meta" FROM "test_user" AS "u" WHERE ("u"."age" BETWEEN 25 AND 30)
2025-09-27T10:16:07.866	[34mINFO[0m	[database]	 SELECT        0 ms SELECT "u"."id", "u"."created_at", "u"."created_by", "u"."updated_at", "u"."updated_by", "u"."name", "u"."email", "u"."age", "u"."is_active", "u"."meta" FROM "test_user" AS "u" WHERE ("u"."email" IN ('alice@example.com', 'bob@example.com'))
2025-09-27T10:16:07.866	[34mINFO[0m	[database]	 SELECT        0 ms SELECT "u"."id", "u"."created_at", "u"."created_by", "u"."updated_at", "u"."updated_by", "u"."name", "u"."email", "u"."age", "u"."is_active", "u"."meta" FROM "test_user" AS "u" WHERE ("u"."name" LIKE '%Johnson%')
2025-09-27T10:16:07.866	[34mINFO[0m	[database]	 SELECT        0 ms SELECT "u"."id", "u"."created_at", "u"."created_by", "u"."updated_at", "u"."updated_by", "u"."name", "u"."email", "u"."age", "u"."is_active", "u"."meta" FROM "test_user" AS "u" WHERE ("u"."name" LIKE 'Alice%')
2025-09-27T10:16:07.866	[34mINFO[0m	[database]	 SELECT        0 ms SELECT "u"."id", "u"."created_at", "u"."created_by", "u"."updated_at", "u"."updated_by", "u"."name", "u"."email", "u"."age", "u"."is_active", "u"."meta" FROM "test_user" AS "u" WHERE ("u"."is_active" IS TRUE) AND ("u"."age" > 26)
2025-09-27T10:16:07.866	[34mINFO[0m	[database]	 SELECT        0 ms SELECT "u"."id", "u"."created_at", "u"."created_by", "u"."updated_at", "u"."updated_by", "u"."name", "u"."email", "u"."age", "u"."is_active", "u"."meta" FROM "test_user" AS "u" WHERE ("u"."age" = 25) OR ("u"."age" = 35)
=== RUN   TestMultiDatabaseORM/TestSQLite/TestSelectWithJoins
    select_test.go:188: Testing SELECT with JOINs for sqlite
2025-09-27T10:16:07.866	[34mINFO[0m	[database]	 SELECT        0 ms SELECT "p"."id", "p"."created_at", "p"."created_by", "p"."updated_at", "p"."updated_by", "p"."title", "p"."content", "p"."description", "p"."user_id", "p"."category_id", "p"."status", "p"."view_count" FROM "test_post" AS "p" JOIN "test_user" AS "u" ON ("u"."id" = "p"."user_id") WHERE ("u"."name" = 'Alice Johnson')
2025-09-27T10:16:07.866	[34mINFO[0m	[database]	 SELECT        0 ms SELECT "p"."id", "p"."created_at", "p"."created_by", "p"."updated_at", "p"."updated_by", "p"."title", "p"."content", "p"."description", "p"."user_id", "p"."category_id", "p"."status", "p"."view_count", "user"."id" AS "user__id", "user"."created_at" AS "user__created_at", "user"."created_by" AS "user__created_by", "user"."updated_at" AS "user__updated_at", "user"."updated_by" AS "user__updated_by", "user"."name" AS "user__name", "user"."email" AS "user__email", "user"."age" AS "user__age", "user"."is_active" AS "user__is_active", "user"."meta" AS "user__meta", "category"."id" AS "category__id", "category"."created_at" AS "category__created_at", "category"."created_by" AS "category__created_by", "category"."updated_at" AS "category__updated_at", "category"."updated_by" AS "category__updated_by", "category"."name" AS "category__name", "category"."description" AS "category__description", "category"."parent_id" AS "category__parent_id" FROM "test_post" AS "p" LEFT JOIN "test_user" AS "user" ON ("user"."id" = "p"."user_id") LEFT JOIN "test_category" AS "category" ON ("category"."id" = "p"."category_id") WHERE ("p"."status" = 'published')
2025-09-27T10:16:07.866	[34mINFO[0m	[database]	 SELECT        0 ms SELECT "c"."id", "c"."created_at", "c"."created_by", "c"."updated_at", "c"."updated_by", "c"."name", "c"."description", "c"."parent_id" FROM "test_category" AS "c" LEFT JOIN "test_post" AS "p" ON ("c"."id" = "p"."category_id") GROUP BY "c"."id", "c"."name", "c"."description"
=== RUN   TestMultiDatabaseORM/TestSQLite/TestSelectWithOrderingAndLimits
    select_test.go:399: Testing SELECT with ordering and limits for sqlite
2025-09-27T10:16:07.867	[34mINFO[0m	[database]	 SELECT        0 ms SELECT "u"."id", "u"."created_at", "u"."created_by", "u"."updated_at", "u"."updated_by", "u"."name", "u"."email", "u"."age", "u"."is_active", "u"."meta" FROM "test_user" AS "u" ORDER BY "u"."age" ASC
2025-09-27T10:16:07.867	[34mINFO[0m	[database]	 SELECT        0 ms SELECT "u"."id", "u"."created_at", "u"."created_by", "u"."updated_at", "u"."updated_by", "u"."name", "u"."email", "u"."age", "u"."is_active", "u"."meta" FROM "test_user" AS "u" ORDER BY "u"."age" DESC
2025-09-27T10:16:07.867	[34mINFO[0m	[database]	 SELECT        0 ms SELECT "u"."id", "u"."created_at", "u"."created_by", "u"."updated_at", "u"."updated_by", "u"."name", "u"."email", "u"."age", "u"."is_active", "u"."meta" FROM "test_user" AS "u" ORDER BY "u"."age" ASC LIMIT 2
2025-09-27T10:16:07.867	[34mINFO[0m	[database]	 SELECT        0 ms SELECT "p"."id", "p"."created_at", "p"."created_by", "p"."updated_at", "p"."updated_by", "p"."title", "p"."content", "p"."description", "p"."user_id", "p"."category_id", "p"."status", "p"."view_count" FROM "test_post" AS "p" ORDER BY "p"."status" ASC, "p"."view_count" DESC
2025-09-27T10:16:07.867	[34mINFO[0m	[database]	 SELECT        0 ms SELECT "u"."id", "u"."created_at", "u"."created_by", "u"."updated_at", "u"."updated_by", "u"."name", "u"."email", "u"."age", "u"."is_active", "u"."meta" FROM "test_user" AS "u" ORDER BY "u"."age" ASC LIMIT 2 OFFSET 1
=== RUN   TestMultiDatabaseORM/TestSQLite/TestSelectWithSubQueries
    select_test.go:327: Testing SELECT with subqueries for sqlite
2025-09-27T10:16:07.867	[34mINFO[0m	[database]	 SELECT        0 ms SELECT "u"."id", "u"."created_at", "u"."created_by", "u"."updated_at", "u"."updated_by", "u"."name", "u"."email", "u"."age", "u"."is_active", "u"."meta" FROM "test_user" AS "u" WHERE ("u"."id" IN (SELECT "p"."user_id" FROM "test_post" AS "p" WHERE ("p"."status" = 'published'))) ORDER BY "u"."name" ASC
2025-09-27T10:16:07.867	[34mINFO[0m	[database]	 SELECT        0 ms SELECT "p"."id", "p"."created_at", "p"."created_by", "p"."updated_at", "p"."updated_by", "p"."title", "p"."content", "p"."description", "p"."user_id", "p"."category_id", "p"."status", "p"."view_count" FROM "test_post" AS "p" WHERE ("p"."view_count" > (SELECT AVG("p"."view_count") FROM "test_post" AS "p")) ORDER BY "p"."view_count" DESC
2025-09-27T10:16:07.867	[34mINFO[0m	[database]	 SELECT        0 ms SELECT AVG("p"."view_count") FROM "test_post" AS "p"
2025-09-27T10:16:07.867	[34mINFO[0m	[database]	 SELECT        0 ms SELECT "c"."id", "c"."created_at", "c"."created_by", "c"."updated_at", "c"."updated_by", "c"."name", "c"."description", "c"."parent_id" FROM "test_category" AS "c" WHERE ("c"."id" IN (SELECT DISTINCT "p"."category_id" FROM "test_post" AS "p")) ORDER BY "c"."name" ASC
=== RUN   TestMultiDatabaseORM/TestSQLite/TestSelectWithWindowFunctions
    select_test.go:601: Testing SELECT with window functions for sqlite
2025-09-27T10:16:07.867	[34mINFO[0m	[database]	 SELECT        0 ms SELECT "u"."id", "u"."name", "u"."age", ROW_NUMBER() OVER ( ORDER BY "u"."age" ASC) AS "row_num" FROM "test_user" AS "u" ORDER BY "u"."age" ASC
2025-09-27T10:16:07.867	[34mINFO[0m	[database]	 SELECT        0 ms SELECT "p"."id", "p"."title", "p"."status", "p"."view_count", RANK() OVER (PARTITION BY "p"."status" ORDER BY "p"."view_count" DESC) AS "rank", DENSE_RANK() OVER (PARTITION BY "p"."status" ORDER BY "p"."view_count" DESC) AS "dense_rank" FROM "test_post" AS "p" ORDER BY "p"."status" ASC, "p"."view_count" DESC
2025-09-27T10:16:07.867	[34mINFO[0m	[database]	 SELECT        0 ms SELECT "u"."name", "u"."age", SUM("u"."age") OVER ( ORDER BY "u"."age" ASC ROWS UNBOUNDED PRECEDING) AS "running_total", AVG("u"."age") OVER ( ORDER BY "u"."age" ASC ROWS UNBOUNDED PRECEDING) AS "moving_avg", COUNT(*) OVER ( ORDER BY "u"."age" ASC ROWS UNBOUNDED PRECEDING) AS "running_count" FROM "test_user" AS "u" ORDER BY "u"."age" ASC
2025-09-27T10:16:07.867	[34mINFO[0m	[database]	 SELECT        0 ms SELECT "p"."title", "p"."view_count", LAG("p"."view_count") OVER ( ORDER BY "p"."view_count" ASC) AS "prev_view_count", LEAD("p"."view_count", 1) OVER ( ORDER BY "p"."view_count" ASC) AS "next_view_count" FROM "test_post" AS "p" ORDER BY "p"."view_count" ASC
2025-09-27T10:16:07.867	[34mINFO[0m	[database]	 SELECT        0 ms SELECT "p"."title", "p"."status", "p"."view_count", FIRST_VALUE("p"."view_count") OVER (PARTITION BY "p"."status" ORDER BY "p"."view_count" ASC) AS "first_in_status", LAST_VALUE("p"."view_count") OVER (PARTITION BY "p"."status" ORDER BY "p"."view_count" ASC ROWS BETWEEN UNBOUNDED PRECEDING AND UNBOUNDED FOLLOWING) AS "last_in_status" FROM "test_post" AS "p" ORDER BY "p"."status" ASC, "p"."view_count" ASC
2025-09-27T10:16:07.868	[34mINFO[0m	[database]	 SELECT        0 ms SELECT "u"."name", "u"."age", NTILE(4) OVER ( ORDER BY "u"."age" ASC) AS "quartile" FROM "test_user" AS "u" ORDER BY "u"."age" ASC
2025-09-27T10:16:07.868	[34mINFO[0m	[database]	 SELECT        0 ms SELECT "p"."title", "p"."status", "p"."view_count", RANK() OVER (PARTITION BY "p"."status" ORDER BY "p"."view_count" DESC) AS "rank_in_status", PERCENT_RANK() OVER ( ORDER BY "p"."view_count" DESC) AS "percent_of_total", SUM("p"."view_count") OVER (PARTITION BY "p"."status" ORDER BY "p"."view_count" DESC ROWS UNBOUNDED PRECEDING) AS "cumulative_views" FROM "test_post" AS "p" ORDER BY "p"."status" ASC, "p"."view_count" DESC
=== RUN   TestMultiDatabaseORM/TestSQLite/TestSelectWithWindowFunctionsAdvanced
    select_test.go:867: Testing advanced window functions for sqlite
2025-09-27T10:16:07.868	[34mINFO[0m	[database]	 SELECT        0 ms SELECT "p"."title", "p"."view_count", LAG("p"."view_count", 2) OVER ( ORDER BY "p"."view_count" ASC) AS "prev2_view_count", LEAD("p"."view_count", 2) OVER ( ORDER BY "p"."view_count" ASC) AS "next2_view_count", LEAD("p"."view_count", 2, -1) OVER ( ORDER BY "p"."view_count" ASC) AS "next2_or_default" FROM "test_post" AS "p" ORDER BY "p"."view_count" ASC
2025-09-27T10:16:07.868	[34mINFO[0m	[database]	 SELECT        0 ms SELECT "p"."title", "p"."view_count", AVG("p"."view_count") OVER ( ORDER BY "p"."view_count" ASC ROWS BETWEEN 2 PRECEDING AND CURRENT ROW) AS "mov_avg" FROM "test_post" AS "p" ORDER BY "p"."view_count" ASC
2025-09-27T10:16:07.868	[34mINFO[0m	[database]	 SELECT        0 ms SELECT "p"."status", "p"."view_count", NTH_VALUE("p"."view_count", 2) OVER (PARTITION BY "p"."status" ORDER BY "p"."view_count" ASC ROWS BETWEEN UNBOUNDED PRECEDING AND UNBOUNDED FOLLOWING) AS "second_from_end" FROM "test_post" AS "p" ORDER BY "p"."status" ASC, "p"."view_count" ASC
=== RUN   TestMultiDatabaseORM/TestSQLite/TestSelectWithWindowFunctionsFromClause
    select_test.go:958: Testing window functions FROM FIRST/LAST for sqlite
    select_test.go:962: Skip FROM FIRST/LAST tests for sqlite - not supported by common databases
=== NAME  TestMultiDatabaseORM/TestSQLite
    orm_test.go:127: Setting up ORM test suite for sqlite
2025-09-27T10:16:07.868	[34mINFO[0m	[database]	 DROP TABLE      0 ms DROP TABLE IF EXISTS "test_user"
2025-09-27T10:16:07.869	[34mINFO[0m	[database]	 CREATE TABLE      0 ms CREATE TABLE "test_user" ("id" VARCHAR NOT NULL, "created_at" timestamp NOT NULL DEFAULT CURRENT_TIMESTAMP, "created_by" VARCHAR NOT NULL, "updated_at" timestamp NOT NULL DEFAULT CURRENT_TIMESTAMP, "updated_by" VARCHAR NOT NULL, "name" VARCHAR NOT NULL, "email" VARCHAR NOT NULL, "age" INTEGER NOT NULL DEFAULT 0, "is_active" BOOLEAN NOT NULL, "meta" VARCHAR, PRIMARY KEY ("id"), UNIQUE ("email"))
2025-09-27T10:16:07.869	[34mINFO[0m	[database]	 INSERT        0 ms INSERT INTO "test_user" ("id", "created_at", "created_by", "updated_at", "updated_by", "name", "email", "age", "is_active", "meta") VALUES ('d3bkhps5cmcb9l8l0mng', '2025-09-27 10:16:07', 'system', '2025-09-27 10:16:07', 'system', 'Alice Johnson', 'alice@example.com', 30, TRUE, '{"interests":["golang","databases"],"role":"admin"}')
2025-09-27T10:16:07.869	[34mINFO[0m	[database]	 INSERT        0 ms INSERT INTO "test_user" ("id", "created_at", "created_by", "updated_at", "updated_by", "name", "email", "age", "is_active", "meta") VALUES ('d3bkhps5cmcb9l8l0mo0', '2025-09-27 10:16:07', 'system', '2025-09-27 10:16:07', 'system', 'Bob Smith', 'bob@example.com', 25, TRUE, '{"interests":["tutorials","postgres"],"role":"editor"}')
2025-09-27T10:16:07.869	[34mINFO[0m	[database]	 INSERT        0 ms INSERT INTO "test_user" ("id", "created_at", "created_by", "updated_at", "updated_by", "name", "email", "age", "is_active", "meta") VALUES ('d3bkhps5cmcb9l8l0mog', '2025-09-27 10:16:07', 'system', '2025-09-27 10:16:07', 'system', 'Charlie Brown', 'charlie@example.com', 35, FALSE, '{"interests":["science"],"role":"viewer"}')
2025-09-27T10:16:07.869	[34mINFO[0m	[database]	 DROP TABLE      0 ms DROP TABLE IF EXISTS "test_category"
2025-09-27T10:16:07.869	[34mINFO[0m	[database]	 CREATE TABLE      0 ms CREATE TABLE "test_category" ("id" VARCHAR NOT NULL, "created_at" timestamp NOT NULL DEFAULT CURRENT_TIMESTAMP, "created_by" VARCHAR NOT NULL, "updated_at" timestamp NOT NULL DEFAULT CURRENT_TIMESTAMP, "updated_by" VARCHAR NOT NULL, "name" VARCHAR NOT NULL, "description" VARCHAR, "parent_id" VARCHAR, PRIMARY KEY ("id"), UNIQUE ("name"))
2025-09-27T10:16:07.869	[34mINFO[0m	[database]	 INSERT        0 ms INSERT INTO "test_category" ("id", "created_at", "created_by", "updated_at", "updated_by", "name", "description", "parent_id") VALUES ('d3bkhps5cmcb9l8l0mp0', '2025-09-27 10:16:07', 'system', '2025-09-27 10:16:07', 'system', 'Technology', 'Tech-related posts', NULL) RETURNING "parent_id"
2025-09-27T10:16:07.869	[34mINFO[0m	[database]	 INSERT        0 ms INSERT INTO "test_category" ("id", "created_at", "created_by", "updated_at", "updated_by", "name", "description", "parent_id") VALUES ('d3bkhps5cmcb9l8l0mpg', '2025-09-27 10:16:07', 'system', '2025-09-27 10:16:07', 'system', 'Science', 'Scientific articles', NULL) RETURNING "parent_id"
2025-09-27T10:16:07.869	[34mINFO[0m	[database]	 INSERT        0 ms INSERT INTO "test_category" ("id", "created_at", "created_by", "updated_at", "updated_by", "name", "description", "parent_id") VALUES ('d3bkhps5cmcb9l8l0mq0', '2025-09-27 10:16:07', 'system', '2025-09-27 10:16:07', 'system', 'Business', 'Business and economics', NULL) RETURNING "parent_id"
2025-09-27T10:16:07.869	[34mINFO[0m	[database]	 INSERT        0 ms INSERT INTO "test_category" ("id", "created_at", "created_by", "updated_at", "updated_by", "name", "description", "parent_id") VALUES ('d3bkhps5cmcb9l8l0mqg', '2025-09-27 10:16:07', 'system', '2025-09-27 10:16:07', 'system', 'GoLang', 'Go-related posts', 'd3bkhps5cmcb9l8l0mp0')
2025-09-27T10:16:07.869	[34mINFO[0m	[database]	 DROP TABLE      0 ms DROP TABLE IF EXISTS "test_tag"
2025-09-27T10:16:07.869	[34mINFO[0m	[database]	 CREATE TABLE      0 ms CREATE TABLE "test_tag" ("id" VARCHAR NOT NULL, "created_at" timestamp NOT NULL DEFAULT CURRENT_TIMESTAMP, "created_by" VARCHAR NOT NULL, "updated_at" timestamp NOT NULL DEFAULT CURRENT_TIMESTAMP, "updated_by" VARCHAR NOT NULL, "name" VARCHAR NOT NULL, "description" VARCHAR, PRIMARY KEY ("id"), UNIQUE ("name"))
2025-09-27T10:16:07.869	[34mINFO[0m	[database]	 INSERT        0 ms INSERT INTO "test_tag" ("id", "created_at", "created_by", "updated_at", "updated_by", "name", "description") VALUES ('d3bkhps5cmcb9l8l0mr0', '2025-09-27 10:16:07', 'system', '2025-09-27 10:16:07', 'system', 'programming', 'Programming related content')
2025-09-27T10:16:07.869	[34mINFO[0m	[database]	 INSERT        0 ms INSERT INTO "test_tag" ("id", "created_at", "created_by", "updated_at", "updated_by", "name", "description") VALUES ('d3bkhps5cmcb9l8l0mrg', '2025-09-27 10:16:07', 'system', '2025-09-27 10:16:07', 'system', 'database', 'Database related content')
2025-09-27T10:16:07.869	[34mINFO[0m	[database]	 INSERT        0 ms INSERT INTO "test_tag" ("id", "created_at", "created_by", "updated_at", "updated_by", "name", "description") VALUES ('d3bkhps5cmcb9l8l0ms0', '2025-09-27 10:16:07', 'system', '2025-09-27 10:16:07', 'system', 'go', 'Go language topics')
2025-09-27T10:16:07.869	[34mINFO[0m	[database]	 INSERT        0 ms INSERT INTO "test_tag" ("id", "created_at", "created_by", "updated_at", "updated_by", "name", "description") VALUES ('d3bkhps5cmcb9l8l0msg', '2025-09-27 10:16:07', 'system', '2025-09-27 10:16:07', 'system', 'tutorial', 'Tutorials and guides')
2025-09-27T10:16:07.869	[34mINFO[0m	[database]	 INSERT        0 ms INSERT INTO "test_tag" ("id", "created_at", "created_by", "updated_at", "updated_by", "name", "description") VALUES ('d3bkhps5cmcb9l8l0mt0', '2025-09-27 10:16:07', 'system', '2025-09-27 10:16:07', 'system', 'advanced', 'Advanced topics')
2025-09-27T10:16:07.869	[34mINFO[0m	[database]	 DROP TABLE      0 ms DROP TABLE IF EXISTS "test_post"
2025-09-27T10:16:07.869	[34mINFO[0m	[database]	 CREATE TABLE      0 ms CREATE TABLE "test_post" ("id" VARCHAR NOT NULL, "created_at" timestamp NOT NULL DEFAULT CURRENT_TIMESTAMP, "created_by" VARCHAR NOT NULL, "updated_at" timestamp NOT NULL DEFAULT CURRENT_TIMESTAMP, "updated_by" VARCHAR NOT NULL, "title" VARCHAR NOT NULL, "content" VARCHAR NOT NULL, "description" VARCHAR, "user_id" VARCHAR NOT NULL, "category_id" VARCHAR NOT NULL, "status" VARCHAR NOT NULL DEFAULT 'draft', "view_count" INTEGER NOT NULL DEFAULT 0, PRIMARY KEY ("id"))
2025-09-27T10:16:07.869	[34mINFO[0m	[database]	 INSERT        0 ms INSERT INTO "test_post" ("id", "created_at", "created_by", "updated_at", "updated_by", "title", "content", "description", "user_id", "category_id", "status", "view_count") VALUES ('d3bkhps5cmcb9l8l0mtg', '2025-09-27 10:16:07', 'd3bkhps5cmcb9l8l0mng', '2025-09-27 10:16:07', 'd3bkhps5cmcb9l8l0mng', 'Introduction to Go', 'Go is a programming language designed at Google.', 'Getting started with Go', 'd3bkhps5cmcb9l8l0mng', 'd3bkhps5cmcb9l8l0mqg', 'published', 123)
2025-09-27T10:16:07.869	[34mINFO[0m	[database]	 INSERT        0 ms INSERT INTO "test_post" ("id", "created_at", "created_by", "updated_at", "updated_by", "title", "content", "description", "user_id", "category_id", "status", "view_count") VALUES ('d3bkhps5cmcb9l8l0mu0', '2025-09-27 10:16:07', 'd3bkhps5cmcb9l8l0mo0', '2025-09-27 10:16:07', 'd3bkhps5cmcb9l8l0mo0', 'Database Design Basics', 'Good database design principles.', 'Normalization and relationships', 'd3bkhps5cmcb9l8l0mo0', 'd3bkhps5cmcb9l8l0mp0', 'published', 87)
2025-09-27T10:16:07.869	[34mINFO[0m	[database]	 INSERT        0 ms INSERT INTO "test_post" ("id", "created_at", "created_by", "updated_at", "updated_by", "title", "content", "description", "user_id", "category_id", "status", "view_count") VALUES ('d3bkhps5cmcb9l8l0mug', '2025-09-27 10:16:07', 'd3bkhps5cmcb9l8l0mng', '2025-09-27 10:16:07', 'd3bkhps5cmcb9l8l0mng', 'Machine Learning Basics', 'An introduction to ML concepts and workflows.', 'Supervised vs unsupervised learning', 'd3bkhps5cmcb9l8l0mng', 'd3bkhps5cmcb9l8l0mpg', 'draft', 45)
2025-09-27T10:16:07.869	[34mINFO[0m	[database]	 INSERT        0 ms INSERT INTO "test_post" ("id", "created_at", "created_by", "updated_at", "updated_by", "title", "content", "description", "user_id", "category_id", "status", "view_count") VALUES ('d3bkhps5cmcb9l8l0mv0', '2025-09-27 10:16:07', 'd3bkhps5cmcb9l8l0mog', '2025-09-27 10:16:07', 'd3bkhps5cmcb9l8l0mog', 'Business Strategy Fundamentals', 'Effective business strategies and frameworks.', 'Strategic planning overview', 'd3bkhps5cmcb9l8l0mog', 'd3bkhps5cmcb9l8l0mq0', 'published', 64)
2025-09-27T10:16:07.869	[34mINFO[0m	[database]	 INSERT        0 ms INSERT INTO "test_post" ("id", "created_at", "created_by", "updated_at", "updated_by", "title", "content", "description", "user_id", "category_id", "status", "view_count") VALUES ('d3bkhps5cmcb9l8l0mvg', '2025-09-27 10:16:07', 'd3bkhps5cmcb9l8l0mng', '2025-09-27 10:16:07', 'd3bkhps5cmcb9l8l0mng', 'Advanced Go Patterns', 'Exploring advanced patterns and best practices in Go.', 'Idiomatic Go techniques', 'd3bkhps5cmcb9l8l0mng', 'd3bkhps5cmcb9l8l0mqg', 'review', 98)
2025-09-27T10:16:07.869	[34mINFO[0m	[database]	 INSERT        0 ms INSERT INTO "test_post" ("id", "created_at", "created_by", "updated_at", "updated_by", "title", "content", "description", "user_id", "category_id", "status", "view_count") VALUES ('d3bkhps5cmcb9l8l0n00', '2025-09-27 10:16:07', 'd3bkhps5cmcb9l8l0mo0', '2025-09-27 10:16:07', 'd3bkhps5cmcb9l8l0mo0', 'Latest Trends in Science', 'A survey of recent scientific advancements.', 'Interdisciplinary highlights', 'd3bkhps5cmcb9l8l0mo0', 'd3bkhps5cmcb9l8l0mpg', 'published', 77)
2025-09-27T10:16:07.869	[34mINFO[0m	[database]	 INSERT        0 ms INSERT INTO "test_post" ("id", "created_at", "created_by", "updated_at", "updated_by", "title", "content", "description", "user_id", "category_id", "status", "view_count") VALUES ('d3bkhps5cmcb9l8l0n0g', '2025-09-27 10:16:07', 'd3bkhps5cmcb9l8l0mog', '2025-09-27 10:16:07', 'd3bkhps5cmcb9l8l0mog', 'Practical Tech Tutorials', 'Hands-on guides for modern technology stacks.', 'Step-by-step tutorials', 'd3bkhps5cmcb9l8l0mog', 'd3bkhps5cmcb9l8l0mp0', 'published', 52)
2025-09-27T10:16:07.869	[34mINFO[0m	[database]	 INSERT        0 ms INSERT INTO "test_post" ("id", "created_at", "created_by", "updated_at", "updated_by", "title", "content", "description", "user_id", "category_id", "status", "view_count") VALUES ('d3bkhps5cmcb9l8l0n10', '2025-09-27 10:16:07', 'd3bkhps5cmcb9l8l0mng', '2025-09-27 10:16:07', 'd3bkhps5cmcb9l8l0mng', 'Startup Finance 101', 'Financial basics for early-stage startups.', 'Cash flow, runway, and budgeting', 'd3bkhps5cmcb9l8l0mng', 'd3bkhps5cmcb9l8l0mq0', 'published', 69)
2025-09-27T10:16:07.869	[34mINFO[0m	[database]	 DROP TABLE      0 ms DROP TABLE IF EXISTS "test_post_tag"
2025-09-27T10:16:07.870	[34mINFO[0m	[database]	 CREATE TABLE      0 ms CREATE TABLE "test_post_tag" ("id" VARCHAR NOT NULL, "created_at" timestamp NOT NULL DEFAULT CURRENT_TIMESTAMP, "created_by" VARCHAR NOT NULL, "updated_at" timestamp NOT NULL DEFAULT CURRENT_TIMESTAMP, "updated_by" VARCHAR NOT NULL, "post_id" VARCHAR NOT NULL, "tag_id" VARCHAR NOT NULL, PRIMARY KEY ("id"))
2025-09-27T10:16:07.870	[34mINFO[0m	[database]	 INSERT        0 ms INSERT INTO "test_post_tag" ("id", "created_at", "created_by", "updated_at", "updated_by", "post_id", "tag_id") VALUES ('d3bkhps5cmcb9l8l0n1g', '2025-09-27 10:16:07', 'system', '2025-09-27 10:16:07', 'system', 'd3bkhps5cmcb9l8l0mtg', 'd3bkhps5cmcb9l8l0mr0')
2025-09-27T10:16:07.870	[34mINFO[0m	[database]	 INSERT        0 ms INSERT INTO "test_post_tag" ("id", "created_at", "created_by", "updated_at", "updated_by", "post_id", "tag_id") VALUES ('d3bkhps5cmcb9l8l0n20', '2025-09-27 10:16:07', 'system', '2025-09-27 10:16:07', 'system', 'd3bkhps5cmcb9l8l0mtg', 'd3bkhps5cmcb9l8l0ms0')
2025-09-27T10:16:07.870	[34mINFO[0m	[database]	 INSERT        0 ms INSERT INTO "test_post_tag" ("id", "created_at", "created_by", "updated_at", "updated_by", "post_id", "tag_id") VALUES ('d3bkhps5cmcb9l8l0n2g', '2025-09-27 10:16:07', 'system', '2025-09-27 10:16:07', 'system', 'd3bkhps5cmcb9l8l0mtg', 'd3bkhps5cmcb9l8l0msg')
2025-09-27T10:16:07.870	[34mINFO[0m	[database]	 INSERT        0 ms INSERT INTO "test_post_tag" ("id", "created_at", "created_by", "updated_at", "updated_by", "post_id", "tag_id") VALUES ('d3bkhps5cmcb9l8l0n30', '2025-09-27 10:16:07', 'system', '2025-09-27 10:16:07', 'system', 'd3bkhps5cmcb9l8l0mu0', 'd3bkhps5cmcb9l8l0mrg')
2025-09-27T10:16:07.870	[34mINFO[0m	[database]	 INSERT        0 ms INSERT INTO "test_post_tag" ("id", "created_at", "created_by", "updated_at", "updated_by", "post_id", "tag_id") VALUES ('d3bkhps5cmcb9l8l0n3g', '2025-09-27 10:16:07', 'system', '2025-09-27 10:16:07', 'system', 'd3bkhps5cmcb9l8l0mu0', 'd3bkhps5cmcb9l8l0msg')
2025-09-27T10:16:07.870	[34mINFO[0m	[database]	 INSERT        0 ms INSERT INTO "test_post_tag" ("id", "created_at", "created_by", "updated_at", "updated_by", "post_id", "tag_id") VALUES ('d3bkhps5cmcb9l8l0n40', '2025-09-27 10:16:07', 'system', '2025-09-27 10:16:07', 'system', 'd3bkhps5cmcb9l8l0mug', 'd3bkhps5cmcb9l8l0msg')
2025-09-27T10:16:07.870	[34mINFO[0m	[database]	 INSERT        0 ms INSERT INTO "test_post_tag" ("id", "created_at", "created_by", "updated_at", "updated_by", "post_id", "tag_id") VALUES ('d3bkhps5cmcb9l8l0n4g', '2025-09-27 10:16:07', 'system', '2025-09-27 10:16:07', 'system', 'd3bkhps5cmcb9l8l0mug', 'd3bkhps5cmcb9l8l0mt0')
2025-09-27T10:16:07.870	[34mINFO[0m	[database]	 INSERT        0 ms INSERT INTO "test_post_tag" ("id", "created_at", "created_by", "updated_at", "updated_by", "post_id", "tag_id") VALUES ('d3bkhps5cmcb9l8l0n50', '2025-09-27 10:16:07', 'system', '2025-09-27 10:16:07', 'system', 'd3bkhps5cmcb9l8l0mv0', 'd3bkhps5cmcb9l8l0mt0')
2025-09-27T10:16:07.870	[34mINFO[0m	[database]	 INSERT        0 ms INSERT INTO "test_post_tag" ("id", "created_at", "created_by", "updated_at", "updated_by", "post_id", "tag_id") VALUES ('d3bkhps5cmcb9l8l0n5g', '2025-09-27 10:16:07', 'system', '2025-09-27 10:16:07', 'system', 'd3bkhps5cmcb9l8l0mv0', 'd3bkhps5cmcb9l8l0msg')
2025-09-27T10:16:07.870	[34mINFO[0m	[database]	 INSERT        0 ms INSERT INTO "test_post_tag" ("id", "created_at", "created_by", "updated_at", "updated_by", "post_id", "tag_id") VALUES ('d3bkhps5cmcb9l8l0n60', '2025-09-27 10:16:07', 'system', '2025-09-27 10:16:07', 'system', 'd3bkhps5cmcb9l8l0mvg', 'd3bkhps5cmcb9l8l0ms0')
2025-09-27T10:16:07.870	[34mINFO[0m	[database]	 INSERT        0 ms INSERT INTO "test_post_tag" ("id", "created_at", "created_by", "updated_at", "updated_by", "post_id", "tag_id") VALUES ('d3bkhps5cmcb9l8l0n6g', '2025-09-27 10:16:07', 'system', '2025-09-27 10:16:07', 'system', 'd3bkhps5cmcb9l8l0mvg', 'd3bkhps5cmcb9l8l0mr0')
2025-09-27T10:16:07.870	[34mINFO[0m	[database]	 INSERT        0 ms INSERT INTO "test_post_tag" ("id", "created_at", "created_by", "updated_at", "updated_by", "post_id", "tag_id") VALUES ('d3bkhps5cmcb9l8l0n70', '2025-09-27 10:16:07', 'system', '2025-09-27 10:16:07', 'system', 'd3bkhps5cmcb9l8l0mvg', 'd3bkhps5cmcb9l8l0mt0')
2025-09-27T10:16:07.870	[34mINFO[0m	[database]	 INSERT        0 ms INSERT INTO "test_post_tag" ("id", "created_at", "created_by", "updated_at", "updated_by", "post_id", "tag_id") VALUES ('d3bkhps5cmcb9l8l0n7g', '2025-09-27 10:16:07', 'system', '2025-09-27 10:16:07', 'system', 'd3bkhps5cmcb9l8l0n00', 'd3bkhps5cmcb9l8l0msg')
2025-09-27T10:16:07.870	[34mINFO[0m	[database]	 INSERT        0 ms INSERT INTO "test_post_tag" ("id", "created_at", "created_by", "updated_at", "updated_by", "post_id", "tag_id") VALUES ('d3bkhps5cmcb9l8l0n80', '2025-09-27 10:16:07', 'system', '2025-08-08 00:02:40', 'system', 'd3bkhps5cmcb9l8l0n00', 'd3bkhps5cmcb9l8l0mt0')
2025-09-27T10:16:07.870	[34mINFO[0m	[database]	 INSERT        0 ms INSERT INTO "test_post_tag" ("id", "created_at", "created_by", "updated_at", "updated_by", "post_id", "tag_id") VALUES ('d3bkhps5cmcb9l8l0n8g', '2025-09-27 10:16:07', 'system', '2025-09-27 10:16:07', 'system', 'd3bkhps5cmcb9l8l0n0g', 'd3bkhps5cmcb9l8l0msg')
2025-09-27T10:16:07.870	[34mINFO[0m	[database]	 INSERT        0 ms INSERT INTO "test_post_tag" ("id", "created_at", "created_by", "updated_at", "updated_by", "post_id", "tag_id") VALUES ('d3bkhps5cmcb9l8l0n90', '2025-09-27 10:16:07', 'system', '2025-09-27 10:16:07', 'system', 'd3bkhps5cmcb9l8l0n0g', 'd3bkhps5cmcb9l8l0mr0')
2025-09-27T10:16:07.870	[34mINFO[0m	[database]	 INSERT        0 ms INSERT INTO "test_post_tag" ("id", "created_at", "created_by", "updated_at", "updated_by", "post_id", "tag_id") VALUES ('d3bkhps5cmcb9l8l0n9g', '2025-09-27 10:16:07', 'system', '2025-09-27 10:16:07', 'system', 'd3bkhps5cmcb9l8l0n10', 'd3bkhps5cmcb9l8l0mt0')
2025-09-27T10:16:07.870	[34mINFO[0m	[database]	 INSERT        0 ms INSERT INTO "test_post_tag" ("id", "created_at", "created_by", "updated_at", "updated_by", "post_id", "tag_id") VALUES ('d3bkhps5cmcb9l8l0na0', '2025-09-27 10:16:07', 'system', '2025-09-27 10:16:07', 'system', 'd3bkhps5cmcb9l8l0n10', 'd3bkhps5cmcb9l8l0msg')
2025-09-27T10:16:07.870	[34mINFO[0m	[database]	 CREATE TABLE      0 ms CREATE TABLE IF NOT EXISTS "test_simple" ("id" VARCHAR NOT NULL, "created_at" timestamp NOT NULL DEFAULT CURRENT_TIMESTAMP, "created_by" VARCHAR NOT NULL, "updated_at" timestamp NOT NULL DEFAULT CURRENT_TIMESTAMP, "updated_by" VARCHAR NOT NULL, "name" VARCHAR NOT NULL, "value" INTEGER NOT NULL, PRIMARY KEY ("id"))
2025-09-27T10:16:07.870	[34mINFO[0m	[database]	 CREATE TABLE      0 ms CREATE TABLE IF NOT EXISTS "test_complex" ("id" VARCHAR NOT NULL, "created_at" timestamp NOT NULL DEFAULT CURRENT_TIMESTAMP, "created_by" VARCHAR NOT NULL, "updated_at" timestamp NOT NULL DEFAULT CURRENT_TIMESTAMP, "updated_by" VARCHAR NOT NULL, "string_field" VARCHAR NOT NULL, "int_field" INTEGER NOT NULL, "float_field" DOUBLE PRECISION NOT NULL, "bool_field" BOOLEAN NOT NULL, "time_field" TIMESTAMP NOT NULL, "null_string" VARCHAR, "null_int" INTEGER, "null_time" TIMESTAMP, "json_field" VARCHAR, "array_field" VARCHAR, PRIMARY KEY ("id"))
    orm_test.go:161: Test fixtures loaded for sqlite database
=== RUN   TestMultiDatabaseORM/TestSQLite/TestApplyConditions
    condition_test.go:787: Testing Apply conditions for sqlite
2025-09-27T10:16:07.870	[34mINFO[0m	[database]	 SELECT        0 ms SELECT "u"."id", "u"."created_at", "u"."created_by", "u"."updated_at", "u"."updated_by", "u"."name", "u"."email", "u"."age", "u"."is_active", "u"."meta" FROM "test_user" AS "u" WHERE ("u"."is_active" = TRUE)
2025-09-27T10:16:07.870	[34mINFO[0m	[database]	 SELECT        0 ms SELECT "u"."id", "u"."created_at", "u"."created_by", "u"."updated_at", "u"."updated_by", "u"."name", "u"."email", "u"."age", "u"."is_active", "u"."meta" FROM "test_user" AS "u" WHERE ("u"."is_active" = TRUE) AND ("u"."age" > 25)
2025-09-27T10:16:07.870	[34mINFO[0m	[database]	 SELECT        0 ms SELECT "u"."id", "u"."created_at", "u"."created_by", "u"."updated_at", "u"."updated_by", "u"."name", "u"."email", "u"."age", "u"."is_active", "u"."meta" FROM "test_user" AS "u" WHERE ("u"."is_active" = TRUE) AND ("u"."age" > 25)
2025-09-27T10:16:07.870	[34mINFO[0m	[database]	 SELECT        0 ms SELECT "u"."id", "u"."created_at", "u"."created_by", "u"."updated_at", "u"."updated_by", "u"."name", "u"."email", "u"."age", "u"."is_active", "u"."meta" FROM "test_user" AS "u" WHERE ("u"."is_active" = TRUE)
=== RUN   TestMultiDatabaseORM/TestSQLite/TestAuditConditions
    condition_test.go:606: Testing audit conditions for sqlite
2025-09-27T10:16:07.870	[34mINFO[0m	[database]	 SELECT        0 ms SELECT "u"."id", "u"."created_at", "u"."created_by", "u"."updated_at", "u"."updated_by", "u"."name", "u"."email", "u"."age", "u"."is_active", "u"."meta" FROM "test_user" AS "u" WHERE ("u"."created_by" = 'system')
2025-09-27T10:16:07.870	[34mINFO[0m	[database]	 SELECT        0 ms SELECT "u"."id", "u"."created_at", "u"."created_by", "u"."updated_at", "u"."updated_by", "u"."name", "u"."email", "u"."age", "u"."is_active", "u"."meta" FROM "test_user" AS "u" WHERE ("u"."created_by" <> 'system')
2025-09-27T10:16:07.870	[34mINFO[0m	[database]	 SELECT        0 ms SELECT "u"."id", "u"."created_at", "u"."created_by", "u"."updated_at", "u"."updated_by", "u"."name", "u"."email", "u"."age", "u"."is_active", "u"."meta" FROM "test_user" AS "u" WHERE ("u"."updated_by" = 'system')
2025-09-27T10:16:07.870	[34mINFO[0m	[database]	 SELECT        0 ms SELECT "u"."id", "u"."created_at", "u"."created_by", "u"."updated_at", "u"."updated_by", "u"."name", "u"."email", "u"."age", "u"."is_active", "u"."meta" FROM "test_user" AS "u" WHERE ("u"."created_by" IN ('system', 'admin'))
=== RUN   TestMultiDatabaseORM/TestSQLite/TestBasicConditions
    condition_test.go:13: Testing basic conditions for sqlite
2025-09-27T10:16:07.870	[34mINFO[0m	[database]	 SELECT        0 ms SELECT "u"."id", "u"."created_at", "u"."created_by", "u"."updated_at", "u"."updated_by", "u"."name", "u"."email", "u"."age", "u"."is_active", "u"."meta" FROM "test_user" AS "u" WHERE ("u"."name" = 'Alice Johnson')
2025-09-27T10:16:07.870	[34mINFO[0m	[database]	 SELECT        0 ms SELECT "u"."id", "u"."created_at", "u"."created_by", "u"."updated_at", "u"."updated_by", "u"."name", "u"."email", "u"."age", "u"."is_active", "u"."meta" FROM "test_user" AS "u" WHERE ("u"."name" <> 'Alice Johnson') ORDER BY "u"."name" ASC
2025-09-27T10:16:07.870	[34mINFO[0m	[database]	 SELECT        0 ms SELECT "u"."id", "u"."created_at", "u"."created_by", "u"."updated_at", "u"."updated_by", "u"."name", "u"."email", "u"."age", "u"."is_active", "u"."meta" FROM "test_user" AS "u" WHERE ("u"."age" > 30)
2025-09-27T10:16:07.870	[34mINFO[0m	[database]	 SELECT        0 ms SELECT "u"."id", "u"."created_at", "u"."created_by", "u"."updated_at", "u"."updated_by", "u"."name", "u"."email", "u"."age", "u"."is_active", "u"."meta" FROM "test_user" AS "u" WHERE ("u"."age" >= 30) ORDER BY "u"."age" ASC
2025-09-27T10:16:07.870	[34mINFO[0m	[database]	 SELECT        0 ms SELECT "u"."id", "u"."created_at", "u"."created_by", "u"."updated_at", "u"."updated_by", "u"."name", "u"."email", "u"."age", "u"."is_active", "u"."meta" FROM "test_user" AS "u" WHERE ("u"."age" < 30)
2025-09-27T10:16:07.870	[34mINFO[0m	[database]	 SELECT        0 ms SELECT "u"."id", "u"."created_at", "u"."created_by", "u"."updated_at", "u"."updated_by", "u"."name", "u"."email", "u"."age", "u"."is_active", "u"."meta" FROM "test_user" AS "u" WHERE ("u"."age" <= 30) ORDER BY "u"."age" ASC
=== RUN   TestMultiDatabaseORM/TestSQLite/TestBetweenConditions
    condition_test.go:187: Testing BETWEEN conditions for sqlite
2025-09-27T10:16:07.871	[34mINFO[0m	[database]	 SELECT        0 ms SELECT "u"."id", "u"."created_at", "u"."created_by", "u"."updated_at", "u"."updated_by", "u"."name", "u"."email", "u"."age", "u"."is_active", "u"."meta" FROM "test_user" AS "u" WHERE ("u"."age" BETWEEN 25 AND 30) ORDER BY "u"."age" ASC
2025-09-27T10:16:07.871	[34mINFO[0m	[database]	 SELECT        0 ms SELECT "u"."id", "u"."created_at", "u"."created_by", "u"."updated_at", "u"."updated_by", "u"."name", "u"."email", "u"."age", "u"."is_active", "u"."meta" FROM "test_user" AS "u" WHERE ("u"."age" NOT BETWEEN 26 AND 34) ORDER BY "u"."age" ASC
2025-09-27T10:16:07.871	[34mINFO[0m	[database]	 SELECT        0 ms SELECT "p"."id", "p"."created_at", "p"."created_by", "p"."updated_at", "p"."updated_by", "p"."title", "p"."content", "p"."description", "p"."user_id", "p"."category_id", "p"."status", "p"."view_count" FROM "test_post" AS "p" WHERE ("p"."view_count" BETWEEN 50 AND 100) ORDER BY "p"."view_count" ASC
=== RUN   TestMultiDatabaseORM/TestSQLite/TestBooleanConditions
    condition_test.go:392: Testing boolean conditions for sqlite
2025-09-27T10:16:07.871	[34mINFO[0m	[database]	 SELECT        0 ms SELECT "u"."id", "u"."created_at", "u"."created_by", "u"."updated_at", "u"."updated_by", "u"."name", "u"."email", "u"."age", "u"."is_active", "u"."meta" FROM "test_user" AS "u" WHERE ("u"."is_active" IS TRUE) ORDER BY "u"."name" ASC
2025-09-27T10:16:07.871	[34mINFO[0m	[database]	 SELECT        0 ms SELECT "u"."id", "u"."created_at", "u"."created_by", "u"."updated_at", "u"."updated_by", "u"."name", "u"."email", "u"."age", "u"."is_active", "u"."meta" FROM "test_user" AS "u" WHERE ("u"."is_active" IS FALSE)
2025-09-27T10:16:07.871	[34mINFO[0m	[database]	 SELECT        0 ms SELECT "u"."id", "u"."created_at", "u"."created_by", "u"."updated_at", "u"."updated_by", "u"."name", "u"."email", "u"."age", "u"."is_active", "u"."meta" FROM "test_user" AS "u" WHERE ("u"."is_active" = TRUE)
=== RUN   TestMultiDatabaseORM/TestSQLite/TestColumnComparisons
    condition_test.go:516: Testing column comparisons for sqlite
2025-09-27T10:16:07.871	[34mINFO[0m	[database]	 SELECT        0 ms SELECT "u"."id", "u"."created_at", "u"."created_by", "u"."updated_at", "u"."updated_by", "u"."name", "u"."email", "u"."age", "u"."is_active", "u"."meta" FROM "test_user" AS "u" WHERE ("u"."created_at" = "u"."updated_at")
2025-09-27T10:16:07.871	[34mINFO[0m	[database]	 SELECT        0 ms SELECT "u"."id", "u"."created_at", "u"."created_by", "u"."updated_at", "u"."updated_by", "u"."name", "u"."email", "u"."age", "u"."is_active", "u"."meta" FROM "test_user" AS "u" WHERE ("u"."created_at" <> "u"."updated_at")
2025-09-27T10:16:07.871	[34mINFO[0m	[database]	 SELECT        0 ms SELECT "p"."id", "p"."created_at", "p"."created_by", "p"."updated_at", "p"."updated_by", "p"."title", "p"."content", "p"."description", "p"."user_id", "p"."category_id", "p"."status", "p"."view_count" FROM "test_post" AS "p" WHERE ("p"."view_count" > "p"."view_count")
=== RUN   TestMultiDatabaseORM/TestSQLite/TestExpressionConditions
    condition_test.go:558: Testing expression conditions for sqlite
2025-09-27T10:16:07.871	[34mINFO[0m	[database]	 SELECT        0 ms SELECT "u"."id", "u"."created_at", "u"."created_by", "u"."updated_at", "u"."updated_by", "u"."name", "u"."email", "u"."age", "u"."is_active", "u"."meta" FROM "test_user" AS "u" WHERE (LENGTH("u"."name") > LENGTH('Alice'))
2025-09-27T10:16:07.871	[34mINFO[0m	[database]	 SELECT        0 ms SELECT "u"."id", "u"."created_at", "u"."created_by", "u"."updated_at", "u"."updated_by", "u"."name", "u"."email", "u"."age", "u"."is_active", "u"."meta" FROM "test_user" AS "u" WHERE (age < 30 AND is_active = TRUE)
2025-09-27T10:16:07.871	[34mINFO[0m	[database]	 SELECT        0 ms SELECT "u"."id", "u"."created_at", "u"."created_by", "u"."updated_at", "u"."updated_by", "u"."name", "u"."email", "u"."age", "u"."is_active", "u"."meta" FROM "test_user" AS "u" WHERE ("u"."age" > 20 + 5) ORDER BY "u"."age" ASC
=== RUN   TestMultiDatabaseORM/TestSQLite/TestInAndNotInConditions
    condition_test.go:101: Testing IN and NOT IN conditions for sqlite
2025-09-27T10:16:07.871	[34mINFO[0m	[database]	 SELECT        0 ms SELECT "u"."id", "u"."created_at", "u"."created_by", "u"."updated_at", "u"."updated_by", "u"."name", "u"."email", "u"."age", "u"."is_active", "u"."meta" FROM "test_user" AS "u" WHERE ("u"."email" IN ('alice@example.com', 'bob@example.com')) ORDER BY "u"."name" ASC
2025-09-27T10:16:07.871	[34mINFO[0m	[database]	 SELECT        0 ms SELECT "u"."id", "u"."created_at", "u"."created_by", "u"."updated_at", "u"."updated_by", "u"."name", "u"."email", "u"."age", "u"."is_active", "u"."meta" FROM "test_user" AS "u" WHERE ("u"."age" IN (25, 35)) ORDER BY "u"."age" ASC
2025-09-27T10:16:07.871	[34mINFO[0m	[database]	 SELECT        0 ms SELECT "u"."id", "u"."created_at", "u"."created_by", "u"."updated_at", "u"."updated_by", "u"."name", "u"."email", "u"."age", "u"."is_active", "u"."meta" FROM "test_user" AS "u" WHERE ("u"."email" NOT IN ('charlie@example.com')) ORDER BY "u"."name" ASC
2025-09-27T10:16:07.871	[34mINFO[0m	[database]	 SELECT        0 ms SELECT "u"."id", "u"."created_at", "u"."created_by", "u"."updated_at", "u"."updated_by", "u"."name", "u"."email", "u"."age", "u"."is_active", "u"."meta" FROM "test_user" AS "u" WHERE ("u"."id" IN (SELECT DISTINCT "p"."user_id" FROM "test_post" AS "p")) ORDER BY "u"."name" ASC
2025-09-27T10:16:07.871	[34mINFO[0m	[database]	 SELECT        0 ms SELECT "u"."id", "u"."created_at", "u"."created_by", "u"."updated_at", "u"."updated_by", "u"."name", "u"."email", "u"."age", "u"."is_active", "u"."meta" FROM "test_user" AS "u" WHERE ("u"."id" NOT IN (SELECT "p"."user_id" FROM "test_post" AS "p" WHERE ("p"."status" = 'draft'))) ORDER BY "u"."name" ASC
=== RUN   TestMultiDatabaseORM/TestSQLite/TestLogicalOperators
    condition_test.go:440: Testing logical operators for sqlite
2025-09-27T10:16:07.871	[34mINFO[0m	[database]	 SELECT        0 ms SELECT "u"."id", "u"."created_at", "u"."created_by", "u"."updated_at", "u"."updated_by", "u"."name", "u"."email", "u"."age", "u"."is_active", "u"."meta" FROM "test_user" AS "u" WHERE ("u"."is_active" = TRUE) AND ("u"."age" >= 30)
2025-09-27T10:16:07.871	[34mINFO[0m	[database]	 SELECT        0 ms SELECT "u"."id", "u"."created_at", "u"."created_by", "u"."updated_at", "u"."updated_by", "u"."name", "u"."email", "u"."age", "u"."is_active", "u"."meta" FROM "test_user" AS "u" WHERE ("u"."age" <= 25) OR ("u"."age" >= 35) ORDER BY "u"."age" ASC
2025-09-27T10:16:07.871	[34mINFO[0m	[database]	 SELECT        0 ms SELECT "u"."id", "u"."created_at", "u"."created_by", "u"."updated_at", "u"."updated_by", "u"."name", "u"."email", "u"."age", "u"."is_active", "u"."meta" FROM "test_user" AS "u" WHERE ("u"."is_active" = TRUE) AND (("u"."age" = 25) OR ("u"."age" = 30)) ORDER BY "u"."age" ASC
2025-09-27T10:16:07.871	[34mINFO[0m	[database]	 SELECT        0 ms SELECT "u"."id", "u"."created_at", "u"."created_by", "u"."updated_at", "u"."updated_by", "u"."name", "u"."email", "u"."age", "u"."is_active", "u"."meta" FROM "test_user" AS "u" WHERE (("u"."name" = 'Alice Johnson') OR ("u"."name" = 'Bob Smith')) AND (("u"."age" > 20) OR ("u"."age" < 40)) ORDER BY "u"."name" ASC
2025-09-27T10:16:07.871	[34mINFO[0m	[database]	 SELECT        0 ms SELECT "u"."id", "u"."created_at", "u"."created_by", "u"."updated_at", "u"."updated_by", "u"."name", "u"."email", "u"."age", "u"."is_active", "u"."meta" FROM "test_user" AS "u" WHERE ("u"."is_active" = TRUE) OR (("u"."name" = 'Charlie Brown') AND ("u"."age" > 30)) ORDER BY "u"."name" ASC
=== RUN   TestMultiDatabaseORM/TestSQLite/TestNullConditions
    condition_test.go:329: Testing NULL conditions for sqlite
2025-09-27T10:16:07.871	[34mINFO[0m	[database]	 SELECT        0 ms SELECT "p"."id", "p"."created_at", "p"."created_by", "p"."updated_at", "p"."updated_by", "p"."title", "p"."content", "p"."description", "p"."user_id", "p"."category_id", "p"."status", "p"."view_count" FROM "test_post" AS "p" WHERE ("p"."description" IS NOT NULL)
2025-09-27T10:16:07.871	[34mINFO[0m	[database]	 SELECT        0 ms SELECT "p"."id", "p"."created_at", "p"."created_by", "p"."updated_at", "p"."updated_by", "p"."title", "p"."content", "p"."description", "p"."user_id", "p"."category_id", "p"."status", "p"."view_count" FROM "test_post" AS "p" WHERE ("p"."description" IS NULL)
2025-09-27T10:16:07.871	[34mINFO[0m	[database]	 SELECT        0 ms SELECT "c"."id", "c"."created_at", "c"."created_by", "c"."updated_at", "c"."updated_by", "c"."name", "c"."description", "c"."parent_id" FROM "test_category" AS "c" WHERE ("c"."parent_id" IS NOT NULL)
2025-09-27T10:16:07.871	[34mINFO[0m	[database]	 SELECT        0 ms SELECT "c"."id", "c"."created_at", "c"."created_by", "c"."updated_at", "c"."updated_by", "c"."name", "c"."description", "c"."parent_id" FROM "test_category" AS "c" WHERE ("c"."parent_id" IS NULL) ORDER BY "c"."name" ASC
=== RUN   TestMultiDatabaseORM/TestSQLite/TestPrimaryKeyConditions
    condition_test.go:715: Testing primary key conditions for sqlite
2025-09-27T10:16:07.871	[34mINFO[0m	[database]	 SELECT        0 ms SELECT "u"."id", "u"."created_at", "u"."created_by", "u"."updated_at", "u"."updated_by", "u"."name", "u"."email", "u"."age", "u"."is_active", "u"."meta" FROM "test_user" AS "u" ORDER BY "u"."name" ASC LIMIT 1
2025-09-27T10:16:07.871	[34mINFO[0m	[database]	 SELECT        0 ms SELECT "u"."id", "u"."created_at", "u"."created_by", "u"."updated_at", "u"."updated_by", "u"."name", "u"."email", "u"."age", "u"."is_active", "u"."meta" FROM "test_user" AS "u" WHERE ("u"."id" = 'd3bkhps5cmcb9l8l0mng')
2025-09-27T10:16:07.871	[34mINFO[0m	[database]	 SELECT        0 ms SELECT "u"."id", "u"."created_at", "u"."created_by", "u"."updated_at", "u"."updated_by", "u"."name", "u"."email", "u"."age", "u"."is_active", "u"."meta" FROM "test_user" AS "u" WHERE ("u"."id" <> 'd3bkhps5cmcb9l8l0mng')
2025-09-27T10:16:07.872	[34mINFO[0m	[database]	 SELECT        0 ms SELECT "u"."id", "u"."created_at", "u"."created_by", "u"."updated_at", "u"."updated_by", "u"."name", "u"."email", "u"."age", "u"."is_active", "u"."meta" FROM "test_user" AS "u" ORDER BY "u"."name" ASC
2025-09-27T10:16:07.872	[34mINFO[0m	[database]	 SELECT        0 ms SELECT "u"."id", "u"."created_at", "u"."created_by", "u"."updated_at", "u"."updated_by", "u"."name", "u"."email", "u"."age", "u"."is_active", "u"."meta" FROM "test_user" AS "u" WHERE ("u"."id" IN ('d3bkhps5cmcb9l8l0mng', 'd3bkhps5cmcb9l8l0mo0')) ORDER BY "u"."name" ASC
2025-09-27T10:16:07.872	[34mINFO[0m	[database]	 SELECT        0 ms SELECT "u"."id", "u"."created_at", "u"."created_by", "u"."updated_at", "u"."updated_by", "u"."name", "u"."email", "u"."age", "u"."is_active", "u"."meta" FROM "test_user" AS "u" WHERE ("u"."id" NOT IN ('d3bkhps5cmcb9l8l0mng', 'd3bkhps5cmcb9l8l0mo0'))
=== RUN   TestMultiDatabaseORM/TestSQLite/TestStringConditions
    condition_test.go:237: Testing string conditions for sqlite
2025-09-27T10:16:07.872	[34mINFO[0m	[database]	 SELECT        0 ms SELECT "u"."id", "u"."created_at", "u"."created_by", "u"."updated_at", "u"."updated_by", "u"."name", "u"."email", "u"."age", "u"."is_active", "u"."meta" FROM "test_user" AS "u" WHERE ("u"."name" LIKE '%Johnson%')
2025-09-27T10:16:07.872	[34mINFO[0m	[database]	 SELECT        0 ms SELECT "u"."id", "u"."created_at", "u"."created_by", "u"."updated_at", "u"."updated_by", "u"."name", "u"."email", "u"."age", "u"."is_active", "u"."meta" FROM "test_user" AS "u" WHERE ("u"."name" LIKE 'Alice%')
2025-09-27T10:16:07.872	[34mINFO[0m	[database]	 SELECT        0 ms SELECT "u"."id", "u"."created_at", "u"."created_by", "u"."updated_at", "u"."updated_by", "u"."name", "u"."email", "u"."age", "u"."is_active", "u"."meta" FROM "test_user" AS "u" WHERE ("u"."name" LIKE '%Brown')
2025-09-27T10:16:07.872	[34mINFO[0m	[database]	 SELECT        0 ms SELECT "u"."id", "u"."created_at", "u"."created_by", "u"."updated_at", "u"."updated_by", "u"."name", "u"."email", "u"."age", "u"."is_active", "u"."meta" FROM "test_user" AS "u" WHERE ("u"."name" NOT LIKE '%Johnson%') ORDER BY "u"."name" ASC
2025-09-27T10:16:07.872	[34mINFO[0m	[database]	 SELECT        0 ms SELECT "u"."id", "u"."created_at", "u"."created_by", "u"."updated_at", "u"."updated_by", "u"."name", "u"."email", "u"."age", "u"."is_active", "u"."meta" FROM "test_user" AS "u" WHERE (("u"."name" LIKE '%Alice%') OR ("u"."name" LIKE '%Bob%')) ORDER BY "u"."name" ASC
2025-09-27T10:16:07.872	[34mINFO[0m	[database]	 SELECT        0 ms SELECT "u"."id", "u"."created_at", "u"."created_by", "u"."updated_at", "u"."updated_by", "u"."name", "u"."email", "u"."age", "u"."is_active", "u"."meta" FROM "test_user" AS "u" WHERE (("u"."name" LIKE 'Alice%') OR ("u"."name" LIKE 'Charlie%')) ORDER BY "u"."name" ASC
2025-09-27T10:16:07.872	[34mINFO[0m	[database]	 SELECT        0 ms SELECT "u"."id", "u"."created_at", "u"."created_by", "u"."updated_at", "u"."updated_by", "u"."name", "u"."email", "u"."age", "u"."is_active", "u"."meta" FROM "test_user" AS "u" WHERE (LOWER("u"."name") LIKE LOWER('%ALICE%'))
=== RUN   TestMultiDatabaseORM/TestSQLite/TestTimeConditions
    condition_test.go:658: Testing time conditions for sqlite
2025-09-27T10:16:07.872	[34mINFO[0m	[database]	 SELECT        0 ms SELECT "u"."id", "u"."created_at", "u"."created_by", "u"."updated_at", "u"."updated_by", "u"."name", "u"."email", "u"."age", "u"."is_active", "u"."meta" FROM "test_user" AS "u" WHERE ("u"."created_at" > '2025-09-26 02:16:07.872328+00:00')
2025-09-27T10:16:07.872	[34mINFO[0m	[database]	 SELECT        0 ms SELECT "u"."id", "u"."created_at", "u"."created_by", "u"."updated_at", "u"."updated_by", "u"."name", "u"."email", "u"."age", "u"."is_active", "u"."meta" FROM "test_user" AS "u" WHERE ("u"."created_at" < '2025-09-28 02:16:07.872328+00:00')
2025-09-27T10:16:07.872	[34mINFO[0m	[database]	 SELECT        0 ms SELECT "u"."id", "u"."created_at", "u"."created_by", "u"."updated_at", "u"."updated_by", "u"."name", "u"."email", "u"."age", "u"."is_active", "u"."meta" FROM "test_user" AS "u" WHERE ("u"."created_at" BETWEEN '2025-09-26 02:16:07.872328+00:00' AND '2025-09-28 02:16:07.872328+00:00')
2025-09-27T10:16:07.872	[34mINFO[0m	[database]	 SELECT        0 ms SELECT "u"."id", "u"."created_at", "u"."created_by", "u"."updated_at", "u"."updated_by", "u"."name", "u"."email", "u"."age", "u"."is_active", "u"."meta" FROM "test_user" AS "u" WHERE ("u"."updated_at" > '2025-09-26 02:16:07.872328+00:00')
=== NAME  TestMultiDatabaseORM/TestSQLite
    orm_test.go:127: Setting up ORM test suite for sqlite
2025-09-27T10:16:07.872	[34mINFO[0m	[database]	 DROP TABLE      0 ms DROP TABLE IF EXISTS "test_user"
2025-09-27T10:16:07.872	[34mINFO[0m	[database]	 CREATE TABLE      0 ms CREATE TABLE "test_user" ("id" VARCHAR NOT NULL, "created_at" timestamp NOT NULL DEFAULT CURRENT_TIMESTAMP, "created_by" VARCHAR NOT NULL, "updated_at" timestamp NOT NULL DEFAULT CURRENT_TIMESTAMP, "updated_by" VARCHAR NOT NULL, "name" VARCHAR NOT NULL, "email" VARCHAR NOT NULL, "age" INTEGER NOT NULL DEFAULT 0, "is_active" BOOLEAN NOT NULL, "meta" VARCHAR, PRIMARY KEY ("id"), UNIQUE ("email"))
2025-09-27T10:16:07.872	[34mINFO[0m	[database]	 INSERT        0 ms INSERT INTO "test_user" ("id", "created_at", "created_by", "updated_at", "updated_by", "name", "email", "age", "is_active", "meta") VALUES ('d3bkhps5cmcb9l8l0nag', '2025-09-27 10:16:07', 'system', '2025-09-27 10:16:07', 'system', 'Alice Johnson', 'alice@example.com', 30, TRUE, '{"interests":["golang","databases"],"role":"admin"}')
2025-09-27T10:16:07.872	[34mINFO[0m	[database]	 INSERT        0 ms INSERT INTO "test_user" ("id", "created_at", "created_by", "updated_at", "updated_by", "name", "email", "age", "is_active", "meta") VALUES ('d3bkhps5cmcb9l8l0nb0', '2025-09-27 10:16:07', 'system', '2025-09-27 10:16:07', 'system', 'Bob Smith', 'bob@example.com', 25, TRUE, '{"interests":["tutorials","postgres"],"role":"editor"}')
2025-09-27T10:16:07.873	[34mINFO[0m	[database]	 INSERT        0 ms INSERT INTO "test_user" ("id", "created_at", "created_by", "updated_at", "updated_by", "name", "email", "age", "is_active", "meta") VALUES ('d3bkhps5cmcb9l8l0nbg', '2025-09-27 10:16:07', 'system', '2025-09-27 10:16:07', 'system', 'Charlie Brown', 'charlie@example.com', 35, FALSE, '{"interests":["science"],"role":"viewer"}')
2025-09-27T10:16:07.873	[34mINFO[0m	[database]	 DROP TABLE      0 ms DROP TABLE IF EXISTS "test_category"
2025-09-27T10:16:07.873	[34mINFO[0m	[database]	 CREATE TABLE      0 ms CREATE TABLE "test_category" ("id" VARCHAR NOT NULL, "created_at" timestamp NOT NULL DEFAULT CURRENT_TIMESTAMP, "created_by" VARCHAR NOT NULL, "updated_at" timestamp NOT NULL DEFAULT CURRENT_TIMESTAMP, "updated_by" VARCHAR NOT NULL, "name" VARCHAR NOT NULL, "description" VARCHAR, "parent_id" VARCHAR, PRIMARY KEY ("id"), UNIQUE ("name"))
2025-09-27T10:16:07.873	[34mINFO[0m	[database]	 INSERT        0 ms INSERT INTO "test_category" ("id", "created_at", "created_by", "updated_at", "updated_by", "name", "description", "parent_id") VALUES ('d3bkhps5cmcb9l8l0nc0', '2025-09-27 10:16:07', 'system', '2025-09-27 10:16:07', 'system', 'Technology', 'Tech-related posts', NULL) RETURNING "parent_id"
2025-09-27T10:16:07.873	[34mINFO[0m	[database]	 INSERT        0 ms INSERT INTO "test_category" ("id", "created_at", "created_by", "updated_at", "updated_by", "name", "description", "parent_id") VALUES ('d3bkhps5cmcb9l8l0ncg', '2025-09-27 10:16:07', 'system', '2025-09-27 10:16:07', 'system', 'Science', 'Scientific articles', NULL) RETURNING "parent_id"
2025-09-27T10:16:07.873	[34mINFO[0m	[database]	 INSERT        0 ms INSERT INTO "test_category" ("id", "created_at", "created_by", "updated_at", "updated_by", "name", "description", "parent_id") VALUES ('d3bkhps5cmcb9l8l0nd0', '2025-09-27 10:16:07', 'system', '2025-09-27 10:16:07', 'system', 'Business', 'Business and economics', NULL) RETURNING "parent_id"
2025-09-27T10:16:07.873	[34mINFO[0m	[database]	 INSERT        0 ms INSERT INTO "test_category" ("id", "created_at", "created_by", "updated_at", "updated_by", "name", "description", "parent_id") VALUES ('d3bkhps5cmcb9l8l0ndg', '2025-09-27 10:16:07', 'system', '2025-09-27 10:16:07', 'system', 'GoLang', 'Go-related posts', 'd3bkhps5cmcb9l8l0nc0')
2025-09-27T10:16:07.873	[34mINFO[0m	[database]	 DROP TABLE      0 ms DROP TABLE IF EXISTS "test_tag"
2025-09-27T10:16:07.873	[34mINFO[0m	[database]	 CREATE TABLE      0 ms CREATE TABLE "test_tag" ("id" VARCHAR NOT NULL, "created_at" timestamp NOT NULL DEFAULT CURRENT_TIMESTAMP, "created_by" VARCHAR NOT NULL, "updated_at" timestamp NOT NULL DEFAULT CURRENT_TIMESTAMP, "updated_by" VARCHAR NOT NULL, "name" VARCHAR NOT NULL, "description" VARCHAR, PRIMARY KEY ("id"), UNIQUE ("name"))
2025-09-27T10:16:07.873	[34mINFO[0m	[database]	 INSERT        0 ms INSERT INTO "test_tag" ("id", "created_at", "created_by", "updated_at", "updated_by", "name", "description") VALUES ('d3bkhps5cmcb9l8l0ne0', '2025-09-27 10:16:07', 'system', '2025-09-27 10:16:07', 'system', 'programming', 'Programming related content')
2025-09-27T10:16:07.873	[34mINFO[0m	[database]	 INSERT        0 ms INSERT INTO "test_tag" ("id", "created_at", "created_by", "updated_at", "updated_by", "name", "description") VALUES ('d3bkhps5cmcb9l8l0neg', '2025-09-27 10:16:07', 'system', '2025-09-27 10:16:07', 'system', 'database', 'Database related content')
2025-09-27T10:16:07.873	[34mINFO[0m	[database]	 INSERT        0 ms INSERT INTO "test_tag" ("id", "created_at", "created_by", "updated_at", "updated_by", "name", "description") VALUES ('d3bkhps5cmcb9l8l0nf0', '2025-09-27 10:16:07', 'system', '2025-09-27 10:16:07', 'system', 'go', 'Go language topics')
2025-09-27T10:16:07.873	[34mINFO[0m	[database]	 INSERT        0 ms INSERT INTO "test_tag" ("id", "created_at", "created_by", "updated_at", "updated_by", "name", "description") VALUES ('d3bkhps5cmcb9l8l0nfg', '2025-09-27 10:16:07', 'system', '2025-09-27 10:16:07', 'system', 'tutorial', 'Tutorials and guides')
2025-09-27T10:16:07.873	[34mINFO[0m	[database]	 INSERT        0 ms INSERT INTO "test_tag" ("id", "created_at", "created_by", "updated_at", "updated_by", "name", "description") VALUES ('d3bkhps5cmcb9l8l0ng0', '2025-09-27 10:16:07', 'system', '2025-09-27 10:16:07', 'system', 'advanced', 'Advanced topics')
2025-09-27T10:16:07.873	[34mINFO[0m	[database]	 DROP TABLE      0 ms DROP TABLE IF EXISTS "test_post"
2025-09-27T10:16:07.873	[34mINFO[0m	[database]	 CREATE TABLE      0 ms CREATE TABLE "test_post" ("id" VARCHAR NOT NULL, "created_at" timestamp NOT NULL DEFAULT CURRENT_TIMESTAMP, "created_by" VARCHAR NOT NULL, "updated_at" timestamp NOT NULL DEFAULT CURRENT_TIMESTAMP, "updated_by" VARCHAR NOT NULL, "title" VARCHAR NOT NULL, "content" VARCHAR NOT NULL, "description" VARCHAR, "user_id" VARCHAR NOT NULL, "category_id" VARCHAR NOT NULL, "status" VARCHAR NOT NULL DEFAULT 'draft', "view_count" INTEGER NOT NULL DEFAULT 0, PRIMARY KEY ("id"))
2025-09-27T10:16:07.873	[34mINFO[0m	[database]	 INSERT        0 ms INSERT INTO "test_post" ("id", "created_at", "created_by", "updated_at", "updated_by", "title", "content", "description", "user_id", "category_id", "status", "view_count") VALUES ('d3bkhps5cmcb9l8l0ngg', '2025-09-27 10:16:07', 'd3bkhps5cmcb9l8l0nag', '2025-09-27 10:16:07', 'd3bkhps5cmcb9l8l0nag', 'Introduction to Go', 'Go is a programming language designed at Google.', 'Getting started with Go', 'd3bkhps5cmcb9l8l0nag', 'd3bkhps5cmcb9l8l0ndg', 'published', 123)
2025-09-27T10:16:07.874	[34mINFO[0m	[database]	 INSERT        0 ms INSERT INTO "test_post" ("id", "created_at", "created_by", "updated_at", "updated_by", "title", "content", "description", "user_id", "category_id", "status", "view_count") VALUES ('d3bkhps5cmcb9l8l0nh0', '2025-09-27 10:16:07', 'd3bkhps5cmcb9l8l0nb0', '2025-09-27 10:16:07', 'd3bkhps5cmcb9l8l0nb0', 'Database Design Basics', 'Good database design principles.', 'Normalization and relationships', 'd3bkhps5cmcb9l8l0nb0', 'd3bkhps5cmcb9l8l0nc0', 'published', 87)
2025-09-27T10:16:07.874	[34mINFO[0m	[database]	 INSERT        0 ms INSERT INTO "test_post" ("id", "created_at", "created_by", "updated_at", "updated_by", "title", "content", "description", "user_id", "category_id", "status", "view_count") VALUES ('d3bkhps5cmcb9l8l0nhg', '2025-09-27 10:16:07', 'd3bkhps5cmcb9l8l0nag', '2025-09-27 10:16:07', 'd3bkhps5cmcb9l8l0nag', 'Machine Learning Basics', 'An introduction to ML concepts and workflows.', 'Supervised vs unsupervised learning', 'd3bkhps5cmcb9l8l0nag', 'd3bkhps5cmcb9l8l0ncg', 'draft', 45)
2025-09-27T10:16:07.874	[34mINFO[0m	[database]	 INSERT        0 ms INSERT INTO "test_post" ("id", "created_at", "created_by", "updated_at", "updated_by", "title", "content", "description", "user_id", "category_id", "status", "view_count") VALUES ('d3bkhps5cmcb9l8l0ni0', '2025-09-27 10:16:07', 'd3bkhps5cmcb9l8l0nbg', '2025-09-27 10:16:07', 'd3bkhps5cmcb9l8l0nbg', 'Business Strategy Fundamentals', 'Effective business strategies and frameworks.', 'Strategic planning overview', 'd3bkhps5cmcb9l8l0nbg', 'd3bkhps5cmcb9l8l0nd0', 'published', 64)
2025-09-27T10:16:07.874	[34mINFO[0m	[database]	 INSERT        0 ms INSERT INTO "test_post" ("id", "created_at", "created_by", "updated_at", "updated_by", "title", "content", "description", "user_id", "category_id", "status", "view_count") VALUES ('d3bkhps5cmcb9l8l0nig', '2025-09-27 10:16:07', 'd3bkhps5cmcb9l8l0nag', '2025-09-27 10:16:07', 'd3bkhps5cmcb9l8l0nag', 'Advanced Go Patterns', 'Exploring advanced patterns and best practices in Go.', 'Idiomatic Go techniques', 'd3bkhps5cmcb9l8l0nag', 'd3bkhps5cmcb9l8l0ndg', 'review', 98)
2025-09-27T10:16:07.874	[34mINFO[0m	[database]	 INSERT        0 ms INSERT INTO "test_post" ("id", "created_at", "created_by", "updated_at", "updated_by", "title", "content", "description", "user_id", "category_id", "status", "view_count") VALUES ('d3bkhps5cmcb9l8l0nj0', '2025-09-27 10:16:07', 'd3bkhps5cmcb9l8l0nb0', '2025-09-27 10:16:07', 'd3bkhps5cmcb9l8l0nb0', 'Latest Trends in Science', 'A survey of recent scientific advancements.', 'Interdisciplinary highlights', 'd3bkhps5cmcb9l8l0nb0', 'd3bkhps5cmcb9l8l0ncg', 'published', 77)
2025-09-27T10:16:07.874	[34mINFO[0m	[database]	 INSERT        0 ms INSERT INTO "test_post" ("id", "created_at", "created_by", "updated_at", "updated_by", "title", "content", "description", "user_id", "category_id", "status", "view_count") VALUES ('d3bkhps5cmcb9l8l0njg', '2025-09-27 10:16:07', 'd3bkhps5cmcb9l8l0nbg', '2025-09-27 10:16:07', 'd3bkhps5cmcb9l8l0nbg', 'Practical Tech Tutorials', 'Hands-on guides for modern technology stacks.', 'Step-by-step tutorials', 'd3bkhps5cmcb9l8l0nbg', 'd3bkhps5cmcb9l8l0nc0', 'published', 52)
2025-09-27T10:16:07.874	[34mINFO[0m	[database]	 INSERT        0 ms INSERT INTO "test_post" ("id", "created_at", "created_by", "updated_at", "updated_by", "title", "content", "description", "user_id", "category_id", "status", "view_count") VALUES ('d3bkhps5cmcb9l8l0nk0', '2025-09-27 10:16:07', 'd3bkhps5cmcb9l8l0nag', '2025-09-27 10:16:07', 'd3bkhps5cmcb9l8l0nag', 'Startup Finance 101', 'Financial basics for early-stage startups.', 'Cash flow, runway, and budgeting', 'd3bkhps5cmcb9l8l0nag', 'd3bkhps5cmcb9l8l0nd0', 'published', 69)
2025-09-27T10:16:07.874	[34mINFO[0m	[database]	 DROP TABLE      0 ms DROP TABLE IF EXISTS "test_post_tag"
2025-09-27T10:16:07.874	[34mINFO[0m	[database]	 CREATE TABLE      0 ms CREATE TABLE "test_post_tag" ("id" VARCHAR NOT NULL, "created_at" timestamp NOT NULL DEFAULT CURRENT_TIMESTAMP, "created_by" VARCHAR NOT NULL, "updated_at" timestamp NOT NULL DEFAULT CURRENT_TIMESTAMP, "updated_by" VARCHAR NOT NULL, "post_id" VARCHAR NOT NULL, "tag_id" VARCHAR NOT NULL, PRIMARY KEY ("id"))
2025-09-27T10:16:07.874	[34mINFO[0m	[database]	 INSERT        0 ms INSERT INTO "test_post_tag" ("id", "created_at", "created_by", "updated_at", "updated_by", "post_id", "tag_id") VALUES ('d3bkhps5cmcb9l8l0nkg', '2025-09-27 10:16:07', 'system', '2025-09-27 10:16:07', 'system', 'd3bkhps5cmcb9l8l0ngg', 'd3bkhps5cmcb9l8l0ne0')
2025-09-27T10:16:07.874	[34mINFO[0m	[database]	 INSERT        0 ms INSERT INTO "test_post_tag" ("id", "created_at", "created_by", "updated_at", "updated_by", "post_id", "tag_id") VALUES ('d3bkhps5cmcb9l8l0nl0', '2025-09-27 10:16:07', 'system', '2025-09-27 10:16:07', 'system', 'd3bkhps5cmcb9l8l0ngg', 'd3bkhps5cmcb9l8l0nf0')
2025-09-27T10:16:07.874	[34mINFO[0m	[database]	 INSERT        0 ms INSERT INTO "test_post_tag" ("id", "created_at", "created_by", "updated_at", "updated_by", "post_id", "tag_id") VALUES ('d3bkhps5cmcb9l8l0nlg', '2025-09-27 10:16:07', 'system', '2025-09-27 10:16:07', 'system', 'd3bkhps5cmcb9l8l0ngg', 'd3bkhps5cmcb9l8l0nfg')
2025-09-27T10:16:07.874	[34mINFO[0m	[database]	 INSERT        0 ms INSERT INTO "test_post_tag" ("id", "created_at", "created_by", "updated_at", "updated_by", "post_id", "tag_id") VALUES ('d3bkhps5cmcb9l8l0nm0', '2025-09-27 10:16:07', 'system', '2025-09-27 10:16:07', 'system', 'd3bkhps5cmcb9l8l0nh0', 'd3bkhps5cmcb9l8l0neg')
2025-09-27T10:16:07.874	[34mINFO[0m	[database]	 INSERT        0 ms INSERT INTO "test_post_tag" ("id", "created_at", "created_by", "updated_at", "updated_by", "post_id", "tag_id") VALUES ('d3bkhps5cmcb9l8l0nmg', '2025-09-27 10:16:07', 'system', '2025-09-27 10:16:07', 'system', 'd3bkhps5cmcb9l8l0nh0', 'd3bkhps5cmcb9l8l0nfg')
2025-09-27T10:16:07.874	[34mINFO[0m	[database]	 INSERT        0 ms INSERT INTO "test_post_tag" ("id", "created_at", "created_by", "updated_at", "updated_by", "post_id", "tag_id") VALUES ('d3bkhps5cmcb9l8l0nn0', '2025-09-27 10:16:07', 'system', '2025-09-27 10:16:07', 'system', 'd3bkhps5cmcb9l8l0nhg', 'd3bkhps5cmcb9l8l0nfg')
2025-09-27T10:16:07.874	[34mINFO[0m	[database]	 INSERT        0 ms INSERT INTO "test_post_tag" ("id", "created_at", "created_by", "updated_at", "updated_by", "post_id", "tag_id") VALUES ('d3bkhps5cmcb9l8l0nng', '2025-09-27 10:16:07', 'system', '2025-09-27 10:16:07', 'system', 'd3bkhps5cmcb9l8l0nhg', 'd3bkhps5cmcb9l8l0ng0')
2025-09-27T10:16:07.874	[34mINFO[0m	[database]	 INSERT        0 ms INSERT INTO "test_post_tag" ("id", "created_at", "created_by", "updated_at", "updated_by", "post_id", "tag_id") VALUES ('d3bkhps5cmcb9l8l0no0', '2025-09-27 10:16:07', 'system', '2025-09-27 10:16:07', 'system', 'd3bkhps5cmcb9l8l0ni0', 'd3bkhps5cmcb9l8l0ng0')
2025-09-27T10:16:07.874	[34mINFO[0m	[database]	 INSERT        0 ms INSERT INTO "test_post_tag" ("id", "created_at", "created_by", "updated_at", "updated_by", "post_id", "tag_id") VALUES ('d3bkhps5cmcb9l8l0nog', '2025-09-27 10:16:07', 'system', '2025-09-27 10:16:07', 'system', 'd3bkhps5cmcb9l8l0ni0', 'd3bkhps5cmcb9l8l0nfg')
2025-09-27T10:16:07.874	[34mINFO[0m	[database]	 INSERT        0 ms INSERT INTO "test_post_tag" ("id", "created_at", "created_by", "updated_at", "updated_by", "post_id", "tag_id") VALUES ('d3bkhps5cmcb9l8l0np0', '2025-09-27 10:16:07', 'system', '2025-09-27 10:16:07', 'system', 'd3bkhps5cmcb9l8l0nig', 'd3bkhps5cmcb9l8l0nf0')
2025-09-27T10:16:07.874	[34mINFO[0m	[database]	 INSERT        0 ms INSERT INTO "test_post_tag" ("id", "created_at", "created_by", "updated_at", "updated_by", "post_id", "tag_id") VALUES ('d3bkhps5cmcb9l8l0npg', '2025-09-27 10:16:07', 'system', '2025-09-27 10:16:07', 'system', 'd3bkhps5cmcb9l8l0nig', 'd3bkhps5cmcb9l8l0ne0')
2025-09-27T10:16:07.874	[34mINFO[0m	[database]	 INSERT        0 ms INSERT INTO "test_post_tag" ("id", "created_at", "created_by", "updated_at", "updated_by", "post_id", "tag_id") VALUES ('d3bkhps5cmcb9l8l0nq0', '2025-09-27 10:16:07', 'system', '2025-09-27 10:16:07', 'system', 'd3bkhps5cmcb9l8l0nig', 'd3bkhps5cmcb9l8l0ng0')
2025-09-27T10:16:07.874	[34mINFO[0m	[database]	 INSERT        0 ms INSERT INTO "test_post_tag" ("id", "created_at", "created_by", "updated_at", "updated_by", "post_id", "tag_id") VALUES ('d3bkhps5cmcb9l8l0nqg', '2025-09-27 10:16:07', 'system', '2025-09-27 10:16:07', 'system', 'd3bkhps5cmcb9l8l0nj0', 'd3bkhps5cmcb9l8l0nfg')
2025-09-27T10:16:07.874	[34mINFO[0m	[database]	 INSERT        0 ms INSERT INTO "test_post_tag" ("id", "created_at", "created_by", "updated_at", "updated_by", "post_id", "tag_id") VALUES ('d3bkhps5cmcb9l8l0nr0', '2025-09-27 10:16:07', 'system', '2025-08-08 00:02:40', 'system', 'd3bkhps5cmcb9l8l0nj0', 'd3bkhps5cmcb9l8l0ng0')
2025-09-27T10:16:07.874	[34mINFO[0m	[database]	 INSERT        0 ms INSERT INTO "test_post_tag" ("id", "created_at", "created_by", "updated_at", "updated_by", "post_id", "tag_id") VALUES ('d3bkhps5cmcb9l8l0nrg', '2025-09-27 10:16:07', 'system', '2025-09-27 10:16:07', 'system', 'd3bkhps5cmcb9l8l0njg', 'd3bkhps5cmcb9l8l0nfg')
2025-09-27T10:16:07.874	[34mINFO[0m	[database]	 INSERT        0 ms INSERT INTO "test_post_tag" ("id", "created_at", "created_by", "updated_at", "updated_by", "post_id", "tag_id") VALUES ('d3bkhps5cmcb9l8l0ns0', '2025-09-27 10:16:07', 'system', '2025-09-27 10:16:07', 'system', 'd3bkhps5cmcb9l8l0njg', 'd3bkhps5cmcb9l8l0ne0')
2025-09-27T10:16:07.874	[34mINFO[0m	[database]	 INSERT        0 ms INSERT INTO "test_post_tag" ("id", "created_at", "created_by", "updated_at", "updated_by", "post_id", "tag_id") VALUES ('d3bkhps5cmcb9l8l0nsg', '2025-09-27 10:16:07', 'system', '2025-09-27 10:16:07', 'system', 'd3bkhps5cmcb9l8l0nk0', 'd3bkhps5cmcb9l8l0ng0')
2025-09-27T10:16:07.874	[34mINFO[0m	[database]	 INSERT        0 ms INSERT INTO "test_post_tag" ("id", "created_at", "created_by", "updated_at", "updated_by", "post_id", "tag_id") VALUES ('d3bkhps5cmcb9l8l0nt0', '2025-09-27 10:16:07', 'system', '2025-09-27 10:16:07', 'system', 'd3bkhps5cmcb9l8l0nk0', 'd3bkhps5cmcb9l8l0nfg')
2025-09-27T10:16:07.874	[34mINFO[0m	[database]	 CREATE TABLE      0 ms CREATE TABLE IF NOT EXISTS "test_simple" ("id" VARCHAR NOT NULL, "created_at" timestamp NOT NULL DEFAULT CURRENT_TIMESTAMP, "created_by" VARCHAR NOT NULL, "updated_at" timestamp NOT NULL DEFAULT CURRENT_TIMESTAMP, "updated_by" VARCHAR NOT NULL, "name" VARCHAR NOT NULL, "value" INTEGER NOT NULL, PRIMARY KEY ("id"))
2025-09-27T10:16:07.874	[34mINFO[0m	[database]	 CREATE TABLE      0 ms CREATE TABLE IF NOT EXISTS "test_complex" ("id" VARCHAR NOT NULL, "created_at" timestamp NOT NULL DEFAULT CURRENT_TIMESTAMP, "created_by" VARCHAR NOT NULL, "updated_at" timestamp NOT NULL DEFAULT CURRENT_TIMESTAMP, "updated_by" VARCHAR NOT NULL, "string_field" VARCHAR NOT NULL, "int_field" INTEGER NOT NULL, "float_field" DOUBLE PRECISION NOT NULL, "bool_field" BOOLEAN NOT NULL, "time_field" TIMESTAMP NOT NULL, "null_string" VARCHAR, "null_int" INTEGER, "null_time" TIMESTAMP, "json_field" VARCHAR, "array_field" VARCHAR, PRIMARY KEY ("id"))
    orm_test.go:161: Test fixtures loaded for sqlite database
=== RUN   TestMultiDatabaseORM/TestSQLite/TestBasicInsert
    insert_test.go:16: Testing basic INSERT for sqlite
2025-09-27T10:16:07.875	[34mINFO[0m	[database]	 INSERT        0 ms INSERT INTO "test_user" ("id", "created_at", "created_by", "updated_at", "updated_by", "name", "email", "age", "is_active", "meta") VALUES ('d3bkhps5cmcb9l8l0ntg', '2025-09-27 10:16:07', 'system', '2025-09-27 10:16:07', 'system', 'John Doe', 'john@example.com', 28, TRUE, 'null') RETURNING "created_by", "updated_by"
2025-09-27T10:16:07.875	[34mINFO[0m	[database]	 SELECT        0 ms SELECT "u"."id", "u"."created_at", "u"."created_by", "u"."updated_at", "u"."updated_by", "u"."name", "u"."email", "u"."age", "u"."is_active", "u"."meta" FROM "test_user" AS "u" WHERE ("u"."email" = 'john@example.com')
2025-09-27T10:16:07.875	[34mINFO[0m	[database]	 INSERT        0 ms INSERT INTO "test_user" ("id", "created_at", "created_by", "updated_at", "updated_by", "name", "email", "age", "is_active", "meta") VALUES ('d3bkhps5cmcb9l8l0nu0', '2025-09-27 10:16:07', 'system', '2025-09-27 10:16:07', 'system', 'Jane Smith', 'jane@example.com', 26, TRUE, 'null'), ('d3bkhps5cmcb9l8l0nug', '2025-09-27 10:16:07', 'system', '2025-09-27 10:16:07', 'system', 'Mike Wilson', 'mike@example.com', 31, FALSE, 'null') RETURNING "created_by", "updated_by"
2025-09-27T10:16:07.875	[34mINFO[0m	[database]	 SELECT        0 ms SELECT "u"."id", "u"."created_at", "u"."created_by", "u"."updated_at", "u"."updated_by", "u"."name", "u"."email", "u"."age", "u"."is_active", "u"."meta" FROM "test_user" AS "u" WHERE ("u"."email" IN ('jane@example.com', 'mike@example.com'))
2025-09-27T10:16:07.875	[34mINFO[0m	[database]	 INSERT        0 ms INSERT INTO "test_user" ("id", "created_at", "created_by", "updated_at", "updated_by", "name", "email", "age", "is_active", "meta") VALUES ('d3bkhps5cmcb9l8l0nv0', '2025-09-27 10:16:07', 'system', '2025-09-27 10:16:07', 'system', 'Specific User Updated', 'specific@example.com', 40, TRUE, 'null') RETURNING "created_by", "updated_by", "name"
2025-09-27T10:16:07.875	[34mINFO[0m	[database]	 SELECT        0 ms SELECT "u"."id", "u"."created_at", "u"."created_by", "u"."updated_at", "u"."updated_by", "u"."name", "u"."email", "u"."age", "u"."is_active", "u"."meta" FROM "test_user" AS "u" WHERE ("u"."email" = 'specific@example.com')
2025-09-27T10:16:07.875	[34mINFO[0m	[database]	 INSERT        0 ms INSERT INTO "test_user" ("id", "created_at", "created_by", "updated_at", "updated_by", "name", "email", "age", "is_active", "meta") VALUES ('d3bkhps5cmcb9l8l0nvg', '2025-09-27 10:16:07', 'system', '2025-09-27 10:16:07', 'system', 'Returning User', 'returning@example.com', 29, TRUE, 'null') RETURNING "id", "name", "email"
2025-09-27T10:16:07.875	[34mINFO[0m	[database]	 DELETE        0 ms DELETE FROM "test_user" AS "u" WHERE ("u"."email" IN ('john@example.com', 'jane@example.com', 'mike@example.com', 'specific@example.com', 'returning@example.com'))
=== RUN   TestMultiDatabaseORM/TestSQLite/TestInsertBulkOperations
    insert_test.go:309: Testing INSERT bulk operations for sqlite
2025-09-27T10:16:07.875	[34mINFO[0m	[database]	 INSERT        0 ms INSERT INTO "test_user" ("id", "created_at", "created_by", "updated_at", "updated_by", "name", "email", "age", "is_active", "meta") VALUES ('d3bkhps5cmcb9l8l0o00', '2025-09-27 10:16:07', 'system', '2025-09-27 10:16:07', 'system', 'Batch User 1', 'batch1@example.com', 20, TRUE, 'null'), ('d3bkhps5cmcb9l8l0o0g', '2025-09-27 10:16:07', 'system', '2025-09-27 10:16:07', 'system', 'Batch User 2', 'batch2@example.com', 21, FALSE, 'null'), ('d3bkhps5cmcb9l8l0o10', '2025-09-27 10:16:07', 'system', '2025-09-27 10:16:07', 'system', 'Batch User 3', 'batch3@example.com', 22, TRUE, 'null'), ('d3bkhps5cmcb9l8l0o1g', '2025-09-27 10:16:07', 'system', '2025-09-27 10:16:07', 'system', 'Batch User 4', 'batch4@example.com', 23, FALSE, 'null'), ('d3bkhps5cmcb9l8l0o20', '2025-09-27 10:16:07', 'system', '2025-09-27 10:16:07', 'system', 'Batch User 5', 'batch5@example.com', 24, TRUE, 'null'), ('d3bkhps5cmcb9l8l0o2g', '2025-09-27 10:16:07', 'system', '2025-09-27 10:16:07', 'system', 'Batch User 6', 'batch6@example.com', 25, FALSE, 'null'), ('d3bkhps5cmcb9l8l0o30', '2025-09-27 10:16:07', 'system', '2025-09-27 10:16:07', 'system', 'Batch User 7', 'batch7@example.com', 26, TRUE, 'null'), ('d3bkhps5cmcb9l8l0o3g', '2025-09-27 10:16:07', 'system', '2025-09-27 10:16:07', 'system', 'Batch User 8', 'batch8@example.com', 27, FALSE, 'null'), ('d3bkhps5cmcb9l8l0o40', '2025-09-27 10:16:07', 'system', '2025-09-27 10:16:07', 'system', 'Batch User 9', 'batch9@example.com', 28, TRUE, 'null'), ('d3bkhps5cmcb9l8l0o4g', '2025-09-27 10:16:07', 'system', '2025-09-27 10:16:07', 'system', 'Batch User 10', 'batch10@example.com', 29, FALSE, 'null') RETURNING "created_by", "updated_by"
    insert_test.go:329: Batch insert of 10 users took 77.292µs
2025-09-27T10:16:07.875	[34mINFO[0m	[database]	 SELECT        0 ms SELECT "u"."id", "u"."created_at", "u"."created_by", "u"."updated_at", "u"."updated_by", "u"."name", "u"."email", "u"."age", "u"."is_active", "u"."meta" FROM "test_user" AS "u" WHERE ("u"."email" LIKE 'batch%')
2025-09-27T10:16:07.875	[34mINFO[0m	[database]	 SELECT        0 ms SELECT "c"."id", "c"."created_at", "c"."created_by", "c"."updated_at", "c"."updated_by", "c"."name", "c"."description", "c"."parent_id" FROM "test_category" AS "c" LIMIT 1
2025-09-27T10:16:07.875	[34mINFO[0m	[database]	 SELECT        0 ms SELECT "c"."id", "c"."created_at", "c"."created_by", "c"."updated_at", "c"."updated_by", "c"."name", "c"."description", "c"."parent_id" FROM "test_category" AS "c" LIMIT 1
2025-09-27T10:16:07.875	[34mINFO[0m	[database]	 INSERT        0 ms INSERT INTO "test_post" ("id", "created_at", "created_by", "updated_at", "updated_by", "title", "content", "description", "user_id", "category_id", "status", "view_count") VALUES ('d3bkhps5cmcb9l8l0o50', '2025-09-27 10:16:07', 'system', '2025-09-27 10:16:07', 'system', 'Batch Post 1', 'Content for batch post 1', 'Description 1', 'd3bkhps5cmcb9l8l0o00', 'd3bkhps5cmcb9l8l0nc0', 'published', 100), ('d3bkhps5cmcb9l8l0o5g', '2025-09-27 10:16:07', 'system', '2025-09-27 10:16:07', 'system', 'Batch Post 2', 'Content for batch post 2', NULL, 'd3bkhps5cmcb9l8l0o0g', 'd3bkhps5cmcb9l8l0nc0', 'draft', 0) RETURNING "created_by", "updated_by", "description", "view_count"
2025-09-27T10:16:07.875	[34mINFO[0m	[database]	 SELECT        0 ms SELECT "p"."id", "p"."created_at", "p"."created_by", "p"."updated_at", "p"."updated_by", "p"."title", "p"."content", "p"."description", "p"."user_id", "p"."category_id", "p"."status", "p"."view_count" FROM "test_post" AS "p" WHERE ("p"."title" LIKE 'Batch Post%')
2025-09-27T10:16:07.875	[34mINFO[0m	[database]	 DELETE        0 ms DELETE FROM "test_post" AS "p" WHERE ("p"."title" LIKE 'Batch Post%')
2025-09-27T10:16:07.875	[34mINFO[0m	[database]	 DELETE        0 ms DELETE FROM "test_user" AS "u" WHERE ("u"."email" LIKE 'batch%')
=== RUN   TestMultiDatabaseORM/TestSQLite/TestInsertComplexModel
    insert_test.go:222: Testing INSERT with complex model for sqlite
2025-09-27T10:16:07.875	[34mINFO[0m	[database]	 INSERT        0 ms INSERT INTO "test_complex" ("id", "created_at", "created_by", "updated_at", "updated_by", "string_field", "int_field", "float_field", "bool_field", "time_field", "null_string", "null_int", "null_time", "json_field", "array_field") VALUES ('d3bkhps5cmcb9l8l0o60', '2025-09-27 10:16:07', 'system', '2025-09-27 10:16:07', 'system', 'test string', 42, 3.14159, TRUE, '2025-09-27 02:16:07.875616+00:00', NULL, NULL, '2025-09-27 02:16:07.875616+00:00', '{"key1":"value1","key2":42,"nested":{"subkey":"subvalue"}}', 'null') RETURNING "created_by", "updated_by", "null_string", "null_int"
2025-09-27T10:16:07.875	[34mINFO[0m	[database]	 SELECT        0 ms SELECT "cm"."id", "cm"."created_at", "cm"."created_by", "cm"."updated_at", "cm"."updated_by", "cm"."string_field", "cm"."int_field", "cm"."float_field", "cm"."bool_field", "cm"."time_field", "cm"."null_string", "cm"."null_int", "cm"."null_time", "cm"."json_field", "cm"."array_field" FROM "test_complex" AS "cm" WHERE ("cm"."id" = 'd3bkhps5cmcb9l8l0o60')
2025-09-27T10:16:07.875	[34mINFO[0m	[database]	 DELETE        0 ms DELETE FROM "test_complex" AS "cm" WHERE ("cm"."id" = 'd3bkhps5cmcb9l8l0o60')
=== RUN   TestMultiDatabaseORM/TestSQLite/TestInsertErrorHandling
    insert_test.go:406: Testing INSERT error handling for sqlite
2025-09-27T10:16:07.875	[34mINFO[0m	[database]	 INSERT        0 ms INSERT INTO "test_user" ("id", "created_at", "created_by", "updated_at", "updated_by", "name", "email", "age", "is_active", "meta") VALUES ('d3bkhps5cmcb9l8l0o6g', '2025-09-27 10:16:07', 'system', '2025-09-27 10:16:07', 'system', 'Original User', 'unique@example.com', 25, TRUE, 'null') RETURNING "created_by", "updated_by"
2025-09-27T10:16:07.875	[31mERROR[0m	[database]	 INSERT        0 ms INSERT INTO "test_user" ("id", "created_at", "created_by", "updated_at", "updated_by", "name", "email", "age", "is_active", "meta") VALUES ('d3bkhps5cmcb9l8l0o70', '2025-09-27 10:16:07', 'system', '2025-09-27 10:16:07', 'system', 'Duplicate User', 'unique@example.com', 30, FALSE, 'null') RETURNING "created_by", "updated_by"  constraint failed: UNIQUE constraint failed: test_user.email (2067) 
2025-09-27T10:16:07.875	[33mWARN[0m	[orm]	Record already exists: constraint failed: UNIQUE constraint failed: test_user.email (2067)
2025-09-27T10:16:07.875	[31mERROR[0m	[database]	 INSERT        0 ms INSERT INTO "test_user" ("id", "created_at", "created_by", "updated_at", "updated_by", "name", "email", "is_active", "meta") VALUES ('d3bkhps5cmcb9l8l0o7g', '2025-09-27 10:16:07', 'system', '2025-09-27 10:16:07', 'system', NULL, NULL, FALSE, 'null') RETURNING "age", "created_by", "updated_by", "name", "email"  constraint failed: NOT NULL constraint failed: test_user.name (1299) 
2025-09-27T10:16:07.875	[34mINFO[0m	[database]	 DELETE        0 ms DELETE FROM "test_user" AS "u" WHERE ("u"."email" = 'unique@example.com')
=== RUN   TestMultiDatabaseORM/TestSQLite/TestInsertWithConflict
    insert_test.go:136: Testing INSERT with conflict resolution for sqlite
2025-09-27T10:16:07.875	[34mINFO[0m	[database]	 INSERT        0 ms INSERT INTO "test_user" ("id", "created_at", "created_by", "updated_at", "updated_by", "name", "email", "age", "is_active", "meta") VALUES ('d3bkhps5cmcb9l8l0o80', '2025-09-27 10:16:07', 'system', '2025-09-27 10:16:07', 'system', 'Conflict User', 'conflict@example.com', 30, TRUE, 'null') RETURNING "created_by", "updated_by"
2025-09-27T10:16:07.875	[34mINFO[0m	[database]	 INSERT        0 ms INSERT INTO "test_user" AS "u" ("id", "created_at", "created_by", "updated_at", "updated_by", "name", "email", "age", "is_active", "meta") VALUES ('d3bkhps5cmcb9l8l0o8g', '2025-09-27 10:16:07', 'system', '2025-09-27 10:16:07', 'system', 'Duplicate User', 'conflict@example.com', 25, FALSE, 'null') ON CONFLICT ("email") DO NOTHING RETURNING "created_by", "updated_by"
2025-09-27T10:16:07.875	[34mINFO[0m	[database]	 SELECT        0 ms SELECT "u"."id", "u"."created_at", "u"."created_by", "u"."updated_at", "u"."updated_by", "u"."name", "u"."email", "u"."age", "u"."is_active", "u"."meta" FROM "test_user" AS "u" WHERE ("u"."email" = 'conflict@example.com')
2025-09-27T10:16:07.875	[34mINFO[0m	[database]	 INSERT        0 ms INSERT INTO "test_user" AS "u" ("id", "created_at", "created_by", "updated_at", "updated_by", "name", "email", "age", "is_active", "meta") VALUES ('d3bkhps5cmcb9l8l0o90', '2025-09-27 10:16:07', 'system', '2025-09-27 10:16:07', 'system', 'Updated Conflict User', 'conflict@example.com', 35, FALSE, 'null') ON CONFLICT ("email") DO UPDATE SET "name" = 'Updated Conflict User', "age" = 35, "is_active" = FALSE RETURNING "created_by", "updated_by"
2025-09-27T10:16:07.875	[34mINFO[0m	[database]	 SELECT        0 ms SELECT "u"."id", "u"."created_at", "u"."created_by", "u"."updated_at", "u"."updated_by", "u"."name", "u"."email", "u"."age", "u"."is_active", "u"."meta" FROM "test_user" AS "u" WHERE ("u"."email" = 'conflict@example.com')
2025-09-27T10:16:07.876	[34mINFO[0m	[database]	 DELETE        0 ms DELETE FROM "test_user" AS "u" WHERE ("u"."email" = 'conflict@example.com')
=== NAME  TestMultiDatabaseORM/TestSQLite
    orm_test.go:127: Setting up ORM test suite for sqlite
2025-09-27T10:16:07.876	[34mINFO[0m	[database]	 DROP TABLE      0 ms DROP TABLE IF EXISTS "test_user"
2025-09-27T10:16:07.876	[34mINFO[0m	[database]	 CREATE TABLE      0 ms CREATE TABLE "test_user" ("id" VARCHAR NOT NULL, "created_at" timestamp NOT NULL DEFAULT CURRENT_TIMESTAMP, "created_by" VARCHAR NOT NULL, "updated_at" timestamp NOT NULL DEFAULT CURRENT_TIMESTAMP, "updated_by" VARCHAR NOT NULL, "name" VARCHAR NOT NULL, "email" VARCHAR NOT NULL, "age" INTEGER NOT NULL DEFAULT 0, "is_active" BOOLEAN NOT NULL, "meta" VARCHAR, PRIMARY KEY ("id"), UNIQUE ("email"))
2025-09-27T10:16:07.876	[34mINFO[0m	[database]	 INSERT        0 ms INSERT INTO "test_user" ("id", "created_at", "created_by", "updated_at", "updated_by", "name", "email", "age", "is_active", "meta") VALUES ('d3bkhps5cmcb9l8l0o9g', '2025-09-27 10:16:07', 'system', '2025-09-27 10:16:07', 'system', 'Alice Johnson', 'alice@example.com', 30, TRUE, '{"interests":["golang","databases"],"role":"admin"}')
2025-09-27T10:16:07.876	[34mINFO[0m	[database]	 INSERT        0 ms INSERT INTO "test_user" ("id", "created_at", "created_by", "updated_at", "updated_by", "name", "email", "age", "is_active", "meta") VALUES ('d3bkhps5cmcb9l8l0oa0', '2025-09-27 10:16:07', 'system', '2025-09-27 10:16:07', 'system', 'Bob Smith', 'bob@example.com', 25, TRUE, '{"interests":["tutorials","postgres"],"role":"editor"}')
2025-09-27T10:16:07.876	[34mINFO[0m	[database]	 INSERT        0 ms INSERT INTO "test_user" ("id", "created_at", "created_by", "updated_at", "updated_by", "name", "email", "age", "is_active", "meta") VALUES ('d3bkhps5cmcb9l8l0oag', '2025-09-27 10:16:07', 'system', '2025-09-27 10:16:07', 'system', 'Charlie Brown', 'charlie@example.com', 35, FALSE, '{"interests":["science"],"role":"viewer"}')
2025-09-27T10:16:07.876	[34mINFO[0m	[database]	 DROP TABLE      0 ms DROP TABLE IF EXISTS "test_category"
2025-09-27T10:16:07.876	[34mINFO[0m	[database]	 CREATE TABLE      0 ms CREATE TABLE "test_category" ("id" VARCHAR NOT NULL, "created_at" timestamp NOT NULL DEFAULT CURRENT_TIMESTAMP, "created_by" VARCHAR NOT NULL, "updated_at" timestamp NOT NULL DEFAULT CURRENT_TIMESTAMP, "updated_by" VARCHAR NOT NULL, "name" VARCHAR NOT NULL, "description" VARCHAR, "parent_id" VARCHAR, PRIMARY KEY ("id"), UNIQUE ("name"))
2025-09-27T10:16:07.876	[34mINFO[0m	[database]	 INSERT        0 ms INSERT INTO "test_category" ("id", "created_at", "created_by", "updated_at", "updated_by", "name", "description", "parent_id") VALUES ('d3bkhps5cmcb9l8l0ob0', '2025-09-27 10:16:07', 'system', '2025-09-27 10:16:07', 'system', 'Technology', 'Tech-related posts', NULL) RETURNING "parent_id"
2025-09-27T10:16:07.876	[34mINFO[0m	[database]	 INSERT        0 ms INSERT INTO "test_category" ("id", "created_at", "created_by", "updated_at", "updated_by", "name", "description", "parent_id") VALUES ('d3bkhps5cmcb9l8l0obg', '2025-09-27 10:16:07', 'system', '2025-09-27 10:16:07', 'system', 'Science', 'Scientific articles', NULL) RETURNING "parent_id"
2025-09-27T10:16:07.876	[34mINFO[0m	[database]	 INSERT        0 ms INSERT INTO "test_category" ("id", "created_at", "created_by", "updated_at", "updated_by", "name", "description", "parent_id") VALUES ('d3bkhps5cmcb9l8l0oc0', '2025-09-27 10:16:07', 'system', '2025-09-27 10:16:07', 'system', 'Business', 'Business and economics', NULL) RETURNING "parent_id"
2025-09-27T10:16:07.876	[34mINFO[0m	[database]	 INSERT        0 ms INSERT INTO "test_category" ("id", "created_at", "created_by", "updated_at", "updated_by", "name", "description", "parent_id") VALUES ('d3bkhps5cmcb9l8l0ocg', '2025-09-27 10:16:07', 'system', '2025-09-27 10:16:07', 'system', 'GoLang', 'Go-related posts', 'd3bkhps5cmcb9l8l0ob0')
2025-09-27T10:16:07.876	[34mINFO[0m	[database]	 DROP TABLE      0 ms DROP TABLE IF EXISTS "test_tag"
2025-09-27T10:16:07.876	[34mINFO[0m	[database]	 CREATE TABLE      0 ms CREATE TABLE "test_tag" ("id" VARCHAR NOT NULL, "created_at" timestamp NOT NULL DEFAULT CURRENT_TIMESTAMP, "created_by" VARCHAR NOT NULL, "updated_at" timestamp NOT NULL DEFAULT CURRENT_TIMESTAMP, "updated_by" VARCHAR NOT NULL, "name" VARCHAR NOT NULL, "description" VARCHAR, PRIMARY KEY ("id"), UNIQUE ("name"))
2025-09-27T10:16:07.876	[34mINFO[0m	[database]	 INSERT        0 ms INSERT INTO "test_tag" ("id", "created_at", "created_by", "updated_at", "updated_by", "name", "description") VALUES ('d3bkhps5cmcb9l8l0od0', '2025-09-27 10:16:07', 'system', '2025-09-27 10:16:07', 'system', 'programming', 'Programming related content')
2025-09-27T10:16:07.876	[34mINFO[0m	[database]	 INSERT        0 ms INSERT INTO "test_tag" ("id", "created_at", "created_by", "updated_at", "updated_by", "name", "description") VALUES ('d3bkhps5cmcb9l8l0odg', '2025-09-27 10:16:07', 'system', '2025-09-27 10:16:07', 'system', 'database', 'Database related content')
2025-09-27T10:16:07.876	[34mINFO[0m	[database]	 INSERT        0 ms INSERT INTO "test_tag" ("id", "created_at", "created_by", "updated_at", "updated_by", "name", "description") VALUES ('d3bkhps5cmcb9l8l0oe0', '2025-09-27 10:16:07', 'system', '2025-09-27 10:16:07', 'system', 'go', 'Go language topics')
2025-09-27T10:16:07.876	[34mINFO[0m	[database]	 INSERT        0 ms INSERT INTO "test_tag" ("id", "created_at", "created_by", "updated_at", "updated_by", "name", "description") VALUES ('d3bkhps5cmcb9l8l0oeg', '2025-09-27 10:16:07', 'system', '2025-09-27 10:16:07', 'system', 'tutorial', 'Tutorials and guides')
2025-09-27T10:16:07.876	[34mINFO[0m	[database]	 INSERT        0 ms INSERT INTO "test_tag" ("id", "created_at", "created_by", "updated_at", "updated_by", "name", "description") VALUES ('d3bkhps5cmcb9l8l0of0', '2025-09-27 10:16:07', 'system', '2025-09-27 10:16:07', 'system', 'advanced', 'Advanced topics')
2025-09-27T10:16:07.876	[34mINFO[0m	[database]	 DROP TABLE      0 ms DROP TABLE IF EXISTS "test_post"
2025-09-27T10:16:07.876	[34mINFO[0m	[database]	 CREATE TABLE      0 ms CREATE TABLE "test_post" ("id" VARCHAR NOT NULL, "created_at" timestamp NOT NULL DEFAULT CURRENT_TIMESTAMP, "created_by" VARCHAR NOT NULL, "updated_at" timestamp NOT NULL DEFAULT CURRENT_TIMESTAMP, "updated_by" VARCHAR NOT NULL, "title" VARCHAR NOT NULL, "content" VARCHAR NOT NULL, "description" VARCHAR, "user_id" VARCHAR NOT NULL, "category_id" VARCHAR NOT NULL, "status" VARCHAR NOT NULL DEFAULT 'draft', "view_count" INTEGER NOT NULL DEFAULT 0, PRIMARY KEY ("id"))
2025-09-27T10:16:07.877	[34mINFO[0m	[database]	 INSERT        0 ms INSERT INTO "test_post" ("id", "created_at", "created_by", "updated_at", "updated_by", "title", "content", "description", "user_id", "category_id", "status", "view_count") VALUES ('d3bkhps5cmcb9l8l0ofg', '2025-09-27 10:16:07', 'd3bkhps5cmcb9l8l0o9g', '2025-09-27 10:16:07', 'd3bkhps5cmcb9l8l0o9g', 'Introduction to Go', 'Go is a programming language designed at Google.', 'Getting started with Go', 'd3bkhps5cmcb9l8l0o9g', 'd3bkhps5cmcb9l8l0ocg', 'published', 123)
2025-09-27T10:16:07.877	[34mINFO[0m	[database]	 INSERT        0 ms INSERT INTO "test_post" ("id", "created_at", "created_by", "updated_at", "updated_by", "title", "content", "description", "user_id", "category_id", "status", "view_count") VALUES ('d3bkhps5cmcb9l8l0og0', '2025-09-27 10:16:07', 'd3bkhps5cmcb9l8l0oa0', '2025-09-27 10:16:07', 'd3bkhps5cmcb9l8l0oa0', 'Database Design Basics', 'Good database design principles.', 'Normalization and relationships', 'd3bkhps5cmcb9l8l0oa0', 'd3bkhps5cmcb9l8l0ob0', 'published', 87)
2025-09-27T10:16:07.877	[34mINFO[0m	[database]	 INSERT        0 ms INSERT INTO "test_post" ("id", "created_at", "created_by", "updated_at", "updated_by", "title", "content", "description", "user_id", "category_id", "status", "view_count") VALUES ('d3bkhps5cmcb9l8l0ogg', '2025-09-27 10:16:07', 'd3bkhps5cmcb9l8l0o9g', '2025-09-27 10:16:07', 'd3bkhps5cmcb9l8l0o9g', 'Machine Learning Basics', 'An introduction to ML concepts and workflows.', 'Supervised vs unsupervised learning', 'd3bkhps5cmcb9l8l0o9g', 'd3bkhps5cmcb9l8l0obg', 'draft', 45)
2025-09-27T10:16:07.877	[34mINFO[0m	[database]	 INSERT        0 ms INSERT INTO "test_post" ("id", "created_at", "created_by", "updated_at", "updated_by", "title", "content", "description", "user_id", "category_id", "status", "view_count") VALUES ('d3bkhps5cmcb9l8l0oh0', '2025-09-27 10:16:07', 'd3bkhps5cmcb9l8l0oag', '2025-09-27 10:16:07', 'd3bkhps5cmcb9l8l0oag', 'Business Strategy Fundamentals', 'Effective business strategies and frameworks.', 'Strategic planning overview', 'd3bkhps5cmcb9l8l0oag', 'd3bkhps5cmcb9l8l0oc0', 'published', 64)
2025-09-27T10:16:07.877	[34mINFO[0m	[database]	 INSERT        0 ms INSERT INTO "test_post" ("id", "created_at", "created_by", "updated_at", "updated_by", "title", "content", "description", "user_id", "category_id", "status", "view_count") VALUES ('d3bkhps5cmcb9l8l0ohg', '2025-09-27 10:16:07', 'd3bkhps5cmcb9l8l0o9g', '2025-09-27 10:16:07', 'd3bkhps5cmcb9l8l0o9g', 'Advanced Go Patterns', 'Exploring advanced patterns and best practices in Go.', 'Idiomatic Go techniques', 'd3bkhps5cmcb9l8l0o9g', 'd3bkhps5cmcb9l8l0ocg', 'review', 98)
2025-09-27T10:16:07.877	[34mINFO[0m	[database]	 INSERT        0 ms INSERT INTO "test_post" ("id", "created_at", "created_by", "updated_at", "updated_by", "title", "content", "description", "user_id", "category_id", "status", "view_count") VALUES ('d3bkhps5cmcb9l8l0oi0', '2025-09-27 10:16:07', 'd3bkhps5cmcb9l8l0oa0', '2025-09-27 10:16:07', 'd3bkhps5cmcb9l8l0oa0', 'Latest Trends in Science', 'A survey of recent scientific advancements.', 'Interdisciplinary highlights', 'd3bkhps5cmcb9l8l0oa0', 'd3bkhps5cmcb9l8l0obg', 'published', 77)
2025-09-27T10:16:07.877	[34mINFO[0m	[database]	 INSERT        0 ms INSERT INTO "test_post" ("id", "created_at", "created_by", "updated_at", "updated_by", "title", "content", "description", "user_id", "category_id", "status", "view_count") VALUES ('d3bkhps5cmcb9l8l0oig', '2025-09-27 10:16:07', 'd3bkhps5cmcb9l8l0oag', '2025-09-27 10:16:07', 'd3bkhps5cmcb9l8l0oag', 'Practical Tech Tutorials', 'Hands-on guides for modern technology stacks.', 'Step-by-step tutorials', 'd3bkhps5cmcb9l8l0oag', 'd3bkhps5cmcb9l8l0ob0', 'published', 52)
2025-09-27T10:16:07.877	[34mINFO[0m	[database]	 INSERT        0 ms INSERT INTO "test_post" ("id", "created_at", "created_by", "updated_at", "updated_by", "title", "content", "description", "user_id", "category_id", "status", "view_count") VALUES ('d3bkhps5cmcb9l8l0oj0', '2025-09-27 10:16:07', 'd3bkhps5cmcb9l8l0o9g', '2025-09-27 10:16:07', 'd3bkhps5cmcb9l8l0o9g', 'Startup Finance 101', 'Financial basics for early-stage startups.', 'Cash flow, runway, and budgeting', 'd3bkhps5cmcb9l8l0o9g', 'd3bkhps5cmcb9l8l0oc0', 'published', 69)
2025-09-27T10:16:07.877	[34mINFO[0m	[database]	 DROP TABLE      0 ms DROP TABLE IF EXISTS "test_post_tag"
2025-09-27T10:16:07.877	[34mINFO[0m	[database]	 CREATE TABLE      0 ms CREATE TABLE "test_post_tag" ("id" VARCHAR NOT NULL, "created_at" timestamp NOT NULL DEFAULT CURRENT_TIMESTAMP, "created_by" VARCHAR NOT NULL, "updated_at" timestamp NOT NULL DEFAULT CURRENT_TIMESTAMP, "updated_by" VARCHAR NOT NULL, "post_id" VARCHAR NOT NULL, "tag_id" VARCHAR NOT NULL, PRIMARY KEY ("id"))
2025-09-27T10:16:07.877	[34mINFO[0m	[database]	 INSERT        0 ms INSERT INTO "test_post_tag" ("id", "created_at", "created_by", "updated_at", "updated_by", "post_id", "tag_id") VALUES ('d3bkhps5cmcb9l8l0ojg', '2025-09-27 10:16:07', 'system', '2025-09-27 10:16:07', 'system', 'd3bkhps5cmcb9l8l0ofg', 'd3bkhps5cmcb9l8l0od0')
2025-09-27T10:16:07.877	[34mINFO[0m	[database]	 INSERT        0 ms INSERT INTO "test_post_tag" ("id", "created_at", "created_by", "updated_at", "updated_by", "post_id", "tag_id") VALUES ('d3bkhps5cmcb9l8l0ok0', '2025-09-27 10:16:07', 'system', '2025-09-27 10:16:07', 'system', 'd3bkhps5cmcb9l8l0ofg', 'd3bkhps5cmcb9l8l0oe0')
2025-09-27T10:16:07.877	[34mINFO[0m	[database]	 INSERT        0 ms INSERT INTO "test_post_tag" ("id", "created_at", "created_by", "updated_at", "updated_by", "post_id", "tag_id") VALUES ('d3bkhps5cmcb9l8l0okg', '2025-09-27 10:16:07', 'system', '2025-09-27 10:16:07', 'system', 'd3bkhps5cmcb9l8l0ofg', 'd3bkhps5cmcb9l8l0oeg')
2025-09-27T10:16:07.877	[34mINFO[0m	[database]	 INSERT        0 ms INSERT INTO "test_post_tag" ("id", "created_at", "created_by", "updated_at", "updated_by", "post_id", "tag_id") VALUES ('d3bkhps5cmcb9l8l0ol0', '2025-09-27 10:16:07', 'system', '2025-09-27 10:16:07', 'system', 'd3bkhps5cmcb9l8l0og0', 'd3bkhps5cmcb9l8l0odg')
2025-09-27T10:16:07.877	[34mINFO[0m	[database]	 INSERT        0 ms INSERT INTO "test_post_tag" ("id", "created_at", "created_by", "updated_at", "updated_by", "post_id", "tag_id") VALUES ('d3bkhps5cmcb9l8l0olg', '2025-09-27 10:16:07', 'system', '2025-09-27 10:16:07', 'system', 'd3bkhps5cmcb9l8l0og0', 'd3bkhps5cmcb9l8l0oeg')
2025-09-27T10:16:07.877	[34mINFO[0m	[database]	 INSERT        0 ms INSERT INTO "test_post_tag" ("id", "created_at", "created_by", "updated_at", "updated_by", "post_id", "tag_id") VALUES ('d3bkhps5cmcb9l8l0om0', '2025-09-27 10:16:07', 'system', '2025-09-27 10:16:07', 'system', 'd3bkhps5cmcb9l8l0ogg', 'd3bkhps5cmcb9l8l0oeg')
2025-09-27T10:16:07.877	[34mINFO[0m	[database]	 INSERT        0 ms INSERT INTO "test_post_tag" ("id", "created_at", "created_by", "updated_at", "updated_by", "post_id", "tag_id") VALUES ('d3bkhps5cmcb9l8l0omg', '2025-09-27 10:16:07', 'system', '2025-09-27 10:16:07', 'system', 'd3bkhps5cmcb9l8l0ogg', 'd3bkhps5cmcb9l8l0of0')
2025-09-27T10:16:07.877	[34mINFO[0m	[database]	 INSERT        0 ms INSERT INTO "test_post_tag" ("id", "created_at", "created_by", "updated_at", "updated_by", "post_id", "tag_id") VALUES ('d3bkhps5cmcb9l8l0on0', '2025-09-27 10:16:07', 'system', '2025-09-27 10:16:07', 'system', 'd3bkhps5cmcb9l8l0oh0', 'd3bkhps5cmcb9l8l0of0')
2025-09-27T10:16:07.877	[34mINFO[0m	[database]	 INSERT        0 ms INSERT INTO "test_post_tag" ("id", "created_at", "created_by", "updated_at", "updated_by", "post_id", "tag_id") VALUES ('d3bkhps5cmcb9l8l0ong', '2025-09-27 10:16:07', 'system', '2025-09-27 10:16:07', 'system', 'd3bkhps5cmcb9l8l0oh0', 'd3bkhps5cmcb9l8l0oeg')
2025-09-27T10:16:07.877	[34mINFO[0m	[database]	 INSERT        0 ms INSERT INTO "test_post_tag" ("id", "created_at", "created_by", "updated_at", "updated_by", "post_id", "tag_id") VALUES ('d3bkhps5cmcb9l8l0oo0', '2025-09-27 10:16:07', 'system', '2025-09-27 10:16:07', 'system', 'd3bkhps5cmcb9l8l0ohg', 'd3bkhps5cmcb9l8l0oe0')
2025-09-27T10:16:07.877	[34mINFO[0m	[database]	 INSERT        0 ms INSERT INTO "test_post_tag" ("id", "created_at", "created_by", "updated_at", "updated_by", "post_id", "tag_id") VALUES ('d3bkhps5cmcb9l8l0oog', '2025-09-27 10:16:07', 'system', '2025-09-27 10:16:07', 'system', 'd3bkhps5cmcb9l8l0ohg', 'd3bkhps5cmcb9l8l0od0')
2025-09-27T10:16:07.877	[34mINFO[0m	[database]	 INSERT        0 ms INSERT INTO "test_post_tag" ("id", "created_at", "created_by", "updated_at", "updated_by", "post_id", "tag_id") VALUES ('d3bkhps5cmcb9l8l0op0', '2025-09-27 10:16:07', 'system', '2025-09-27 10:16:07', 'system', 'd3bkhps5cmcb9l8l0ohg', 'd3bkhps5cmcb9l8l0of0')
2025-09-27T10:16:07.877	[34mINFO[0m	[database]	 INSERT        0 ms INSERT INTO "test_post_tag" ("id", "created_at", "created_by", "updated_at", "updated_by", "post_id", "tag_id") VALUES ('d3bkhps5cmcb9l8l0opg', '2025-09-27 10:16:07', 'system', '2025-09-27 10:16:07', 'system', 'd3bkhps5cmcb9l8l0oi0', 'd3bkhps5cmcb9l8l0oeg')
2025-09-27T10:16:07.877	[34mINFO[0m	[database]	 INSERT        0 ms INSERT INTO "test_post_tag" ("id", "created_at", "created_by", "updated_at", "updated_by", "post_id", "tag_id") VALUES ('d3bkhps5cmcb9l8l0oq0', '2025-09-27 10:16:07', 'system', '2025-08-08 00:02:40', 'system', 'd3bkhps5cmcb9l8l0oi0', 'd3bkhps5cmcb9l8l0of0')
2025-09-27T10:16:07.877	[34mINFO[0m	[database]	 INSERT        0 ms INSERT INTO "test_post_tag" ("id", "created_at", "created_by", "updated_at", "updated_by", "post_id", "tag_id") VALUES ('d3bkhps5cmcb9l8l0oqg', '2025-09-27 10:16:07', 'system', '2025-09-27 10:16:07', 'system', 'd3bkhps5cmcb9l8l0oig', 'd3bkhps5cmcb9l8l0oeg')
2025-09-27T10:16:07.877	[34mINFO[0m	[database]	 INSERT        0 ms INSERT INTO "test_post_tag" ("id", "created_at", "created_by", "updated_at", "updated_by", "post_id", "tag_id") VALUES ('d3bkhps5cmcb9l8l0or0', '2025-09-27 10:16:07', 'system', '2025-09-27 10:16:07', 'system', 'd3bkhps5cmcb9l8l0oig', 'd3bkhps5cmcb9l8l0od0')
2025-09-27T10:16:07.877	[34mINFO[0m	[database]	 INSERT        0 ms INSERT INTO "test_post_tag" ("id", "created_at", "created_by", "updated_at", "updated_by", "post_id", "tag_id") VALUES ('d3bkhps5cmcb9l8l0org', '2025-09-27 10:16:07', 'system', '2025-09-27 10:16:07', 'system', 'd3bkhps5cmcb9l8l0oj0', 'd3bkhps5cmcb9l8l0of0')
2025-09-27T10:16:07.877	[34mINFO[0m	[database]	 INSERT        0 ms INSERT INTO "test_post_tag" ("id", "created_at", "created_by", "updated_at", "updated_by", "post_id", "tag_id") VALUES ('d3bkhps5cmcb9l8l0os0', '2025-09-27 10:16:07', 'system', '2025-09-27 10:16:07', 'system', 'd3bkhps5cmcb9l8l0oj0', 'd3bkhps5cmcb9l8l0oeg')
2025-09-27T10:16:07.877	[34mINFO[0m	[database]	 CREATE TABLE      0 ms CREATE TABLE IF NOT EXISTS "test_simple" ("id" VARCHAR NOT NULL, "created_at" timestamp NOT NULL DEFAULT CURRENT_TIMESTAMP, "created_by" VARCHAR NOT NULL, "updated_at" timestamp NOT NULL DEFAULT CURRENT_TIMESTAMP, "updated_by" VARCHAR NOT NULL, "name" VARCHAR NOT NULL, "value" INTEGER NOT NULL, PRIMARY KEY ("id"))
2025-09-27T10:16:07.877	[34mINFO[0m	[database]	 CREATE TABLE      0 ms CREATE TABLE IF NOT EXISTS "test_complex" ("id" VARCHAR NOT NULL, "created_at" timestamp NOT NULL DEFAULT CURRENT_TIMESTAMP, "created_by" VARCHAR NOT NULL, "updated_at" timestamp NOT NULL DEFAULT CURRENT_TIMESTAMP, "updated_by" VARCHAR NOT NULL, "string_field" VARCHAR NOT NULL, "int_field" INTEGER NOT NULL, "float_field" DOUBLE PRECISION NOT NULL, "bool_field" BOOLEAN NOT NULL, "time_field" TIMESTAMP NOT NULL, "null_string" VARCHAR, "null_int" INTEGER, "null_time" TIMESTAMP, "json_field" VARCHAR, "array_field" VARCHAR, PRIMARY KEY ("id"))
    orm_test.go:161: Test fixtures loaded for sqlite database
=== RUN   TestMultiDatabaseORM/TestSQLite/TestBasicUpdate
    update_test.go:13: Testing basic UPDATE for sqlite
2025-09-27T10:16:07.877	[34mINFO[0m	[database]	 SELECT        0 ms SELECT "u"."id", "u"."created_at", "u"."created_by", "u"."updated_at", "u"."updated_by", "u"."name", "u"."email", "u"."age", "u"."is_active", "u"."meta" FROM "test_user" AS "u" WHERE ("u"."email" = 'alice@example.com')
2025-09-27T10:16:07.877	[34mINFO[0m	[database]	 UPDATE        0 ms UPDATE "test_user" AS "u" SET "age" = 31 WHERE ("u"."email" = 'alice@example.com')
2025-09-27T10:16:07.877	[34mINFO[0m	[database]	 SELECT        0 ms SELECT "u"."id", "u"."created_at", "u"."created_by", "u"."updated_at", "u"."updated_by", "u"."name", "u"."email", "u"."age", "u"."is_active", "u"."meta" FROM "test_user" AS "u" WHERE ("u"."email" = 'alice@example.com')
2025-09-27T10:16:07.877	[34mINFO[0m	[database]	 UPDATE        0 ms UPDATE "test_user" AS "u" SET "name" = 'Alice Smith', "age" = 32 WHERE ("u"."email" = 'alice@example.com')
2025-09-27T10:16:07.878	[34mINFO[0m	[database]	 SELECT        0 ms SELECT "u"."id", "u"."created_at", "u"."created_by", "u"."updated_at", "u"."updated_by", "u"."name", "u"."email", "u"."age", "u"."is_active", "u"."meta" FROM "test_user" AS "u" WHERE ("u"."email" = 'alice@example.com')
2025-09-27T10:16:07.878	[34mINFO[0m	[database]	 UPDATE        0 ms UPDATE "test_user" AS "u" SET "updated_at" = '2025-09-27 10:16:07', "updated_by" = 'system', "name" = 'Alice Johnson Updated', "email" = '', "age" = 33, "is_active" = FALSE, "meta" = 'null' WHERE ("u"."id" = 'd3bkhps5cmcb9l8l0o9g') RETURNING "name", "age", "updated_by"
2025-09-27T10:16:07.878	[34mINFO[0m	[database]	 SELECT        0 ms SELECT "u"."id", "u"."created_at", "u"."created_by", "u"."updated_at", "u"."updated_by", "u"."name", "u"."email", "u"."age", "u"."is_active", "u"."meta" FROM "test_user" AS "u" WHERE ("u"."id" = 'd3bkhps5cmcb9l8l0o9g')
2025-09-27T10:16:07.878	[34mINFO[0m	[database]	 UPDATE        0 ms UPDATE "test_user" AS "u" SET "name" = 'Alice Johnson', "age" = 30, "is_active" = TRUE WHERE ("u"."id" = 'd3bkhps5cmcb9l8l0o9g')
=== RUN   TestMultiDatabaseORM/TestSQLite/TestUpdateBulkOperations
    update_test.go:672: Testing bulk UPDATE operations for sqlite
2025-09-27T10:16:07.878	[34mINFO[0m	[database]	 UPDATE        0 ms UPDATE "test_post" AS "p" SET "updated_by" = 'bulk_update_test' WHERE ("p"."status" = 'published')
2025-09-27T10:16:07.878	[34mINFO[0m	[database]	 SELECT        0 ms SELECT "p"."id", "p"."created_at", "p"."created_by", "p"."updated_at", "p"."updated_by", "p"."title", "p"."content", "p"."description", "p"."user_id", "p"."category_id", "p"."status", "p"."view_count" FROM "test_post" AS "p" WHERE ("p"."updated_by" = 'bulk_update_test')
2025-09-27T10:16:07.878	[34mINFO[0m	[database]	 UPDATE        0 ms UPDATE "test_post" AS "p" SET "view_count" = view_count + 5 WHERE ("p"."status" = 'published')
2025-09-27T10:16:07.878	[34mINFO[0m	[database]	 UPDATE        0 ms UPDATE "test_post" AS "p" SET "status" = CASE WHEN "p"."view_count" > 100 THEN 'high_traffic' WHEN "p"."view_count" > 50 THEN 'medium_traffic' ELSE 'low_traffic' END WHERE ("p"."status" <> 'draft')
2025-09-27T10:16:07.878	[34mINFO[0m	[database]	 SELECT        0 ms SELECT "p"."id", "p"."created_at", "p"."created_by", "p"."updated_at", "p"."updated_by", "p"."title", "p"."content", "p"."description", "p"."user_id", "p"."category_id", "p"."status", "p"."view_count" FROM "test_post" AS "p" WHERE ("p"."status" IN ('high_traffic', 'medium_traffic', 'low_traffic'))
2025-09-27T10:16:07.878	[34mINFO[0m	[database]	 UPDATE        0 ms UPDATE "test_post" AS "p" SET "status" = 'published', "updated_by" = 'system', "view_count" = view_count - 5 WHERE ("p"."title" = 'Startup Finance 101')
2025-09-27T10:16:07.878	[34mINFO[0m	[database]	 UPDATE        0 ms UPDATE "test_post" AS "p" SET "status" = 'published', "updated_by" = 'system', "view_count" = view_count - 5 WHERE ("p"."title" = 'Introduction to Go')
2025-09-27T10:16:07.878	[34mINFO[0m	[database]	 UPDATE        0 ms UPDATE "test_post" AS "p" SET "status" = 'published', "updated_by" = 'system', "view_count" = view_count - 5 WHERE ("p"."title" = 'Database Design Basics')
2025-09-27T10:16:07.878	[34mINFO[0m	[database]	 UPDATE        0 ms UPDATE "test_post" AS "p" SET "status" = 'draft', "updated_by" = 'system', "view_count" = view_count - 5 WHERE ("p"."title" = 'Machine Learning Basics')
2025-09-27T10:16:07.878	[34mINFO[0m	[database]	 UPDATE        0 ms UPDATE "test_post" AS "p" SET "status" = 'published', "updated_by" = 'system', "view_count" = view_count - 5 WHERE ("p"."title" = 'Business Strategy Fundamentals')
2025-09-27T10:16:07.878	[34mINFO[0m	[database]	 UPDATE        0 ms UPDATE "test_post" AS "p" SET "status" = 'review', "updated_by" = 'system', "view_count" = view_count - 5 WHERE ("p"."title" = 'Advanced Go Patterns')
2025-09-27T10:16:07.878	[34mINFO[0m	[database]	 UPDATE        0 ms UPDATE "test_post" AS "p" SET "status" = 'published', "updated_by" = 'system', "view_count" = view_count - 5 WHERE ("p"."title" = 'Latest Trends in Science')
2025-09-27T10:16:07.878	[34mINFO[0m	[database]	 UPDATE        0 ms UPDATE "test_post" AS "p" SET "status" = 'published', "updated_by" = 'system', "view_count" = view_count - 5 WHERE ("p"."title" = 'Practical Tech Tutorials')
=== RUN   TestMultiDatabaseORM/TestSQLite/TestUpdateComplexModel
    update_test.go:515: Testing UPDATE with complex model for sqlite
2025-09-27T10:16:07.878	[34mINFO[0m	[database]	 INSERT        0 ms INSERT INTO "test_complex" ("id", "created_at", "created_by", "updated_at", "updated_by", "string_field", "int_field", "float_field", "bool_field", "time_field", "null_string", "null_int", "null_time", "json_field", "array_field") VALUES ('d3bkhps5cmcb9l8l0osg', '2025-09-27 10:16:07', 'system', '2025-09-27 10:16:07', 'system', 'original string', 100, 1.234, FALSE, '2025-09-27 01:16:07.87841+00:00', NULL, NULL, NULL, '{"original":true}', 'null') RETURNING "created_by", "updated_by", "null_string", "null_int", "null_time"
2025-09-27T10:16:07.878	[34mINFO[0m	[database]	 UPDATE        0 ms UPDATE "test_complex" AS "cm" SET "string_field" = 'updated string', "int_field" = 200, "float_field" = 5.678, "bool_field" = TRUE, "time_field" = '2025-09-27 02:16:07.87841+00:00' WHERE ("cm"."id" = 'd3bkhps5cmcb9l8l0osg')
2025-09-27T10:16:07.878	[34mINFO[0m	[database]	 SELECT        0 ms SELECT "cm"."id", "cm"."created_at", "cm"."created_by", "cm"."updated_at", "cm"."updated_by", "cm"."string_field", "cm"."int_field", "cm"."float_field", "cm"."bool_field", "cm"."time_field", "cm"."null_string", "cm"."null_int", "cm"."null_time", "cm"."json_field", "cm"."array_field" FROM "test_complex" AS "cm" WHERE ("cm"."id" = 'd3bkhps5cmcb9l8l0osg')
2025-09-27T10:16:07.878	[34mINFO[0m	[database]	 UPDATE        0 ms UPDATE "test_complex" AS "cm" SET "json_field" = '{"items":["a","b","c"],"updated":true,"version":2}' WHERE ("cm"."id" = 'd3bkhps5cmcb9l8l0osg')
2025-09-27T10:16:07.878	[34mINFO[0m	[database]	 SELECT        0 ms SELECT "cm"."id", "cm"."created_at", "cm"."created_by", "cm"."updated_at", "cm"."updated_by", "cm"."string_field", "cm"."int_field", "cm"."float_field", "cm"."bool_field", "cm"."time_field", "cm"."null_string", "cm"."null_int", "cm"."null_time", "cm"."json_field", "cm"."array_field" FROM "test_complex" AS "cm" WHERE ("cm"."id" = 'd3bkhps5cmcb9l8l0osg')
2025-09-27T10:16:07.878	[34mINFO[0m	[database]	 UPDATE        0 ms UPDATE "test_complex" AS "cm" SET "null_string" = 'not null anymore', "null_int" = 42, "null_time" = '2025-09-27 02:16:07.87841+00:00' WHERE ("cm"."id" = 'd3bkhps5cmcb9l8l0osg')
2025-09-27T10:16:07.878	[34mINFO[0m	[database]	 SELECT        0 ms SELECT "cm"."id", "cm"."created_at", "cm"."created_by", "cm"."updated_at", "cm"."updated_by", "cm"."string_field", "cm"."int_field", "cm"."float_field", "cm"."bool_field", "cm"."time_field", "cm"."null_string", "cm"."null_int", "cm"."null_time", "cm"."json_field", "cm"."array_field" FROM "test_complex" AS "cm" WHERE ("cm"."id" = 'd3bkhps5cmcb9l8l0osg')
2025-09-27T10:16:07.878	[34mINFO[0m	[database]	 UPDATE        0 ms UPDATE "test_complex" AS "cm" SET "null_string" = NULL, "null_int" = NULL, "null_time" = NULL WHERE ("cm"."id" = 'd3bkhps5cmcb9l8l0osg')
2025-09-27T10:16:07.878	[34mINFO[0m	[database]	 SELECT        0 ms SELECT "cm"."id", "cm"."created_at", "cm"."created_by", "cm"."updated_at", "cm"."updated_by", "cm"."string_field", "cm"."int_field", "cm"."float_field", "cm"."bool_field", "cm"."time_field", "cm"."null_string", "cm"."null_int", "cm"."null_time", "cm"."json_field", "cm"."array_field" FROM "test_complex" AS "cm" WHERE ("cm"."id" = 'd3bkhps5cmcb9l8l0osg')
2025-09-27T10:16:07.878	[34mINFO[0m	[database]	 DELETE        0 ms DELETE FROM "test_complex" AS "cm" WHERE ("cm"."id" = 'd3bkhps5cmcb9l8l0osg')
=== RUN   TestMultiDatabaseORM/TestSQLite/TestUpdateErrorHandling
    update_test.go:780: Testing UPDATE error handling for sqlite
2025-09-27T10:16:07.878	[34mINFO[0m	[database]	 UPDATE        0 ms UPDATE "test_user" AS "u" SET "name" = 'Non-existent User' WHERE ("u"."email" = 'nonexistent@example.com')
2025-09-27T10:16:07.878	[34mINFO[0m	[database]	 INSERT        0 ms INSERT INTO "test_user" ("id", "created_at", "created_by", "updated_at", "updated_by", "name", "email", "age", "is_active", "meta") VALUES ('d3bkhps5cmcb9l8l0ot0', '2025-09-27 10:16:07', 'system', '2025-09-27 10:16:07', 'system', 'Test User For Update', 'testupdate@example.com', 25, TRUE, 'null') RETURNING "created_by", "updated_by"
2025-09-27T10:16:07.878	[34mINFO[0m	[database]	 UPDATE        0 ms UPDATE "test_user" AS "u" SET "updated_by" = 'no_where_test' WHERE ("u"."email" = 'testupdate@example.com')
2025-09-27T10:16:07.878	[31mERROR[0m	[database]	 UPDATE        0 ms UPDATE "test_user" AS "u" SET "non_existent_field" = 'value' WHERE ("u"."id" = 'd3bkhps5cmcb9l8l0ot0')  SQL logic error: no such column: non_existent_field (1) 
2025-09-27T10:16:07.878	[34mINFO[0m	[database]	 DELETE        0 ms DELETE FROM "test_user" AS "u" WHERE ("u"."email" = 'testupdate@example.com')
=== RUN   TestMultiDatabaseORM/TestSQLite/TestUpdateReturning
    update_test.go:433: Testing UPDATE with RETURNING for sqlite
2025-09-27T10:16:07.878	[34mINFO[0m	[database]	 SELECT        0 ms SELECT "u"."id", "u"."created_at", "u"."created_by", "u"."updated_at", "u"."updated_by", "u"."name", "u"."email", "u"."age", "u"."is_active", "u"."meta" FROM "test_user" AS "u" WHERE ("u"."email" = 'bob@example.com')
2025-09-27T10:16:07.878	[34mINFO[0m	[database]	 UPDATE        0 ms UPDATE "test_user" AS "u" SET "name" = 'Bob Johnson', "age" = 26 WHERE ("u"."email" = 'bob@example.com') RETURNING "id", "name", "age"
2025-09-27T10:16:07.878	[34mINFO[0m	[database]	 SELECT        0 ms SELECT "u"."id", "u"."created_at", "u"."created_by", "u"."updated_at", "u"."updated_by", "u"."name", "u"."email", "u"."age", "u"."is_active", "u"."meta" FROM "test_user" AS "u" WHERE ("u"."email" = 'bob@example.com')
2025-09-27T10:16:07.878	[34mINFO[0m	[database]	 UPDATE        0 ms UPDATE "test_user" AS "u" SET "updated_by" = 'returning_test' WHERE ("u"."is_active" IS TRUE) RETURNING "id", "name", "age"
2025-09-27T10:16:07.878	[34mINFO[0m	[database]	 UPDATE        0 ms UPDATE "test_user" AS "u" SET "name" = 'Bob Smith', "age" = 25, "updated_by" = 'system' WHERE ("u"."email" = 'bob@example.com')
=== RUN   TestMultiDatabaseORM/TestSQLite/TestUpdateWithConditions
    update_test.go:117: Testing UPDATE with conditions for sqlite
2025-09-27T10:16:07.878	[34mINFO[0m	[database]	 UPDATE        0 ms UPDATE "test_user" AS "u" SET "updated_by" = 'batch_update' WHERE ("u"."is_active" IS TRUE)
2025-09-27T10:16:07.878	[34mINFO[0m	[database]	 SELECT        0 ms SELECT "u"."id", "u"."created_at", "u"."created_by", "u"."updated_at", "u"."updated_by", "u"."name", "u"."email", "u"."age", "u"."is_active", "u"."meta" FROM "test_user" AS "u" WHERE ("u"."is_active" IS TRUE)
2025-09-27T10:16:07.878	[34mINFO[0m	[database]	 UPDATE        0 ms UPDATE "test_user" AS "u" SET "updated_by" = 'complex_update' WHERE ("u"."is_active" IS TRUE) AND ("u"."age" > 26)
2025-09-27T10:16:07.878	[34mINFO[0m	[database]	 SELECT        0 ms SELECT "u"."id", "u"."created_at", "u"."created_by", "u"."updated_at", "u"."updated_by", "u"."name", "u"."email", "u"."age", "u"."is_active", "u"."meta" FROM "test_user" AS "u" WHERE ("u"."updated_by" = 'complex_update')
2025-09-27T10:16:07.878	[34mINFO[0m	[database]	 UPDATE        0 ms UPDATE "test_user" AS "u" SET "updated_by" = 'or_update' WHERE ("u"."age" = 25) OR ("u"."age" = 35)
2025-09-27T10:16:07.879	[34mINFO[0m	[database]	 SELECT        0 ms SELECT "u"."id", "u"."created_at", "u"."created_by", "u"."updated_at", "u"."updated_by", "u"."name", "u"."email", "u"."age", "u"."is_active", "u"."meta" FROM "test_user" AS "u" WHERE ("u"."updated_by" = 'or_update') ORDER BY "u"."name" ASC
2025-09-27T10:16:07.879	[34mINFO[0m	[database]	 UPDATE        0 ms UPDATE "test_user" AS "u" SET "updated_by" = 'in_update' WHERE ("u"."name" IN ('Bob Smith', 'Charlie Brown'))
2025-09-27T10:16:07.879	[34mINFO[0m	[database]	 SELECT        0 ms SELECT "u"."id", "u"."created_at", "u"."created_by", "u"."updated_at", "u"."updated_by", "u"."name", "u"."email", "u"."age", "u"."is_active", "u"."meta" FROM "test_user" AS "u" WHERE ("u"."updated_by" = 'in_update')
2025-09-27T10:16:07.879	[34mINFO[0m	[database]	 UPDATE        0 ms UPDATE "test_user" AS "u" SET "updated_by" = 'system' WHERE ("u"."updated_by" <> 'system')
=== RUN   TestMultiDatabaseORM/TestSQLite/TestUpdateWithExpressions
    update_test.go:223: Testing UPDATE with expressions for sqlite
2025-09-27T10:16:07.879	[34mINFO[0m	[database]	 SELECT        0 ms SELECT "p"."id", "p"."created_at", "p"."created_by", "p"."updated_at", "p"."updated_by", "p"."title", "p"."content", "p"."description", "p"."user_id", "p"."category_id", "p"."status", "p"."view_count" FROM "test_post" AS "p" WHERE ("p"."title" LIKE '%Introduction%')
2025-09-27T10:16:07.879	[34mINFO[0m	[database]	 UPDATE        0 ms UPDATE "test_post" AS "p" SET "view_count" = view_count + 10 WHERE ("p"."id" = 'd3bkhps5cmcb9l8l0ofg')
2025-09-27T10:16:07.879	[34mINFO[0m	[database]	 SELECT        0 ms SELECT "p"."id", "p"."created_at", "p"."created_by", "p"."updated_at", "p"."updated_by", "p"."title", "p"."content", "p"."description", "p"."user_id", "p"."category_id", "p"."status", "p"."view_count" FROM "test_post" AS "p" WHERE ("p"."id" = 'd3bkhps5cmcb9l8l0ofg')
2025-09-27T10:16:07.879	[34mINFO[0m	[database]	 UPDATE        0 ms UPDATE "test_post" AS "p" SET "title" = 'title' || ''' - Updated''' WHERE ("p"."id" = 'd3bkhps5cmcb9l8l0ofg')
2025-09-27T10:16:07.879	[34mINFO[0m	[database]	 SELECT        0 ms SELECT "p"."id", "p"."created_at", "p"."created_by", "p"."updated_at", "p"."updated_by", "p"."title", "p"."content", "p"."description", "p"."user_id", "p"."category_id", "p"."status", "p"."view_count" FROM "test_post" AS "p" WHERE ("p"."id" = 'd3bkhps5cmcb9l8l0ofg')
2025-09-27T10:16:07.879	[34mINFO[0m	[database]	 UPDATE        0 ms UPDATE "test_post" AS "p" SET "status" = CASE WHEN "p"."view_count" > 100 THEN 'popular' ELSE 'normal' END WHERE ("p"."status" <> 'draft')
2025-09-27T10:16:07.879	[34mINFO[0m	[database]	 SELECT        0 ms SELECT "p"."id", "p"."created_at", "p"."created_by", "p"."updated_at", "p"."updated_by", "p"."title", "p"."content", "p"."description", "p"."user_id", "p"."category_id", "p"."status", "p"."view_count" FROM "test_post" AS "p" WHERE ("p"."status" IN ('popular', 'normal'))
2025-09-27T10:16:07.879	[34mINFO[0m	[database]	 UPDATE        0 ms UPDATE "test_post" AS "p" SET "view_count" = 123, "title" = 'Introduction to Go', "status" = 'published' WHERE ("p"."id" = 'd3bkhps5cmcb9l8l0ofg')
=== RUN   TestMultiDatabaseORM/TestSQLite/TestUpdateWithJoins
    update_test.go:324: Testing UPDATE with JOINs for sqlite
2025-09-27T10:16:07.879	[34mINFO[0m	[database]	 UPDATE        0 ms UPDATE "test_post" AS "p" SET "status" = 'user_inactive_post' WHERE ("p"."user_id" IN (SELECT "u"."id" FROM "test_user" AS "u" WHERE ("u"."is_active" IS FALSE)))
2025-09-27T10:16:07.879	[34mINFO[0m	[database]	 SELECT        0 ms SELECT "p"."id", "p"."created_at", "p"."created_by", "p"."updated_at", "p"."updated_by", "p"."title", "p"."content", "p"."description", "p"."user_id", "p"."category_id", "p"."status", "p"."view_count" FROM "test_post" AS "p" WHERE ("p"."status" = 'user_inactive_post')
2025-09-27T10:16:07.879	[34mINFO[0m	[database]	 SELECT        0 ms SELECT "u"."id", "u"."created_at", "u"."created_by", "u"."updated_at", "u"."updated_by", "u"."name", "u"."email", "u"."age", "u"."is_active", "u"."meta" FROM "test_user" AS "u" WHERE ("u"."id" = 'd3bkhps5cmcb9l8l0oag')
2025-09-27T10:16:07.879	[34mINFO[0m	[database]	 SELECT        0 ms SELECT "u"."id", "u"."created_at", "u"."created_by", "u"."updated_at", "u"."updated_by", "u"."name", "u"."email", "u"."age", "u"."is_active", "u"."meta" FROM "test_user" AS "u" WHERE ("u"."id" = 'd3bkhps5cmcb9l8l0oag')
2025-09-27T10:16:07.879	[34mINFO[0m	[database]	 UPDATE        0 ms UPDATE "test_post" AS "p" SET "status" = 'high_activity_user' WHERE ("p"."user_id" IN (SELECT "u"."id" FROM "test_user" AS "u" WHERE ("u"."is_active" IS TRUE) AND ("u"."age" > 25)))
2025-09-27T10:16:07.879	[34mINFO[0m	[database]	 SELECT        0 ms SELECT "p"."id", "p"."created_at", "p"."created_by", "p"."updated_at", "p"."updated_by", "p"."title", "p"."content", "p"."description", "p"."user_id", "p"."category_id", "p"."status", "p"."view_count" FROM "test_post" AS "p" WHERE ("p"."status" = 'high_activity_user')
2025-09-27T10:16:07.879	[34mINFO[0m	[database]	 SELECT        0 ms SELECT "u"."id", "u"."created_at", "u"."created_by", "u"."updated_at", "u"."updated_by", "u"."name", "u"."email", "u"."age", "u"."is_active", "u"."meta" FROM "test_user" AS "u" WHERE ("u"."id" = 'd3bkhps5cmcb9l8l0o9g')
2025-09-27T10:16:07.879	[34mINFO[0m	[database]	 SELECT        0 ms SELECT "u"."id", "u"."created_at", "u"."created_by", "u"."updated_at", "u"."updated_by", "u"."name", "u"."email", "u"."age", "u"."is_active", "u"."meta" FROM "test_user" AS "u" WHERE ("u"."id" = 'd3bkhps5cmcb9l8l0o9g')
2025-09-27T10:16:07.879	[34mINFO[0m	[database]	 SELECT        0 ms SELECT "u"."id", "u"."created_at", "u"."created_by", "u"."updated_at", "u"."updated_by", "u"."name", "u"."email", "u"."age", "u"."is_active", "u"."meta" FROM "test_user" AS "u" WHERE ("u"."id" = 'd3bkhps5cmcb9l8l0o9g')
2025-09-27T10:16:07.879	[34mINFO[0m	[database]	 SELECT        0 ms SELECT "u"."id", "u"."created_at", "u"."created_by", "u"."updated_at", "u"."updated_by", "u"."name", "u"."email", "u"."age", "u"."is_active", "u"."meta" FROM "test_user" AS "u" WHERE ("u"."id" = 'd3bkhps5cmcb9l8l0o9g')
2025-09-27T10:16:07.879	[34mINFO[0m	[database]	 UPDATE        0 ms UPDATE "test_post" AS "p" SET "status" = 'review' WHERE ("p"."title" = 'Advanced Go Patterns')
2025-09-27T10:16:07.879	[34mINFO[0m	[database]	 UPDATE        0 ms UPDATE "test_post" AS "p" SET "status" = 'published' WHERE ("p"."title" = 'Latest Trends in Science')
2025-09-27T10:16:07.879	[34mINFO[0m	[database]	 UPDATE        0 ms UPDATE "test_post" AS "p" SET "status" = 'published' WHERE ("p"."title" = 'Practical Tech Tutorials')
2025-09-27T10:16:07.879	[34mINFO[0m	[database]	 UPDATE        0 ms UPDATE "test_post" AS "p" SET "status" = 'published' WHERE ("p"."title" = 'Startup Finance 101')
2025-09-27T10:16:07.879	[34mINFO[0m	[database]	 UPDATE        0 ms UPDATE "test_post" AS "p" SET "status" = 'published' WHERE ("p"."title" = 'Introduction to Go')
2025-09-27T10:16:07.879	[34mINFO[0m	[database]	 UPDATE        0 ms UPDATE "test_post" AS "p" SET "status" = 'published' WHERE ("p"."title" = 'Database Design Basics')
2025-09-27T10:16:07.879	[34mINFO[0m	[database]	 UPDATE        0 ms UPDATE "test_post" AS "p" SET "status" = 'draft' WHERE ("p"."title" = 'Machine Learning Basics')
2025-09-27T10:16:07.879	[34mINFO[0m	[database]	 UPDATE        0 ms UPDATE "test_post" AS "p" SET "status" = 'published' WHERE ("p"."title" = 'Business Strategy Fundamentals')
=== RUN   TestMultiDatabaseORM/TestSQLite/TestUpdateWithOptionalFields
    update_test.go:846: Testing UPDATE with optional fields for sqlite
2025-09-27T10:16:07.879	[34mINFO[0m	[database]	 SELECT        0 ms SELECT "p"."id", "p"."created_at", "p"."created_by", "p"."updated_at", "p"."updated_by", "p"."title", "p"."content", "p"."description", "p"."user_id", "p"."category_id", "p"."status", "p"."view_count" FROM "test_post" AS "p" WHERE ("p"."description" IS NOT NULL) LIMIT 1
2025-09-27T10:16:07.879	[34mINFO[0m	[database]	 UPDATE        0 ms UPDATE "test_post" AS "p" SET "description" = 'Updated description for testing' WHERE ("p"."id" = 'd3bkhps5cmcb9l8l0ofg')
2025-09-27T10:16:07.879	[34mINFO[0m	[database]	 SELECT        0 ms SELECT "p"."id", "p"."created_at", "p"."created_by", "p"."updated_at", "p"."updated_by", "p"."title", "p"."content", "p"."description", "p"."user_id", "p"."category_id", "p"."status", "p"."view_count" FROM "test_post" AS "p" WHERE ("p"."id" = 'd3bkhps5cmcb9l8l0ofg')
2025-09-27T10:16:07.879	[34mINFO[0m	[database]	 UPDATE        0 ms UPDATE "test_post" AS "p" SET "description" = NULL WHERE ("p"."id" = 'd3bkhps5cmcb9l8l0ofg')
2025-09-27T10:16:07.879	[34mINFO[0m	[database]	 SELECT        0 ms SELECT "p"."id", "p"."created_at", "p"."created_by", "p"."updated_at", "p"."updated_by", "p"."title", "p"."content", "p"."description", "p"."user_id", "p"."category_id", "p"."status", "p"."view_count" FROM "test_post" AS "p" WHERE ("p"."id" = 'd3bkhps5cmcb9l8l0ofg')
2025-09-27T10:16:07.879	[34mINFO[0m	[database]	 UPDATE        0 ms UPDATE "test_post" AS "p" SET "description" = 'Getting started with Go' WHERE ("p"."id" = 'd3bkhps5cmcb9l8l0ofg')
2025-09-27T10:16:07.879	[34mINFO[0m	[database]	 SELECT        0 ms SELECT "p"."id", "p"."created_at", "p"."created_by", "p"."updated_at", "p"."updated_by", "p"."title", "p"."content", "p"."description", "p"."user_id", "p"."category_id", "p"."status", "p"."view_count" FROM "test_post" AS "p" WHERE ("p"."id" = 'd3bkhps5cmcb9l8l0ofg')
=== NAME  TestMultiDatabaseORM/TestSQLite
    orm_test.go:127: Setting up ORM test suite for sqlite
2025-09-27T10:16:07.880	[34mINFO[0m	[database]	 DROP TABLE      0 ms DROP TABLE IF EXISTS "test_user"
2025-09-27T10:16:07.880	[34mINFO[0m	[database]	 CREATE TABLE      0 ms CREATE TABLE "test_user" ("id" VARCHAR NOT NULL, "created_at" timestamp NOT NULL DEFAULT CURRENT_TIMESTAMP, "created_by" VARCHAR NOT NULL, "updated_at" timestamp NOT NULL DEFAULT CURRENT_TIMESTAMP, "updated_by" VARCHAR NOT NULL, "name" VARCHAR NOT NULL, "email" VARCHAR NOT NULL, "age" INTEGER NOT NULL DEFAULT 0, "is_active" BOOLEAN NOT NULL, "meta" VARCHAR, PRIMARY KEY ("id"), UNIQUE ("email"))
2025-09-27T10:16:07.880	[34mINFO[0m	[database]	 INSERT        0 ms INSERT INTO "test_user" ("id", "created_at", "created_by", "updated_at", "updated_by", "name", "email", "age", "is_active", "meta") VALUES ('d3bkhps5cmcb9l8l0otg', '2025-09-27 10:16:07', 'system', '2025-09-27 10:16:07', 'system', 'Alice Johnson', 'alice@example.com', 30, TRUE, '{"interests":["golang","databases"],"role":"admin"}')
2025-09-27T10:16:07.880	[34mINFO[0m	[database]	 INSERT        0 ms INSERT INTO "test_user" ("id", "created_at", "created_by", "updated_at", "updated_by", "name", "email", "age", "is_active", "meta") VALUES ('d3bkhps5cmcb9l8l0ou0', '2025-09-27 10:16:07', 'system', '2025-09-27 10:16:07', 'system', 'Bob Smith', 'bob@example.com', 25, TRUE, '{"interests":["tutorials","postgres"],"role":"editor"}')
2025-09-27T10:16:07.880	[34mINFO[0m	[database]	 INSERT        0 ms INSERT INTO "test_user" ("id", "created_at", "created_by", "updated_at", "updated_by", "name", "email", "age", "is_active", "meta") VALUES ('d3bkhps5cmcb9l8l0oug', '2025-09-27 10:16:07', 'system', '2025-09-27 10:16:07', 'system', 'Charlie Brown', 'charlie@example.com', 35, FALSE, '{"interests":["science"],"role":"viewer"}')
2025-09-27T10:16:07.880	[34mINFO[0m	[database]	 DROP TABLE      0 ms DROP TABLE IF EXISTS "test_category"
2025-09-27T10:16:07.880	[34mINFO[0m	[database]	 CREATE TABLE      0 ms CREATE TABLE "test_category" ("id" VARCHAR NOT NULL, "created_at" timestamp NOT NULL DEFAULT CURRENT_TIMESTAMP, "created_by" VARCHAR NOT NULL, "updated_at" timestamp NOT NULL DEFAULT CURRENT_TIMESTAMP, "updated_by" VARCHAR NOT NULL, "name" VARCHAR NOT NULL, "description" VARCHAR, "parent_id" VARCHAR, PRIMARY KEY ("id"), UNIQUE ("name"))
2025-09-27T10:16:07.880	[34mINFO[0m	[database]	 INSERT        0 ms INSERT INTO "test_category" ("id", "created_at", "created_by", "updated_at", "updated_by", "name", "description", "parent_id") VALUES ('d3bkhps5cmcb9l8l0ov0', '2025-09-27 10:16:07', 'system', '2025-09-27 10:16:07', 'system', 'Technology', 'Tech-related posts', NULL) RETURNING "parent_id"
2025-09-27T10:16:07.880	[34mINFO[0m	[database]	 INSERT        0 ms INSERT INTO "test_category" ("id", "created_at", "created_by", "updated_at", "updated_by", "name", "description", "parent_id") VALUES ('d3bkhps5cmcb9l8l0ovg', '2025-09-27 10:16:07', 'system', '2025-09-27 10:16:07', 'system', 'Science', 'Scientific articles', NULL) RETURNING "parent_id"
2025-09-27T10:16:07.880	[34mINFO[0m	[database]	 INSERT        0 ms INSERT INTO "test_category" ("id", "created_at", "created_by", "updated_at", "updated_by", "name", "description", "parent_id") VALUES ('d3bkhps5cmcb9l8l0p00', '2025-09-27 10:16:07', 'system', '2025-09-27 10:16:07', 'system', 'Business', 'Business and economics', NULL) RETURNING "parent_id"
2025-09-27T10:16:07.880	[34mINFO[0m	[database]	 INSERT        0 ms INSERT INTO "test_category" ("id", "created_at", "created_by", "updated_at", "updated_by", "name", "description", "parent_id") VALUES ('d3bkhps5cmcb9l8l0p0g', '2025-09-27 10:16:07', 'system', '2025-09-27 10:16:07', 'system', 'GoLang', 'Go-related posts', 'd3bkhps5cmcb9l8l0ov0')
2025-09-27T10:16:07.880	[34mINFO[0m	[database]	 DROP TABLE      0 ms DROP TABLE IF EXISTS "test_tag"
2025-09-27T10:16:07.880	[34mINFO[0m	[database]	 CREATE TABLE      0 ms CREATE TABLE "test_tag" ("id" VARCHAR NOT NULL, "created_at" timestamp NOT NULL DEFAULT CURRENT_TIMESTAMP, "created_by" VARCHAR NOT NULL, "updated_at" timestamp NOT NULL DEFAULT CURRENT_TIMESTAMP, "updated_by" VARCHAR NOT NULL, "name" VARCHAR NOT NULL, "description" VARCHAR, PRIMARY KEY ("id"), UNIQUE ("name"))
2025-09-27T10:16:07.880	[34mINFO[0m	[database]	 INSERT        0 ms INSERT INTO "test_tag" ("id", "created_at", "created_by", "updated_at", "updated_by", "name", "description") VALUES ('d3bkhps5cmcb9l8l0p10', '2025-09-27 10:16:07', 'system', '2025-09-27 10:16:07', 'system', 'programming', 'Programming related content')
2025-09-27T10:16:07.880	[34mINFO[0m	[database]	 INSERT        0 ms INSERT INTO "test_tag" ("id", "created_at", "created_by", "updated_at", "updated_by", "name", "description") VALUES ('d3bkhps5cmcb9l8l0p1g', '2025-09-27 10:16:07', 'system', '2025-09-27 10:16:07', 'system', 'database', 'Database related content')
2025-09-27T10:16:07.880	[34mINFO[0m	[database]	 INSERT        0 ms INSERT INTO "test_tag" ("id", "created_at", "created_by", "updated_at", "updated_by", "name", "description") VALUES ('d3bkhps5cmcb9l8l0p20', '2025-09-27 10:16:07', 'system', '2025-09-27 10:16:07', 'system', 'go', 'Go language topics')
2025-09-27T10:16:07.880	[34mINFO[0m	[database]	 INSERT        0 ms INSERT INTO "test_tag" ("id", "created_at", "created_by", "updated_at", "updated_by", "name", "description") VALUES ('d3bkhps5cmcb9l8l0p2g', '2025-09-27 10:16:07', 'system', '2025-09-27 10:16:07', 'system', 'tutorial', 'Tutorials and guides')
2025-09-27T10:16:07.880	[34mINFO[0m	[database]	 INSERT        0 ms INSERT INTO "test_tag" ("id", "created_at", "created_by", "updated_at", "updated_by", "name", "description") VALUES ('d3bkhps5cmcb9l8l0p30', '2025-09-27 10:16:07', 'system', '2025-09-27 10:16:07', 'system', 'advanced', 'Advanced topics')
2025-09-27T10:16:07.880	[34mINFO[0m	[database]	 DROP TABLE      0 ms DROP TABLE IF EXISTS "test_post"
2025-09-27T10:16:07.880	[34mINFO[0m	[database]	 CREATE TABLE      0 ms CREATE TABLE "test_post" ("id" VARCHAR NOT NULL, "created_at" timestamp NOT NULL DEFAULT CURRENT_TIMESTAMP, "created_by" VARCHAR NOT NULL, "updated_at" timestamp NOT NULL DEFAULT CURRENT_TIMESTAMP, "updated_by" VARCHAR NOT NULL, "title" VARCHAR NOT NULL, "content" VARCHAR NOT NULL, "description" VARCHAR, "user_id" VARCHAR NOT NULL, "category_id" VARCHAR NOT NULL, "status" VARCHAR NOT NULL DEFAULT 'draft', "view_count" INTEGER NOT NULL DEFAULT 0, PRIMARY KEY ("id"))
2025-09-27T10:16:07.880	[34mINFO[0m	[database]	 INSERT        0 ms INSERT INTO "test_post" ("id", "created_at", "created_by", "updated_at", "updated_by", "title", "content", "description", "user_id", "category_id", "status", "view_count") VALUES ('d3bkhps5cmcb9l8l0p3g', '2025-09-27 10:16:07', 'd3bkhps5cmcb9l8l0otg', '2025-09-27 10:16:07', 'd3bkhps5cmcb9l8l0otg', 'Introduction to Go', 'Go is a programming language designed at Google.', 'Getting started with Go', 'd3bkhps5cmcb9l8l0otg', 'd3bkhps5cmcb9l8l0p0g', 'published', 123)
2025-09-27T10:16:07.880	[34mINFO[0m	[database]	 INSERT        0 ms INSERT INTO "test_post" ("id", "created_at", "created_by", "updated_at", "updated_by", "title", "content", "description", "user_id", "category_id", "status", "view_count") VALUES ('d3bkhps5cmcb9l8l0p40', '2025-09-27 10:16:07', 'd3bkhps5cmcb9l8l0ou0', '2025-09-27 10:16:07', 'd3bkhps5cmcb9l8l0ou0', 'Database Design Basics', 'Good database design principles.', 'Normalization and relationships', 'd3bkhps5cmcb9l8l0ou0', 'd3bkhps5cmcb9l8l0ov0', 'published', 87)
2025-09-27T10:16:07.880	[34mINFO[0m	[database]	 INSERT        0 ms INSERT INTO "test_post" ("id", "created_at", "created_by", "updated_at", "updated_by", "title", "content", "description", "user_id", "category_id", "status", "view_count") VALUES ('d3bkhps5cmcb9l8l0p4g', '2025-09-27 10:16:07', 'd3bkhps5cmcb9l8l0otg', '2025-09-27 10:16:07', 'd3bkhps5cmcb9l8l0otg', 'Machine Learning Basics', 'An introduction to ML concepts and workflows.', 'Supervised vs unsupervised learning', 'd3bkhps5cmcb9l8l0otg', 'd3bkhps5cmcb9l8l0ovg', 'draft', 45)
2025-09-27T10:16:07.880	[34mINFO[0m	[database]	 INSERT        0 ms INSERT INTO "test_post" ("id", "created_at", "created_by", "updated_at", "updated_by", "title", "content", "description", "user_id", "category_id", "status", "view_count") VALUES ('d3bkhps5cmcb9l8l0p50', '2025-09-27 10:16:07', 'd3bkhps5cmcb9l8l0oug', '2025-09-27 10:16:07', 'd3bkhps5cmcb9l8l0oug', 'Business Strategy Fundamentals', 'Effective business strategies and frameworks.', 'Strategic planning overview', 'd3bkhps5cmcb9l8l0oug', 'd3bkhps5cmcb9l8l0p00', 'published', 64)
2025-09-27T10:16:07.880	[34mINFO[0m	[database]	 INSERT        0 ms INSERT INTO "test_post" ("id", "created_at", "created_by", "updated_at", "updated_by", "title", "content", "description", "user_id", "category_id", "status", "view_count") VALUES ('d3bkhps5cmcb9l8l0p5g', '2025-09-27 10:16:07', 'd3bkhps5cmcb9l8l0otg', '2025-09-27 10:16:07', 'd3bkhps5cmcb9l8l0otg', 'Advanced Go Patterns', 'Exploring advanced patterns and best practices in Go.', 'Idiomatic Go techniques', 'd3bkhps5cmcb9l8l0otg', 'd3bkhps5cmcb9l8l0p0g', 'review', 98)
2025-09-27T10:16:07.880	[34mINFO[0m	[database]	 INSERT        0 ms INSERT INTO "test_post" ("id", "created_at", "created_by", "updated_at", "updated_by", "title", "content", "description", "user_id", "category_id", "status", "view_count") VALUES ('d3bkhps5cmcb9l8l0p60', '2025-09-27 10:16:07', 'd3bkhps5cmcb9l8l0ou0', '2025-09-27 10:16:07', 'd3bkhps5cmcb9l8l0ou0', 'Latest Trends in Science', 'A survey of recent scientific advancements.', 'Interdisciplinary highlights', 'd3bkhps5cmcb9l8l0ou0', 'd3bkhps5cmcb9l8l0ovg', 'published', 77)
2025-09-27T10:16:07.881	[34mINFO[0m	[database]	 INSERT        0 ms INSERT INTO "test_post" ("id", "created_at", "created_by", "updated_at", "updated_by", "title", "content", "description", "user_id", "category_id", "status", "view_count") VALUES ('d3bkhps5cmcb9l8l0p6g', '2025-09-27 10:16:07', 'd3bkhps5cmcb9l8l0oug', '2025-09-27 10:16:07', 'd3bkhps5cmcb9l8l0oug', 'Practical Tech Tutorials', 'Hands-on guides for modern technology stacks.', 'Step-by-step tutorials', 'd3bkhps5cmcb9l8l0oug', 'd3bkhps5cmcb9l8l0ov0', 'published', 52)
2025-09-27T10:16:07.881	[34mINFO[0m	[database]	 INSERT        0 ms INSERT INTO "test_post" ("id", "created_at", "created_by", "updated_at", "updated_by", "title", "content", "description", "user_id", "category_id", "status", "view_count") VALUES ('d3bkhps5cmcb9l8l0p70', '2025-09-27 10:16:07', 'd3bkhps5cmcb9l8l0otg', '2025-09-27 10:16:07', 'd3bkhps5cmcb9l8l0otg', 'Startup Finance 101', 'Financial basics for early-stage startups.', 'Cash flow, runway, and budgeting', 'd3bkhps5cmcb9l8l0otg', 'd3bkhps5cmcb9l8l0p00', 'published', 69)
2025-09-27T10:16:07.881	[34mINFO[0m	[database]	 DROP TABLE      0 ms DROP TABLE IF EXISTS "test_post_tag"
2025-09-27T10:16:07.881	[34mINFO[0m	[database]	 CREATE TABLE      0 ms CREATE TABLE "test_post_tag" ("id" VARCHAR NOT NULL, "created_at" timestamp NOT NULL DEFAULT CURRENT_TIMESTAMP, "created_by" VARCHAR NOT NULL, "updated_at" timestamp NOT NULL DEFAULT CURRENT_TIMESTAMP, "updated_by" VARCHAR NOT NULL, "post_id" VARCHAR NOT NULL, "tag_id" VARCHAR NOT NULL, PRIMARY KEY ("id"))
2025-09-27T10:16:07.881	[34mINFO[0m	[database]	 INSERT        0 ms INSERT INTO "test_post_tag" ("id", "created_at", "created_by", "updated_at", "updated_by", "post_id", "tag_id") VALUES ('d3bkhps5cmcb9l8l0p7g', '2025-09-27 10:16:07', 'system', '2025-09-27 10:16:07', 'system', 'd3bkhps5cmcb9l8l0p3g', 'd3bkhps5cmcb9l8l0p10')
2025-09-27T10:16:07.881	[34mINFO[0m	[database]	 INSERT        0 ms INSERT INTO "test_post_tag" ("id", "created_at", "created_by", "updated_at", "updated_by", "post_id", "tag_id") VALUES ('d3bkhps5cmcb9l8l0p80', '2025-09-27 10:16:07', 'system', '2025-09-27 10:16:07', 'system', 'd3bkhps5cmcb9l8l0p3g', 'd3bkhps5cmcb9l8l0p20')
2025-09-27T10:16:07.881	[34mINFO[0m	[database]	 INSERT        0 ms INSERT INTO "test_post_tag" ("id", "created_at", "created_by", "updated_at", "updated_by", "post_id", "tag_id") VALUES ('d3bkhps5cmcb9l8l0p8g', '2025-09-27 10:16:07', 'system', '2025-09-27 10:16:07', 'system', 'd3bkhps5cmcb9l8l0p3g', 'd3bkhps5cmcb9l8l0p2g')
2025-09-27T10:16:07.881	[34mINFO[0m	[database]	 INSERT        0 ms INSERT INTO "test_post_tag" ("id", "created_at", "created_by", "updated_at", "updated_by", "post_id", "tag_id") VALUES ('d3bkhps5cmcb9l8l0p90', '2025-09-27 10:16:07', 'system', '2025-09-27 10:16:07', 'system', 'd3bkhps5cmcb9l8l0p40', 'd3bkhps5cmcb9l8l0p1g')
2025-09-27T10:16:07.881	[34mINFO[0m	[database]	 INSERT        0 ms INSERT INTO "test_post_tag" ("id", "created_at", "created_by", "updated_at", "updated_by", "post_id", "tag_id") VALUES ('d3bkhps5cmcb9l8l0p9g', '2025-09-27 10:16:07', 'system', '2025-09-27 10:16:07', 'system', 'd3bkhps5cmcb9l8l0p40', 'd3bkhps5cmcb9l8l0p2g')
2025-09-27T10:16:07.881	[34mINFO[0m	[database]	 INSERT        0 ms INSERT INTO "test_post_tag" ("id", "created_at", "created_by", "updated_at", "updated_by", "post_id", "tag_id") VALUES ('d3bkhps5cmcb9l8l0pa0', '2025-09-27 10:16:07', 'system', '2025-09-27 10:16:07', 'system', 'd3bkhps5cmcb9l8l0p4g', 'd3bkhps5cmcb9l8l0p2g')
2025-09-27T10:16:07.881	[34mINFO[0m	[database]	 INSERT        0 ms INSERT INTO "test_post_tag" ("id", "created_at", "created_by", "updated_at", "updated_by", "post_id", "tag_id") VALUES ('d3bkhps5cmcb9l8l0pag', '2025-09-27 10:16:07', 'system', '2025-09-27 10:16:07', 'system', 'd3bkhps5cmcb9l8l0p4g', 'd3bkhps5cmcb9l8l0p30')
2025-09-27T10:16:07.881	[34mINFO[0m	[database]	 INSERT        0 ms INSERT INTO "test_post_tag" ("id", "created_at", "created_by", "updated_at", "updated_by", "post_id", "tag_id") VALUES ('d3bkhps5cmcb9l8l0pb0', '2025-09-27 10:16:07', 'system', '2025-09-27 10:16:07', 'system', 'd3bkhps5cmcb9l8l0p50', 'd3bkhps5cmcb9l8l0p30')
2025-09-27T10:16:07.881	[34mINFO[0m	[database]	 INSERT        0 ms INSERT INTO "test_post_tag" ("id", "created_at", "created_by", "updated_at", "updated_by", "post_id", "tag_id") VALUES ('d3bkhps5cmcb9l8l0pbg', '2025-09-27 10:16:07', 'system', '2025-09-27 10:16:07', 'system', 'd3bkhps5cmcb9l8l0p50', 'd3bkhps5cmcb9l8l0p2g')
2025-09-27T10:16:07.881	[34mINFO[0m	[database]	 INSERT        0 ms INSERT INTO "test_post_tag" ("id", "created_at", "created_by", "updated_at", "updated_by", "post_id", "tag_id") VALUES ('d3bkhps5cmcb9l8l0pc0', '2025-09-27 10:16:07', 'system', '2025-09-27 10:16:07', 'system', 'd3bkhps5cmcb9l8l0p5g', 'd3bkhps5cmcb9l8l0p20')
2025-09-27T10:16:07.881	[34mINFO[0m	[database]	 INSERT        0 ms INSERT INTO "test_post_tag" ("id", "created_at", "created_by", "updated_at", "updated_by", "post_id", "tag_id") VALUES ('d3bkhps5cmcb9l8l0pcg', '2025-09-27 10:16:07', 'system', '2025-09-27 10:16:07', 'system', 'd3bkhps5cmcb9l8l0p5g', 'd3bkhps5cmcb9l8l0p10')
2025-09-27T10:16:07.881	[34mINFO[0m	[database]	 INSERT        0 ms INSERT INTO "test_post_tag" ("id", "created_at", "created_by", "updated_at", "updated_by", "post_id", "tag_id") VALUES ('d3bkhps5cmcb9l8l0pd0', '2025-09-27 10:16:07', 'system', '2025-09-27 10:16:07', 'system', 'd3bkhps5cmcb9l8l0p5g', 'd3bkhps5cmcb9l8l0p30')
2025-09-27T10:16:07.882	[34mINFO[0m	[database]	 INSERT        0 ms INSERT INTO "test_post_tag" ("id", "created_at", "created_by", "updated_at", "updated_by", "post_id", "tag_id") VALUES ('d3bkhps5cmcb9l8l0pdg', '2025-09-27 10:16:07', 'system', '2025-09-27 10:16:07', 'system', 'd3bkhps5cmcb9l8l0p60', 'd3bkhps5cmcb9l8l0p2g')
2025-09-27T10:16:07.882	[34mINFO[0m	[database]	 INSERT        0 ms INSERT INTO "test_post_tag" ("id", "created_at", "created_by", "updated_at", "updated_by", "post_id", "tag_id") VALUES ('d3bkhps5cmcb9l8l0pe0', '2025-09-27 10:16:07', 'system', '2025-08-08 00:02:40', 'system', 'd3bkhps5cmcb9l8l0p60', 'd3bkhps5cmcb9l8l0p30')
2025-09-27T10:16:07.882	[34mINFO[0m	[database]	 INSERT        0 ms INSERT INTO "test_post_tag" ("id", "created_at", "created_by", "updated_at", "updated_by", "post_id", "tag_id") VALUES ('d3bkhps5cmcb9l8l0peg', '2025-09-27 10:16:07', 'system', '2025-09-27 10:16:07', 'system', 'd3bkhps5cmcb9l8l0p6g', 'd3bkhps5cmcb9l8l0p2g')
2025-09-27T10:16:07.882	[34mINFO[0m	[database]	 INSERT        0 ms INSERT INTO "test_post_tag" ("id", "created_at", "created_by", "updated_at", "updated_by", "post_id", "tag_id") VALUES ('d3bkhps5cmcb9l8l0pf0', '2025-09-27 10:16:07', 'system', '2025-09-27 10:16:07', 'system', 'd3bkhps5cmcb9l8l0p6g', 'd3bkhps5cmcb9l8l0p10')
2025-09-27T10:16:07.882	[34mINFO[0m	[database]	 INSERT        0 ms INSERT INTO "test_post_tag" ("id", "created_at", "created_by", "updated_at", "updated_by", "post_id", "tag_id") VALUES ('d3bkhps5cmcb9l8l0pfg', '2025-09-27 10:16:07', 'system', '2025-09-27 10:16:07', 'system', 'd3bkhps5cmcb9l8l0p70', 'd3bkhps5cmcb9l8l0p30')
2025-09-27T10:16:07.882	[34mINFO[0m	[database]	 INSERT        0 ms INSERT INTO "test_post_tag" ("id", "created_at", "created_by", "updated_at", "updated_by", "post_id", "tag_id") VALUES ('d3bkhps5cmcb9l8l0pg0', '2025-09-27 10:16:07', 'system', '2025-09-27 10:16:07', 'system', 'd3bkhps5cmcb9l8l0p70', 'd3bkhps5cmcb9l8l0p2g')
2025-09-27T10:16:07.882	[34mINFO[0m	[database]	 CREATE TABLE      0 ms CREATE TABLE IF NOT EXISTS "test_simple" ("id" VARCHAR NOT NULL, "created_at" timestamp NOT NULL DEFAULT CURRENT_TIMESTAMP, "created_by" VARCHAR NOT NULL, "updated_at" timestamp NOT NULL DEFAULT CURRENT_TIMESTAMP, "updated_by" VARCHAR NOT NULL, "name" VARCHAR NOT NULL, "value" INTEGER NOT NULL, PRIMARY KEY ("id"))
2025-09-27T10:16:07.882	[34mINFO[0m	[database]	 CREATE TABLE      0 ms CREATE TABLE IF NOT EXISTS "test_complex" ("id" VARCHAR NOT NULL, "created_at" timestamp NOT NULL DEFAULT CURRENT_TIMESTAMP, "created_by" VARCHAR NOT NULL, "updated_at" timestamp NOT NULL DEFAULT CURRENT_TIMESTAMP, "updated_by" VARCHAR NOT NULL, "string_field" VARCHAR NOT NULL, "int_field" INTEGER NOT NULL, "float_field" DOUBLE PRECISION NOT NULL, "bool_field" BOOLEAN NOT NULL, "time_field" TIMESTAMP NOT NULL, "null_string" VARCHAR, "null_int" INTEGER, "null_time" TIMESTAMP, "json_field" VARCHAR, "array_field" VARCHAR, PRIMARY KEY ("id"))
    orm_test.go:161: Test fixtures loaded for sqlite database
=== RUN   TestMultiDatabaseORM/TestSQLite/TestBasicDelete
    delete_test.go:16: Testing basic DELETE for sqlite
2025-09-27T10:16:07.882	[34mINFO[0m	[database]	 INSERT        0 ms INSERT INTO "test_user" ("id", "created_at", "created_by", "updated_at", "updated_by", "name", "email", "age", "is_active", "meta") VALUES ('d3bkhps5cmcb9l8l0pgg', '2025-09-27 10:16:07', 'system', '2025-09-27 10:16:07', 'system', 'Delete Test User 1', 'delete1@example.com', 25, TRUE, 'null'), ('d3bkhps5cmcb9l8l0ph0', '2025-09-27 10:16:07', 'system', '2025-09-27 10:16:07', 'system', 'Delete Test User 2', 'delete2@example.com', 30, FALSE, 'null') RETURNING "created_by", "updated_by"
2025-09-27T10:16:07.882	[34mINFO[0m	[database]	 DELETE        0 ms DELETE FROM "test_user" AS "u" WHERE ("u"."email" = 'delete1@example.com')
2025-09-27T10:16:07.882	[34mINFO[0m	[database]	 SELECT        0 ms SELECT "u"."id", "u"."created_at", "u"."created_by", "u"."updated_at", "u"."updated_by", "u"."name", "u"."email", "u"."age", "u"."is_active", "u"."meta" FROM "test_user" AS "u" WHERE ("u"."email" = 'delete1@example.com')
2025-09-27T10:16:07.882	[34mINFO[0m	[database]	 DELETE        0 ms DELETE FROM "test_user" AS "u" WHERE ("u"."id" = 'd3bkhps5cmcb9l8l0ph0')
2025-09-27T10:16:07.882	[34mINFO[0m	[database]	 SELECT        0 ms SELECT "u"."id", "u"."created_at", "u"."created_by", "u"."updated_at", "u"."updated_by", "u"."name", "u"."email", "u"."age", "u"."is_active", "u"."meta" FROM "test_user" AS "u" WHERE ("u"."id" = 'd3bkhps5cmcb9l8l0ph0')
2025-09-27T10:16:07.882	[34mINFO[0m	[database]	 INSERT        0 ms INSERT INTO "test_user" ("id", "created_at", "created_by", "updated_at", "updated_by", "name", "email", "age", "is_active", "meta") VALUES ('d3bkhps5cmcb9l8l0phg', '2025-09-27 10:16:07', 'system', '2025-09-27 10:16:07', 'system', 'Bulk Delete 1', 'bulk1@example.com', 20, TRUE, 'null'), ('d3bkhps5cmcb9l8l0pi0', '2025-09-27 10:16:07', 'system', '2025-09-27 10:16:07', 'system', 'Bulk Delete 2', 'bulk2@example.com', 21, TRUE, 'null'), ('d3bkhps5cmcb9l8l0pig', '2025-09-27 10:16:07', 'system', '2025-09-27 10:16:07', 'system', 'Bulk Delete 3', 'bulk3@example.com', 22, TRUE, 'null') RETURNING "created_by", "updated_by"
2025-09-27T10:16:07.882	[34mINFO[0m	[database]	 DELETE        0 ms DELETE FROM "test_user" AS "u" WHERE ("u"."email" IN ('bulk1@example.com', 'bulk2@example.com'))
2025-09-27T10:16:07.882	[34mINFO[0m	[database]	 SELECT        0 ms SELECT "u"."id", "u"."created_at", "u"."created_by", "u"."updated_at", "u"."updated_by", "u"."name", "u"."email", "u"."age", "u"."is_active", "u"."meta" FROM "test_user" AS "u" WHERE ("u"."email" LIKE 'bulk%')
2025-09-27T10:16:07.882	[34mINFO[0m	[database]	 DELETE        0 ms DELETE FROM "test_user" AS "u" WHERE ("u"."email" = 'bulk3@example.com')
=== RUN   TestMultiDatabaseORM/TestSQLite/TestDeleteCascade
    delete_test.go:466: Testing cascade DELETE for sqlite
2025-09-27T10:16:07.882	[34mINFO[0m	[database]	 INSERT        0 ms INSERT INTO "test_user" ("id", "created_at", "created_by", "updated_at", "updated_by", "name", "email", "age", "is_active", "meta") VALUES ('d3bkhps5cmcb9l8l0pj0', '2025-09-27 10:16:07', 'system', '2025-09-27 10:16:07', 'system', 'Cascade Delete User', 'cascadedelete@example.com', 30, TRUE, 'null') RETURNING "created_by", "updated_by"
2025-09-27T10:16:07.882	[34mINFO[0m	[database]	 INSERT        0 ms INSERT INTO "test_category" ("id", "created_at", "created_by", "updated_at", "updated_by", "name", "description", "parent_id") VALUES ('d3bkhps5cmcb9l8l0pjg', '2025-09-27 10:16:07', 'system', '2025-09-27 10:16:07', 'system', 'Cascade Delete Category', 'Category for cascade test', NULL) RETURNING "created_by", "updated_by", "parent_id"
2025-09-27T10:16:07.882	[34mINFO[0m	[database]	 INSERT        0 ms INSERT INTO "test_post" ("id", "created_at", "created_by", "updated_at", "updated_by", "title", "content", "description", "user_id", "category_id", "status") VALUES ('d3bkhps5cmcb9l8l0pk0', '2025-09-27 10:16:07', 'system', '2025-09-27 10:16:07', 'system', 'Cascade Post 1', 'Content', NULL, 'd3bkhps5cmcb9l8l0pj0', 'd3bkhps5cmcb9l8l0pjg', 'published'), ('d3bkhps5cmcb9l8l0pkg', '2025-09-27 10:16:07', 'system', '2025-09-27 10:16:07', 'system', 'Cascade Post 2', 'Content', NULL, 'd3bkhps5cmcb9l8l0pj0', 'd3bkhps5cmcb9l8l0pjg', 'draft') RETURNING "view_count", "created_by", "updated_by", "description"
2025-09-27T10:16:07.882	[34mINFO[0m	[database]	 DELETE        0 ms DELETE FROM "test_post" AS "p" WHERE ("p"."user_id" = 'd3bkhps5cmcb9l8l0pj0')
2025-09-27T10:16:07.882	[34mINFO[0m	[database]	 SELECT        0 ms SELECT "p"."id", "p"."created_at", "p"."created_by", "p"."updated_at", "p"."updated_by", "p"."title", "p"."content", "p"."description", "p"."user_id", "p"."category_id", "p"."status", "p"."view_count" FROM "test_post" AS "p" WHERE ("p"."user_id" = 'd3bkhps5cmcb9l8l0pj0')
2025-09-27T10:16:07.882	[34mINFO[0m	[database]	 DELETE        0 ms DELETE FROM "test_user" AS "u" WHERE ("u"."id" = 'd3bkhps5cmcb9l8l0pj0')
2025-09-27T10:16:07.882	[34mINFO[0m	[database]	 SELECT        0 ms SELECT "u"."id", "u"."created_at", "u"."created_by", "u"."updated_at", "u"."updated_by", "u"."name", "u"."email", "u"."age", "u"."is_active", "u"."meta" FROM "test_user" AS "u" WHERE ("u"."id" = 'd3bkhps5cmcb9l8l0pj0')
2025-09-27T10:16:07.882	[34mINFO[0m	[database]	 DELETE        0 ms DELETE FROM "test_category" AS "c" WHERE ("c"."id" = 'd3bkhps5cmcb9l8l0pjg')
=== RUN   TestMultiDatabaseORM/TestSQLite/TestDeleteComplexConditions
    delete_test.go:615: Testing DELETE with complex conditions for sqlite
2025-09-27T10:16:07.882	[34mINFO[0m	[database]	 INSERT        0 ms INSERT INTO "test_post" ("id", "created_at", "created_by", "updated_at", "updated_by", "title", "content", "description", "user_id", "category_id", "status", "view_count") VALUES ('d3bkhps5cmcb9l8l0pl0', '2025-09-27 10:16:07', 'system', '2025-09-27 10:16:07', 'system', 'Complex 1', 'Content', NULL, 'user1', 'cat1', 'draft', 5), ('d3bkhps5cmcb9l8l0plg', '2025-09-27 10:16:07', 'system', '2025-09-27 10:16:07', 'system', 'Complex 2', 'Content', NULL, 'user1', 'cat1', 'published', 50), ('d3bkhps5cmcb9l8l0pm0', '2025-09-27 10:16:07', 'system', '2025-09-27 10:16:07', 'system', 'Complex 3', 'Content', NULL, 'user2', 'cat1', 'published', 150), ('d3bkhps5cmcb9l8l0pmg', '2025-09-27 10:16:07', 'system', '2025-09-27 10:16:07', 'system', 'Complex 4', 'Content', NULL, 'user2', 'cat2', 'review', 25) RETURNING "created_by", "updated_by", "description"
2025-09-27T10:16:07.882	[34mINFO[0m	[database]	 DELETE        0 ms DELETE FROM "test_post" AS "p" WHERE ("p"."status" = 'published') AND (("p"."view_count" < 100) OR ("p"."user_id" = 'user2'))
2025-09-27T10:16:07.882	[34mINFO[0m	[database]	 SELECT        0 ms SELECT "p"."id", "p"."created_at", "p"."created_by", "p"."updated_at", "p"."updated_by", "p"."title", "p"."content", "p"."description", "p"."user_id", "p"."category_id", "p"."status", "p"."view_count" FROM "test_post" AS "p" WHERE ("p"."title" LIKE 'Complex%')
2025-09-27T10:16:07.882	[34mINFO[0m	[database]	 DELETE        0 ms DELETE FROM "test_post" AS "p" WHERE ("p"."status" <> 'draft') AND ("p"."view_count" <> 150)
2025-09-27T10:16:07.882	[34mINFO[0m	[database]	 SELECT        0 ms SELECT "p"."id", "p"."created_at", "p"."created_by", "p"."updated_at", "p"."updated_by", "p"."title", "p"."content", "p"."description", "p"."user_id", "p"."category_id", "p"."status", "p"."view_count" FROM "test_post" AS "p" WHERE ("p"."title" LIKE 'Complex%')
2025-09-27T10:16:07.882	[34mINFO[0m	[database]	 INSERT        0 ms INSERT INTO "test_post" ("id", "created_at", "created_by", "updated_at", "updated_by", "title", "content", "description", "user_id", "category_id", "status", "view_count") VALUES ('d3bkhps5cmcb9l8l0pn0', '2025-09-27 10:16:07', 'system', '2025-09-27 10:16:07', 'system', 'Between 1', 'Content', NULL, 'user1', 'cat1', 'published', 25), ('d3bkhps5cmcb9l8l0png', '2025-09-27 10:16:07', 'system', '2025-09-27 10:16:07', 'system', 'Between 2', 'Content', NULL, 'user1', 'cat1', 'published', 50), ('d3bkhps5cmcb9l8l0po0', '2025-09-27 10:16:07', 'system', '2025-09-27 10:16:07', 'system', 'Between 3', 'Content', NULL, 'user1', 'cat1', 'published', 75), ('d3bkhps5cmcb9l8l0pog', '2025-09-27 10:16:07', 'system', '2025-09-27 10:16:07', 'system', 'Between 4', 'Content', NULL, 'user1', 'cat1', 'published', 100) RETURNING "created_by", "updated_by", "description"
2025-09-27T10:16:07.882	[34mINFO[0m	[database]	 DELETE        0 ms DELETE FROM "test_post" AS "p" WHERE ("p"."view_count" BETWEEN 40 AND 80)
2025-09-27T10:16:07.882	[34mINFO[0m	[database]	 SELECT        0 ms SELECT "p"."id", "p"."created_at", "p"."created_by", "p"."updated_at", "p"."updated_by", "p"."title", "p"."content", "p"."description", "p"."user_id", "p"."category_id", "p"."status", "p"."view_count" FROM "test_post" AS "p" WHERE ("p"."title" LIKE 'Between%')
2025-09-27T10:16:07.882	[34mINFO[0m	[database]	 DELETE        0 ms DELETE FROM "test_post" AS "p" WHERE ("p"."title" LIKE 'Complex%') OR ("p"."title" LIKE 'Between%')
=== RUN   TestMultiDatabaseORM/TestSQLite/TestDeleteErrorHandling
    delete_test.go:552: Testing DELETE error handling for sqlite
2025-09-27T10:16:07.883	[34mINFO[0m	[database]	 DELETE        0 ms DELETE FROM "test_user" AS "u" WHERE ("u"."email" = 'nonexistent@example.com')
2025-09-27T10:16:07.883	[34mINFO[0m	[database]	 INSERT        0 ms INSERT INTO "test_simple" ("id", "created_at", "created_by", "updated_at", "updated_by", "name", "value") VALUES ('d3bkhps5cmcb9l8l0pp0', '2025-09-27 10:16:07', 'system', '2025-09-27 10:16:07', 'system', 'Delete All Test 1', 1), ('d3bkhps5cmcb9l8l0ppg', '2025-09-27 10:16:07', 'system', '2025-09-27 10:16:07', 'system', 'Delete All Test 2', 2) RETURNING "created_by", "updated_by"
2025-09-27T10:16:07.883	[34mINFO[0m	[database]	 DELETE        0 ms DELETE FROM "test_simple" AS "s" WHERE ("s"."name" LIKE 'Delete All Test%')
2025-09-27T10:16:07.883	[34mINFO[0m	[database]	 SELECT        0 ms SELECT "s"."id", "s"."created_at", "s"."created_by", "s"."updated_at", "s"."updated_by", "s"."name", "s"."value" FROM "test_simple" AS "s" WHERE ("s"."name" LIKE 'Delete All Test%')
2025-09-27T10:16:07.883	[31mERROR[0m	[database]	 DELETE        0 ms DELETE FROM "test_user" AS "u" WHERE ("u"."invalid_field" = 'value')  SQL logic error: no such column: u.invalid_field (1) 
=== RUN   TestMultiDatabaseORM/TestSQLite/TestDeletePerformance
    delete_test.go:735: Testing DELETE performance for sqlite
2025-09-27T10:16:07.883	[34mINFO[0m	[database]	 INSERT        0 ms INSERT INTO "test_user" ("id", "created_at", "created_by", "updated_at", "updated_by", "name", "email", "age", "is_active", "meta") VALUES ('d3bkhps5cmcb9l8l0pq0', '2025-09-27 10:16:07', 'system', '2025-09-27 10:16:07', 'system', 'Perf User 0', 'perf-000@example.com', 20, TRUE, 'null'), ('d3bkhps5cmcb9l8l0pqg', '2025-09-27 10:16:07', 'system', '2025-09-27 10:16:07', 'system', 'Perf User 1', 'perf-001@example.com', 21, FALSE, 'null'), ('d3bkhps5cmcb9l8l0pr0', '2025-09-27 10:16:07', 'system', '2025-09-27 10:16:07', 'system', 'Perf User 2', 'perf-002@example.com', 22, TRUE, 'null'), ('d3bkhps5cmcb9l8l0prg', '2025-09-27 10:16:07', 'system', '2025-09-27 10:16:07', 'system', 'Perf User 3', 'perf-003@example.com', 23, FALSE, 'null'), ('d3bkhps5cmcb9l8l0ps0', '2025-09-27 10:16:07', 'system', '2025-09-27 10:16:07', 'system', 'Perf User 4', 'perf-004@example.com', 24, TRUE, 'null'), ('d3bkhps5cmcb9l8l0psg', '2025-09-27 10:16:07', 'system', '2025-09-27 10:16:07', 'system', 'Perf User 5', 'perf-005@example.com', 25, FALSE, 'null'), ('d3bkhps5cmcb9l8l0pt0', '2025-09-27 10:16:07', 'system', '2025-09-27 10:16:07', 'system', 'Perf User 6', 'perf-006@example.com', 26, TRUE, 'null'), ('d3bkhps5cmcb9l8l0ptg', '2025-09-27 10:16:07', 'system', '2025-09-27 10:16:07', 'system', 'Perf User 7', 'perf-007@example.com', 27, FALSE, 'null'), ('d3bkhps5cmcb9l8l0pu0', '2025-09-27 10:16:07', 'system', '2025-09-27 10:16:07', 'system', 'Perf User 8', 'perf-008@example.com', 28, TRUE, 'null'), ('d3bkhps5cmcb9l8l0pug', '2025-09-27 10:16:07', 'system', '2025-09-27 10:16:07', 'system', 'Perf User 9', 'perf-009@example.com', 29, FALSE, 'null'), ('d3bkhps5cmcb9l8l0pv0', '2025-09-27 10:16:07', 'system', '2025-09-27 10:16:07', 'system', 'Perf User 10', 'perf-010@example.com', 30, TRUE, 'null'), ('d3bkhps5cmcb9l8l0pvg', '2025-09-27 10:16:07', 'system', '2025-09-27 10:16:07', 'system', 'Perf User 11', 'perf-011@example.com', 31, FALSE, 'null'), ('d3bkhps5cmcb9l8l0q00', '2025-09-27 10:16:07', 'system', '2025-09-27 10:16:07', 'system', 'Perf User 12', 'perf-012@example.com', 32, TRUE, 'null'), ('d3bkhps5cmcb9l8l0q0g', '2025-09-27 10:16:07', 'system', '2025-09-27 10:16:07', 'system', 'Perf User 13', 'perf-013@example.com', 33, FALSE, 'null'), ('d3bkhps5cmcb9l8l0q10', '2025-09-27 10:16:07', 'system', '2025-09-27 10:16:07', 'system', 'Perf User 14', 'perf-014@example.com', 34, TRUE, 'null'), ('d3bkhps5cmcb9l8l0q1g', '2025-09-27 10:16:07', 'system', '2025-09-27 10:16:07', 'system', 'Perf User 15', 'perf-015@example.com', 35, FALSE, 'null'), ('d3bkhps5cmcb9l8l0q20', '2025-09-27 10:16:07', 'system', '2025-09-27 10:16:07', 'system', 'Perf User 16', 'perf-016@example.com', 36, TRUE, 'null'), ('d3bkhps5cmcb9l8l0q2g', '2025-09-27 10:16:07', 'system', '2025-09-27 10:16:07', 'system', 'Perf User 17', 'perf-017@example.com', 37, FALSE, 'null'), ('d3bkhps5cmcb9l8l0q30', '2025-09-27 10:16:07', 'system', '2025-09-27 10:16:07', 'system', 'Perf User 18', 'perf-018@example.com', 38, TRUE, 'null'), ('d3bkhps5cmcb9l8l0q3g', '2025-09-27 10:16:07', 'system', '2025-09-27 10:16:07', 'system', 'Perf User 19', 'perf-019@example.com', 39, FALSE, 'null'), ('d3bkhps5cmcb9l8l0q40', '2025-09-27 10:16:07', 'system', '2025-09-27 10:16:07', 'system', 'Perf User 20', 'perf-020@example.com', 40, TRUE, 'null'), ('d3bkhps5cmcb9l8l0q4g', '2025-09-27 10:16:07', 'system', '2025-09-27 10:16:07', 'system', 'Perf User 21', 'perf-021@example.com', 41, FALSE, 'null'), ('d3bkhps5cmcb9l8l0q50', '2025-09-27 10:16:07', 'system', '2025-09-27 10:16:07', 'system', 'Perf User 22', 'perf-022@example.com', 42, TRUE, 'null'), ('d3bkhps5cmcb9l8l0q5g', '2025-09-27 10:16:07', 'system', '2025-09-27 10:16:07', 'system', 'Perf User 23', 'perf-023@example.com', 43, FALSE, 'null'), ('d3bkhps5cmcb9l8l0q60', '2025-09-27 10:16:07', 'system', '2025-09-27 10:16:07', 'system', 'Perf User 24', 'perf-024@example.com', 44, TRUE, 'null'), ('d3bkhps5cmcb9l8l0q6g', '2025-09-27 10:16:07', 'system', '2025-09-27 10:16:07', 'system', 'Perf User 25', 'perf-025@example.com', 45, FALSE, 'null'), ('d3bkhps5cmcb9l8l0q70', '2025-09-27 10:16:07', 'system', '2025-09-27 10:16:07', 'system', 'Perf User 26', 'perf-026@example.com', 46, TRUE, 'null'), ('d3bkhps5cmcb9l8l0q7g', '2025-09-27 10:16:07', 'system', '2025-09-27 10:16:07', 'system', 'Perf User 27', 'perf-027@example.com', 47, FALSE, 'null'), ('d3bkhps5cmcb9l8l0q80', '2025-09-27 10:16:07', 'system', '2025-09-27 10:16:07', 'system', 'Perf User 28', 'perf-028@example.com', 48, TRUE, 'null'), ('d3bkhps5cmcb9l8l0q8g', '2025-09-27 10:16:07', 'system', '2025-09-27 10:16:07', 'system', 'Perf User 29', 'perf-029@example.com', 49, FALSE, 'null'), ('d3bkhps5cmcb9l8l0q90', '2025-09-27 10:16:07', 'system', '2025-09-27 10:16:07', 'system', 'Perf User 30', 'perf-030@example.com', 50, TRUE, 'null'), ('d3bkhps5cmcb9l8l0q9g', '2025-09-27 10:16:07', 'system', '2025-09-27 10:16:07', 'system', 'Perf User 31', 'perf-031@example.com', 51, FALSE, 'null'), ('d3bkhps5cmcb9l8l0qa0', '2025-09-27 10:16:07', 'system', '2025-09-27 10:16:07', 'system', 'Perf User 32', 'perf-032@example.com', 52, TRUE, 'null'), ('d3bkhps5cmcb9l8l0qag', '2025-09-27 10:16:07', 'system', '2025-09-27 10:16:07', 'system', 'Perf User 33', 'perf-033@example.com', 53, FALSE, 'null'), ('d3bkhps5cmcb9l8l0qb0', '2025-09-27 10:16:07', 'system', '2025-09-27 10:16:07', 'system', 'Perf User 34', 'perf-034@example.com', 54, TRUE, 'null'), ('d3bkhps5cmcb9l8l0qbg', '2025-09-27 10:16:07', 'system', '2025-09-27 10:16:07', 'system', 'Perf User 35', 'perf-035@example.com', 55, FALSE, 'null'), ('d3bkhps5cmcb9l8l0qc0', '2025-09-27 10:16:07', 'system', '2025-09-27 10:16:07', 'system', 'Perf User 36', 'perf-036@example.com', 56, TRUE, 'null'), ('d3bkhps5cmcb9l8l0qcg', '2025-09-27 10:16:07', 'system', '2025-09-27 10:16:07', 'system', 'Perf User 37', 'perf-037@example.com', 57, FALSE, 'null'), ('d3bkhps5cmcb9l8l0qd0', '2025-09-27 10:16:07', 'system', '2025-09-27 10:16:07', 'system', 'Perf User 38', 'perf-038@example.com', 58, TRUE, 'null'), ('d3bkhps5cmcb9l8l0qdg', '2025-09-27 10:16:07', 'system', '2025-09-27 10:16:07', 'system', 'Perf User 39', 'perf-039@example.com', 59, FALSE, 'null'), ('d3bkhps5cmcb9l8l0qe0', '2025-09-27 10:16:07', 'system', '2025-09-27 10:16:07', 'system', 'Perf User 40', 'perf-040@example.com', 60, TRUE, 'null'), ('d3bkhps5cmcb9l8l0qeg', '2025-09-27 10:16:07', 'system', '2025-09-27 10:16:07', 'system', 'Perf User 41', 'perf-041@example.com', 61, FALSE, 'null'), ('d3bkhps5cmcb9l8l0qf0', '2025-09-27 10:16:07', 'system', '2025-09-27 10:16:07', 'system', 'Perf User 42', 'perf-042@example.com', 62, TRUE, 'null'), ('d3bkhps5cmcb9l8l0qfg', '2025-09-27 10:16:07', 'system', '2025-09-27 10:16:07', 'system', 'Perf User 43', 'perf-043@example.com', 63, FALSE, 'null'), ('d3bkhps5cmcb9l8l0qg0', '2025-09-27 10:16:07', 'system', '2025-09-27 10:16:07', 'system', 'Perf User 44', 'perf-044@example.com', 64, TRUE, 'null'), ('d3bkhps5cmcb9l8l0qgg', '2025-09-27 10:16:07', 'system', '2025-09-27 10:16:07', 'system', 'Perf User 45', 'perf-045@example.com', 65, FALSE, 'null'), ('d3bkhps5cmcb9l8l0qh0', '2025-09-27 10:16:07', 'system', '2025-09-27 10:16:07', 'system', 'Perf User 46', 'perf-046@example.com', 66, TRUE, 'null'), ('d3bkhps5cmcb9l8l0qhg', '2025-09-27 10:16:07', 'system', '2025-09-27 10:16:07', 'system', 'Perf User 47', 'perf-047@example.com', 67, FALSE, 'null'), ('d3bkhps5cmcb9l8l0qi0', '2025-09-27 10:16:07', 'system', '2025-09-27 10:16:07', 'system', 'Perf User 48', 'perf-048@example.com', 68, TRUE, 'null'), ('d3bkhps5cmcb9l8l0qig', '2025-09-27 10:16:07', 'system', '2025-09-27 10:16:07', 'system', 'Perf User 49', 'perf-049@example.com', 69, FALSE, 'null'), ('d3bkhps5cmcb9l8l0qj0', '2025-09-27 10:16:07', 'system', '2025-09-27 10:16:07', 'system', 'Perf User 50', 'perf-050@example.com', 20, TRUE, 'null'), ('d3bkhps5cmcb9l8l0qjg', '2025-09-27 10:16:07', 'system', '2025-09-27 10:16:07', 'system', 'Perf User 51', 'perf-051@example.com', 21, FALSE, 'null'), ('d3bkhps5cmcb9l8l0qk0', '2025-09-27 10:16:07', 'system', '2025-09-27 10:16:07', 'system', 'Perf User 52', 'perf-052@example.com', 22, TRUE, 'null'), ('d3bkhps5cmcb9l8l0qkg', '2025-09-27 10:16:07', 'system', '2025-09-27 10:16:07', 'system', 'Perf User 53', 'perf-053@example.com', 23, FALSE, 'null'), ('d3bkhps5cmcb9l8l0ql0', '2025-09-27 10:16:07', 'system', '2025-09-27 10:16:07', 'system', 'Perf User 54', 'perf-054@example.com', 24, TRUE, 'null'), ('d3bkhps5cmcb9l8l0qlg', '2025-09-27 10:16:07', 'system', '2025-09-27 10:16:07', 'system', 'Perf User 55', 'perf-055@example.com', 25, FALSE, 'null'), ('d3bkhps5cmcb9l8l0qm0', '2025-09-27 10:16:07', 'system', '2025-09-27 10:16:07', 'system', 'Perf User 56', 'perf-056@example.com', 26, TRUE, 'null'), ('d3bkhps5cmcb9l8l0qmg', '2025-09-27 10:16:07', 'system', '2025-09-27 10:16:07', 'system', 'Perf User 57', 'perf-057@example.com', 27, FALSE, 'null'), ('d3bkhps5cmcb9l8l0qn0', '2025-09-27 10:16:07', 'system', '2025-09-27 10:16:07', 'system', 'Perf User 58', 'perf-058@example.com', 28, TRUE, 'null'), ('d3bkhps5cmcb9l8l0qng', '2025-09-27 10:16:07', 'system', '2025-09-27 10:16:07', 'system', 'Perf User 59', 'perf-059@example.com', 29, FALSE, 'null'), ('d3bkhps5cmcb9l8l0qo0', '2025-09-27 10:16:07', 'system', '2025-09-27 10:16:07', 'system', 'Perf User 60', 'perf-060@example.com', 30, TRUE, 'null'), ('d3bkhps5cmcb9l8l0qog', '2025-09-27 10:16:07', 'system', '2025-09-27 10:16:07', 'system', 'Perf User 61', 'perf-061@example.com', 31, FALSE, 'null'), ('d3bkhps5cmcb9l8l0qp0', '2025-09-27 10:16:07', 'system', '2025-09-27 10:16:07', 'system', 'Perf User 62', 'perf-062@example.com', 32, TRUE, 'null'), ('d3bkhps5cmcb9l8l0qpg', '2025-09-27 10:16:07', 'system', '2025-09-27 10:16:07', 'system', 'Perf User 63', 'perf-063@example.com', 33, FALSE, 'null'), ('d3bkhps5cmcb9l8l0qq0', '2025-09-27 10:16:07', 'system', '2025-09-27 10:16:07', 'system', 'Perf User 64', 'perf-064@example.com', 34, TRUE, 'null'), ('d3bkhps5cmcb9l8l0qqg', '2025-09-27 10:16:07', 'system', '2025-09-27 10:16:07', 'system', 'Perf User 65', 'perf-065@example.com', 35, FALSE, 'null'), ('d3bkhps5cmcb9l8l0qr0', '2025-09-27 10:16:07', 'system', '2025-09-27 10:16:07', 'system', 'Perf User 66', 'perf-066@example.com', 36, TRUE, 'null'), ('d3bkhps5cmcb9l8l0qrg', '2025-09-27 10:16:07', 'system', '2025-09-27 10:16:07', 'system', 'Perf User 67', 'perf-067@example.com', 37, FALSE, 'null'), ('d3bkhps5cmcb9l8l0qs0', '2025-09-27 10:16:07', 'system', '2025-09-27 10:16:07', 'system', 'Perf User 68', 'perf-068@example.com', 38, TRUE, 'null'), ('d3bkhps5cmcb9l8l0qsg', '2025-09-27 10:16:07', 'system', '2025-09-27 10:16:07', 'system', 'Perf User 69', 'perf-069@example.com', 39, FALSE, 'null'), ('d3bkhps5cmcb9l8l0qt0', '2025-09-27 10:16:07', 'system', '2025-09-27 10:16:07', 'system', 'Perf User 70', 'perf-070@example.com', 40, TRUE, 'null'), ('d3bkhps5cmcb9l8l0qtg', '2025-09-27 10:16:07', 'system', '2025-09-27 10:16:07', 'system', 'Perf User 71', 'perf-071@example.com', 41, FALSE, 'null'), ('d3bkhps5cmcb9l8l0qu0', '2025-09-27 10:16:07', 'system', '2025-09-27 10:16:07', 'system', 'Perf User 72', 'perf-072@example.com', 42, TRUE, 'null'), ('d3bkhps5cmcb9l8l0qug', '2025-09-27 10:16:07', 'system', '2025-09-27 10:16:07', 'system', 'Perf User 73', 'perf-073@example.com', 43, FALSE, 'null'), ('d3bkhps5cmcb9l8l0qv0', '2025-09-27 10:16:07', 'system', '2025-09-27 10:16:07', 'system', 'Perf User 74', 'perf-074@example.com', 44, TRUE, 'null'), ('d3bkhps5cmcb9l8l0qvg', '2025-09-27 10:16:07', 'system', '2025-09-27 10:16:07', 'system', 'Perf User 75', 'perf-075@example.com', 45, FALSE, 'null'), ('d3bkhps5cmcb9l8l0r00', '2025-09-27 10:16:07', 'system', '2025-09-27 10:16:07', 'system', 'Perf User 76', 'perf-076@example.com', 46, TRUE, 'null'), ('d3bkhps5cmcb9l8l0r0g', '2025-09-27 10:16:07', 'system', '2025-09-27 10:16:07', 'system', 'Perf User 77', 'perf-077@example.com', 47, FALSE, 'null'), ('d3bkhps5cmcb9l8l0r10', '2025-09-27 10:16:07', 'system', '2025-09-27 10:16:07', 'system', 'Perf User 78', 'perf-078@example.com', 48, TRUE, 'null'), ('d3bkhps5cmcb9l8l0r1g', '2025-09-27 10:16:07', 'system', '2025-09-27 10:16:07', 'system', 'Perf User 79', 'perf-079@example.com', 49, FALSE, 'null'), ('d3bkhps5cmcb9l8l0r20', '2025-09-27 10:16:07', 'system', '2025-09-27 10:16:07', 'system', 'Perf User 80', 'perf-080@example.com', 50, TRUE, 'null'), ('d3bkhps5cmcb9l8l0r2g', '2025-09-27 10:16:07', 'system', '2025-09-27 10:16:07', 'system', 'Perf User 81', 'perf-081@example.com', 51, FALSE, 'null'), ('d3bkhps5cmcb9l8l0r30', '2025-09-27 10:16:07', 'system', '2025-09-27 10:16:07', 'system', 'Perf User 82', 'perf-082@example.com', 52, TRUE, 'null'), ('d3bkhps5cmcb9l8l0r3g', '2025-09-27 10:16:07', 'system', '2025-09-27 10:16:07', 'system', 'Perf User 83', 'perf-083@example.com', 53, FALSE, 'null'), ('d3bkhps5cmcb9l8l0r40', '2025-09-27 10:16:07', 'system', '2025-09-27 10:16:07', 'system', 'Perf User 84', 'perf-084@example.com', 54, TRUE, 'null'), ('d3bkhps5cmcb9l8l0r4g', '2025-09-27 10:16:07', 'system', '2025-09-27 10:16:07', 'system', 'Perf User 85', 'perf-085@example.com', 55, FALSE, 'null'), ('d3bkhps5cmcb9l8l0r50', '2025-09-27 10:16:07', 'system', '2025-09-27 10:16:07', 'system', 'Perf User 86', 'perf-086@example.com', 56, TRUE, 'null'), ('d3bkhps5cmcb9l8l0r5g', '2025-09-27 10:16:07', 'system', '2025-09-27 10:16:07', 'system', 'Perf User 87', 'perf-087@example.com', 57, FALSE, 'null'), ('d3bkhps5cmcb9l8l0r60', '2025-09-27 10:16:07', 'system', '2025-09-27 10:16:07', 'system', 'Perf User 88', 'perf-088@example.com', 58, TRUE, 'null'), ('d3bkhps5cmcb9l8l0r6g', '2025-09-27 10:16:07', 'system', '2025-09-27 10:16:07', 'system', 'Perf User 89', 'perf-089@example.com', 59, FALSE, 'null'), ('d3bkhps5cmcb9l8l0r70', '2025-09-27 10:16:07', 'system', '2025-09-27 10:16:07', 'system', 'Perf User 90', 'perf-090@example.com', 60, TRUE, 'null'), ('d3bkhps5cmcb9l8l0r7g', '2025-09-27 10:16:07', 'system', '2025-09-27 10:16:07', 'system', 'Perf User 91', 'perf-091@example.com', 61, FALSE, 'null'), ('d3bkhps5cmcb9l8l0r80', '2025-09-27 10:16:07', 'system', '2025-09-27 10:16:07', 'system', 'Perf User 92', 'perf-092@example.com', 62, TRUE, 'null'), ('d3bkhps5cmcb9l8l0r8g', '2025-09-27 10:16:07', 'system', '2025-09-27 10:16:07', 'system', 'Perf User 93', 'perf-093@example.com', 63, FALSE, 'null'), ('d3bkhps5cmcb9l8l0r90', '2025-09-27 10:16:07', 'system', '2025-09-27 10:16:07', 'system', 'Perf User 94', 'perf-094@example.com', 64, TRUE, 'null'), ('d3bkhps5cmcb9l8l0r9g', '2025-09-27 10:16:07', 'system', '2025-09-27 10:16:07', 'system', 'Perf User 95', 'perf-095@example.com', 65, FALSE, 'null'), ('d3bkhps5cmcb9l8l0ra0', '2025-09-27 10:16:07', 'system', '2025-09-27 10:16:07', 'system', 'Perf User 96', 'perf-096@example.com', 66, TRUE, 'null'), ('d3bkhps5cmcb9l8l0rag', '2025-09-27 10:16:07', 'system', '2025-09-27 10:16:07', 'system', 'Perf User 97', 'perf-097@example.com', 67, FALSE, 'null'), ('d3bkhps5cmcb9l8l0rb0', '2025-09-27 10:16:07', 'system', '2025-09-27 10:16:07', 'system', 'Perf User 98', 'perf-098@example.com', 68, TRUE, 'null'), ('d3bkhps5cmcb9l8l0rbg', '2025-09-27 10:16:07', 'system', '2025-09-27 10:16:07', 'system', 'Perf User 99', 'perf-099@example.com', 69, FALSE, 'null') RETURNING "created_by", "updated_by"
    delete_test.go:755: Inserted 100 users in 458.875µs
2025-09-27T10:16:07.883	[34mINFO[0m	[database]	 DELETE        0 ms DELETE FROM "test_user" AS "u" WHERE ("u"."email" LIKE 'perf-%')
    delete_test.go:772: Deleted 100 users in 61.833µs
2025-09-27T10:16:07.883	[34mINFO[0m	[database]	 SELECT        0 ms SELECT "u"."id", "u"."created_at", "u"."created_by", "u"."updated_at", "u"."updated_by", "u"."name", "u"."email", "u"."age", "u"."is_active", "u"."meta" FROM "test_user" AS "u" WHERE ("u"."email" LIKE 'perf%')
=== RUN   TestMultiDatabaseORM/TestSQLite/TestDeleteWithConditions
    delete_test.go:130: Testing DELETE with conditions for sqlite
2025-09-27T10:16:07.883	[34mINFO[0m	[database]	 INSERT        0 ms INSERT INTO "test_post" ("id", "created_at", "created_by", "updated_at", "updated_by", "title", "content", "description", "user_id", "category_id", "status", "view_count") VALUES ('d3bkhps5cmcb9l8l0rc0', '2025-09-27 10:16:07', 'system', '2025-09-27 10:16:07', 'system', 'Delete Test Post 1', 'Content 1', NULL, 'test_user_id', 'test_category_id', 'draft', 5), ('d3bkhps5cmcb9l8l0rcg', '2025-09-27 10:16:07', 'system', '2025-09-27 10:16:07', 'system', 'Delete Test Post 2', 'Content 2', NULL, 'test_user_id', 'test_category_id', 'published', 100), ('d3bkhps5cmcb9l8l0rd0', '2025-09-27 10:16:07', 'system', '2025-09-27 10:16:07', 'system', 'Delete Test Post 3', 'Content 3', NULL, 'test_user_id', 'test_category_id', 'draft', 10) RETURNING "created_by", "updated_by", "description"
2025-09-27T10:16:07.883	[34mINFO[0m	[database]	 DELETE        0 ms DELETE FROM "test_post" AS "p" WHERE ("p"."status" = 'draft')
2025-09-27T10:16:07.883	[34mINFO[0m	[database]	 SELECT        0 ms SELECT "p"."id", "p"."created_at", "p"."created_by", "p"."updated_at", "p"."updated_by", "p"."title", "p"."content", "p"."description", "p"."user_id", "p"."category_id", "p"."status", "p"."view_count" FROM "test_post" AS "p" WHERE ("p"."title" LIKE 'Delete Test Post%')
2025-09-27T10:16:07.883	[34mINFO[0m	[database]	 INSERT        0 ms INSERT INTO "test_post" ("id", "created_at", "created_by", "updated_at", "updated_by", "title", "content", "description", "user_id", "category_id", "status", "view_count") VALUES ('d3bkhps5cmcb9l8l0rdg', '2025-09-27 10:16:07', 'system', '2025-09-27 10:16:07', 'system', 'Complex Delete 1', 'Content', NULL, 'user1', 'cat1', 'published', 50), ('d3bkhps5cmcb9l8l0re0', '2025-09-27 10:16:07', 'system', '2025-09-27 10:16:07', 'system', 'Complex Delete 2', 'Content', NULL, 'user1', 'cat1', 'published', 150), ('d3bkhps5cmcb9l8l0reg', '2025-09-27 10:16:07', 'system', '2025-09-27 10:16:07', 'system', 'Complex Delete 3', 'Content', NULL, 'user1', 'cat1', 'draft', 75) RETURNING "created_by", "updated_by", "description"
2025-09-27T10:16:07.883	[34mINFO[0m	[database]	 DELETE        0 ms DELETE FROM "test_post" AS "p" WHERE ("p"."status" = 'published') AND ("p"."view_count" > 75)
2025-09-27T10:16:07.883	[34mINFO[0m	[database]	 SELECT        0 ms SELECT "p"."id", "p"."created_at", "p"."created_by", "p"."updated_at", "p"."updated_by", "p"."title", "p"."content", "p"."description", "p"."user_id", "p"."category_id", "p"."status", "p"."view_count" FROM "test_post" AS "p" WHERE ("p"."title" LIKE 'Complex Delete%')
2025-09-27T10:16:07.883	[34mINFO[0m	[database]	 DELETE        0 ms DELETE FROM "test_post" AS "p" WHERE ("p"."view_count" = 50) OR ("p"."view_count" = 75)
2025-09-27T10:16:07.883	[34mINFO[0m	[database]	 SELECT        0 ms SELECT "p"."id", "p"."created_at", "p"."created_by", "p"."updated_at", "p"."updated_by", "p"."title", "p"."content", "p"."description", "p"."user_id", "p"."category_id", "p"."status", "p"."view_count" FROM "test_post" AS "p" WHERE ("p"."title" LIKE 'Complex Delete%')
2025-09-27T10:16:07.883	[34mINFO[0m	[database]	 DELETE        0 ms DELETE FROM "test_post" AS "p" WHERE ("p"."title" LIKE 'Delete Test Post%')
=== RUN   TestMultiDatabaseORM/TestSQLite/TestDeleteWithJoins
    delete_test.go:257: Testing DELETE with JOINs (subqueries) for sqlite
2025-09-27T10:16:07.883	[34mINFO[0m	[database]	 INSERT        0 ms INSERT INTO "test_user" ("id", "created_at", "created_by", "updated_at", "updated_by", "name", "email", "age", "is_active", "meta") VALUES ('d3bkhps5cmcb9l8l0rf0', '2025-09-27 10:16:07', 'system', '2025-09-27 10:16:07', 'system', 'Join Delete User', 'joindelete@example.com', 30, FALSE, 'null') RETURNING "created_by", "updated_by"
2025-09-27T10:16:07.883	[34mINFO[0m	[database]	 INSERT        0 ms INSERT INTO "test_post" ("id", "created_at", "created_by", "updated_at", "updated_by", "title", "content", "description", "user_id", "category_id", "status") VALUES ('d3bkhps5cmcb9l8l0rfg', '2025-09-27 10:16:07', 'system', '2025-09-27 10:16:07', 'system', 'Join Delete Post 1', 'Content', NULL, 'd3bkhps5cmcb9l8l0rf0', 'cat1', 'published'), ('d3bkhps5cmcb9l8l0rg0', '2025-09-27 10:16:07', 'system', '2025-09-27 10:16:07', 'system', 'Join Delete Post 2', 'Content', NULL, 'd3bkhps5cmcb9l8l0rf0', 'cat1', 'draft') RETURNING "view_count", "created_by", "updated_by", "description"
2025-09-27T10:16:07.883	[34mINFO[0m	[database]	 DELETE        0 ms DELETE FROM "test_post" AS "p" WHERE ("p"."user_id" IN (SELECT "u"."id" FROM "test_user" AS "u" WHERE ("u"."is_active" = FALSE)))
2025-09-27T10:16:07.883	[34mINFO[0m	[database]	 SELECT        0 ms SELECT "p"."id", "p"."created_at", "p"."created_by", "p"."updated_at", "p"."updated_by", "p"."title", "p"."content", "p"."description", "p"."user_id", "p"."category_id", "p"."status", "p"."view_count" FROM "test_post" AS "p" WHERE ("p"."title" LIKE 'Join Delete Post%')
2025-09-27T10:16:07.884	[34mINFO[0m	[database]	 INSERT        0 ms INSERT INTO "test_user" ("id", "created_at", "created_by", "updated_at", "updated_by", "name", "email", "age", "is_active", "meta") VALUES ('d3bkhps5cmcb9l8l0rgg', '2025-09-27 10:16:07', 'system', '2025-09-27 10:16:07', 'system', 'Active Join User', 'activejoin@example.com', 25, TRUE, 'null') RETURNING "created_by", "updated_by"
2025-09-27T10:16:07.884	[34mINFO[0m	[database]	 INSERT        0 ms INSERT INTO "test_post" ("id", "created_at", "created_by", "updated_at", "updated_by", "title", "content", "description", "user_id", "category_id", "status", "view_count") VALUES ('d3bkhps5cmcb9l8l0rh0', '2025-09-27 10:16:07', 'system', '2025-09-27 10:16:07', 'system', 'Active User Post 1', 'Content', NULL, 'd3bkhps5cmcb9l8l0rgg', 'cat1', 'published', 10), ('d3bkhps5cmcb9l8l0rhg', '2025-09-27 10:16:07', 'system', '2025-09-27 10:16:07', 'system', 'Active User Post 2', 'Content', NULL, 'd3bkhps5cmcb9l8l0rgg', 'cat1', 'published', 200) RETURNING "created_by", "updated_by", "description"
2025-09-27T10:16:07.884	[34mINFO[0m	[database]	 DELETE        0 ms DELETE FROM "test_post" AS "p" WHERE ("p"."view_count" > 100) AND ("p"."user_id" IN (SELECT "u"."id" FROM "test_user" AS "u" WHERE ("u"."is_active" = TRUE)))
2025-09-27T10:16:07.884	[34mINFO[0m	[database]	 SELECT        0 ms SELECT "p"."id", "p"."created_at", "p"."created_by", "p"."updated_at", "p"."updated_by", "p"."title", "p"."content", "p"."description", "p"."user_id", "p"."category_id", "p"."status", "p"."view_count" FROM "test_post" AS "p" WHERE ("p"."title" LIKE 'Active User Post%')
2025-09-27T10:16:07.884	[34mINFO[0m	[database]	 DELETE        0 ms DELETE FROM "test_post" AS "p" WHERE ("p"."title" LIKE 'Active User Post%')
2025-09-27T10:16:07.884	[34mINFO[0m	[database]	 DELETE        0 ms DELETE FROM "test_user" AS "u" WHERE ("u"."email" IN ('joindelete@example.com', 'activejoin@example.com'))
=== RUN   TestMultiDatabaseORM/TestSQLite/TestDeleteWithReturning
    delete_test.go:378: Testing DELETE with RETURNING for sqlite
2025-09-27T10:16:07.884	[34mINFO[0m	[database]	 INSERT        0 ms INSERT INTO "test_user" ("id", "created_at", "created_by", "updated_at", "updated_by", "name", "email", "age", "is_active", "meta") VALUES ('d3bkhps5cmcb9l8l0ri0', '2025-09-27 10:16:07', 'system', '2025-09-27 10:16:07', 'system', 'Returning Delete Test', 'returningdelete@example.com', 28, TRUE, 'null') RETURNING "created_by", "updated_by"
2025-09-27T10:16:07.884	[34mINFO[0m	[database]	 DELETE        0 ms DELETE FROM "test_user" AS "u" WHERE ("u"."email" = 'returningdelete@example.com') RETURNING "id", "name", "email"
2025-09-27T10:16:07.884	[34mINFO[0m	[database]	 SELECT        0 ms SELECT "u"."id", "u"."created_at", "u"."created_by", "u"."updated_at", "u"."updated_by", "u"."name", "u"."email", "u"."age", "u"."is_active", "u"."meta" FROM "test_user" AS "u" WHERE ("u"."id" = 'd3bkhps5cmcb9l8l0ri0')
2025-09-27T10:16:07.884	[34mINFO[0m	[database]	 INSERT        0 ms INSERT INTO "test_user" ("id", "created_at", "created_by", "updated_at", "updated_by", "name", "email", "age", "is_active", "meta") VALUES ('d3bkhps5cmcb9l8l0rig', '2025-09-27 10:16:07', 'system', '2025-09-27 10:16:07', 'system', 'Multi Delete 1', 'multi1@example.com', 25, TRUE, 'null'), ('d3bkhps5cmcb9l8l0rj0', '2025-09-27 10:16:07', 'system', '2025-09-27 10:16:07', 'system', 'Multi Delete 2', 'multi2@example.com', 26, TRUE, 'null') RETURNING "created_by", "updated_by"
2025-09-27T10:16:07.884	[34mINFO[0m	[database]	 DELETE        0 ms DELETE FROM "test_user" AS "u" WHERE ("u"."email" LIKE 'multi%') RETURNING "id", "name", "email"
2025-09-27T10:16:07.884	[34mINFO[0m	[database]	 SELECT        0 ms SELECT "u"."id", "u"."created_at", "u"."created_by", "u"."updated_at", "u"."updated_by", "u"."name", "u"."email", "u"."age", "u"."is_active", "u"."meta" FROM "test_user" AS "u" WHERE ("u"."email" LIKE 'multi%')
=== NAME  TestMultiDatabaseORM/TestSQLite
    mdb_orm_test.go:73: All ORM tests completed for sqlite
2025/09/27 10:16:07 🐳 Stopping container: bf93af1fb639
2025/09/27 10:16:07 ✅ Container stopped: bf93af1fb639
2025/09/27 10:16:07 🐳 Terminating container: bf93af1fb639
2025/09/27 10:16:08 🚫 Container terminated: bf93af1fb639
2025/09/27 10:16:08 🐳 Stopping container: 3b1891482982
2025/09/27 10:16:09 ✅ Container stopped: 3b1891482982
2025/09/27 10:16:09 🐳 Terminating container: 3b1891482982
2025/09/27 10:16:09 🚫 Container terminated: 3b1891482982
--- FAIL: TestMultiDatabaseORM (9.76s)
    --- FAIL: TestMultiDatabaseORM/TestMySQL (0.83s)
        --- PASS: TestMultiDatabaseORM/TestMySQL/TestBasicSelect (0.00s)
        --- PASS: TestMultiDatabaseORM/TestMySQL/TestSelectSpecificColumns (0.00s)
        --- PASS: TestMultiDatabaseORM/TestMySQL/TestSelectWithAggregation (0.00s)
        --- FAIL: TestMultiDatabaseORM/TestMySQL/TestSelectWithComplexAggregates (0.00s)
        --- PASS: TestMultiDatabaseORM/TestMySQL/TestSelectWithComplexConditions (0.00s)
        --- PASS: TestMultiDatabaseORM/TestMySQL/TestSelectWithConditions (0.00s)
        --- PASS: TestMultiDatabaseORM/TestMySQL/TestSelectWithJoins (0.00s)
        --- PASS: TestMultiDatabaseORM/TestMySQL/TestSelectWithOrderingAndLimits (0.00s)
        --- PASS: TestMultiDatabaseORM/TestMySQL/TestSelectWithSubQueries (0.00s)
        --- PASS: TestMultiDatabaseORM/TestMySQL/TestSelectWithWindowFunctions (0.00s)
        --- PASS: TestMultiDatabaseORM/TestMySQL/TestSelectWithWindowFunctionsAdvanced (0.00s)
        --- SKIP: TestMultiDatabaseORM/TestMySQL/TestSelectWithWindowFunctionsFromClause (0.00s)
        --- PASS: TestMultiDatabaseORM/TestMySQL/TestApplyConditions (0.00s)
        --- PASS: TestMultiDatabaseORM/TestMySQL/TestAuditConditions (0.00s)
        --- PASS: TestMultiDatabaseORM/TestMySQL/TestBasicConditions (0.00s)
        --- PASS: TestMultiDatabaseORM/TestMySQL/TestBetweenConditions (0.00s)
        --- PASS: TestMultiDatabaseORM/TestMySQL/TestBooleanConditions (0.00s)
        --- PASS: TestMultiDatabaseORM/TestMySQL/TestColumnComparisons (0.00s)
        --- PASS: TestMultiDatabaseORM/TestMySQL/TestExpressionConditions (0.00s)
        --- PASS: TestMultiDatabaseORM/TestMySQL/TestInAndNotInConditions (0.00s)
        --- PASS: TestMultiDatabaseORM/TestMySQL/TestLogicalOperators (0.00s)
        --- PASS: TestMultiDatabaseORM/TestMySQL/TestNullConditions (0.00s)
        --- PASS: TestMultiDatabaseORM/TestMySQL/TestPrimaryKeyConditions (0.00s)
        --- PASS: TestMultiDatabaseORM/TestMySQL/TestStringConditions (0.00s)
        --- PASS: TestMultiDatabaseORM/TestMySQL/TestTimeConditions (0.00s)
        --- PASS: TestMultiDatabaseORM/TestMySQL/TestBasicInsert (0.01s)
        --- PASS: TestMultiDatabaseORM/TestMySQL/TestInsertBulkOperations (0.01s)
        --- PASS: TestMultiDatabaseORM/TestMySQL/TestInsertComplexModel (0.00s)
        --- PASS: TestMultiDatabaseORM/TestMySQL/TestInsertErrorHandling (0.00s)
        --- PASS: TestMultiDatabaseORM/TestMySQL/TestInsertWithConflict (0.00s)
        --- PASS: TestMultiDatabaseORM/TestMySQL/TestBasicUpdate (0.01s)
        --- PASS: TestMultiDatabaseORM/TestMySQL/TestUpdateBulkOperations (0.01s)
        --- PASS: TestMultiDatabaseORM/TestMySQL/TestUpdateComplexModel (0.01s)
        --- PASS: TestMultiDatabaseORM/TestMySQL/TestUpdateErrorHandling (0.00s)
        --- SKIP: TestMultiDatabaseORM/TestMySQL/TestUpdateReturning (0.00s)
        --- PASS: TestMultiDatabaseORM/TestMySQL/TestUpdateWithConditions (0.01s)
        --- PASS: TestMultiDatabaseORM/TestMySQL/TestUpdateWithExpressions (0.01s)
        --- PASS: TestMultiDatabaseORM/TestMySQL/TestUpdateWithJoins (0.02s)
        --- PASS: TestMultiDatabaseORM/TestMySQL/TestUpdateWithOptionalFields (0.00s)
        --- PASS: TestMultiDatabaseORM/TestMySQL/TestBasicDelete (0.01s)
        --- PASS: TestMultiDatabaseORM/TestMySQL/TestDeleteCascade (0.01s)
        --- PASS: TestMultiDatabaseORM/TestMySQL/TestDeleteComplexConditions (0.01s)
        --- PASS: TestMultiDatabaseORM/TestMySQL/TestDeleteErrorHandling (0.00s)
        --- PASS: TestMultiDatabaseORM/TestMySQL/TestDeletePerformance (0.01s)
        --- PASS: TestMultiDatabaseORM/TestMySQL/TestDeleteWithConditions (0.01s)
        --- PASS: TestMultiDatabaseORM/TestMySQL/TestDeleteWithJoins (0.01s)
        --- SKIP: TestMultiDatabaseORM/TestMySQL/TestDeleteWithReturning (0.00s)
    --- FAIL: TestMultiDatabaseORM/TestPostgreSQL (0.11s)
        --- PASS: TestMultiDatabaseORM/TestPostgreSQL/TestBasicSelect (0.00s)
        --- PASS: TestMultiDatabaseORM/TestPostgreSQL/TestSelectSpecificColumns (0.00s)
        --- PASS: TestMultiDatabaseORM/TestPostgreSQL/TestSelectWithAggregation (0.00s)
        --- FAIL: TestMultiDatabaseORM/TestPostgreSQL/TestSelectWithComplexAggregates (0.00s)
        --- PASS: TestMultiDatabaseORM/TestPostgreSQL/TestSelectWithComplexConditions (0.00s)
        --- PASS: TestMultiDatabaseORM/TestPostgreSQL/TestSelectWithConditions (0.00s)
        --- PASS: TestMultiDatabaseORM/TestPostgreSQL/TestSelectWithJoins (0.00s)
        --- PASS: TestMultiDatabaseORM/TestPostgreSQL/TestSelectWithOrderingAndLimits (0.00s)
        --- PASS: TestMultiDatabaseORM/TestPostgreSQL/TestSelectWithSubQueries (0.00s)
        --- PASS: TestMultiDatabaseORM/TestPostgreSQL/TestSelectWithWindowFunctions (0.00s)
        --- PASS: TestMultiDatabaseORM/TestPostgreSQL/TestSelectWithWindowFunctionsAdvanced (0.00s)
        --- SKIP: TestMultiDatabaseORM/TestPostgreSQL/TestSelectWithWindowFunctionsFromClause (0.00s)
        --- PASS: TestMultiDatabaseORM/TestPostgreSQL/TestApplyConditions (0.00s)
        --- PASS: TestMultiDatabaseORM/TestPostgreSQL/TestAuditConditions (0.00s)
        --- PASS: TestMultiDatabaseORM/TestPostgreSQL/TestBasicConditions (0.00s)
        --- PASS: TestMultiDatabaseORM/TestPostgreSQL/TestBetweenConditions (0.00s)
        --- PASS: TestMultiDatabaseORM/TestPostgreSQL/TestBooleanConditions (0.00s)
        --- PASS: TestMultiDatabaseORM/TestPostgreSQL/TestColumnComparisons (0.00s)
        --- PASS: TestMultiDatabaseORM/TestPostgreSQL/TestExpressionConditions (0.00s)
        --- PASS: TestMultiDatabaseORM/TestPostgreSQL/TestInAndNotInConditions (0.00s)
        --- PASS: TestMultiDatabaseORM/TestPostgreSQL/TestLogicalOperators (0.00s)
        --- PASS: TestMultiDatabaseORM/TestPostgreSQL/TestNullConditions (0.00s)
        --- PASS: TestMultiDatabaseORM/TestPostgreSQL/TestPrimaryKeyConditions (0.00s)
        --- PASS: TestMultiDatabaseORM/TestPostgreSQL/TestStringConditions (0.00s)
        --- PASS: TestMultiDatabaseORM/TestPostgreSQL/TestTimeConditions (0.00s)
        --- PASS: TestMultiDatabaseORM/TestPostgreSQL/TestBasicInsert (0.00s)
        --- PASS: TestMultiDatabaseORM/TestPostgreSQL/TestInsertBulkOperations (0.00s)
        --- PASS: TestMultiDatabaseORM/TestPostgreSQL/TestInsertComplexModel (0.00s)
        --- PASS: TestMultiDatabaseORM/TestPostgreSQL/TestInsertErrorHandling (0.00s)
        --- PASS: TestMultiDatabaseORM/TestPostgreSQL/TestInsertWithConflict (0.00s)
        --- PASS: TestMultiDatabaseORM/TestPostgreSQL/TestBasicUpdate (0.00s)
        --- PASS: TestMultiDatabaseORM/TestPostgreSQL/TestUpdateBulkOperations (0.00s)
        --- PASS: TestMultiDatabaseORM/TestPostgreSQL/TestUpdateComplexModel (0.00s)
        --- PASS: TestMultiDatabaseORM/TestPostgreSQL/TestUpdateErrorHandling (0.00s)
        --- PASS: TestMultiDatabaseORM/TestPostgreSQL/TestUpdateReturning (0.00s)
        --- PASS: TestMultiDatabaseORM/TestPostgreSQL/TestUpdateWithConditions (0.00s)
        --- PASS: TestMultiDatabaseORM/TestPostgreSQL/TestUpdateWithExpressions (0.00s)
        --- PASS: TestMultiDatabaseORM/TestPostgreSQL/TestUpdateWithJoins (0.00s)
        --- PASS: TestMultiDatabaseORM/TestPostgreSQL/TestUpdateWithOptionalFields (0.00s)
        --- PASS: TestMultiDatabaseORM/TestPostgreSQL/TestBasicDelete (0.00s)
        --- PASS: TestMultiDatabaseORM/TestPostgreSQL/TestDeleteCascade (0.00s)
        --- PASS: TestMultiDatabaseORM/TestPostgreSQL/TestDeleteComplexConditions (0.00s)
        --- PASS: TestMultiDatabaseORM/TestPostgreSQL/TestDeleteErrorHandling (0.00s)
        --- PASS: TestMultiDatabaseORM/TestPostgreSQL/TestDeletePerformance (0.00s)
        --- PASS: TestMultiDatabaseORM/TestPostgreSQL/TestDeleteWithConditions (0.00s)
        --- PASS: TestMultiDatabaseORM/TestPostgreSQL/TestDeleteWithJoins (0.00s)
        --- PASS: TestMultiDatabaseORM/TestPostgreSQL/TestDeleteWithReturning (0.00s)
    --- FAIL: TestMultiDatabaseORM/TestSQLite (0.02s)
        --- PASS: TestMultiDatabaseORM/TestSQLite/TestBasicSelect (0.00s)
        --- PASS: TestMultiDatabaseORM/TestSQLite/TestSelectSpecificColumns (0.00s)
        --- PASS: TestMultiDatabaseORM/TestSQLite/TestSelectWithAggregation (0.00s)
        --- FAIL: TestMultiDatabaseORM/TestSQLite/TestSelectWithComplexAggregates (0.00s)
        --- PASS: TestMultiDatabaseORM/TestSQLite/TestSelectWithComplexConditions (0.00s)
        --- PASS: TestMultiDatabaseORM/TestSQLite/TestSelectWithConditions (0.00s)
        --- PASS: TestMultiDatabaseORM/TestSQLite/TestSelectWithJoins (0.00s)
        --- PASS: TestMultiDatabaseORM/TestSQLite/TestSelectWithOrderingAndLimits (0.00s)
        --- PASS: TestMultiDatabaseORM/TestSQLite/TestSelectWithSubQueries (0.00s)
        --- PASS: TestMultiDatabaseORM/TestSQLite/TestSelectWithWindowFunctions (0.00s)
        --- PASS: TestMultiDatabaseORM/TestSQLite/TestSelectWithWindowFunctionsAdvanced (0.00s)
        --- SKIP: TestMultiDatabaseORM/TestSQLite/TestSelectWithWindowFunctionsFromClause (0.00s)
        --- PASS: TestMultiDatabaseORM/TestSQLite/TestApplyConditions (0.00s)
        --- PASS: TestMultiDatabaseORM/TestSQLite/TestAuditConditions (0.00s)
        --- PASS: TestMultiDatabaseORM/TestSQLite/TestBasicConditions (0.00s)
        --- PASS: TestMultiDatabaseORM/TestSQLite/TestBetweenConditions (0.00s)
        --- PASS: TestMultiDatabaseORM/TestSQLite/TestBooleanConditions (0.00s)
        --- PASS: TestMultiDatabaseORM/TestSQLite/TestColumnComparisons (0.00s)
        --- PASS: TestMultiDatabaseORM/TestSQLite/TestExpressionConditions (0.00s)
        --- PASS: TestMultiDatabaseORM/TestSQLite/TestInAndNotInConditions (0.00s)
        --- PASS: TestMultiDatabaseORM/TestSQLite/TestLogicalOperators (0.00s)
        --- PASS: TestMultiDatabaseORM/TestSQLite/TestNullConditions (0.00s)
        --- PASS: TestMultiDatabaseORM/TestSQLite/TestPrimaryKeyConditions (0.00s)
        --- PASS: TestMultiDatabaseORM/TestSQLite/TestStringConditions (0.00s)
        --- PASS: TestMultiDatabaseORM/TestSQLite/TestTimeConditions (0.00s)
        --- PASS: TestMultiDatabaseORM/TestSQLite/TestBasicInsert (0.00s)
        --- PASS: TestMultiDatabaseORM/TestSQLite/TestInsertBulkOperations (0.00s)
        --- PASS: TestMultiDatabaseORM/TestSQLite/TestInsertComplexModel (0.00s)
        --- PASS: TestMultiDatabaseORM/TestSQLite/TestInsertErrorHandling (0.00s)
        --- PASS: TestMultiDatabaseORM/TestSQLite/TestInsertWithConflict (0.00s)
        --- PASS: TestMultiDatabaseORM/TestSQLite/TestBasicUpdate (0.00s)
        --- PASS: TestMultiDatabaseORM/TestSQLite/TestUpdateBulkOperations (0.00s)
        --- PASS: TestMultiDatabaseORM/TestSQLite/TestUpdateComplexModel (0.00s)
        --- PASS: TestMultiDatabaseORM/TestSQLite/TestUpdateErrorHandling (0.00s)
        --- PASS: TestMultiDatabaseORM/TestSQLite/TestUpdateReturning (0.00s)
        --- PASS: TestMultiDatabaseORM/TestSQLite/TestUpdateWithConditions (0.00s)
        --- PASS: TestMultiDatabaseORM/TestSQLite/TestUpdateWithExpressions (0.00s)
        --- PASS: TestMultiDatabaseORM/TestSQLite/TestUpdateWithJoins (0.00s)
        --- PASS: TestMultiDatabaseORM/TestSQLite/TestUpdateWithOptionalFields (0.00s)
        --- PASS: TestMultiDatabaseORM/TestSQLite/TestBasicDelete (0.00s)
        --- PASS: TestMultiDatabaseORM/TestSQLite/TestDeleteCascade (0.00s)
        --- PASS: TestMultiDatabaseORM/TestSQLite/TestDeleteComplexConditions (0.00s)
        --- PASS: TestMultiDatabaseORM/TestSQLite/TestDeleteErrorHandling (0.00s)
        --- PASS: TestMultiDatabaseORM/TestSQLite/TestDeletePerformance (0.00s)
        --- PASS: TestMultiDatabaseORM/TestSQLite/TestDeleteWithConditions (0.00s)
        --- PASS: TestMultiDatabaseORM/TestSQLite/TestDeleteWithJoins (0.00s)
        --- PASS: TestMultiDatabaseORM/TestSQLite/TestDeleteWithReturning (0.00s)
FAIL
FAIL	github.com/ilxqx/vef-framework-go/internal/orm	10.055s
FAIL
